2026-09-08 15:56:23 | INFO | Importazione e controllo di tutto l’archivio: input\scriptMedici.xlsx
2026-09-08 15:56:26 | INFO | Archivio: 81331 persone; 2378 nomi ripetuti
2026-09-08 15:57:31 | INFO | Documenti elaborati in questa esecuzione: 50; richieste HTTP: 51
2026-09-08 15:58:29 | INFO | Documenti elaborati in questa esecuzione: 100; richieste HTTP: 101
2026-09-08 15:59:29 | INFO | Documenti elaborati in questa esecuzione: 150; richieste HTTP: 151
2026-09-08 16:00:28 | INFO | Documenti elaborati in questa esecuzione: 200; richieste HTTP: 201
2026-09-08 16:01:32 | INFO | Documenti elaborati in questa esecuzione: 250; richieste HTTP: 251
2026-09-08 16:02:33 | INFO | Documenti elaborati in questa esecuzione: 300; richieste HTTP: 301
2026-09-08 16:03:29 | INFO | Documenti elaborati in questa esecuzione: 350; richieste HTTP: 351
2026-09-08 16:04:32 | INFO | Documenti elaborati in questa esecuzione: 400; richieste HTTP: 401
2026-09-08 16:05:32 | INFO | Documenti elaborati in questa esecuzione: 450; richieste HTTP: 451
2026-09-08 16:06:34 | INFO | Documenti elaborati in questa esecuzione: 500; richieste HTTP: 501
2026-09-08 16:07:50 | INFO | CHECKPOINT MASSIVO | documenti=500 | report=C:\Dev\Niko\Python\scriptRicerca\output\risultato_massivo_recuperato.xlsx | stati={'NON_COPERTO_DALLE_FONTI': 63782, 'DISCIPLINA_DICHIARATA_NEL_PROFILO': 3755, 'EVIDENZA_NON_CONFERMATA': 1909, 'SPECIALITA_CON_IDENTITA_NOMINALE': 2632, 'IN_CODA': 6473, 'FONTE_NON_ACCESSIBILE': 29, 'PROFILO_CON_IDENTITA_NOMINALE': 2719, 'IDENTITA_CONFERMATA_SENZA_TITOLO': 17, 'SPECIALITA_DOCUMENTATA': 15}
2026-09-08 16:08:45 | INFO | Documenti elaborati in questa esecuzione: 550; richieste HTTP: 551
2026-09-08 16:09:46 | INFO | Documenti elaborati in questa esecuzione: 600; richieste HTTP: 601
2026-09-08 16:10:44 | INFO | Documenti elaborati in questa esecuzione: 650; richieste HTTP: 651
2026-09-08 16:11:45 | INFO | Documenti elaborati in questa esecuzione: 700; richieste HTTP: 701
2026-09-08 16:12:47 | INFO | Documenti elaborati in questa esecuzione: 750; richieste HTTP: 751
2026-09-08 16:13:44 | INFO | Documenti elaborati in questa esecuzione: 800; richieste HTTP: 802
2026-09-08 16:14:41 | INFO | Documenti elaborati in questa esecuzione: 850; richieste HTTP: 852
2026-09-08 16:15:52 | INFO | Documenti elaborati in questa esecuzione: 900; richieste HTTP: 902
2026-09-08 16:16:59 | INFO | Documenti elaborati in questa esecuzione: 950; richieste HTTP: 952
2026-09-08 16:17:57 | INFO | Documenti elaborati in questa esecuzione: 1000; richieste HTTP: 1002
2026-09-08 16:18:57 | INFO | CHECKPOINT MASSIVO | documenti=1000 | report=C:\Dev\Niko\Python\scriptRicerca\output\risultato_massivo_recuperato.xlsx | stati={'NON_COPERTO_DALLE_FONTI': 63782, 'DISCIPLINA_DICHIARATA_NEL_PROFILO': 3970, 'EVIDENZA_NON_CONFERMATA': 1953, 'SPECIALITA_CON_IDENTITA_NOMINALE': 2755, 'IN_CODA': 6026, 'FONTE_NON_ACCESSIBILE': 29, 'PROFILO_CON_IDENTITA_NOMINALE': 2784, 'IDENTITA_CONFERMATA_SENZA_TITOLO': 17, 'SPECIALITA_DOCUMENTATA': 15}
2026-09-08 16:20:02 | INFO | Documenti elaborati in questa esecuzione: 1050; richieste HTTP: 1052
2026-09-08 16:21:02 | INFO | Documenti elaborati in questa esecuzione: 1100; richieste HTTP: 1102
2026-09-08 16:22:07 | INFO | Documenti elaborati in questa esecuzione: 1150; richieste HTTP: 1152
2026-09-08 16:23:10 | INFO | Documenti elaborati in questa esecuzione: 1200; richieste HTTP: 1202
2026-09-08 16:24:15 | INFO | Documenti elaborati in questa esecuzione: 1250; richieste HTTP: 1252
2026-09-08 16:25:10 | INFO | Documenti elaborati in questa esecuzione: 1300; richieste HTTP: 1302
2026-09-08 16:26:07 | INFO | Documenti elaborati in questa esecuzione: 1350; richieste HTTP: 1352
2026-09-08 16:27:06 | INFO | Documenti elaborati in questa esecuzione: 1400; richieste HTTP: 1402
2026-09-08 16:28:07 | INFO | Documenti elaborati in questa esecuzione: 1450; richieste HTTP: 1452
2026-09-08 16:29:04 | INFO | Documenti elaborati in questa esecuzione: 1500; richieste HTTP: 1502
2026-09-08 16:30:03 | INFO | CHECKPOINT MASSIVO | documenti=1500 | report=C:\Dev\Niko\Python\scriptRicerca\output\risultato_massivo_recuperato.xlsx | stati={'NON_COPERTO_DALLE_FONTI': 63782, 'DISCIPLINA_DICHIARATA_NEL_PROFILO': 4159, 'EVIDENZA_NON_CONFERMATA': 2007, 'SPECIALITA_CON_IDENTITA_NOMINALE': 2869, 'IN_CODA': 5592, 'FONTE_NON_ACCESSIBILE': 29, 'PROFILO_CON_IDENTITA_NOMINALE': 2861, 'IDENTITA_CONFERMATA_SENZA_TITOLO': 17, 'SPECIALITA_DOCUMENTATA': 15}
2026-09-08 16:31:02 | INFO | Documenti elaborati in questa esecuzione: 1550; richieste HTTP: 1552
2026-09-08 16:31:56 | INFO | Documenti elaborati in questa esecuzione: 1600; richieste HTTP: 1602
2026-09-08 16:32:50 | INFO | Documenti elaborati in questa esecuzione: 1650; richieste HTTP: 1652
2026-09-08 16:33:51 | INFO | Documenti elaborati in questa esecuzione: 1700; richieste HTTP: 1702
2026-09-08 16:34:47 | INFO | Documenti elaborati in questa esecuzione: 1750; richieste HTTP: 1752
2026-09-08 16:35:42 | INFO | Documenti elaborati in questa esecuzione: 1800; richieste HTTP: 1802
2026-09-08 16:36:40 | INFO | Documenti elaborati in questa esecuzione: 1850; richieste HTTP: 1852
2026-09-08 16:37:40 | INFO | Documenti elaborati in questa esecuzione: 1900; richieste HTTP: 1902
2026-09-08 16:38:35 | INFO | Documenti elaborati in questa esecuzione: 1950; richieste HTTP: 1952
2026-09-08 16:39:33 | INFO | Documenti elaborati in questa esecuzione: 2000; richieste HTTP: 2002
2026-09-08 16:40:28 | INFO | CHECKPOINT MASSIVO | documenti=2000 | report=C:\Dev\Niko\Python\scriptRicerca\output\risultato_massivo_recuperato.xlsx | stati={'NON_COPERTO_DALLE_FONTI': 63782, 'DISCIPLINA_DICHIARATA_NEL_PROFILO': 4350, 'EVIDENZA_NON_CONFERMATA': 2056, 'SPECIALITA_CON_IDENTITA_NOMINALE': 2968, 'FONTE_NON_ACCESSIBILE': 29, 'IN_CODA': 5183, 'PROFILO_CON_IDENTITA_NOMINALE': 2931, 'IDENTITA_CONFERMATA_SENZA_TITOLO': 17, 'SPECIALITA_DOCUMENTATA': 15}
2026-09-08 16:41:22 | INFO | Documenti elaborati in questa esecuzione: 2050; richieste HTTP: 2052
2026-09-08 16:42:17 | INFO | Documenti elaborati in questa esecuzione: 2100; richieste HTTP: 2102
2026-09-08 16:43:14 | INFO | Documenti elaborati in questa esecuzione: 2150; richieste HTTP: 2152
2026-09-08 16:44:11 | INFO | Documenti elaborati in questa esecuzione: 2200; richieste HTTP: 2202
2026-09-08 16:45:06 | INFO | Documenti elaborati in questa esecuzione: 2250; richieste HTTP: 2252
2026-09-08 16:46:04 | INFO | Documenti elaborati in questa esecuzione: 2300; richieste HTTP: 2302
2026-09-08 16:47:01 | INFO | Documenti elaborati in questa esecuzione: 2350; richieste HTTP: 2352
2026-09-08 16:47:58 | INFO | Documenti elaborati in questa esecuzione: 2400; richieste HTTP: 2402
2026-09-08 16:48:51 | INFO | Documenti elaborati in questa esecuzione: 2450; richieste HTTP: 2452
2026-09-08 16:49:48 | INFO | Documenti elaborati in questa esecuzione: 2500; richieste HTTP: 2502
2026-09-08 16:50:41 | INFO | CHECKPOINT MASSIVO | documenti=2500 | report=C:\Dev\Niko\Python\scriptRicerca\output\risultato_massivo_recuperato.xlsx | stati={'NON_COPERTO_DALLE_FONTI': 63782, 'DISCIPLINA_DICHIARATA_NEL_PROFILO': 4547, 'EVIDENZA_NON_CONFERMATA': 2098, 'SPECIALITA_CON_IDENTITA_NOMINALE': 3064, 'FONTE_NON_ACCESSIBILE': 29, 'IN_CODA': 4759, 'PROFILO_CON_IDENTITA_NOMINALE': 3019, 'IDENTITA_CONFERMATA_SENZA_TITOLO': 17, 'SPECIALITA_DOCUMENTATA': 16}
2026-09-08 16:51:34 | INFO | MASSIVO: {'total': 81331, 'states': {'NON_COPERTO_DALLE_FONTI': 63782, 'DISCIPLINA_DICHIARATA_NEL_PROFILO': 4547, 'EVIDENZA_NON_CONFERMATA': 2098, 'SPECIALITA_CON_IDENTITA_NOMINALE': 3064, 'FONTE_NON_ACCESSIBILE': 29, 'IN_CODA': 4759, 'PROFILO_CON_IDENTITA_NOMINALE': 3019, 'IDENTITA_CONFERMATA_SENZA_TITOLO': 17, 'SPECIALITA_DOCUMENTATA': 16}, 'people_with_sources': 17549, 'urls': {'done': 14013, 'error': 71, 'pending': 5463}, 'updated': '2026-09-08T14:51:34+00:00'}; HTTP=2502; Search API=0
