2026-09-08 12:02:25 | INFO | Importazione e controllo di tutto l’archivio: input\scriptMedici.xlsx
2026-09-08 12:02:27 | INFO | Archivio: 81331 persone; 2378 nomi ripetuti
2026-09-08 12:03:35 | INFO | Documenti elaborati in questa esecuzione: 50; richieste HTTP: 51
2026-09-08 12:04:29 | INFO | Documenti elaborati in questa esecuzione: 100; richieste HTTP: 101
2026-09-08 12:05:34 | INFO | Documenti elaborati in questa esecuzione: 150; richieste HTTP: 151
2026-09-08 12:06:45 | INFO | Documenti elaborati in questa esecuzione: 200; richieste HTTP: 201
2026-09-08 12:07:49 | INFO | Documenti elaborati in questa esecuzione: 250; richieste HTTP: 251
2026-09-08 12:08:48 | INFO | Documenti elaborati in questa esecuzione: 300; richieste HTTP: 301
2026-09-08 12:09:45 | INFO | Documenti elaborati in questa esecuzione: 350; richieste HTTP: 351
2026-09-08 12:10:49 | INFO | Documenti elaborati in questa esecuzione: 400; richieste HTTP: 401
2026-09-08 12:11:46 | INFO | Documenti elaborati in questa esecuzione: 450; richieste HTTP: 451
2026-09-08 12:12:46 | INFO | Documenti elaborati in questa esecuzione: 500; richieste HTTP: 501
2026-09-08 12:13:20 | INFO | CHECKPOINT MASSIVO | documenti=500 | report=C:\Dev\Niko\Python\scriptRicerca\output\risultato_massivo_recuperato.xlsx | stati={'NON_COPERTO_DALLE_FONTI': 63782, 'IN_CODA': 10875, 'DISCIPLINA_DICHIARATA_NEL_PROFILO': 2094, 'EVIDENZA_NON_CONFERMATA': 1183, 'SPECIALITA_CON_IDENTITA_NOMINALE': 1473, 'FONTE_NON_ACCESSIBILE': 28, 'PROFILO_CON_IDENTITA_NOMINALE': 1876, 'IDENTITA_CONFERMATA_SENZA_TITOLO': 10, 'SPECIALITA_DOCUMENTATA': 10}
2026-09-08 12:14:23 | INFO | Documenti elaborati in questa esecuzione: 550; richieste HTTP: 551
2026-09-08 12:15:29 | INFO | Documenti elaborati in questa esecuzione: 600; richieste HTTP: 601
2026-09-08 12:16:35 | INFO | Documenti elaborati in questa esecuzione: 650; richieste HTTP: 651
2026-09-08 12:17:31 | INFO | Documenti elaborati in questa esecuzione: 700; richieste HTTP: 701
2026-09-08 12:18:38 | INFO | Documenti elaborati in questa esecuzione: 750; richieste HTTP: 751
2026-09-08 12:19:36 | INFO | Documenti elaborati in questa esecuzione: 800; richieste HTTP: 801
2026-09-08 12:20:37 | INFO | Documenti elaborati in questa esecuzione: 850; richieste HTTP: 851
2026-09-08 12:21:38 | INFO | Documenti elaborati in questa esecuzione: 900; richieste HTTP: 901
2026-09-08 12:22:38 | INFO | Documenti elaborati in questa esecuzione: 950; richieste HTTP: 951
2026-09-08 12:23:46 | INFO | Documenti elaborati in questa esecuzione: 1000; richieste HTTP: 1001
2026-09-08 12:24:21 | INFO | CHECKPOINT MASSIVO | documenti=1000 | report=C:\Dev\Niko\Python\scriptRicerca\output\risultato_massivo_recuperato.xlsx | stati={'NON_COPERTO_DALLE_FONTI': 63782, 'DISCIPLINA_DICHIARATA_NEL_PROFILO': 2328, 'EVIDENZA_NON_CONFERMATA': 1215, 'SPECIALITA_CON_IDENTITA_NOMINALE': 1583, 'IN_CODA': 10410, 'FONTE_NON_ACCESSIBILE': 28, 'PROFILO_CON_IDENTITA_NOMINALE': 1964, 'IDENTITA_CONFERMATA_SENZA_TITOLO': 11, 'SPECIALITA_DOCUMENTATA': 10}
2026-09-08 12:25:21 | INFO | Documenti elaborati in questa esecuzione: 1050; richieste HTTP: 1051
2026-09-08 12:26:28 | INFO | Documenti elaborati in questa esecuzione: 1100; richieste HTTP: 1101
2026-09-08 12:27:30 | INFO | Documenti elaborati in questa esecuzione: 1150; richieste HTTP: 1151
2026-09-08 12:28:35 | INFO | Documenti elaborati in questa esecuzione: 1200; richieste HTTP: 1201
2026-09-08 12:29:40 | INFO | Documenti elaborati in questa esecuzione: 1250; richieste HTTP: 1251
2026-09-08 12:30:46 | INFO | Documenti elaborati in questa esecuzione: 1300; richieste HTTP: 1301
2026-09-08 12:31:53 | INFO | Documenti elaborati in questa esecuzione: 1350; richieste HTTP: 1351
2026-09-08 12:32:54 | INFO | Documenti elaborati in questa esecuzione: 1400; richieste HTTP: 1401
2026-09-08 12:33:56 | INFO | Documenti elaborati in questa esecuzione: 1450; richieste HTTP: 1451
2026-09-08 12:35:03 | INFO | Documenti elaborati in questa esecuzione: 1500; richieste HTTP: 1501
2026-09-08 12:35:38 | INFO | CHECKPOINT MASSIVO | documenti=1500 | report=C:\Dev\Niko\Python\scriptRicerca\output\risultato_massivo_recuperato.xlsx | stati={'NON_COPERTO_DALLE_FONTI': 63782, 'DISCIPLINA_DICHIARATA_NEL_PROFILO': 2495, 'EVIDENZA_NON_CONFERMATA': 1297, 'SPECIALITA_CON_IDENTITA_NOMINALE': 1695, 'IN_CODA': 9956, 'FONTE_NON_ACCESSIBILE': 28, 'PROFILO_CON_IDENTITA_NOMINALE': 2056, 'IDENTITA_CONFERMATA_SENZA_TITOLO': 11, 'SPECIALITA_DOCUMENTATA': 11}
2026-09-08 12:36:42 | INFO | Documenti elaborati in questa esecuzione: 1550; richieste HTTP: 1551
2026-09-08 12:37:51 | INFO | Documenti elaborati in questa esecuzione: 1600; richieste HTTP: 1601
2026-09-08 12:39:01 | INFO | Documenti elaborati in questa esecuzione: 1650; richieste HTTP: 1651
2026-09-08 12:40:05 | INFO | Documenti elaborati in questa esecuzione: 1700; richieste HTTP: 1701
2026-09-08 12:41:18 | INFO | Documenti elaborati in questa esecuzione: 1750; richieste HTTP: 1751
2026-09-08 12:42:23 | INFO | Documenti elaborati in questa esecuzione: 1800; richieste HTTP: 1801
2026-09-08 12:43:38 | INFO | Documenti elaborati in questa esecuzione: 1850; richieste HTTP: 1851
2026-09-08 12:44:42 | INFO | Documenti elaborati in questa esecuzione: 1900; richieste HTTP: 1901
2026-09-08 12:45:43 | INFO | Documenti elaborati in questa esecuzione: 1950; richieste HTTP: 1951
2026-09-08 12:46:45 | INFO | Documenti elaborati in questa esecuzione: 2000; richieste HTTP: 2001
2026-09-08 12:47:19 | INFO | CHECKPOINT MASSIVO | documenti=2000 | report=C:\Dev\Niko\Python\scriptRicerca\output\risultato_massivo_recuperato.xlsx | stati={'NON_COPERTO_DALLE_FONTI': 63782, 'DISCIPLINA_DICHIARATA_NEL_PROFILO': 2638, 'EVIDENZA_NON_CONFERMATA': 1396, 'SPECIALITA_CON_IDENTITA_NOMINALE': 1827, 'IN_CODA': 9484, 'FONTE_NON_ACCESSIBILE': 28, 'PROFILO_CON_IDENTITA_NOMINALE': 2153, 'IDENTITA_CONFERMATA_SENZA_TITOLO': 12, 'SPECIALITA_DOCUMENTATA': 11}
2026-09-08 12:48:25 | INFO | Documenti elaborati in questa esecuzione: 2050; richieste HTTP: 2051
2026-09-08 12:49:26 | INFO | Documenti elaborati in questa esecuzione: 2100; richieste HTTP: 2101
2026-09-08 12:50:31 | INFO | Documenti elaborati in questa esecuzione: 2150; richieste HTTP: 2151
2026-09-08 12:51:33 | INFO | Documenti elaborati in questa esecuzione: 2200; richieste HTTP: 2201
2026-09-08 12:52:29 | INFO | Documenti elaborati in questa esecuzione: 2250; richieste HTTP: 2251
2026-09-08 12:53:29 | INFO | Documenti elaborati in questa esecuzione: 2300; richieste HTTP: 2301
2026-09-08 12:54:31 | INFO | Documenti elaborati in questa esecuzione: 2350; richieste HTTP: 2351
2026-09-08 12:55:43 | INFO | Documenti elaborati in questa esecuzione: 2400; richieste HTTP: 2401
2026-09-08 12:56:50 | INFO | Documenti elaborati in questa esecuzione: 2450; richieste HTTP: 2451
2026-09-08 12:57:59 | INFO | Documenti elaborati in questa esecuzione: 2500; richieste HTTP: 2501
2026-09-08 12:58:34 | INFO | CHECKPOINT MASSIVO | documenti=2500 | report=C:\Dev\Niko\Python\scriptRicerca\output\risultato_massivo_recuperato.xlsx | stati={'NON_COPERTO_DALLE_FONTI': 63782, 'DISCIPLINA_DICHIARATA_NEL_PROFILO': 2764, 'EVIDENZA_NON_CONFERMATA': 1510, 'SPECIALITA_CON_IDENTITA_NOMINALE': 1919, 'IN_CODA': 9069, 'FONTE_NON_ACCESSIBILE': 28, 'PROFILO_CON_IDENTITA_NOMINALE': 2234, 'IDENTITA_CONFERMATA_SENZA_TITOLO': 14, 'SPECIALITA_DOCUMENTATA': 11}
2026-09-08 12:59:10 | INFO | MASSIVO: {'total': 81331, 'states': {'NON_COPERTO_DALLE_FONTI': 63782, 'DISCIPLINA_DICHIARATA_NEL_PROFILO': 2764, 'EVIDENZA_NON_CONFERMATA': 1510, 'SPECIALITA_CON_IDENTITA_NOMINALE': 1919, 'IN_CODA': 9069, 'FONTE_NON_ACCESSIBILE': 28, 'PROFILO_CON_IDENTITA_NOMINALE': 2234, 'IDENTITA_CONFERMATA_SENZA_TITOLO': 14, 'SPECIALITA_DOCUMENTATA': 11}, 'people_with_sources': 17549, 'urls': {'done': 9014, 'error': 70, 'pending': 10463}, 'updated': '2026-09-08T10:59:10+00:00'}; HTTP=2501; Search API=0
