2026-09-10 13:39:01 | INFO | Importazione e controllo di tutto l’archivio: input\scriptMedici.xlsx
2026-09-10 13:39:03 | INFO | Archivio: 81331 persone; 2378 nomi ripetuti
2026-09-10 13:39:11 | INFO | FONTE MioDottore: 20449 associazioni, 0 problemi
2026-09-10 13:39:23 | INFO | FONTE Doctolib: 38702 associazioni, 0 problemi
2026-09-10 13:39:43 | INFO | Documenti elaborati in questa esecuzione: 50; richieste HTTP: 0
2026-09-10 13:40:01 | INFO | Documenti elaborati in questa esecuzione: 100; richieste HTTP: 0
2026-09-10 13:40:42 | INFO | CHECKPOINT MASSIVO | documenti=100 | report=C:\Dev\Niko\Python\scriptRicerca\output\risultato_massivo_recuperato.xlsx | stati={'NON_COPERTO_DALLE_FONTI': 45662, 'DISCIPLINA_DICHIARATA_NEL_PROFILO': 23246, 'EVIDENZA_NON_CONFERMATA': 3587, 'SPECIALITA_CON_IDENTITA_NOMINALE': 5662, 'FONTE_NON_ACCESSIBILE': 103, 'PROFILO_CON_IDENTITA_NOMINALE': 1033, 'IDENTITA_CONFERMATA_SENZA_TITOLO': 22, 'IN_CODA': 1998, 'SPECIALITA_DOCUMENTATA': 18}
2026-09-10 13:41:01 | INFO | Documenti elaborati in questa esecuzione: 150; richieste HTTP: 0
2026-09-10 13:41:21 | INFO | Documenti elaborati in questa esecuzione: 200; richieste HTTP: 0
2026-09-10 13:42:02 | INFO | CHECKPOINT MASSIVO | documenti=200 | report=C:\Dev\Niko\Python\scriptRicerca\output\risultato_massivo_recuperato.xlsx | stati={'NON_COPERTO_DALLE_FONTI': 45662, 'DISCIPLINA_DICHIARATA_NEL_PROFILO': 23260, 'EVIDENZA_NON_CONFERMATA': 3585, 'SPECIALITA_CON_IDENTITA_NOMINALE': 5663, 'FONTE_NON_ACCESSIBILE': 103, 'PROFILO_CON_IDENTITA_NOMINALE': 1055, 'IDENTITA_CONFERMATA_SENZA_TITOLO': 22, 'IN_CODA': 1963, 'SPECIALITA_DOCUMENTATA': 18}
2026-09-10 13:42:20 | INFO | Documenti elaborati in questa esecuzione: 250; richieste HTTP: 0
2026-09-10 13:42:39 | INFO | Documenti elaborati in questa esecuzione: 300; richieste HTTP: 0
2026-09-10 13:43:20 | INFO | CHECKPOINT MASSIVO | documenti=300 | report=C:\Dev\Niko\Python\scriptRicerca\output\risultato_massivo_recuperato.xlsx | stati={'NON_COPERTO_DALLE_FONTI': 45662, 'DISCIPLINA_DICHIARATA_NEL_PROFILO': 23265, 'EVIDENZA_NON_CONFERMATA': 3585, 'SPECIALITA_CON_IDENTITA_NOMINALE': 5664, 'FONTE_NON_ACCESSIBILE': 103, 'PROFILO_CON_IDENTITA_NOMINALE': 1097, 'IDENTITA_CONFERMATA_SENZA_TITOLO': 22, 'IN_CODA': 1915, 'SPECIALITA_DOCUMENTATA': 18}
2026-09-10 13:43:40 | INFO | Documenti elaborati in questa esecuzione: 350; richieste HTTP: 0
2026-09-10 13:44:00 | INFO | Documenti elaborati in questa esecuzione: 400; richieste HTTP: 0
2026-09-10 13:44:42 | INFO | CHECKPOINT MASSIVO | documenti=400 | report=C:\Dev\Niko\Python\scriptRicerca\output\risultato_massivo_recuperato.xlsx | stati={'NON_COPERTO_DALLE_FONTI': 45662, 'DISCIPLINA_DICHIARATA_NEL_PROFILO': 23273, 'EVIDENZA_NON_CONFERMATA': 3584, 'SPECIALITA_CON_IDENTITA_NOMINALE': 5664, 'FONTE_NON_ACCESSIBILE': 103, 'PROFILO_CON_IDENTITA_NOMINALE': 1139, 'IDENTITA_CONFERMATA_SENZA_TITOLO': 22, 'IN_CODA': 1866, 'SPECIALITA_DOCUMENTATA': 18}
2026-09-10 13:45:01 | INFO | Documenti elaborati in questa esecuzione: 450; richieste HTTP: 0
2026-09-10 13:45:20 | INFO | Documenti elaborati in questa esecuzione: 500; richieste HTTP: 0
2026-09-10 13:46:01 | INFO | CHECKPOINT MASSIVO | documenti=500 | report=C:\Dev\Niko\Python\scriptRicerca\output\risultato_massivo_recuperato.xlsx | stati={'NON_COPERTO_DALLE_FONTI': 45662, 'DISCIPLINA_DICHIARATA_NEL_PROFILO': 23283, 'EVIDENZA_NON_CONFERMATA': 3583, 'SPECIALITA_CON_IDENTITA_NOMINALE': 5664, 'FONTE_NON_ACCESSIBILE': 103, 'PROFILO_CON_IDENTITA_NOMINALE': 1166, 'IDENTITA_CONFERMATA_SENZA_TITOLO': 22, 'IN_CODA': 1830, 'SPECIALITA_DOCUMENTATA': 18}
2026-09-10 13:46:46 | INFO | MASSIVO: {'total': 81331, 'states': {'NON_COPERTO_DALLE_FONTI': 45662, 'DISCIPLINA_DICHIARATA_NEL_PROFILO': 23283, 'EVIDENZA_NON_CONFERMATA': 3583, 'SPECIALITA_CON_IDENTITA_NOMINALE': 5664, 'FONTE_NON_ACCESSIBILE': 103, 'PROFILO_CON_IDENTITA_NOMINALE': 1166, 'IDENTITA_CONFERMATA_SENZA_TITOLO': 22, 'IN_CODA': 1830, 'SPECIALITA_DOCUMENTATA': 18}, 'people_with_sources': 35669, 'urls': {'done': 70158, 'error': 776, 'pending': 4026}, 'updated': '2026-09-10T11:46:46+00:00'}; HTTP=0; Search API=0
