2026-09-02 12:40:56 | INFO | ==============================================================================
2026-09-02 12:40:56 | INFO | V3.3 MEDICI - SOURCE FILTERING + BING URL DECODE
2026-09-02 12:40:56 | INFO | Input: C:\Dev\Niko\scriptRicerca\input\scriptMedici.xlsx
2026-09-02 12:40:56 | INFO | Output: C:\Dev\Niko\scriptRicerca\output\risultatiMedici.xlsx
2026-09-02 12:40:56 | INFO | Engine: auto
2026-09-02 12:40:56 | INFO | Headless: False
2026-09-02 12:40:56 | INFO | Deep: True
2026-09-02 12:40:56 | INFO | Search results: 8
2026-09-02 12:40:56 | INFO | Delay: 1.2 - 2.8 sec
2026-09-02 12:40:56 | INFO | Browser profile: C:\Dev\Niko\scriptRicerca\browser_medici
2026-09-02 12:40:56 | INFO | CV sicuri dir: C:\Dev\Niko\scriptRicerca\cv_medici
2026-09-02 12:40:56 | INFO | CV da verificare dir: C:\Dev\Niko\scriptRicerca\cv_medici_da_verificare
2026-09-02 12:40:56 | INFO | Cache dir: C:\Dev\Niko\scriptRicerca\cache_medici
2026-09-02 12:40:56 | INFO | Log: logs\run_medici_20260902_123951.log
2026-09-02 12:40:56 | INFO | ==============================================================================
2026-09-02 12:40:57 | INFO | Medici da elaborare: 5
2026-09-02 12:41:02 | INFO | SEARCH OK | bing | "YASAMIN AAZAM RAHIMIAN" medico ospedale OR ASL OR AUSL OR ASST OR AOU OR IRCCS | 10 risultati
2026-09-02 12:41:05 | INFO | SEARCH OK | bing | "YASAMIN AAZAM RAHIMIAN" "curriculum vitae" filetype:pdf medico | 10 risultati
2026-09-02 12:41:08 | INFO | SEARCH OK | bing | "AAZAM RAHIMIAN YASAMIN" medico specialista curriculum | 10 risultati
2026-09-02 12:41:11 | INFO | SEARCH OK | bing | "YASAMIN AAZAM RAHIMIAN" medico "BOLOGNA" specializzazione OR curriculum | 5 risultati
2026-09-02 12:41:11 | INFO | HIT SCARTATO | Pers_Id=2467194 | score=0 | identità/fonte insufficienti |  | https://www.thomsoncarter.com
2026-09-02 12:41:11 | INFO | HIT SCARTATO | Pers_Id=2467194 | score=0 | identità/fonte insufficienti |  | https://www.thomsoncarter.com/pages/homepage
2026-09-02 12:41:11 | INFO | HIT SCARTATO | Pers_Id=2467194 | score=0 | identità/fonte insufficienti |  | https://thomsoncarterstudio.shop
2026-09-02 12:41:11 | INFO | HIT SCARTATO | Pers_Id=2467194 | score=0 | identità/fonte insufficienti |  | https://www.fragrantica.com/designers/Thomson-Carter.html
2026-09-02 12:41:11 | INFO | HIT SCARTATO | Pers_Id=2467194 | score=0 | identità/fonte insufficienti |  | https://uk.trustpilot.com/review/thomsoncarter.com
2026-09-02 12:41:11 | INFO | HIT SCARTATO | Pers_Id=2467194 | score=0 | identità/fonte insufficienti |  | https://uk.hotdeals.com/brands/thomson-carter-discount-codes
2026-09-02 12:41:11 | INFO | HIT SCARTATO | Pers_Id=2467194 | score=-500 | dominio irrilevante: www.amazon.co.uk |  | https://www.amazon.co.uk/thomson-carter-perfume/s?k=thomson+carter+perfume
2026-09-02 12:41:11 | INFO | HIT SCARTATO | Pers_Id=2467194 | score=-500 | dominio irrilevante: www.ebay.co.uk |  | https://www.ebay.co.uk/shop/thomson-carter?_nkw=thomson+carter&msockid=31f4ebc2fdbe60181787fc0afc706155
2026-09-02 12:41:11 | INFO | HIT SCARTATO | Pers_Id=2467194 | score=0 | identità/fonte insufficienti | Get started with Google Maps | https://support.google.com/maps/answer/144349?hl=en&co=GENIE.Platform%3DAndroid
2026-09-02 12:41:11 | INFO | HIT SCARTATO | Pers_Id=2467194 | score=0 | identità/fonte insufficienti | Get directions and show routes in Google Maps | https://support.google.com/maps/answer/144339?hl=en-GB&co=GENIE.Platform%3DDesktop
2026-09-02 12:41:11 | INFO | HIT SCARTATO | Pers_Id=2467194 | score=0 | identità/fonte insufficienti | Report data or content errors on Google Maps | https://support.google.com/maps/answer/3094088?hl=en
2026-09-02 12:41:11 | INFO | HIT SCARTATO | Pers_Id=2467194 | score=0 | identità/fonte insufficienti | Search by latitude & longitude in Google Maps | https://support.google.com/maps/answer/18539?hl=en&co=GENIE.platform%3DDesktop
2026-09-02 12:41:11 | INFO | HIT SCARTATO | Pers_Id=2467194 | score=0 | identità/fonte insufficienti | Download areas & navigate offline in Google Maps | https://support.google.com/maps/answer/6291838?hl=en&co=GENIE.Platform%3DAndroid
2026-09-02 12:41:11 | INFO | HIT SCARTATO | Pers_Id=2467194 | score=0 | identità/fonte insufficienti | Use navigation in Google Maps - Android - Google Maps Help | https://support.google.com/maps/answer/3273406?hl=en&co=GENIE.Platform%3DAndroid
2026-09-02 12:41:11 | INFO | HIT SCARTATO | Pers_Id=2467194 | score=-500 | dominio irrilevante: www.reddit.com | Google Maps - Reddit | https://www.reddit.com/r/GoogleMaps
2026-09-02 12:41:11 | INFO | HIT SCARTATO | Pers_Id=2467194 | score=0 | identità/fonte insufficienti | Share, send, or print directions from Google Maps | https://support.google.com/maps/answer/7101463?hl=en&co=GENIE.Platform%3DDesktop
2026-09-02 12:41:11 | INFO | HIT SCARTATO | Pers_Id=2467194 | score=0 | identità/fonte insufficienti |  | https://translate.google.com
2026-09-02 12:41:11 | INFO | HIT SCARTATO | Pers_Id=2467194 | score=0 | identità/fonte insufficienti |  | https://translate.google.com/details?hl=ar&sl=en&tl=ar&op=translate
2026-09-02 12:41:11 | INFO | HIT SCARTATO | Pers_Id=2467194 | score=0 | identità/fonte insufficienti |  | https://translate.google.com/intl/sk/about
2026-09-02 12:41:11 | INFO | HIT SCARTATO | Pers_Id=2467194 | score=0 | identità/fonte insufficienti |  | https://translate.google.com/intl/es-419/about
2026-09-02 12:41:11 | INFO | HIT SCARTATO | Pers_Id=2467194 | score=0 | identità/fonte insufficienti |  | https://translate.google.com/intl/bs/about
2026-09-02 12:41:11 | INFO | HIT SCARTATO | Pers_Id=2467194 | score=0 | identità/fonte insufficienti |  | https://translate.google.com/intl/th/about
2026-09-02 12:41:11 | INFO | HIT SCARTATO | Pers_Id=2467194 | score=0 | identità/fonte insufficienti |  | https://translate.google.com/intl/tr/about
2026-09-02 12:41:11 | INFO | HIT SCARTATO | Pers_Id=2467194 | score=0 | identità/fonte insufficienti |  | https://translate.google.com/intl/km/about
2026-09-02 12:41:11 | INFO | HIT SCARTATO | Pers_Id=2467194 | score=0 | identità/fonte insufficienti |  | https://hostadvice.com/blog/how-to-make-money-online/how-to-sell-online/high-profit-margin-products
2026-09-02 12:41:11 | INFO | HIT SCARTATO | Pers_Id=2467194 | score=0 | identità/fonte insufficienti |  | https://www.gelato.com/blog/finding-high-margin-products-for-ecommerce-success
2026-09-02 12:41:11 | INFO | HIT SCARTATO | Pers_Id=2467194 | score=0 | identità/fonte insufficienti |  | https://www.shopify.com/blog/products-with-high-profit-margins
2026-09-02 12:41:11 | INFO | HIT SCARTATO | Pers_Id=2467194 | score=0 | identità/fonte insufficienti |  | https://www.salehoo.com/learn/low-cost-products-with-high-profit-margins
2026-09-02 12:41:11 | INFO | HIT SCARTATO | Pers_Id=2467194 | score=0 | identità/fonte insufficienti |  | https://boostifythemes.com/products-with-huge-profit-margins
2026-09-02 12:41:11 | INFO | HIT SUMMARY | Pers_Id=2467194 | grezzi=29 | rilevanti=0
2026-09-02 12:41:11 | INFO | DONE | Pers_Id=2467194 | 12.3s | NESSUN_RISULTATO | specialita=N/D | cv=NO | cv_review=0
2026-09-02 12:41:13 | INFO | SEARCH OK | bing | "ERNESTO MARTIN ABAD AGUIAR" medico ospedale OR ASL OR AUSL OR ASST OR AOU OR IRCCS | 10 risultati
2026-09-02 12:41:16 | INFO | SEARCH OK | bing | "ERNESTO MARTIN ABAD AGUIAR" "curriculum vitae" filetype:pdf medico | 10 risultati
2026-09-02 12:41:20 | INFO | SEARCH OK | bing | "ABAD AGUIAR ERNESTO MARTIN" medico specialista curriculum | 10 risultati
2026-09-02 12:41:23 | INFO | SEARCH OK | bing | "ERNESTO MARTIN ABAD AGUIAR" medico "Nuoro" specializzazione OR curriculum | 10 risultati
2026-09-02 12:41:23 | INFO | HIT SCARTATO | Pers_Id=2606079 | score=0 | identità/fonte insufficienti |  | https://support.google.com/youtube/answer/1646861?hl=ja
2026-09-02 12:41:23 | INFO | HIT SCARTATO | Pers_Id=2606079 | score=0 | identità/fonte insufficienti |  | https://support.google.com/youtube/answer/57741?hl=en&co=GENIE.Platform%3DDesktop
2026-09-02 12:41:23 | INFO | HIT SCARTATO | Pers_Id=2606079 | score=0 | identità/fonte insufficienti |  | https://support.google.com/youtubemusic/answer/7205933?hl=en&co=GENIE.Platform%3DDesktop
2026-09-02 12:41:23 | INFO | HIT SCARTATO | Pers_Id=2606079 | score=0 | identità/fonte insufficienti |  | https://support.google.com/youtube/answer/171664?hl=pt-BR
2026-09-02 12:41:23 | INFO | HIT SCARTATO | Pers_Id=2606079 | score=0 | identità/fonte insufficienti |  | https://support.google.com/youtube/answer/161805?hl=ja&co=GENIE.Platform%3DDesktop
2026-09-02 12:41:23 | INFO | HIT SCARTATO | Pers_Id=2606079 | score=0 | identità/fonte insufficienti |  | https://support.google.com/youtube/answer/1646861?hl=es
2026-09-02 12:41:23 | INFO | HIT SCARTATO | Pers_Id=2606079 | score=0 | identità/fonte insufficienti |  | https://support.google.com/youtube/answer/1646861?hl=pt-BR
2026-09-02 12:41:23 | INFO | HIT SCARTATO | Pers_Id=2606079 | score=0 | identità/fonte insufficienti |  | https://support.google.com/youtubemusic/answer/7507349?hl=en
2026-09-02 12:41:23 | INFO | HIT SCARTATO | Pers_Id=2606079 | score=0 | identità/fonte insufficienti |  | https://www.gov.uk/guidance/manage-your-dvsa-vehicle-testing-pre-funded-account
2026-09-02 12:41:23 | INFO | HIT SCARTATO | Pers_Id=2606079 | score=0 | identità/fonte insufficienti |  | https://vtm.cvs.dvsacloud.uk
2026-09-02 12:41:23 | INFO | HIT SCARTATO | Pers_Id=2606079 | score=0 | identità/fonte insufficienti |  | https://www.gov.uk/guidance/manage-testing-at-your-vehicle-testing-facility
2026-09-02 12:41:23 | INFO | HIT SCARTATO | Pers_Id=2606079 | score=0 | identità/fonte insufficienti |  | https://govuk-digital-services.herokuapp.com/service/myvt
2026-09-02 12:41:23 | INFO | HIT SCARTATO | Pers_Id=2606079 | score=0 | identità/fonte insufficienti |  | https://movingon.blog.gov.uk/2023/01/23/digital-accounts-for-vehicle-testing-customers-taking-a-user-centred-approach
2026-09-02 12:41:23 | INFO | HIT SCARTATO | Pers_Id=2606079 | score=0 | identità/fonte insufficienti |  | https://teamlogico.co.uk/manage-your-vehicle-testing-myvt
2026-09-02 12:41:23 | INFO | HIT SCARTATO | Pers_Id=2606079 | score=0 | identità/fonte insufficienti |  | https://www.gov.uk/government/publications/vosa-pre-funded-customer-account-application-form
2026-09-02 12:41:23 | INFO | HIT SCARTATO | Pers_Id=2606079 | score=0 | identità/fonte insufficienti |  | https://www.gov.uk/view-vehicle-operator-safety-risk-reports
2026-09-02 12:41:23 | INFO | HIT SCARTATO | Pers_Id=2606079 | score=0 | identità/fonte insufficienti |  | https://www.microsoft.com/en-us?msockid=31f4ebc2fdbe60181787fc0afc706155
2026-09-02 12:41:23 | INFO | HIT SCARTATO | Pers_Id=2606079 | score=0 | identità/fonte insufficienti |  | https://account.microsoft.com/account
2026-09-02 12:41:23 | INFO | HIT SCARTATO | Pers_Id=2606079 | score=0 | identità/fonte insufficienti |  | https://myaccount.microsoft.com
2026-09-02 12:41:23 | INFO | HIT SCARTATO | Pers_Id=2606079 | score=-500 | dominio irrilevante: en.wikipedia.org |  | https://en.wikipedia.org/wiki/Microsoft
2026-09-02 12:41:23 | INFO | HIT SCARTATO | Pers_Id=2606079 | score=0 | identità/fonte insufficienti |  | https://myaccount.microsoft.com/login
2026-09-02 12:41:23 | INFO | HIT SCARTATO | Pers_Id=2606079 | score=0 | identità/fonte insufficienti |  | https://www.microsoft.com/en-us/microsoft-365?msockid=31f4ebc2fdbe60181787fc0afc706155
2026-09-02 12:41:23 | INFO | HIT SCARTATO | Pers_Id=2606079 | score=0 | identità/fonte insufficienti |  | https://outlook.office.com/mail
2026-09-02 12:41:23 | INFO | HIT SCARTATO | Pers_Id=2606079 | score=0 | identità/fonte insufficienti |  | https://signup.live.com
2026-09-02 12:41:23 | INFO | HIT SCARTATO | Pers_Id=2606079 | score=0 | identità/fonte insufficienti |  | https://www.borstkanker.nl/medische-informatie/behandeling-bij-borstkanker
2026-09-02 12:41:23 | INFO | HIT SCARTATO | Pers_Id=2606079 | score=0 | identità/fonte insufficienti |  | https://www.kanker.nl/kankersoorten/borstkanker/behandelingen/behandeling-van-borstkanker
2026-09-02 12:41:23 | INFO | HIT SCARTATO | Pers_Id=2606079 | score=0 | identità/fonte insufficienti |  | https://iknl.nl/kankersoorten/borstkanker/behandeling
2026-09-02 12:41:23 | INFO | HIT SCARTATO | Pers_Id=2606079 | score=0 | identità/fonte insufficienti |  | https://www.amphia.nl/folders/borstcentrum-behandelwegen-bij-borstkanker
2026-09-02 12:41:23 | INFO | HIT SCARTATO | Pers_Id=2606079 | score=0 | identità/fonte insufficienti |  | https://www.kanker.nl/kankersoorten/borstkanker/behandelingen/doelgerichte-therapie-bij-borstkanker
2026-09-02 12:41:23 | INFO | HIT SCARTATO | Pers_Id=2606079 | score=0 | identità/fonte insufficienti |  | https://www.borstkanker.nl/borstkanker-en-nu/goed-voorbereid/online-ondersteuning/chemotherapie/keuzehulp-aanvullende
2026-09-02 12:41:23 | INFO | HIT SCARTATO | Pers_Id=2606079 | score=0 | identità/fonte insufficienti |  | https://www.thuisarts.nl/borstkanker/ik-heb-borstkanker-en-wil-behandeling-kiezen
2026-09-02 12:41:23 | INFO | HIT SCARTATO | Pers_Id=2606079 | score=0 | identità/fonte insufficienti |  | https://www.viecuri.nl/patienteninformatie/chirurgie/borstexpertisecentrum-specialisatie-onderliggende-paginas-zorgpad/behandelingen-bij-borstkanker
2026-09-02 12:41:23 | INFO | HIT SUMMARY | Pers_Id=2606079 | grezzi=32 | rilevanti=0
2026-09-02 12:41:23 | INFO | DONE | Pers_Id=2606079 | 12.5s | NESSUN_RISULTATO | specialita=N/D | cv=NO | cv_review=0
2026-09-02 12:41:26 | INFO | SEARCH OK | bing | "CHIARA ABAGNALE" medico ospedale OR ASL OR AUSL OR ASST OR AOU OR IRCCS | 7 risultati
2026-09-02 12:41:29 | INFO | SEARCH OK | bing | "CHIARA ABAGNALE" "curriculum vitae" filetype:pdf medico | 1 risultati
2026-09-02 12:41:33 | INFO | SEARCH OK | bing | "ABAGNALE CHIARA" medico specialista curriculum | 10 risultati
2026-09-02 12:41:35 | INFO | SEARCH OK | bing | "CHIARA ABAGNALE" medico "San felice Circeo" specializzazione OR curriculum | 7 risultati
2026-09-02 12:41:35 | INFO | HIT SCARTATO | Pers_Id=2606149 | score=-500 | dominio irrilevante: it.wikipedia.org |  | https://it.wikipedia.org/wiki/Chiara
2026-09-02 12:41:35 | INFO | HIT SCARTATO | Pers_Id=2606149 | score=-500 | dominio irrilevante: www.instagram.com |  | https://www.instagram.com/chiaraferragni
2026-09-02 12:41:35 | INFO | HIT SCARTATO | Pers_Id=2606149 | score=0 | identità/fonte insufficienti |  | https://www.paginainizio.com/significato-nome/chiara.html
2026-09-02 12:41:35 | INFO | HIT SCARTATO | Pers_Id=2606149 | score=-500 | dominio irrilevante: it.wikipedia.org |  | https://it.wikipedia.org/wiki/Chiara_Galiazzo
2026-09-02 12:41:35 | INFO | HIT SCARTATO | Pers_Id=2606149 | score=0 | identità/fonte insufficienti |  | https://chiaraferragnibrand.com/it
2026-09-02 12:41:35 | INFO | HIT SCARTATO | Pers_Id=2606149 | score=-500 | dominio irrilevante: en.wikipedia.org |  | https://en.wikipedia.org/wiki/Chiara_(name)
2026-09-02 12:41:35 | INFO | HIT SCARTATO | Pers_Id=2606149 | score=-500 | dominio irrilevante: www.facebook.com |  | https://www.facebook.com/ChiaraGaliazzoOfficial
2026-09-02 12:41:35 | INFO | HIT SCARTATO | Pers_Id=2606149 | score=0 | identità/fonte insufficienti | google mail | https://mail.google.com/mail?hl=de
2026-09-02 12:41:35 | INFO | HIT SCARTATO | Pers_Id=2606149 | score=45 | identità/fonte insufficienti |  | https://fratelliabagnale.it
2026-09-02 12:41:35 | INFO | HIT SCARTATO | Pers_Id=2606149 | score=-500 | dominio irrilevante: it.m.wikipedia.org |  | https://it.m.wikipedia.org/wiki/Frank_Abagnale
2026-09-02 12:41:35 | INFO | HIT SCARTATO | Pers_Id=2606149 | score=-500 | dominio irrilevante: en.m.wikipedia.org |  | https://en.m.wikipedia.org/wiki/Frank_Abagnale
2026-09-02 12:41:35 | INFO | HIT SCARTATO | Pers_Id=2606149 | score=45 | identità/fonte insufficienti |  | https://biografieonline.it/biografia-frank-abagnale
2026-09-02 12:41:35 | INFO | HIT SCARTATO | Pers_Id=2606149 | score=45 | identità/fonte insufficienti |  | https://www.abagnalesrl.com
2026-09-02 12:41:35 | INFO | HIT SCARTATO | Pers_Id=2606149 | score=-500 | dominio irrilevante: www.facebook.com |  | https://www.facebook.com/AbagnaleSrl
2026-09-02 12:41:35 | INFO | HIT SCARTATO | Pers_Id=2606149 | score=45 | identità/fonte insufficienti |  | https://fratelliabagnale.it/chi-siamo
2026-09-02 12:41:35 | INFO | HIT SCARTATO | Pers_Id=2606149 | score=45 | identità/fonte insufficienti |  | https://www.marinaabagnale.it
2026-09-02 12:41:35 | INFO | HIT SUMMARY | Pers_Id=2606149 | grezzi=16 | rilevanti=0
2026-09-02 12:41:35 | INFO | DONE | Pers_Id=2606149 | 11.5s | NESSUN_RISULTATO | specialita=N/D | cv=NO | cv_review=0
2026-09-02 12:41:38 | INFO | SEARCH OK | bing | "FEDERICA ABAGNALE" medico ospedale OR ASL OR AUSL OR ASST OR AOU OR IRCCS | 10 risultati
2026-09-02 12:41:40 | INFO | SEARCH OK | bing | "FEDERICA ABAGNALE" "curriculum vitae" filetype:pdf medico | 10 risultati
2026-09-02 12:41:44 | INFO | SEARCH OK | bing | "ABAGNALE FEDERICA" medico specialista curriculum | 10 risultati
2026-09-02 12:41:47 | INFO | SEARCH OK | bing | "FEDERICA ABAGNALE" medico "Napoli" specializzazione OR curriculum | 10 risultati
2026-09-02 12:41:47 | INFO | HIT SCARTATO | Pers_Id=2744181 | score=0 | identità/fonte insufficienti |  | https://maiziereslesmetztt.fr
2026-09-02 12:41:47 | INFO | HIT SCARTATO | Pers_Id=2744181 | score=-500 | dominio irrilevante: www.facebook.com |  | https://www.facebook.com/MaizieresTT
2026-09-02 12:41:47 | INFO | HIT SCARTATO | Pers_Id=2744181 | score=0 | identità/fonte insufficienti |  | https://maiziereslesmetztt.fr/toute-lactualite
2026-09-02 12:41:47 | INFO | HIT SCARTATO | Pers_Id=2744181 | score=0 | identità/fonte insufficienti |  | https://www.sports-et-loisirs.fr/clubs-cours/fiche-le+tennis+de+table+de+maizieres+les+metz-27940.php
2026-09-02 12:41:47 | INFO | HIT SCARTATO | Pers_Id=2744181 | score=0 | identità/fonte insufficienti |  | https://www.localgymsandfitness.com/FR/Maizi%C3%A8res-l%C3%A8s-Metz/243620245684415/Tennis-de-Table-Maizi%C3%A8res-L%C3%A8s-Metz
2026-09-02 12:41:47 | INFO | HIT SCARTATO | Pers_Id=2744181 | score=0 | identità/fonte insufficienti |  | http://www.handisport-moselle.fr/club/tennis-de-table-de-maizieres-les-metz
2026-09-02 12:41:47 | INFO | HIT SCARTATO | Pers_Id=2744181 | score=0 | identità/fonte insufficienti |  | https://www.handiguide.sports.gouv.fr/structures/le-tennis-de-table-de-maizieres-les-metz
2026-09-02 12:41:47 | INFO | HIT SCARTATO | Pers_Id=2744181 | score=0 | identità/fonte insufficienti |  | https://www.sports-et-loisirs.fr/maizieres+les+metz-22526-1/dis-tennis+de+table-29/clubs-cours
2026-09-02 12:41:47 | INFO | HIT SCARTATO | Pers_Id=2744181 | score=0 | identità/fonte insufficienti |  | https://www.justwatch.com/eg/tv-show/youth-of-may/season-1
2026-09-02 12:41:47 | INFO | HIT SCARTATO | Pers_Id=2744181 | score=0 | identità/fonte insufficienti |  | https://www.viu.com/ott/sa/en/vod/2353379/Youth-of-May
2026-09-02 12:41:47 | INFO | HIT SCARTATO | Pers_Id=2744181 | score=0 | identità/fonte insufficienti |  | https://www.viu.com/ott/ma/en/vod/2353382/Youth-of-May
2026-09-02 12:41:47 | INFO | HIT SCARTATO | Pers_Id=2744181 | score=0 | identità/fonte insufficienti |  | https://www.justwatch.com/eg/tv-show/youth-of-may
2026-09-02 12:41:47 | INFO | HIT SCARTATO | Pers_Id=2744181 | score=0 | identità/fonte insufficienti |  | https://www.primevideo.com/-/ar/detail/0QCRWQIPRVE7F0SR44VU5HGKO3
2026-09-02 12:41:47 | INFO | HIT SCARTATO | Pers_Id=2744181 | score=0 | identità/fonte insufficienti |  | https://www2.stage.netflix.com/eg/title/81502688
2026-09-02 12:41:47 | INFO | HIT SCARTATO | Pers_Id=2744181 | score=0 | identità/fonte insufficienti |  | https://kitkot.buzz/video/youth-of-may-ep-01
2026-09-02 12:41:47 | INFO | HIT SCARTATO | Pers_Id=2744181 | score=0 | identità/fonte insufficienti |  | https://www.dailymotion.com/video/x980446
2026-09-02 12:41:47 | INFO | HIT SCARTATO | Pers_Id=2744181 | score=45 | identità/fonte insufficienti |  | https://fratelliabagnale.it
2026-09-02 12:41:47 | INFO | HIT SCARTATO | Pers_Id=2744181 | score=-500 | dominio irrilevante: it.m.wikipedia.org |  | https://it.m.wikipedia.org/wiki/Frank_Abagnale
2026-09-02 12:41:47 | INFO | HIT SCARTATO | Pers_Id=2744181 | score=-500 | dominio irrilevante: en.m.wikipedia.org |  | https://en.m.wikipedia.org/wiki/Frank_Abagnale
2026-09-02 12:41:47 | INFO | HIT SCARTATO | Pers_Id=2744181 | score=45 | identità/fonte insufficienti |  | https://biografieonline.it/biografia-frank-abagnale
2026-09-02 12:41:47 | INFO | HIT SCARTATO | Pers_Id=2744181 | score=45 | identità/fonte insufficienti |  | https://www.abagnalesrl.com
2026-09-02 12:41:47 | INFO | HIT SCARTATO | Pers_Id=2744181 | score=-500 | dominio irrilevante: www.facebook.com |  | https://www.facebook.com/AbagnaleSrl
2026-09-02 12:41:47 | INFO | HIT SCARTATO | Pers_Id=2744181 | score=45 | identità/fonte insufficienti |  | https://fratelliabagnale.it/chi-siamo
2026-09-02 12:41:47 | INFO | HIT SCARTATO | Pers_Id=2744181 | score=45 | identità/fonte insufficienti |  | https://www.marinaabagnale.it
2026-09-02 12:41:47 | INFO | HIT SCARTATO | Pers_Id=2744181 | score=0 | identità/fonte insufficienti |  | https://translate.google.com/;anything
2026-09-02 12:41:47 | INFO | HIT SCARTATO | Pers_Id=2744181 | score=0 | identità/fonte insufficienti |  | https://translate.google.com/?hl=sv
2026-09-02 12:41:47 | INFO | HIT SCARTATO | Pers_Id=2744181 | score=0 | identità/fonte insufficienti |  | https://translate.google.com/m
2026-09-02 12:41:47 | INFO | HIT SCARTATO | Pers_Id=2744181 | score=0 | identità/fonte insufficienti |  | https://translate.google.com/intl/nl/about
2026-09-02 12:41:47 | INFO | HIT SCARTATO | Pers_Id=2744181 | score=0 | identità/fonte insufficienti |  | https://translate.google.com/intl/ja/about
2026-09-02 12:41:47 | INFO | HIT SCARTATO | Pers_Id=2744181 | score=0 | identità/fonte insufficienti |  | https://translate.google.com/intl/zh-TW/about
2026-09-02 12:41:47 | INFO | HIT SCARTATO | Pers_Id=2744181 | score=0 | identità/fonte insufficienti |  | https://translate.google.com/intl/es-419/about
2026-09-02 12:41:47 | INFO | HIT SCARTATO | Pers_Id=2744181 | score=0 | identità/fonte insufficienti |  | https://translate.google.com/intl/tr/about
2026-09-02 12:41:47 | INFO | HIT SUMMARY | Pers_Id=2744181 | grezzi=32 | rilevanti=0
2026-09-02 12:41:47 | INFO | DONE | Pers_Id=2744181 | 11.8s | NESSUN_RISULTATO | specialita=N/D | cv=NO | cv_review=0
2026-09-02 12:41:49 | INFO | SEARCH OK | bing | "GIOVANNA ABAGNALE" medico ospedale OR ASL OR AUSL OR ASST OR AOU OR IRCCS | 10 risultati
2026-09-02 12:41:52 | INFO | SEARCH OK | bing | "GIOVANNA ABAGNALE" "curriculum vitae" filetype:pdf medico | 10 risultati
2026-09-02 12:41:54 | INFO | SEARCH OK | bing | "ABAGNALE GIOVANNA" medico specialista curriculum | 10 risultati
2026-09-02 12:41:56 | INFO | SEARCH OK | bing | "GIOVANNA ABAGNALE" medico "Napoli" specializzazione OR curriculum | 10 risultati
2026-09-02 12:41:56 | INFO | HIT SCARTATO | Pers_Id=2744182 | score=-500 | dominio irrilevante: it.wikipedia.org |  | https://it.wikipedia.org/wiki/Giovanna_(cantante)
2026-09-02 12:41:56 | INFO | HIT SCARTATO | Pers_Id=2744182 | score=0 | identità/fonte insufficienti |  | https://www.libero.it/magazine/personaggi/giovanna-nocetti-153734
2026-09-02 12:41:56 | INFO | HIT SCARTATO | Pers_Id=2744182 | score=-500 | dominio irrilevante: it.wikipedia.org |  | https://it.wikipedia.org/wiki/Giovanna_(nome)
2026-09-02 12:41:56 | INFO | HIT SCARTATO | Pers_Id=2744182 | score=0 | identità/fonte insufficienti |  | https://www.paginainizio.com/significato-nome/giovanna.html
2026-09-02 12:41:56 | INFO | HIT SCARTATO | Pers_Id=2744182 | score=0 | identità/fonte insufficienti |  | https://www.tag24.it/378725-giovanna-eta-marito-curiosita-sulla-cantante
2026-09-02 12:41:56 | INFO | HIT SCARTATO | Pers_Id=2744182 | score=-500 | dominio irrilevante: en.wikipedia.org |  | https://en.wikipedia.org/wiki/Giovanna_(singer)
2026-09-02 12:41:56 | INFO | HIT SCARTATO | Pers_Id=2744182 | score=-500 | dominio irrilevante: en.wikipedia.org |  | https://en.wikipedia.org/wiki/Giovanna
2026-09-02 12:41:56 | INFO | HIT SCARTATO | Pers_Id=2744182 | score=0 | identità/fonte insufficienti |  | https://amalfinotizie.it/chi-e-giovanna-nocetti-eta-marito-figli-vita-privata-e-dove-vive-la-cantante
2026-09-02 12:41:56 | INFO | HIT SCARTATO | Pers_Id=2744182 | score=45 | identità/fonte insufficienti |  | https://fratelliabagnale.it
2026-09-02 12:41:56 | INFO | HIT SCARTATO | Pers_Id=2744182 | score=-500 | dominio irrilevante: it.m.wikipedia.org |  | https://it.m.wikipedia.org/wiki/Frank_Abagnale
2026-09-02 12:41:56 | INFO | HIT SCARTATO | Pers_Id=2744182 | score=-500 | dominio irrilevante: en.m.wikipedia.org |  | https://en.m.wikipedia.org/wiki/Frank_Abagnale
2026-09-02 12:41:56 | INFO | HIT SCARTATO | Pers_Id=2744182 | score=45 | identità/fonte insufficienti |  | https://biografieonline.it/biografia-frank-abagnale
2026-09-02 12:41:56 | INFO | HIT SCARTATO | Pers_Id=2744182 | score=45 | identità/fonte insufficienti |  | https://www.abagnalesrl.com
2026-09-02 12:41:56 | INFO | HIT SCARTATO | Pers_Id=2744182 | score=-500 | dominio irrilevante: www.facebook.com |  | https://www.facebook.com/AbagnaleSrl
2026-09-02 12:41:56 | INFO | HIT SCARTATO | Pers_Id=2744182 | score=45 | identità/fonte insufficienti |  | https://fratelliabagnale.it/chi-siamo
2026-09-02 12:41:56 | INFO | HIT SCARTATO | Pers_Id=2744182 | score=45 | identità/fonte insufficienti |  | https://www.marinaabagnale.it
2026-09-02 12:41:56 | INFO | HIT SUMMARY | Pers_Id=2744182 | grezzi=16 | rilevanti=0
2026-09-02 12:41:56 | INFO | DONE | Pers_Id=2744182 | 9.7s | NESSUN_RISULTATO | specialita=N/D | cv=NO | cv_review=0
2026-09-02 12:41:56 | INFO | PROGRESS | 5/5 | 5.01 medici/min | ETA 0.0 min | {'NESSUN_RISULTATO': 5}
2026-09-02 12:42:25 | INFO | ==============================================================================
2026-09-02 12:42:25 | INFO | FINE | 1.5 min | {'NESSUN_RISULTATO': 5}
2026-09-02 12:42:25 | INFO | OUTPUT | C:\Dev\Niko\scriptRicerca\output\risultatiMedici.xlsx
2026-09-02 12:42:25 | INFO | ==============================================================================
