2026-09-03 14:58:15 | INFO | ==============================================================================
2026-09-03 14:58:15 | INFO | V5.3 MEDICI - DUAL RELEVANCE RECOVERY GATE
2026-09-03 14:58:15 | INFO | Input: C:\Dev\Niko\scriptRicerca\input\scriptMedici.xlsx
2026-09-03 14:58:15 | INFO | Output: C:\Dev\Niko\scriptRicerca\output\risultatiMedici.xlsx
2026-09-03 14:58:15 | INFO | Provider: serper
2026-09-03 14:58:15 | INFO | Deep: False
2026-09-03 14:58:15 | INFO | Search results: 8
2026-09-03 14:58:15 | INFO | Max searches/persona: 3 (+1 con --deep)
2026-09-03 14:58:15 | INFO | Delay: 0.1 - 0.3 sec
2026-09-03 14:58:15 | INFO | CV sicuri dir: C:\Dev\Niko\scriptRicerca\cv_medici
2026-09-03 14:58:15 | INFO | CV da verificare dir: C:\Dev\Niko\scriptRicerca\cv_medici_da_verificare
2026-09-03 14:58:15 | INFO | Cache dir: C:\Dev\Niko\scriptRicerca\cache_medici
2026-09-03 14:58:15 | INFO | Log: logs\run_medici_20260903_145733.log
2026-09-03 14:58:15 | INFO | ==============================================================================
2026-09-03 14:58:15 | INFO | Medici da elaborare: 40
2026-09-03 14:58:15 | INFO | SEARCH QUERY | Pers_Id=2467194 | numero=1 | q="YASAMIN AAZAM RAHIMIAN" medico "BOLOGNA"
2026-09-03 14:58:16 | INFO | SEARCH API OK | serper | "YASAMIN AAZAM RAHIMIAN" medico "BOLOGNA" | 3 risultati
2026-09-03 14:58:16 | INFO | SEARCH EARLY-STOP CHECK | Pers_Id=2467194 | query=1 | stop=False | reason=nessuna evidenza forte
2026-09-03 14:58:16 | INFO | SEARCH QUERY | Pers_Id=2467194 | numero=2 | q="YASAMIN AAZAM RAHIMIAN" medico specialista ospedale
2026-09-03 14:58:18 | INFO | SEARCH API OK | serper | "YASAMIN AAZAM RAHIMIAN" medico specialista ospedale | 2 risultati
2026-09-03 14:58:18 | INFO | SEARCH EARLY-STOP CHECK | Pers_Id=2467194 | query=2 | stop=False | reason=nessuna evidenza forte
2026-09-03 14:58:18 | INFO | SELECTIVE THIRD CHECK | Pers_Id=2467194 | allowed=True | reason=relevant: identità forte, specialità irrisolta | relevant_hits=1 | recovery_identity_hits=0
2026-09-03 14:58:18 | INFO | SEARCH SELECTIVE THIRD QUERY | Pers_Id=2467194 | q="YASAMIN AAZAM RAHIMIAN" "BOLOGNA" medico OR dottoressa OR dottore specialista OR specializzazione OR specializzato OR specializzata
2026-09-03 14:58:19 | INFO | SEARCH API OK | serper | "YASAMIN AAZAM RAHIMIAN" "BOLOGNA" medico OR dottoressa OR dottore specialista OR specializzazione OR specializzato OR specializzata | 2 risultati
2026-09-03 14:58:19 | INFO | CV SEARCH GATE | Pers_Id=2467194 | mode=targeted | allowed=False | reason=nessuna identità professionale abbastanza forte | existing_cv=False
2026-09-03 14:58:19 | INFO | HIT SUMMARY | Pers_Id=2467194 | standard_query=2 | recovery_query=1 | selective_third=1 | specialty_total=3 | cv_query=0 | grezzi=4 | rilevanti=1 | recovery_identity=0 | provider={'serper': 3, 'brave': 0}
2026-09-03 14:58:21 | INFO | DONE | Pers_Id=2467194 | 6.4s | DA_VERIFICARE | specialita=N/D | cv=NO | cv_review=0
2026-09-03 14:58:21 | INFO | SEARCH QUERY | Pers_Id=2606079 | numero=1 | q="ERNESTO MARTIN ABAD AGUIAR" medico "Nuoro"
2026-09-03 14:58:22 | INFO | SEARCH API OK | serper | "ERNESTO MARTIN ABAD AGUIAR" medico "Nuoro" | 8 risultati
2026-09-03 14:58:22 | INFO | SEARCH EARLY-STOP CHECK | Pers_Id=2606079 | query=1 | stop=True | reason=evidenza forte strutturata
2026-09-03 14:58:22 | INFO | SELECTIVE THIRD CHECK | Pers_Id=2606079 | allowed=False | reason=specialità già forte | relevant_hits=3 | recovery_identity_hits=0
2026-09-03 14:58:22 | INFO | CV SEARCH GATE | Pers_Id=2606079 | mode=targeted | allowed=True | reason=profilo professionale strutturato | existing_cv=False
2026-09-03 14:58:22 | INFO | CV SEARCH QUERY | Pers_Id=2606079 | q="ERNESTO MARTIN ABAD AGUIAR" curriculum OR "curriculum vitae" medico "Nuoro"
2026-09-03 14:58:24 | INFO | SEARCH API OK | serper | "ERNESTO MARTIN ABAD AGUIAR" curriculum OR "curriculum vitae" medico "Nuoro" | 8 risultati
2026-09-03 14:58:24 | INFO | HIT SUMMARY | Pers_Id=2606079 | standard_query=1 | recovery_query=0 | selective_third=0 | specialty_total=2 | cv_query=1 | grezzi=8 | rilevanti=3 | recovery_identity=0 | provider={'serper': 5, 'brave': 0}
2026-09-03 14:58:28 | INFO | SPECIALTY GEO REJECT | Pers_Id=2606079 | stage=landing | reason=profilo strutturato senza città coerente | url=https://www.miodottore.it/profilo/ernesto-martin-abad-aguiar
2026-09-03 14:58:28 | INFO | SPECIALTY GEO REJECT | Pers_Id=2606079 | stage=serp | reason=profilo strutturato senza città coerente | url=https://www.miodottore.it/profilo/ernesto-martin-abad-aguiar
2026-09-03 14:58:28 | INFO | DONE | Pers_Id=2606079 | 7.3s | SPECIALITA_TROVATA | specialita=Medicina Generale | cv=NO | cv_review=0
2026-09-03 14:58:28 | INFO | SEARCH QUERY | Pers_Id=2606149 | numero=1 | q="CHIARA ABAGNALE" medico "San felice Circeo"
2026-09-03 14:58:30 | INFO | SEARCH API OK | serper | "CHIARA ABAGNALE" medico "San felice Circeo" | 2 risultati
2026-09-03 14:58:30 | INFO | SEARCH QUERY | Pers_Id=2606149 | numero=2 | q="CHIARA ABAGNALE" medico specialista ospedale
2026-09-03 14:58:31 | INFO | SEARCH API OK | serper | "CHIARA ABAGNALE" medico specialista ospedale | 8 risultati
2026-09-03 14:58:31 | INFO | RECOVERY IDENTITY HIT | Pers_Id=2606149 | score=165 | reason=identità esatta, segnale professionale | url=https://www.facebook.com/centroanalysis/posts/diamo-il-benvenuto-alla-dottssa-chiara-abagnale-medico-chirurgo-specialista-in-n/1003270198470150
2026-09-03 14:58:31 | INFO | RECOVERY IDENTITY HIT | Pers_Id=2606149 | score=165 | reason=identità esatta, segnale professionale | url=https://www.facebook.com/centroanalysis/photos/diamo-il-benvenuto-alla-dottssa-chiara-abagnale-medico-chirurgo-specialista-in-n/1003270161803487
2026-09-03 14:58:31 | INFO | SELECTIVE THIRD CHECK | Pers_Id=2606149 | allowed=True | reason=recovery-tier score=165: identità esatta, segnale professionale | relevant_hits=0 | recovery_identity_hits=2
2026-09-03 14:58:31 | INFO | SEARCH SELECTIVE THIRD QUERY | Pers_Id=2606149 | q="CHIARA ABAGNALE" "San felice Circeo" medico OR dottoressa OR dottore specialista OR specializzazione OR specializzato OR specializzata
2026-09-03 14:58:32 | INFO | SEARCH API OK | serper | "CHIARA ABAGNALE" "San felice Circeo" medico OR dottoressa OR dottore specialista OR specializzazione OR specializzato OR specializzata | 1 risultati
2026-09-03 14:58:32 | INFO | RECOVERY IDENTITY HIT | Pers_Id=2606149 | score=165 | reason=identità esatta, segnale professionale | url=https://www.facebook.com/centroanalysis/posts/diamo-il-benvenuto-alla-dottssa-chiara-abagnale-medico-chirurgo-specialista-in-n/1003270198470150
2026-09-03 14:58:32 | INFO | RECOVERY IDENTITY HIT | Pers_Id=2606149 | score=165 | reason=identità esatta, segnale professionale | url=https://www.facebook.com/centroanalysis/photos/diamo-il-benvenuto-alla-dottssa-chiara-abagnale-medico-chirurgo-specialista-in-n/1003270161803487
2026-09-03 14:58:32 | INFO | HIT SUMMARY | Pers_Id=2606149 | standard_query=2 | recovery_query=1 | selective_third=1 | specialty_total=3 | cv_query=0 | grezzi=10 | rilevanti=0 | recovery_identity=2 | provider={'serper': 8, 'brave': 0}
2026-09-03 14:58:32 | INFO | DONE | Pers_Id=2606149 | 3.8s | NESSUN_RISULTATO | specialita=N/D | cv=NO | cv_review=0
2026-09-03 14:58:32 | INFO | SEARCH QUERY | Pers_Id=2744181 | numero=1 | q="FEDERICA ABAGNALE" medico "Napoli"
2026-09-03 14:58:34 | INFO | SEARCH API OK | serper | "FEDERICA ABAGNALE" medico "Napoli" | 2 risultati
2026-09-03 14:58:34 | INFO | SEARCH QUERY | Pers_Id=2744181 | numero=2 | q="FEDERICA ABAGNALE" medico specialista ospedale
2026-09-03 14:58:35 | INFO | SEARCH API OK | serper | "FEDERICA ABAGNALE" medico specialista ospedale | 0 risultati
2026-09-03 14:58:35 | INFO | SELECTIVE THIRD CHECK | Pers_Id=2744181 | allowed=False | reason=nessun hit rilevante | relevant_hits=0 | recovery_identity_hits=0
2026-09-03 14:58:35 | INFO | HIT SUMMARY | Pers_Id=2744181 | standard_query=2 | recovery_query=0 | selective_third=0 | specialty_total=2 | cv_query=0 | grezzi=2 | rilevanti=0 | recovery_identity=0 | provider={'serper': 10, 'brave': 0}
2026-09-03 14:58:35 | INFO | DONE | Pers_Id=2744181 | 3.1s | NESSUN_RISULTATO | specialita=N/D | cv=NO | cv_review=0
2026-09-03 14:58:35 | INFO | SEARCH QUERY | Pers_Id=2744182 | numero=1 | q="GIOVANNA ABAGNALE" medico "Napoli"
2026-09-03 14:58:37 | INFO | SEARCH API OK | serper | "GIOVANNA ABAGNALE" medico "Napoli" | 5 risultati
2026-09-03 14:58:37 | INFO | RECOVERY IDENTITY HIT | Pers_Id=2744182 | score=290 | reason=identità esatta, segnale professionale, disambiguazione=90, geo compatibile | url=https://it.linkedin.com/in/giovanna-abagnale-261050203
2026-09-03 14:58:37 | INFO | SEARCH QUERY | Pers_Id=2744182 | numero=2 | q="GIOVANNA ABAGNALE" medico specialista ospedale
2026-09-03 14:58:38 | INFO | SEARCH API OK | serper | "GIOVANNA ABAGNALE" medico specialista ospedale | 0 risultati
2026-09-03 14:58:38 | INFO | RECOVERY IDENTITY HIT | Pers_Id=2744182 | score=290 | reason=identità esatta, segnale professionale, disambiguazione=90, geo compatibile | url=https://it.linkedin.com/in/giovanna-abagnale-261050203
2026-09-03 14:58:38 | INFO | SELECTIVE THIRD CHECK | Pers_Id=2744182 | allowed=True | reason=recovery-tier score=290: identità esatta, segnale professionale, disambiguazione=90, geo compatibile | relevant_hits=0 | recovery_identity_hits=1
2026-09-03 14:58:38 | INFO | SEARCH SELECTIVE THIRD QUERY | Pers_Id=2744182 | q="GIOVANNA ABAGNALE" "Napoli" medico OR dottoressa OR dottore specialista OR specializzazione OR specializzato OR specializzata
2026-09-03 14:58:39 | INFO | SEARCH API OK | serper | "GIOVANNA ABAGNALE" "Napoli" medico OR dottoressa OR dottore specialista OR specializzazione OR specializzato OR specializzata | 0 risultati
2026-09-03 14:58:39 | INFO | RECOVERY IDENTITY HIT | Pers_Id=2744182 | score=290 | reason=identità esatta, segnale professionale, disambiguazione=90, geo compatibile | url=https://it.linkedin.com/in/giovanna-abagnale-261050203
2026-09-03 14:58:39 | INFO | HIT SUMMARY | Pers_Id=2744182 | standard_query=2 | recovery_query=1 | selective_third=1 | specialty_total=3 | cv_query=0 | grezzi=5 | rilevanti=0 | recovery_identity=1 | provider={'serper': 13, 'brave': 0}
2026-09-03 14:58:39 | INFO | DONE | Pers_Id=2744182 | 4.0s | NESSUN_RISULTATO | specialita=N/D | cv=NO | cv_review=0
2026-09-03 14:58:39 | INFO | PROGRESS | 5/40 | 12.15 medici/min | ETA 2.9 min | {'DA_VERIFICARE': 1, 'SPECIALITA_TROVATA': 1, 'NESSUN_RISULTATO': 3} | API={'serper': 13, 'brave': 0}
2026-09-03 14:58:39 | INFO | SEARCH QUERY | Pers_Id=359717 | numero=1 | q="GIUSEPPE ABAGNALE" medico "GRAGNANO"
2026-09-03 14:58:43 | INFO | SEARCH API OK | serper | "GIUSEPPE ABAGNALE" medico "GRAGNANO" | 8 risultati
2026-09-03 14:58:43 | INFO | SEARCH EARLY-STOP CHECK | Pers_Id=359717 | query=1 | stop=True | reason=evidenza forte strutturata
2026-09-03 14:58:43 | INFO | SELECTIVE THIRD CHECK | Pers_Id=359717 | allowed=False | reason=specialità già forte | relevant_hits=1 | recovery_identity_hits=0
2026-09-03 14:58:43 | INFO | CV SEARCH GATE | Pers_Id=359717 | mode=targeted | allowed=True | reason=profilo professionale strutturato | existing_cv=False
2026-09-03 14:58:43 | INFO | CV SEARCH QUERY | Pers_Id=359717 | q="GIUSEPPE ABAGNALE" curriculum OR "curriculum vitae" medico "GRAGNANO"
2026-09-03 14:58:44 | INFO | SEARCH API OK | serper | "GIUSEPPE ABAGNALE" curriculum OR "curriculum vitae" medico "GRAGNANO" | 1 risultati
2026-09-03 14:58:44 | INFO | HIT SUMMARY | Pers_Id=359717 | standard_query=1 | recovery_query=0 | selective_third=0 | specialty_total=2 | cv_query=1 | grezzi=8 | rilevanti=1 | recovery_identity=0 | provider={'serper': 15, 'brave': 0}
2026-09-03 14:58:46 | INFO | DONE | Pers_Id=359717 | 6.4s | SPECIALITA_TROVATA | specialita=Medicina Generale | cv=NO | cv_review=0
2026-09-03 14:58:46 | INFO | SEARCH QUERY | Pers_Id=2606156 | numero=1 | q="LUCIA ABAGNALE" medico "Santa Maria la Carità"
2026-09-03 14:58:47 | INFO | SEARCH API OK | serper | "LUCIA ABAGNALE" medico "Santa Maria la Carità" | 0 risultati
2026-09-03 14:58:47 | INFO | SEARCH QUERY | Pers_Id=2606156 | numero=2 | q="LUCIA ABAGNALE" medico specialista ospedale
2026-09-03 14:58:49 | INFO | SEARCH API OK | serper | "LUCIA ABAGNALE" medico specialista ospedale | 1 risultati
2026-09-03 14:58:49 | INFO | SELECTIVE THIRD CHECK | Pers_Id=2606156 | allowed=False | reason=nessun hit rilevante | relevant_hits=0 | recovery_identity_hits=0
2026-09-03 14:58:49 | INFO | HIT SUMMARY | Pers_Id=2606156 | standard_query=2 | recovery_query=0 | selective_third=0 | specialty_total=2 | cv_query=0 | grezzi=1 | rilevanti=0 | recovery_identity=0 | provider={'serper': 17, 'brave': 0}
2026-09-03 14:58:49 | INFO | DONE | Pers_Id=2606156 | 2.8s | NESSUN_RISULTATO | specialita=N/D | cv=NO | cv_review=0
2026-09-03 14:58:49 | INFO | SEARCH QUERY | Pers_Id=1188728 | numero=1 | q="CHIARA ABALOTTI" medico "CORNEDO VICENTINO"
2026-09-03 14:58:50 | INFO | SEARCH API OK | serper | "CHIARA ABALOTTI" medico "CORNEDO VICENTINO" | 8 risultati
2026-09-03 14:58:50 | INFO | SEARCH EARLY-STOP CHECK | Pers_Id=1188728 | query=1 | stop=True | reason=evidenza forte strutturata
2026-09-03 14:58:50 | INFO | SELECTIVE THIRD CHECK | Pers_Id=1188728 | allowed=False | reason=specialità già forte | relevant_hits=2 | recovery_identity_hits=0
2026-09-03 14:58:50 | INFO | CV SEARCH GATE | Pers_Id=1188728 | mode=targeted | allowed=True | reason=profilo professionale strutturato | existing_cv=False
2026-09-03 14:58:50 | INFO | CV SEARCH QUERY | Pers_Id=1188728 | q="CHIARA ABALOTTI" curriculum OR "curriculum vitae" medico "CORNEDO VICENTINO"
2026-09-03 14:58:52 | INFO | SEARCH API OK | serper | "CHIARA ABALOTTI" curriculum OR "curriculum vitae" medico "CORNEDO VICENTINO" | 8 risultati
2026-09-03 14:58:52 | INFO | HIT SUMMARY | Pers_Id=1188728 | standard_query=1 | recovery_query=0 | selective_third=0 | specialty_total=2 | cv_query=1 | grezzi=8 | rilevanti=2 | recovery_identity=0 | provider={'serper': 19, 'brave': 0}
2026-09-03 14:58:54 | INFO | DONE | Pers_Id=1188728 | 5.8s | SPECIALITA_TROVATA | specialita=Chirurgia Generale | cv=NO | cv_review=0
2026-09-03 14:58:54 | INFO | SEARCH QUERY | Pers_Id=436708 | numero=1 | q="MARIA VITTORIA ABALSAMO" medico "ROMA"
2026-09-03 14:58:56 | INFO | SEARCH API OK | serper | "MARIA VITTORIA ABALSAMO" medico "ROMA" | 8 risultati
2026-09-03 14:58:56 | INFO | SEARCH EARLY-STOP CHECK | Pers_Id=436708 | query=1 | stop=True | reason=evidenza forte strutturata
2026-09-03 14:58:56 | INFO | SELECTIVE THIRD CHECK | Pers_Id=436708 | allowed=False | reason=specialità già forte | relevant_hits=2 | recovery_identity_hits=0
2026-09-03 14:58:56 | INFO | CV SEARCH GATE | Pers_Id=436708 | mode=targeted | allowed=True | reason=profilo professionale strutturato | existing_cv=False
2026-09-03 14:58:56 | INFO | CV SEARCH QUERY | Pers_Id=436708 | q="MARIA VITTORIA ABALSAMO" curriculum OR "curriculum vitae" medico "ROMA"
2026-09-03 14:58:58 | INFO | SEARCH API OK | serper | "MARIA VITTORIA ABALSAMO" curriculum OR "curriculum vitae" medico "ROMA" | 8 risultati
2026-09-03 14:58:58 | INFO | HIT SUMMARY | Pers_Id=436708 | standard_query=1 | recovery_query=0 | selective_third=0 | specialty_total=2 | cv_query=1 | grezzi=8 | rilevanti=2 | recovery_identity=0 | provider={'serper': 21, 'brave': 0}
2026-09-03 14:59:01 | INFO | DONE | Pers_Id=436708 | 6.3s | SPECIALITA_TROVATA | specialita=Medicina Generale | cv=NO | cv_review=0
2026-09-03 14:59:01 | INFO | SEARCH QUERY | Pers_Id=1219520 | numero=1 | q="MARIA ABASCHINA" medico "MONTELUPONE"
2026-09-03 14:59:03 | INFO | SEARCH API OK | serper | "MARIA ABASCHINA" medico "MONTELUPONE" | 2 risultati
2026-09-03 14:59:03 | INFO | SEARCH EARLY-STOP CHECK | Pers_Id=1219520 | query=1 | stop=True | reason=evidenza forte strutturata
2026-09-03 14:59:03 | INFO | SELECTIVE THIRD CHECK | Pers_Id=1219520 | allowed=False | reason=specialità già forte | relevant_hits=1 | recovery_identity_hits=0
2026-09-03 14:59:03 | INFO | CV SEARCH GATE | Pers_Id=1219520 | mode=targeted | allowed=True | reason=profilo professionale strutturato | existing_cv=False
2026-09-03 14:59:03 | INFO | CV SEARCH QUERY | Pers_Id=1219520 | q="MARIA ABASCHINA" curriculum OR "curriculum vitae" medico "MONTELUPONE"
2026-09-03 14:59:05 | INFO | SEARCH API OK | serper | "MARIA ABASCHINA" curriculum OR "curriculum vitae" medico "MONTELUPONE" | 2 risultati
2026-09-03 14:59:05 | INFO | HIT SUMMARY | Pers_Id=1219520 | standard_query=1 | recovery_query=0 | selective_third=0 | specialty_total=2 | cv_query=1 | grezzi=2 | rilevanti=1 | recovery_identity=0 | provider={'serper': 23, 'brave': 0}
2026-09-03 14:59:06 | INFO | DONE | Pers_Id=1219520 | 5.1s | SPECIALITA_TROVATA | specialita=Medicina Generale | cv=NO | cv_review=0
2026-09-03 14:59:27 | INFO | CHECKPOINT | 10/40 | C:\Dev\Niko\scriptRicerca\output\risultatiMedici.xlsx
2026-09-03 14:59:27 | INFO | PROGRESS | 10/40 | 8.29 medici/min | ETA 3.6 min | {'DA_VERIFICARE': 1, 'SPECIALITA_TROVATA': 5, 'NESSUN_RISULTATO': 4} | API={'serper': 23, 'brave': 0}
2026-09-03 14:59:27 | INFO | SEARCH QUERY | Pers_Id=1784532 | numero=1 | q="NATALIYA VOLODYMYRIVNA ABASKALOVA" medico "Grosseto"
2026-09-03 14:59:28 | INFO | SEARCH API OK | serper | "NATALIYA VOLODYMYRIVNA ABASKALOVA" medico "Grosseto" | 1 risultati
2026-09-03 14:59:28 | INFO | SEARCH QUERY | Pers_Id=1784532 | numero=2 | q="NATALIYA VOLODYMYRIVNA ABASKALOVA" medico specialista ospedale
2026-09-03 14:59:30 | INFO | SEARCH API OK | serper | "NATALIYA VOLODYMYRIVNA ABASKALOVA" medico specialista ospedale | 0 risultati
2026-09-03 14:59:30 | INFO | SELECTIVE THIRD CHECK | Pers_Id=1784532 | allowed=False | reason=nessun hit rilevante | relevant_hits=0 | recovery_identity_hits=0
2026-09-03 14:59:30 | INFO | HIT SUMMARY | Pers_Id=1784532 | standard_query=2 | recovery_query=0 | selective_third=0 | specialty_total=2 | cv_query=0 | grezzi=1 | rilevanti=0 | recovery_identity=0 | provider={'serper': 25, 'brave': 0}
2026-09-03 14:59:30 | INFO | DONE | Pers_Id=1784532 | 3.1s | NESSUN_RISULTATO | specialita=N/D | cv=NO | cv_review=0
2026-09-03 14:59:30 | INFO | SEARCH QUERY | Pers_Id=2806591 | numero=1 | q="GIULIO ABATANGELO" medico "Padova"
2026-09-03 14:59:32 | INFO | SEARCH API OK | serper | "GIULIO ABATANGELO" medico "Padova" | 3 risultati
2026-09-03 14:59:32 | INFO | SEARCH QUERY | Pers_Id=2806591 | numero=2 | q="GIULIO ABATANGELO" medico specialista ospedale
2026-09-03 14:59:33 | INFO | SEARCH API OK | serper | "GIULIO ABATANGELO" medico specialista ospedale | 1 risultati
2026-09-03 14:59:33 | INFO | SELECTIVE THIRD CHECK | Pers_Id=2806591 | allowed=False | reason=nessun hit rilevante | relevant_hits=0 | recovery_identity_hits=0
2026-09-03 14:59:33 | INFO | HIT SUMMARY | Pers_Id=2806591 | standard_query=2 | recovery_query=0 | selective_third=0 | specialty_total=2 | cv_query=0 | grezzi=3 | rilevanti=0 | recovery_identity=0 | provider={'serper': 27, 'brave': 0}
2026-09-03 14:59:33 | INFO | DONE | Pers_Id=2806591 | 2.9s | NESSUN_RISULTATO | specialita=N/D | cv=NO | cv_review=0
2026-09-03 14:59:33 | INFO | SEARCH QUERY | Pers_Id=2745192 | numero=1 | q="SILVIA ABATANGELO" medico "Prato"
2026-09-03 14:59:34 | INFO | SEARCH API OK | serper | "SILVIA ABATANGELO" medico "Prato" | 6 risultati
2026-09-03 14:59:34 | INFO | RECOVERY IDENTITY HIT | Pers_Id=2745192 | score=290 | reason=identità esatta, segnale professionale, disambiguazione=90, geo compatibile | url=https://www.facebook.com/silvia.abatangelo/?locale=it_IT
2026-09-03 14:59:34 | INFO | RECOVERY IDENTITY HIT | Pers_Id=2745192 | score=290 | reason=identità esatta, segnale professionale, disambiguazione=90, geo compatibile | url=https://hi-in.facebook.com/silvia.abatangelo
2026-09-03 14:59:34 | INFO | SEARCH QUERY | Pers_Id=2745192 | numero=2 | q="SILVIA ABATANGELO" medico specialista ospedale
2026-09-03 14:59:36 | INFO | SEARCH API OK | serper | "SILVIA ABATANGELO" medico specialista ospedale | 2 risultati
2026-09-03 14:59:36 | INFO | RECOVERY IDENTITY HIT | Pers_Id=2745192 | score=290 | reason=identità esatta, segnale professionale, disambiguazione=90, geo compatibile | url=https://www.facebook.com/silvia.abatangelo/?locale=it_IT
2026-09-03 14:59:36 | INFO | RECOVERY IDENTITY HIT | Pers_Id=2745192 | score=290 | reason=identità esatta, segnale professionale, disambiguazione=90, geo compatibile | url=https://hi-in.facebook.com/silvia.abatangelo
2026-09-03 14:59:36 | INFO | SELECTIVE THIRD CHECK | Pers_Id=2745192 | allowed=True | reason=recovery-tier score=290: identità esatta, segnale professionale, disambiguazione=90, geo compatibile | relevant_hits=0 | recovery_identity_hits=2
2026-09-03 14:59:36 | INFO | SEARCH SELECTIVE THIRD QUERY | Pers_Id=2745192 | q="SILVIA ABATANGELO" "Prato" medico OR dottoressa OR dottore specialista OR specializzazione OR specializzato OR specializzata
2026-09-03 14:59:37 | INFO | SEARCH API OK | serper | "SILVIA ABATANGELO" "Prato" medico OR dottoressa OR dottore specialista OR specializzazione OR specializzato OR specializzata | 1 risultati
2026-09-03 14:59:37 | INFO | RECOVERY IDENTITY HIT | Pers_Id=2745192 | score=290 | reason=identità esatta, segnale professionale, disambiguazione=90, geo compatibile | url=https://www.facebook.com/silvia.abatangelo/?locale=it_IT
2026-09-03 14:59:37 | INFO | RECOVERY IDENTITY HIT | Pers_Id=2745192 | score=290 | reason=identità esatta, segnale professionale, disambiguazione=90, geo compatibile | url=https://hi-in.facebook.com/silvia.abatangelo
2026-09-03 14:59:37 | INFO | HIT SUMMARY | Pers_Id=2745192 | standard_query=2 | recovery_query=1 | selective_third=1 | specialty_total=3 | cv_query=0 | grezzi=7 | rilevanti=0 | recovery_identity=2 | provider={'serper': 30, 'brave': 0}
2026-09-03 14:59:37 | INFO | DONE | Pers_Id=2745192 | 4.1s | NESSUN_RISULTATO | specialita=N/D | cv=NO | cv_review=0
2026-09-03 14:59:37 | INFO | SEARCH QUERY | Pers_Id=2607465 | numero=1 | q="ANDREA ABATE" medico "Milano"
2026-09-03 14:59:40 | INFO | SEARCH API OK | serper | "ANDREA ABATE" medico "Milano" | 8 risultati
2026-09-03 14:59:40 | INFO | RECOVERY IDENTITY HIT | Pers_Id=2607465 | score=165 | reason=identità esatta, segnale professionale | url=https://it.linkedin.com/in/andrea-abate-27b340198
2026-09-03 14:59:40 | INFO | SEARCH EARLY-STOP CHECK | Pers_Id=2607465 | query=1 | stop=False | reason=nessuna evidenza forte
2026-09-03 14:59:40 | INFO | SEARCH QUERY | Pers_Id=2607465 | numero=2 | q="ANDREA ABATE" medico specialista ospedale
2026-09-03 14:59:41 | INFO | SEARCH API OK | serper | "ANDREA ABATE" medico specialista ospedale | 8 risultati
2026-09-03 14:59:41 | INFO | RECOVERY IDENTITY HIT | Pers_Id=2607465 | score=165 | reason=identità esatta, segnale professionale | url=https://it.linkedin.com/in/andrea-abate-27b340198
2026-09-03 14:59:41 | INFO | SEARCH EARLY-STOP CHECK | Pers_Id=2607465 | query=2 | stop=False | reason=nessuna evidenza forte
2026-09-03 14:59:41 | INFO | SELECTIVE THIRD CHECK | Pers_Id=2607465 | allowed=True | reason=recovery-tier score=165: identità esatta, segnale professionale | relevant_hits=3 | recovery_identity_hits=1
2026-09-03 14:59:41 | INFO | SEARCH SELECTIVE THIRD QUERY | Pers_Id=2607465 | q="ANDREA ABATE" "Milano" medico OR dottoressa OR dottore specialista OR specializzazione OR specializzato OR specializzata
2026-09-03 14:59:43 | INFO | SEARCH API OK | serper | "ANDREA ABATE" "Milano" medico OR dottoressa OR dottore specialista OR specializzazione OR specializzato OR specializzata | 8 risultati
2026-09-03 14:59:43 | INFO | RECOVERY IDENTITY HIT | Pers_Id=2607465 | score=165 | reason=identità esatta, segnale professionale | url=https://it.linkedin.com/in/andrea-abate-27b340198
2026-09-03 14:59:43 | INFO | CV SEARCH GATE | Pers_Id=2607465 | mode=targeted | allowed=False | reason=nessuna identità professionale abbastanza forte | existing_cv=True
2026-09-03 14:59:43 | INFO | HIT SUMMARY | Pers_Id=2607465 | standard_query=2 | recovery_query=1 | selective_third=1 | specialty_total=3 | cv_query=0 | grezzi=20 | rilevanti=3 | recovery_identity=1 | provider={'serper': 33, 'brave': 0}
2026-09-03 14:59:49 | INFO | CV CANDIDATO ANALIZZATO | Pers_Id=2607465 | formato=.pdf | estrazione=pdf | chars=120000 | url=https://portale.fnomceo.it/wp-content/uploads/2018/09/PROGRAMMA-INTEGRALE-FORUMRISK13_WEB.pdf
2026-09-03 14:59:49 | INFO | CV SCARTATO | Pers_Id=2607465 | formato=.pdf | motivo=Documento non sufficientemente compatibile con un CV. | url=https://portale.fnomceo.it/wp-content/uploads/2018/09/PROGRAMMA-INTEGRALE-FORUMRISK13_WEB.pdf
2026-09-03 14:59:54 | INFO | SPECIALTY GEO REJECT | Pers_Id=2607465 | stage=landing | reason=supporto geografico insufficiente | url=https://www.bgsalute.it/2016-numero-1-gennaio-febbraio/1909-chirurgia-orale-conservativa-e-sostitutiva
2026-09-03 14:59:54 | INFO | SPECIALTY GEO REJECT | Pers_Id=2607465 | stage=serp | reason=supporto geografico insufficiente | url=https://portale.fnomceo.it/wp-content/uploads/2018/09/PROGRAMMA-INTEGRALE-FORUMRISK13_WEB.pdf
2026-09-03 14:59:54 | INFO | SPECIALTY GEO REJECT | Pers_Id=2607465 | stage=serp | reason=supporto geografico insufficiente | url=https://www.bgsalute.it/2016-numero-1-gennaio-febbraio/1909-chirurgia-orale-conservativa-e-sostitutiva
2026-09-03 14:59:54 | INFO | DONE | Pers_Id=2607465 | 17.1s | DA_VERIFICARE | specialita=N/D | cv=NO | cv_review=0
2026-09-03 14:59:54 | INFO | SEARCH QUERY | Pers_Id=1222252 | numero=1 | q="ANGELA MARIA ABATE" medico "MONCALIERI"
2026-09-03 14:59:56 | INFO | SEARCH API OK | serper | "ANGELA MARIA ABATE" medico "MONCALIERI" | 0 risultati
2026-09-03 14:59:56 | INFO | SEARCH QUERY | Pers_Id=1222252 | numero=2 | q="ANGELA MARIA ABATE" medico specialista ospedale
2026-09-03 14:59:58 | INFO | SEARCH API OK | serper | "ANGELA MARIA ABATE" medico specialista ospedale | 0 risultati
2026-09-03 14:59:58 | INFO | SELECTIVE THIRD CHECK | Pers_Id=1222252 | allowed=False | reason=nessun hit rilevante | relevant_hits=0 | recovery_identity_hits=0
2026-09-03 14:59:58 | INFO | HIT SUMMARY | Pers_Id=1222252 | standard_query=2 | recovery_query=0 | selective_third=0 | specialty_total=2 | cv_query=0 | grezzi=0 | rilevanti=0 | recovery_identity=0 | provider={'serper': 35, 'brave': 0}
2026-09-03 14:59:58 | INFO | DONE | Pers_Id=1222252 | 3.2s | NESSUN_RISULTATO | specialita=N/D | cv=NO | cv_review=0
2026-09-03 14:59:58 | INFO | PROGRESS | 15/40 | 8.74 medici/min | ETA 2.9 min | {'DA_VERIFICARE': 2, 'SPECIALITA_TROVATA': 5, 'NESSUN_RISULTATO': 8} | API={'serper': 35, 'brave': 0}
2026-09-03 14:59:58 | INFO | SEARCH QUERY | Pers_Id=2463758 | numero=1 | q="ANTONIO HERMES ABATE" medico "Verona"
2026-09-03 14:59:59 | INFO | SEARCH API OK | serper | "ANTONIO HERMES ABATE" medico "Verona" | 0 risultati
2026-09-03 14:59:59 | INFO | SEARCH QUERY | Pers_Id=2463758 | numero=2 | q="ANTONIO HERMES ABATE" medico specialista ospedale
2026-09-03 15:00:02 | INFO | SEARCH API OK | serper | "ANTONIO HERMES ABATE" medico specialista ospedale | 0 risultati
2026-09-03 15:00:02 | INFO | SELECTIVE THIRD CHECK | Pers_Id=2463758 | allowed=False | reason=nessun hit rilevante | relevant_hits=0 | recovery_identity_hits=0
2026-09-03 15:00:02 | INFO | HIT SUMMARY | Pers_Id=2463758 | standard_query=2 | recovery_query=0 | selective_third=0 | specialty_total=2 | cv_query=0 | grezzi=0 | rilevanti=0 | recovery_identity=0 | provider={'serper': 37, 'brave': 0}
2026-09-03 15:00:02 | INFO | DONE | Pers_Id=2463758 | 4.3s | NESSUN_RISULTATO | specialita=N/D | cv=NO | cv_review=0
2026-09-03 15:00:02 | INFO | SEARCH QUERY | Pers_Id=2162965 | numero=1 | q="ASSUNTA ABATE" medico "FIRENZE"
2026-09-03 15:00:04 | INFO | SEARCH API OK | serper | "ASSUNTA ABATE" medico "FIRENZE" | 7 risultati
2026-09-03 15:00:04 | INFO | SEARCH EARLY-STOP CHECK | Pers_Id=2162965 | query=1 | stop=False | reason=nessuna evidenza forte
2026-09-03 15:00:04 | INFO | SEARCH QUERY | Pers_Id=2162965 | numero=2 | q="ASSUNTA ABATE" medico specialista ospedale
2026-09-03 15:00:05 | INFO | SEARCH API OK | serper | "ASSUNTA ABATE" medico specialista ospedale | 7 risultati
2026-09-03 15:00:06 | INFO | SEARCH EARLY-STOP CHECK | Pers_Id=2162965 | query=2 | stop=False | reason=nessuna evidenza forte
2026-09-03 15:00:06 | INFO | SELECTIVE THIRD CHECK | Pers_Id=2162965 | allowed=False | reason=identità professionale non abbastanza forte | relevant_hits=1 | recovery_identity_hits=0
2026-09-03 15:00:06 | INFO | CV SEARCH GATE | Pers_Id=2162965 | mode=targeted | allowed=False | reason=nessuna identità professionale abbastanza forte | existing_cv=False
2026-09-03 15:00:06 | INFO | HIT SUMMARY | Pers_Id=2162965 | standard_query=2 | recovery_query=0 | selective_third=0 | specialty_total=2 | cv_query=0 | grezzi=12 | rilevanti=1 | recovery_identity=0 | provider={'serper': 39, 'brave': 0}
2026-09-03 15:00:07 | INFO | DONE | Pers_Id=2162965 | 5.0s | DA_VERIFICARE | specialita=N/D | cv=NO | cv_review=0
2026-09-03 15:00:07 | INFO | SEARCH QUERY | Pers_Id=2607461 | numero=1 | q="BIAGIO ABATE" medico "Montesarchio"
2026-09-03 15:00:08 | INFO | SEARCH API OK | serper | "BIAGIO ABATE" medico "Montesarchio" | 4 risultati
2026-09-03 15:00:08 | INFO | SEARCH QUERY | Pers_Id=2607461 | numero=2 | q="BIAGIO ABATE" medico specialista ospedale
2026-09-03 15:00:10 | INFO | SEARCH API OK | serper | "BIAGIO ABATE" medico specialista ospedale | 8 risultati
2026-09-03 15:00:10 | INFO | RECOVERY IDENTITY HIT | Pers_Id=2607461 | score=235 | reason=identità esatta, directory professionale, segnale professionale | url=https://www.miodottore.it/profilo/biagio-abate
2026-09-03 15:00:10 | INFO | SELECTIVE THIRD CHECK | Pers_Id=2607461 | allowed=True | reason=recovery-tier score=235: identità esatta, directory professionale, segnale professionale | relevant_hits=0 | recovery_identity_hits=1
2026-09-03 15:00:10 | INFO | SEARCH SELECTIVE THIRD QUERY | Pers_Id=2607461 | q="BIAGIO ABATE" "Montesarchio" medico OR dottoressa OR dottore specialista OR specializzazione OR specializzato OR specializzata
2026-09-03 15:00:11 | INFO | SEARCH API OK | serper | "BIAGIO ABATE" "Montesarchio" medico OR dottoressa OR dottore specialista OR specializzazione OR specializzato OR specializzata | 2 risultati
2026-09-03 15:00:11 | INFO | RECOVERY IDENTITY HIT | Pers_Id=2607461 | score=235 | reason=identità esatta, directory professionale, segnale professionale | url=https://www.miodottore.it/profilo/biagio-abate
2026-09-03 15:00:11 | INFO | HIT SUMMARY | Pers_Id=2607461 | standard_query=2 | recovery_query=1 | selective_third=1 | specialty_total=3 | cv_query=0 | grezzi=12 | rilevanti=0 | recovery_identity=1 | provider={'serper': 42, 'brave': 0}
2026-09-03 15:00:11 | INFO | DONE | Pers_Id=2607461 | 4.5s | NESSUN_RISULTATO | specialita=N/D | cv=NO | cv_review=0
2026-09-03 15:00:11 | INFO | SEARCH QUERY | Pers_Id=2806593 | numero=1 | q="BIAGIO ABATE" medico "Agrigento"
2026-09-03 15:00:13 | INFO | SEARCH API OK | serper | "BIAGIO ABATE" medico "Agrigento" | 2 risultati
2026-09-03 15:00:13 | INFO | SEARCH QUERY | Pers_Id=2806593 | numero=2 | q="BIAGIO ABATE" medico specialista ospedale
2026-09-03 15:00:15 | INFO | SEARCH API OK | serper | "BIAGIO ABATE" medico specialista ospedale | 8 risultati
2026-09-03 15:00:15 | INFO | RECOVERY IDENTITY HIT | Pers_Id=2806593 | score=235 | reason=identità esatta, directory professionale, segnale professionale | url=https://www.miodottore.it/profilo/biagio-abate
2026-09-03 15:00:15 | INFO | SELECTIVE THIRD CHECK | Pers_Id=2806593 | allowed=True | reason=recovery-tier score=235: identità esatta, directory professionale, segnale professionale | relevant_hits=0 | recovery_identity_hits=1
2026-09-03 15:00:15 | INFO | SEARCH SELECTIVE THIRD QUERY | Pers_Id=2806593 | q="BIAGIO ABATE" "Agrigento" medico OR dottoressa OR dottore specialista OR specializzazione OR specializzato OR specializzata
2026-09-03 15:00:16 | INFO | SEARCH API OK | serper | "BIAGIO ABATE" "Agrigento" medico OR dottoressa OR dottore specialista OR specializzazione OR specializzato OR specializzata | 1 risultati
2026-09-03 15:00:16 | INFO | RECOVERY IDENTITY HIT | Pers_Id=2806593 | score=235 | reason=identità esatta, directory professionale, segnale professionale | url=https://www.miodottore.it/profilo/biagio-abate
2026-09-03 15:00:16 | INFO | HIT SUMMARY | Pers_Id=2806593 | standard_query=2 | recovery_query=1 | selective_third=1 | specialty_total=3 | cv_query=0 | grezzi=11 | rilevanti=0 | recovery_identity=1 | provider={'serper': 45, 'brave': 0}
2026-09-03 15:00:16 | INFO | DONE | Pers_Id=2806593 | 4.9s | NESSUN_RISULTATO | specialita=N/D | cv=NO | cv_review=0
2026-09-03 15:00:16 | INFO | SEARCH QUERY | Pers_Id=2607462 | numero=1 | q="CLAUDIA ABATE" medico "Milazzo"
2026-09-03 15:00:18 | INFO | SEARCH API OK | serper | "CLAUDIA ABATE" medico "Milazzo" | 4 risultati
2026-09-03 15:00:18 | INFO | SEARCH QUERY | Pers_Id=2607462 | numero=2 | q="CLAUDIA ABATE" medico specialista ospedale
2026-09-03 15:00:20 | INFO | SEARCH API OK | serper | "CLAUDIA ABATE" medico specialista ospedale | 6 risultati
2026-09-03 15:00:20 | INFO | SEARCH EARLY-STOP CHECK | Pers_Id=2607462 | query=2 | stop=False | reason=nessuna evidenza forte
2026-09-03 15:00:20 | INFO | SELECTIVE THIRD CHECK | Pers_Id=2607462 | allowed=False | reason=identità professionale non abbastanza forte | relevant_hits=3 | recovery_identity_hits=0
2026-09-03 15:00:20 | INFO | CV SEARCH GATE | Pers_Id=2607462 | mode=targeted | allowed=False | reason=nessuna identità professionale abbastanza forte | existing_cv=False
2026-09-03 15:00:20 | INFO | HIT SUMMARY | Pers_Id=2607462 | standard_query=2 | recovery_query=0 | selective_third=0 | specialty_total=2 | cv_query=0 | grezzi=10 | rilevanti=3 | recovery_identity=0 | provider={'serper': 47, 'brave': 0}
2026-09-03 15:00:24 | INFO | LANDING SCARTATA | Pers_Id=2607462 | fonte sanitaria con identita solo incidentale | https://www.aslogliastra.it/servizio/psicologia
2026-09-03 15:00:29 | INFO | LANDING SCARTATA | Pers_Id=2607462 | ruolo incompatibile vicino al nome: possibile omonimo | https://www.aslogliastra.it/servizio/disturbi-della-nutrizione-e-dellalimentazione
2026-09-03 15:00:29 | INFO | LANDING SCARTATA | Pers_Id=2607462 | fonte sanitaria con identita solo incidentale | https://www.qsalute.it/ortopedia-ospedale-marino
2026-09-03 15:00:29 | INFO | SPECIALTY GEO REJECT | Pers_Id=2607462 | stage=serp | reason=supporto geografico insufficiente | url=https://www.aslogliastra.it/servizio/psicologia
2026-09-03 15:00:29 | INFO | SPECIALTY GEO REJECT | Pers_Id=2607462 | stage=serp | reason=supporto geografico insufficiente | url=https://www.aslogliastra.it/servizio/disturbi-della-nutrizione-e-dellalimentazione
2026-09-03 15:00:29 | INFO | SPECIALTY GEO REJECT | Pers_Id=2607462 | stage=serp | reason=supporto geografico insufficiente | url=https://www.qsalute.it/ortopedia-ospedale-marino
2026-09-03 15:00:29 | INFO | DONE | Pers_Id=2607462 | 13.0s | NESSUN_RISULTATO | specialita=N/D | cv=NO | cv_review=0
2026-09-03 15:00:50 | INFO | CHECKPOINT | 20/40 | C:\Dev\Niko\scriptRicerca\output\risultatiMedici.xlsx
2026-09-03 15:00:50 | INFO | PROGRESS | 20/40 | 7.74 medici/min | ETA 2.6 min | {'DA_VERIFICARE': 3, 'SPECIALITA_TROVATA': 5, 'NESSUN_RISULTATO': 12} | API={'serper': 47, 'brave': 0}
2026-09-03 15:00:50 | INFO | SEARCH QUERY | Pers_Id=1136949 | numero=1 | q="DAVIDE ANTONIO ABATE" medico "PADOVA"
2026-09-03 15:00:51 | INFO | SEARCH API OK | serper | "DAVIDE ANTONIO ABATE" medico "PADOVA" | 6 risultati
2026-09-03 15:00:51 | INFO | SEARCH EARLY-STOP CHECK | Pers_Id=1136949 | query=1 | stop=False | reason=nessuna evidenza forte
2026-09-03 15:00:51 | INFO | SEARCH QUERY | Pers_Id=1136949 | numero=2 | q="DAVIDE ANTONIO ABATE" medico specialista ospedale
2026-09-03 15:00:53 | INFO | SEARCH API OK | serper | "DAVIDE ANTONIO ABATE" medico specialista ospedale | 2 risultati
2026-09-03 15:00:53 | INFO | SEARCH EARLY-STOP CHECK | Pers_Id=1136949 | query=2 | stop=False | reason=nessuna evidenza forte
2026-09-03 15:00:53 | INFO | SELECTIVE THIRD CHECK | Pers_Id=1136949 | allowed=False | reason=identità professionale non abbastanza forte | relevant_hits=3 | recovery_identity_hits=0
2026-09-03 15:00:53 | INFO | CV SEARCH GATE | Pers_Id=1136949 | mode=targeted | allowed=False | reason=nessuna identità professionale abbastanza forte | existing_cv=False
2026-09-03 15:00:53 | INFO | HIT SUMMARY | Pers_Id=1136949 | standard_query=2 | recovery_query=0 | selective_third=0 | specialty_total=2 | cv_query=0 | grezzi=8 | rilevanti=3 | recovery_identity=0 | provider={'serper': 49, 'brave': 0}
2026-09-03 15:00:56 | INFO | LANDING SCARTATA | Pers_Id=1136949 | fonte generica con identita solo incidentale | https://medicina.elearning.unipd.it/blocks/course_managers/manager.php?id=170&b=87044
2026-09-03 15:00:58 | INFO | LANDING SCARTATA | Pers_Id=1136949 | fonte generica con identita solo incidentale | https://www.medicinachirurgia.unipd.it/offerta-didattica/corsi-di-laurea?tipo=L&ordinamento=2011&key=ME3065
2026-09-03 15:00:58 | INFO | DONE | Pers_Id=1136949 | 8.0s | DA_VERIFICARE | specialita=N/D | cv=NO | cv_review=0
2026-09-03 15:00:58 | INFO | SEARCH QUERY | Pers_Id=236060 | numero=1 | q="ELIO ABATE" medico "APRIGLIANO"
2026-09-03 15:00:59 | INFO | SEARCH API OK | serper | "ELIO ABATE" medico "APRIGLIANO" | 2 risultati
2026-09-03 15:00:59 | INFO | SEARCH QUERY | Pers_Id=236060 | numero=2 | q="ELIO ABATE" medico specialista ospedale
2026-09-03 15:01:00 | INFO | SEARCH API OK | serper | "ELIO ABATE" medico specialista ospedale | 2 risultati
2026-09-03 15:01:00 | INFO | SEARCH EARLY-STOP CHECK | Pers_Id=236060 | query=2 | stop=False | reason=nessuna evidenza forte
2026-09-03 15:01:00 | INFO | SELECTIVE THIRD CHECK | Pers_Id=236060 | allowed=False | reason=identità professionale non abbastanza forte | relevant_hits=1 | recovery_identity_hits=0
2026-09-03 15:01:00 | INFO | CV SEARCH GATE | Pers_Id=236060 | mode=targeted | allowed=False | reason=nessuna identità professionale abbastanza forte | existing_cv=True
2026-09-03 15:01:00 | INFO | HIT SUMMARY | Pers_Id=236060 | standard_query=2 | recovery_query=0 | selective_third=0 | specialty_total=2 | cv_query=0 | grezzi=3 | rilevanti=1 | recovery_identity=0 | provider={'serper': 51, 'brave': 0}
2026-09-03 15:01:07 | INFO | CV CANDIDATO ANALIZZATO | Pers_Id=236060 | formato=.pdf | estrazione=pdf | chars=120000 | url=https://www.regione.campania.it/assets/documents/scheda-assessore-fortini-aggiornata-1-bimestre-2020.pdf
2026-09-03 15:01:07 | INFO | CV SCARTATO | Pers_Id=236060 | formato=.pdf | motivo=Documento non sufficientemente compatibile con un CV. | url=https://www.regione.campania.it/assets/documents/scheda-assessore-fortini-aggiornata-1-bimestre-2020.pdf
2026-09-03 15:01:07 | INFO | SPECIALTY GEO REJECT | Pers_Id=236060 | stage=serp | reason=supporto geografico insufficiente | url=https://www.regione.campania.it/assets/documents/scheda-assessore-fortini-aggiornata-1-bimestre-2020.pdf
2026-09-03 15:01:07 | INFO | DONE | Pers_Id=236060 | 9.4s | NESSUN_RISULTATO | specialita=N/D | cv=NO | cv_review=0
2026-09-03 15:01:07 | INFO | SEARCH QUERY | Pers_Id=2745185 | numero=1 | q="ESTHER ABATE" medico "Trapani"
2026-09-03 15:01:08 | INFO | SEARCH API OK | serper | "ESTHER ABATE" medico "Trapani" | 3 risultati
2026-09-03 15:01:08 | INFO | SEARCH QUERY | Pers_Id=2745185 | numero=2 | q="ESTHER ABATE" medico specialista ospedale
2026-09-03 15:01:10 | INFO | SEARCH API OK | serper | "ESTHER ABATE" medico specialista ospedale | 1 risultati
2026-09-03 15:01:10 | INFO | SELECTIVE THIRD CHECK | Pers_Id=2745185 | allowed=False | reason=nessun hit rilevante | relevant_hits=0 | recovery_identity_hits=0
2026-09-03 15:01:10 | INFO | HIT SUMMARY | Pers_Id=2745185 | standard_query=2 | recovery_query=0 | selective_third=0 | specialty_total=2 | cv_query=0 | grezzi=3 | rilevanti=0 | recovery_identity=0 | provider={'serper': 53, 'brave': 0}
2026-09-03 15:01:10 | INFO | DONE | Pers_Id=2745185 | 2.6s | NESSUN_RISULTATO | specialita=N/D | cv=NO | cv_review=0
2026-09-03 15:01:10 | INFO | SEARCH QUERY | Pers_Id=2162961 | numero=1 | q="FILOMENA ABATE" medico "San Martino Valle Caudina"
2026-09-03 15:01:11 | INFO | SEARCH API OK | serper | "FILOMENA ABATE" medico "San Martino Valle Caudina" | 8 risultati
2026-09-03 15:01:11 | INFO | RECOVERY IDENTITY HIT | Pers_Id=2162961 | score=290 | reason=identità esatta, segnale professionale, disambiguazione=90, geo compatibile | url=https://www.facebook.com/filomena.abate.1/?locale=it_IT
2026-09-03 15:01:11 | INFO | RECOVERY IDENTITY HIT | Pers_Id=2162961 | score=360 | reason=identità esatta, directory professionale, segnale professionale, disambiguazione=90, geo compatibile | url=https://www.miodottore.it/profilo/filomena-abate
2026-09-03 15:01:11 | INFO | RECOVERY IDENTITY HIT | Pers_Id=2162961 | score=290 | reason=identità esatta, segnale professionale, disambiguazione=90, geo compatibile | url=https://www.facebook.com/filomena.abate.1/posts/%C3%A8-sempre-un-piacere/10227594999170114
2026-09-03 15:01:11 | INFO | SEARCH QUERY | Pers_Id=2162961 | numero=2 | q="FILOMENA ABATE" medico specialista ospedale
2026-09-03 15:01:14 | INFO | SEARCH API OK | serper | "FILOMENA ABATE" medico specialista ospedale | 8 risultati
2026-09-03 15:01:14 | INFO | RECOVERY IDENTITY HIT | Pers_Id=2162961 | score=290 | reason=identità esatta, segnale professionale, disambiguazione=90, geo compatibile | url=https://www.facebook.com/filomena.abate.1/?locale=it_IT
2026-09-03 15:01:14 | INFO | RECOVERY IDENTITY HIT | Pers_Id=2162961 | score=360 | reason=identità esatta, directory professionale, segnale professionale, disambiguazione=90, geo compatibile | url=https://www.miodottore.it/profilo/filomena-abate
2026-09-03 15:01:14 | INFO | RECOVERY IDENTITY HIT | Pers_Id=2162961 | score=290 | reason=identità esatta, segnale professionale, disambiguazione=90, geo compatibile | url=https://www.facebook.com/filomena.abate.1/posts/%C3%A8-sempre-un-piacere/10227594999170114
2026-09-03 15:01:14 | INFO | SELECTIVE THIRD CHECK | Pers_Id=2162961 | allowed=True | reason=recovery-tier score=360: identità esatta, directory professionale, segnale professionale, disambiguazione=90, geo compatibile | relevant_hits=0 | recovery_identity_hits=3
2026-09-03 15:01:14 | INFO | SEARCH SELECTIVE THIRD QUERY | Pers_Id=2162961 | q="FILOMENA ABATE" "San Martino Valle Caudina" medico OR dottoressa OR dottore specialista OR specializzazione OR specializzato OR specializzata
2026-09-03 15:01:15 | INFO | SEARCH API OK | serper | "FILOMENA ABATE" "San Martino Valle Caudina" medico OR dottoressa OR dottore specialista OR specializzazione OR specializzato OR specializzata | 8 risultati
2026-09-03 15:01:15 | INFO | RECOVERY IDENTITY HIT | Pers_Id=2162961 | score=290 | reason=identità esatta, segnale professionale, disambiguazione=90, geo compatibile | url=https://www.facebook.com/filomena.abate.1/?locale=it_IT
2026-09-03 15:01:15 | INFO | RECOVERY IDENTITY HIT | Pers_Id=2162961 | score=360 | reason=identità esatta, directory professionale, segnale professionale, disambiguazione=90, geo compatibile | url=https://www.miodottore.it/profilo/filomena-abate
2026-09-03 15:01:15 | INFO | RECOVERY IDENTITY HIT | Pers_Id=2162961 | score=290 | reason=identità esatta, segnale professionale, disambiguazione=90, geo compatibile | url=https://www.facebook.com/filomena.abate.1/posts/%C3%A8-sempre-un-piacere/10227594999170114
2026-09-03 15:01:15 | INFO | RECOVERY IDENTITY HIT | Pers_Id=2162961 | score=290 | reason=identità esatta, segnale professionale, disambiguazione=90, geo compatibile | url=https://www.facebook.com/filomena.abate.1/photos/10227016811595786
2026-09-03 15:01:15 | INFO | HIT SUMMARY | Pers_Id=2162961 | standard_query=2 | recovery_query=1 | selective_third=1 | specialty_total=3 | cv_query=0 | grezzi=17 | rilevanti=0 | recovery_identity=4 | provider={'serper': 56, 'brave': 0}
2026-09-03 15:01:15 | INFO | DONE | Pers_Id=2162961 | 5.4s | NESSUN_RISULTATO | specialita=N/D | cv=NO | cv_review=0
2026-09-03 15:01:15 | INFO | SEARCH QUERY | Pers_Id=1812842 | numero=1 | q="FRANCESCA ABATE" medico "CROTONE"
2026-09-03 15:01:16 | INFO | SEARCH API OK | serper | "FRANCESCA ABATE" medico "CROTONE" | 7 risultati
2026-09-03 15:01:16 | INFO | SEARCH EARLY-STOP CHECK | Pers_Id=1812842 | query=1 | stop=False | reason=nessuna evidenza forte
2026-09-03 15:01:16 | INFO | SEARCH QUERY | Pers_Id=1812842 | numero=2 | q="FRANCESCA ABATE" medico specialista ospedale
2026-09-03 15:01:18 | INFO | SEARCH API OK | serper | "FRANCESCA ABATE" medico specialista ospedale | 8 risultati
2026-09-03 15:01:18 | INFO | RECOVERY IDENTITY HIT | Pers_Id=1812842 | score=165 | reason=identità esatta, segnale professionale | url=https://www.facebook.com/Riacef/posts/prenota-la-tua-visita-antiaging-con-la-dottssa-francesca-abate-presso-il-nostro-/2358107977648146
2026-09-03 15:01:18 | INFO | RECOVERY IDENTITY HIT | Pers_Id=1812842 | score=165 | reason=identità esatta, segnale professionale | url=https://www.instagram.com/p/DF7ZJNSMoDY
2026-09-03 15:01:18 | INFO | SEARCH EARLY-STOP CHECK | Pers_Id=1812842 | query=2 | stop=False | reason=nessuna evidenza forte
2026-09-03 15:01:18 | INFO | SELECTIVE THIRD CHECK | Pers_Id=1812842 | allowed=True | reason=recovery-tier score=165: identità esatta, segnale professionale | relevant_hits=2 | recovery_identity_hits=2
2026-09-03 15:01:18 | INFO | SEARCH SELECTIVE THIRD QUERY | Pers_Id=1812842 | q="FRANCESCA ABATE" "CROTONE" medico OR dottoressa OR dottore specialista OR specializzazione OR specializzato OR specializzata
2026-09-03 15:01:19 | INFO | SEARCH API OK | serper | "FRANCESCA ABATE" "CROTONE" medico OR dottoressa OR dottore specialista OR specializzazione OR specializzato OR specializzata | 4 risultati
2026-09-03 15:01:19 | INFO | RECOVERY IDENTITY HIT | Pers_Id=1812842 | score=165 | reason=identità esatta, segnale professionale | url=https://www.facebook.com/Riacef/posts/prenota-la-tua-visita-antiaging-con-la-dottssa-francesca-abate-presso-il-nostro-/2358107977648146
2026-09-03 15:01:19 | INFO | RECOVERY IDENTITY HIT | Pers_Id=1812842 | score=165 | reason=identità esatta, segnale professionale | url=https://www.instagram.com/p/DF7ZJNSMoDY
2026-09-03 15:01:19 | INFO | CV SEARCH GATE | Pers_Id=1812842 | mode=targeted | allowed=False | reason=nessuna identità professionale abbastanza forte | existing_cv=False
2026-09-03 15:01:19 | INFO | HIT SUMMARY | Pers_Id=1812842 | standard_query=2 | recovery_query=1 | selective_third=1 | specialty_total=3 | cv_query=0 | grezzi=15 | rilevanti=2 | recovery_identity=2 | provider={'serper': 59, 'brave': 0}
2026-09-03 15:01:22 | INFO | LANDING SCARTATA | Pers_Id=1812842 | fonte generica con identita solo incidentale | https://www.asp.crotone.it/?page_id=5790
2026-09-03 15:01:22 | INFO | SPECIALTY GEO REJECT | Pers_Id=1812842 | stage=serp | reason=supporto geografico insufficiente | url=https://aress.sanita.puglia.it/documents/25176/889630/CDS_2026-05-25_0316_ASL+Lecce.pdf/3fc2a827-daa1-41d2-82a0-3a43568482a2
2026-09-03 15:01:22 | INFO | DONE | Pers_Id=1812842 | 7.0s | NESSUN_RISULTATO | specialita=N/D | cv=NO | cv_review=0
2026-09-03 15:01:22 | INFO | PROGRESS | 25/40 | 8.01 medici/min | ETA 1.9 min | {'DA_VERIFICARE': 4, 'SPECIALITA_TROVATA': 5, 'NESSUN_RISULTATO': 16} | API={'serper': 59, 'brave': 0}
2026-09-03 15:01:22 | INFO | SEARCH QUERY | Pers_Id=1812843 | numero=1 | q="FRANCESCA ABATE" medico "MODENA"
2026-09-03 15:01:24 | INFO | SEARCH API OK | serper | "FRANCESCA ABATE" medico "MODENA" | 8 risultati
2026-09-03 15:01:24 | INFO | RECOVERY IDENTITY HIT | Pers_Id=1812843 | score=290 | reason=identità esatta, segnale professionale, disambiguazione=90, geo compatibile | url=https://www.facebook.com/61557574808300/posts/benvenuta-alla-dottssa-francesca-abate-nuovo-medico-di-medicina-generale-che-ha-/122217251618252493
2026-09-03 15:01:24 | INFO | RECOVERY IDENTITY HIT | Pers_Id=1812843 | score=290 | reason=identità esatta, segnale professionale, disambiguazione=90, geo compatibile | url=https://it.linkedin.com/in/francesca-abate-3a7ba791
2026-09-03 15:01:24 | INFO | RECOVERY IDENTITY HIT | Pers_Id=1812843 | score=290 | reason=identità esatta, segnale professionale, disambiguazione=90, geo compatibile | url=https://www.facebook.com/Riacef/posts/prenota-la-tua-visita-antiaging-con-la-dottssa-francesca-abate-presso-il-nostro-/2358107977648146
2026-09-03 15:01:24 | INFO | SEARCH EARLY-STOP CHECK | Pers_Id=1812843 | query=1 | stop=True | reason=evidenza forte strutturata
2026-09-03 15:01:24 | INFO | SELECTIVE THIRD CHECK | Pers_Id=1812843 | allowed=False | reason=specialità già forte | relevant_hits=3 | recovery_identity_hits=3
2026-09-03 15:01:24 | INFO | CV SEARCH GATE | Pers_Id=1812843 | mode=targeted | allowed=True | reason=fonte sanitaria forte | existing_cv=False
2026-09-03 15:01:24 | INFO | CV SEARCH QUERY | Pers_Id=1812843 | q="FRANCESCA ABATE" curriculum OR "curriculum vitae" medico "MODENA"
2026-09-03 15:01:26 | INFO | SEARCH API OK | serper | "FRANCESCA ABATE" curriculum OR "curriculum vitae" medico "MODENA" | 8 risultati
2026-09-03 15:01:26 | INFO | HIT SUMMARY | Pers_Id=1812843 | standard_query=1 | recovery_query=0 | selective_third=0 | specialty_total=2 | cv_query=1 | grezzi=8 | rilevanti=3 | recovery_identity=3 | provider={'serper': 61, 'brave': 0}
2026-09-03 15:01:30 | INFO | DONE | Pers_Id=1812843 | 7.7s | SPECIALITA_TROVATA | specialita=Medicina Generale | cv=NO | cv_review=0
2026-09-03 15:01:30 | INFO | SEARCH QUERY | Pers_Id=2607463 | numero=1 | q="FRANCESCA ABATE" medico "Guardia Sanframondi"
2026-09-03 15:01:31 | INFO | SEARCH API OK | serper | "FRANCESCA ABATE" medico "Guardia Sanframondi" | 0 risultati
2026-09-03 15:01:31 | INFO | SEARCH QUERY | Pers_Id=2607463 | numero=2 | q="FRANCESCA ABATE" medico specialista ospedale
2026-09-03 15:01:33 | INFO | SEARCH API OK | serper | "FRANCESCA ABATE" medico specialista ospedale | 8 risultati
2026-09-03 15:01:33 | INFO | RECOVERY IDENTITY HIT | Pers_Id=2607463 | score=165 | reason=identità esatta, segnale professionale | url=https://www.facebook.com/Riacef/posts/prenota-la-tua-visita-antiaging-con-la-dottssa-francesca-abate-presso-il-nostro-/2358107977648146
2026-09-03 15:01:33 | INFO | RECOVERY IDENTITY HIT | Pers_Id=2607463 | score=165 | reason=identità esatta, segnale professionale | url=https://www.instagram.com/p/DF7ZJNSMoDY
2026-09-03 15:01:33 | INFO | SEARCH EARLY-STOP CHECK | Pers_Id=2607463 | query=2 | stop=False | reason=nessuna evidenza forte
2026-09-03 15:01:33 | INFO | SELECTIVE THIRD CHECK | Pers_Id=2607463 | allowed=True | reason=recovery-tier score=165: identità esatta, segnale professionale | relevant_hits=1 | recovery_identity_hits=2
2026-09-03 15:01:33 | INFO | SEARCH SELECTIVE THIRD QUERY | Pers_Id=2607463 | q="FRANCESCA ABATE" "Guardia Sanframondi" medico OR dottoressa OR dottore specialista OR specializzazione OR specializzato OR specializzata
2026-09-03 15:01:35 | INFO | SEARCH API OK | serper | "FRANCESCA ABATE" "Guardia Sanframondi" medico OR dottoressa OR dottore specialista OR specializzazione OR specializzato OR specializzata | 8 risultati
2026-09-03 15:01:35 | INFO | RECOVERY IDENTITY HIT | Pers_Id=2607463 | score=165 | reason=identità esatta, segnale professionale | url=https://www.facebook.com/Riacef/posts/prenota-la-tua-visita-antiaging-con-la-dottssa-francesca-abate-presso-il-nostro-/2358107977648146
2026-09-03 15:01:35 | INFO | RECOVERY IDENTITY HIT | Pers_Id=2607463 | score=165 | reason=identità esatta, segnale professionale | url=https://www.instagram.com/p/DF7ZJNSMoDY
2026-09-03 15:01:35 | INFO | RECOVERY IDENTITY HIT | Pers_Id=2607463 | score=165 | reason=identità esatta, segnale professionale | url=https://www.facebook.com/61557574808300/posts/benvenuta-alla-dottssa-francesca-abate-nuovo-medico-di-medicina-generale-che-ha-/122217251618252493
2026-09-03 15:01:35 | INFO | RECOVERY IDENTITY HIT | Pers_Id=2607463 | score=165 | reason=identità esatta, segnale professionale | url=https://www.instagram.com/p/DPn2nMfgEKD
2026-09-03 15:01:35 | INFO | RECOVERY IDENTITY HIT | Pers_Id=2607463 | score=165 | reason=identità esatta, segnale professionale | url=https://it.linkedin.com/in/francesca-abate-3a7ba791
2026-09-03 15:01:35 | INFO | CV SEARCH GATE | Pers_Id=2607463 | mode=targeted | allowed=False | reason=nessuna identità professionale abbastanza forte | existing_cv=False
2026-09-03 15:01:35 | INFO | HIT SUMMARY | Pers_Id=2607463 | standard_query=2 | recovery_query=1 | selective_third=1 | specialty_total=3 | cv_query=0 | grezzi=16 | rilevanti=4 | recovery_identity=5 | provider={'serper': 64, 'brave': 0}
2026-09-03 15:01:35 | INFO | SPECIALTY GEO REJECT | Pers_Id=2607463 | stage=landing | reason=supporto geografico insufficiente | url=https://www.ausl.mo.it/strutture/medici-di-medicina-generale/elenco/abate-francesca
2026-09-03 15:01:36 | INFO | LANDING SCARTATA | Pers_Id=2607463 | citta profilo incompatibile: dosolo != guardia sanframondi | https://www.doctolib.it/medico-di-medicina-generale/dosolo/francesca-abate-dosolo
2026-09-03 15:01:37 | INFO | SPECIALTY GEO REJECT | Pers_Id=2607463 | stage=landing | reason=supporto geografico insufficiente | url=https://www.sanita.puglia.it/documents/d/asl-lecce/abate-francesca-pdf?download=true
2026-09-03 15:01:38 | INFO | SPECIALTY GEO REJECT | Pers_Id=2607463 | stage=serp | reason=supporto geografico insufficiente | url=https://www.ausl.mo.it/strutture/medici-di-medicina-generale/elenco/abate-francesca
2026-09-03 15:01:38 | INFO | SPECIALTY GEO REJECT | Pers_Id=2607463 | stage=serp | reason=citta profilo incompatibile: dosolo != guardia sanframondi | url=https://www.doctolib.it/medico-di-medicina-generale/dosolo/francesca-abate-dosolo
2026-09-03 15:01:38 | INFO | SPECIALTY GEO REJECT | Pers_Id=2607463 | stage=serp | reason=supporto geografico insufficiente | url=https://www.sanita.puglia.it/documents/d/asl-lecce/abate-francesca-pdf?download=true
2026-09-03 15:01:38 | INFO | SPECIALTY GEO REJECT | Pers_Id=2607463 | stage=serp | reason=supporto geografico insufficiente | url=https://aress.sanita.puglia.it/documents/25176/889630/CDS_2026-05-25_0316_ASL+Lecce.pdf/3fc2a827-daa1-41d2-82a0-3a43568482a2
2026-09-03 15:01:38 | INFO | DONE | Pers_Id=2607463 | 8.3s | DA_VERIFICARE | specialita=N/D | cv=NO | cv_review=0
2026-09-03 15:01:38 | INFO | SEARCH QUERY | Pers_Id=1180356 | numero=1 | q="GESSICA ABATE" medico "Guardia Sanframondi"
2026-09-03 15:01:40 | INFO | SEARCH API OK | serper | "GESSICA ABATE" medico "Guardia Sanframondi" | 8 risultati
2026-09-03 15:01:40 | INFO | SEARCH QUERY | Pers_Id=1180356 | numero=2 | q="GESSICA ABATE" medico specialista ospedale
2026-09-03 15:01:41 | INFO | SEARCH API OK | serper | "GESSICA ABATE" medico specialista ospedale | 8 risultati
2026-09-03 15:01:41 | INFO | SELECTIVE THIRD CHECK | Pers_Id=1180356 | allowed=False | reason=nessun hit rilevante | relevant_hits=0 | recovery_identity_hits=0
2026-09-03 15:01:41 | INFO | HIT SUMMARY | Pers_Id=1180356 | standard_query=2 | recovery_query=0 | selective_third=0 | specialty_total=2 | cv_query=0 | grezzi=15 | rilevanti=0 | recovery_identity=0 | provider={'serper': 66, 'brave': 0}
2026-09-03 15:01:41 | INFO | DONE | Pers_Id=1180356 | 2.8s | NESSUN_RISULTATO | specialita=N/D | cv=NO | cv_review=0
2026-09-03 15:01:41 | INFO | SEARCH QUERY | Pers_Id=395436 | numero=1 | q="GIOVANNA ABATE" medico "Montalto Uffugo"
2026-09-03 15:01:43 | INFO | SEARCH API OK | serper | "GIOVANNA ABATE" medico "Montalto Uffugo" | 6 risultati
2026-09-03 15:01:43 | INFO | RECOVERY IDENTITY HIT | Pers_Id=395436 | score=290 | reason=identità esatta, segnale professionale, disambiguazione=90, geo compatibile | url=https://www.facebook.com/groups/luzziterramia/posts/4617000798387382
2026-09-03 15:01:43 | INFO | RECOVERY IDENTITY HIT | Pers_Id=395436 | score=315 | reason=identità esatta, directory professionale, disambiguazione=90, geo compatibile | url=https://www.paginebianche.it/scheda/bisignano/giovanna-dr-abate.ajiejejdha
2026-09-03 15:01:43 | INFO | SEARCH EARLY-STOP CHECK | Pers_Id=395436 | query=1 | stop=True | reason=evidenza forte strutturata
2026-09-03 15:01:43 | INFO | SELECTIVE THIRD CHECK | Pers_Id=395436 | allowed=False | reason=specialità già forte | relevant_hits=1 | recovery_identity_hits=2
2026-09-03 15:01:43 | INFO | CV SEARCH GATE | Pers_Id=395436 | mode=targeted | allowed=True | reason=profilo professionale strutturato | existing_cv=False
2026-09-03 15:01:43 | INFO | CV SEARCH QUERY | Pers_Id=395436 | q="GIOVANNA ABATE" curriculum OR "curriculum vitae" medico "Montalto Uffugo"
2026-09-03 15:01:44 | INFO | SEARCH API OK | serper | "GIOVANNA ABATE" curriculum OR "curriculum vitae" medico "Montalto Uffugo" | 2 risultati
2026-09-03 15:01:44 | INFO | HIT SUMMARY | Pers_Id=395436 | standard_query=1 | recovery_query=0 | selective_third=0 | specialty_total=2 | cv_query=1 | grezzi=6 | rilevanti=1 | recovery_identity=2 | provider={'serper': 68, 'brave': 0}
2026-09-03 15:01:45 | INFO | DONE | Pers_Id=395436 | 4.4s | SPECIALITA_TROVATA | specialita=Medicina Generale | cv=NO | cv_review=0
2026-09-03 15:01:45 | INFO | SEARCH QUERY | Pers_Id=2607464 | numero=1 | q="MARCO ABATE" medico "Caivano"
2026-09-03 15:01:48 | INFO | SEARCH API OK | serper | "MARCO ABATE" medico "Caivano" | 8 risultati
2026-09-03 15:01:48 | INFO | RECOVERY IDENTITY HIT | Pers_Id=2607464 | score=360 | reason=identità esatta, directory professionale, segnale professionale, disambiguazione=90, geo compatibile | url=https://www.miodottore.it/profilo/marco-abate
2026-09-03 15:01:48 | INFO | SEARCH QUERY | Pers_Id=2607464 | numero=2 | q="MARCO ABATE" medico specialista ospedale
2026-09-03 15:01:49 | INFO | SEARCH API OK | serper | "MARCO ABATE" medico specialista ospedale | 7 risultati
2026-09-03 15:01:49 | INFO | RECOVERY IDENTITY HIT | Pers_Id=2607464 | score=360 | reason=identità esatta, directory professionale, segnale professionale, disambiguazione=90, geo compatibile | url=https://www.miodottore.it/profilo/marco-abate
2026-09-03 15:01:49 | INFO | SEARCH EARLY-STOP CHECK | Pers_Id=2607464 | query=2 | stop=False | reason=nessuna evidenza forte
2026-09-03 15:01:49 | INFO | SELECTIVE THIRD CHECK | Pers_Id=2607464 | allowed=True | reason=recovery-tier score=360: identità esatta, directory professionale, segnale professionale, disambiguazione=90, geo compatibile | relevant_hits=1 | recovery_identity_hits=1
2026-09-03 15:01:49 | INFO | SEARCH SELECTIVE THIRD QUERY | Pers_Id=2607464 | q="MARCO ABATE" "Caivano" medico OR dottoressa OR dottore specialista OR specializzazione OR specializzato OR specializzata
2026-09-03 15:01:51 | INFO | SEARCH API OK | serper | "MARCO ABATE" "Caivano" medico OR dottoressa OR dottore specialista OR specializzazione OR specializzato OR specializzata | 8 risultati
2026-09-03 15:01:51 | INFO | RECOVERY IDENTITY HIT | Pers_Id=2607464 | score=360 | reason=identità esatta, directory professionale, segnale professionale, disambiguazione=90, geo compatibile | url=https://www.miodottore.it/profilo/marco-abate
2026-09-03 15:01:51 | INFO | CV SEARCH GATE | Pers_Id=2607464 | mode=targeted | allowed=False | reason=nessuna identità professionale abbastanza forte | existing_cv=False
2026-09-03 15:01:51 | INFO | HIT SUMMARY | Pers_Id=2607464 | standard_query=2 | recovery_query=1 | selective_third=1 | specialty_total=3 | cv_query=0 | grezzi=19 | rilevanti=1 | recovery_identity=1 | provider={'serper': 71, 'brave': 0}
2026-09-03 15:01:51 | INFO | SPECIALTY GEO REJECT | Pers_Id=2607464 | stage=serp | reason=supporto geografico insufficiente | url=https://aress.sanita.puglia.it/documents/25176/350159/24+settembre+2014+%2824+settembre+2014.pdf%29/747ab780-79b5-46c9-8380-87d91fce2cfa
2026-09-03 15:01:51 | INFO | DONE | Pers_Id=2607464 | 5.4s | NESSUN_RISULTATO | specialita=N/D | cv=NO | cv_review=0
2026-09-03 15:02:10 | INFO | CHECKPOINT | 30/40 | C:\Dev\Niko\scriptRicerca\output\risultatiMedici.xlsx
2026-09-03 15:02:10 | INFO | PROGRESS | 30/40 | 7.64 medici/min | ETA 1.3 min | {'DA_VERIFICARE': 5, 'SPECIALITA_TROVATA': 7, 'NESSUN_RISULTATO': 18} | API={'serper': 71, 'brave': 0}
2026-09-03 15:02:10 | INFO | SEARCH QUERY | Pers_Id=289911 | numero=1 | q="MARIA ABATE" medico "MONTEVAGO"
2026-09-03 15:02:12 | INFO | SEARCH API OK | serper | "MARIA ABATE" medico "MONTEVAGO" | 6 risultati
2026-09-03 15:02:12 | INFO | SEARCH QUERY | Pers_Id=289911 | numero=2 | q="MARIA ABATE" medico specialista ospedale
2026-09-03 15:02:13 | INFO | SEARCH API OK | serper | "MARIA ABATE" medico specialista ospedale | 8 risultati
2026-09-03 15:02:13 | INFO | SELECTIVE THIRD CHECK | Pers_Id=289911 | allowed=False | reason=nessun hit rilevante | relevant_hits=0 | recovery_identity_hits=0
2026-09-03 15:02:13 | INFO | HIT SUMMARY | Pers_Id=289911 | standard_query=2 | recovery_query=0 | selective_third=0 | specialty_total=2 | cv_query=0 | grezzi=14 | rilevanti=0 | recovery_identity=0 | provider={'serper': 73, 'brave': 0}
2026-09-03 15:02:13 | INFO | DONE | Pers_Id=289911 | 2.8s | NESSUN_RISULTATO | specialita=N/D | cv=NO | cv_review=0
2026-09-03 15:02:13 | INFO | SEARCH QUERY | Pers_Id=1222042 | numero=1 | q="MARIA ABATE" medico "Torelli-torrette"
2026-09-03 15:02:15 | INFO | SEARCH API OK | serper | "MARIA ABATE" medico "Torelli-torrette" | 0 risultati
2026-09-03 15:02:15 | INFO | SEARCH QUERY | Pers_Id=1222042 | numero=2 | q="MARIA ABATE" medico specialista ospedale
2026-09-03 15:02:17 | INFO | SEARCH API OK | serper | "MARIA ABATE" medico specialista ospedale | 8 risultati
2026-09-03 15:02:17 | INFO | SELECTIVE THIRD CHECK | Pers_Id=1222042 | allowed=False | reason=nessun hit rilevante | relevant_hits=0 | recovery_identity_hits=0
2026-09-03 15:02:17 | INFO | HIT SUMMARY | Pers_Id=1222042 | standard_query=2 | recovery_query=0 | selective_third=0 | specialty_total=2 | cv_query=0 | grezzi=8 | rilevanti=0 | recovery_identity=0 | provider={'serper': 75, 'brave': 0}
2026-09-03 15:02:17 | INFO | DONE | Pers_Id=1222042 | 3.8s | NESSUN_RISULTATO | specialita=N/D | cv=NO | cv_review=0
2026-09-03 15:02:17 | INFO | SEARCH QUERY | Pers_Id=950077 | numero=1 | q="MARIA GIULIA ABATE" medico "MONZA"
2026-09-03 15:02:18 | INFO | SEARCH API OK | serper | "MARIA GIULIA ABATE" medico "MONZA" | 7 risultati
2026-09-03 15:02:18 | INFO | RECOVERY IDENTITY HIT | Pers_Id=950077 | score=290 | reason=identità esatta, segnale professionale, disambiguazione=90, geo compatibile | url=https://it.linkedin.com/in/maria-giulia-abate-0140a6200
2026-09-03 15:02:18 | INFO | SEARCH EARLY-STOP CHECK | Pers_Id=950077 | query=1 | stop=False | reason=nessuna evidenza forte
2026-09-03 15:02:18 | INFO | SEARCH QUERY | Pers_Id=950077 | numero=2 | q="MARIA GIULIA ABATE" medico specialista ospedale
2026-09-03 15:02:20 | INFO | SEARCH API OK | serper | "MARIA GIULIA ABATE" medico specialista ospedale | 1 risultati
2026-09-03 15:02:20 | INFO | RECOVERY IDENTITY HIT | Pers_Id=950077 | score=290 | reason=identità esatta, segnale professionale, disambiguazione=90, geo compatibile | url=https://it.linkedin.com/in/maria-giulia-abate-0140a6200
2026-09-03 15:02:20 | INFO | SEARCH EARLY-STOP CHECK | Pers_Id=950077 | query=2 | stop=False | reason=nessuna evidenza forte
2026-09-03 15:02:20 | INFO | SELECTIVE THIRD CHECK | Pers_Id=950077 | allowed=True | reason=relevant: identità forte, specialità irrisolta | relevant_hits=4 | recovery_identity_hits=1
2026-09-03 15:02:20 | INFO | SEARCH SELECTIVE THIRD QUERY | Pers_Id=950077 | q="MARIA GIULIA ABATE" "MONZA" medico OR dottoressa OR dottore specialista OR specializzazione OR specializzato OR specializzata
2026-09-03 15:02:22 | INFO | SEARCH API OK | serper | "MARIA GIULIA ABATE" "MONZA" medico OR dottoressa OR dottore specialista OR specializzazione OR specializzato OR specializzata | 1 risultati
2026-09-03 15:02:22 | INFO | RECOVERY IDENTITY HIT | Pers_Id=950077 | score=290 | reason=identità esatta, segnale professionale, disambiguazione=90, geo compatibile | url=https://it.linkedin.com/in/maria-giulia-abate-0140a6200
2026-09-03 15:02:22 | INFO | CV SEARCH GATE | Pers_Id=950077 | mode=targeted | allowed=True | reason=fonte sanitaria forte | existing_cv=True
2026-09-03 15:02:22 | INFO | HIT SUMMARY | Pers_Id=950077 | standard_query=2 | recovery_query=1 | selective_third=1 | specialty_total=3 | cv_query=0 | grezzi=7 | rilevanti=4 | recovery_identity=1 | provider={'serper': 78, 'brave': 0}
2026-09-03 15:02:22 | INFO | CV DOWNLOAD FALLITO | Pers_Id=950077 | url=https://www.irccs-sangerardo.it/documents/492169/0/cit.pdf/99af11de-a82c-794e-4261-572e9b4d08a0
2026-09-03 15:02:23 | INFO | LANDING SCARTATA | Pers_Id=950077 | pagina senza testo | https://www.irccs-sangerardo.it/terapia-intensiva-a-indirizzo-neurologico-neurochirurgico
2026-09-03 15:02:24 | INFO | DONE | Pers_Id=950077 | 7.0s | DA_VERIFICARE | specialita=N/D | cv=NO | cv_review=0
2026-09-03 15:02:24 | INFO | SEARCH QUERY | Pers_Id=1189072 | numero=1 | q="MATTEO ABATE" medico "Alcamo"
2026-09-03 15:02:25 | INFO | SEARCH API OK | serper | "MATTEO ABATE" medico "Alcamo" | 2 risultati
2026-09-03 15:02:25 | INFO | SEARCH QUERY | Pers_Id=1189072 | numero=2 | q="MATTEO ABATE" medico specialista ospedale
2026-09-03 15:02:30 | INFO | SEARCH API OK | serper | "MATTEO ABATE" medico specialista ospedale | 8 risultati
2026-09-03 15:02:30 | INFO | SELECTIVE THIRD CHECK | Pers_Id=1189072 | allowed=False | reason=nessun hit rilevante | relevant_hits=0 | recovery_identity_hits=0
2026-09-03 15:02:30 | INFO | HIT SUMMARY | Pers_Id=1189072 | standard_query=2 | recovery_query=0 | selective_third=0 | specialty_total=2 | cv_query=0 | grezzi=8 | rilevanti=0 | recovery_identity=0 | provider={'serper': 80, 'brave': 0}
2026-09-03 15:02:30 | INFO | DONE | Pers_Id=1189072 | 5.9s | NESSUN_RISULTATO | specialita=N/D | cv=NO | cv_review=0
2026-09-03 15:02:30 | INFO | SEARCH QUERY | Pers_Id=306924 | numero=1 | q="ORNELLA ABATE" medico "Avellino"
2026-09-03 15:02:32 | INFO | SEARCH API OK | serper | "ORNELLA ABATE" medico "Avellino" | 8 risultati
2026-09-03 15:02:32 | INFO | RECOVERY IDENTITY HIT | Pers_Id=306924 | score=165 | reason=identità esatta, segnale professionale | url=https://it.linkedin.com/in/ornella-abate-ba729472
2026-09-03 15:02:32 | INFO | SEARCH QUERY | Pers_Id=306924 | numero=2 | q="ORNELLA ABATE" medico specialista ospedale
2026-09-03 15:02:33 | INFO | SEARCH API OK | serper | "ORNELLA ABATE" medico specialista ospedale | 7 risultati
2026-09-03 15:02:33 | INFO | RECOVERY IDENTITY HIT | Pers_Id=306924 | score=165 | reason=identità esatta, segnale professionale | url=https://it.linkedin.com/in/ornella-abate-ba729472
2026-09-03 15:02:33 | INFO | SEARCH EARLY-STOP CHECK | Pers_Id=306924 | query=2 | stop=False | reason=nessuna evidenza forte
2026-09-03 15:02:33 | INFO | SELECTIVE THIRD CHECK | Pers_Id=306924 | allowed=True | reason=relevant: identità forte, specialità irrisolta | relevant_hits=2 | recovery_identity_hits=1
2026-09-03 15:02:33 | INFO | SEARCH SELECTIVE THIRD QUERY | Pers_Id=306924 | q="ORNELLA ABATE" "Avellino" medico OR dottoressa OR dottore specialista OR specializzazione OR specializzato OR specializzata
2026-09-03 15:02:35 | INFO | SEARCH API OK | serper | "ORNELLA ABATE" "Avellino" medico OR dottoressa OR dottore specialista OR specializzazione OR specializzato OR specializzata | 7 risultati
2026-09-03 15:02:35 | INFO | RECOVERY IDENTITY HIT | Pers_Id=306924 | score=165 | reason=identità esatta, segnale professionale | url=https://it.linkedin.com/in/ornella-abate-ba729472
2026-09-03 15:02:35 | INFO | CV SEARCH GATE | Pers_Id=306924 | mode=targeted | allowed=False | reason=nessuna identità professionale abbastanza forte | existing_cv=True
2026-09-03 15:02:35 | INFO | HIT SUMMARY | Pers_Id=306924 | standard_query=2 | recovery_query=1 | selective_third=1 | specialty_total=3 | cv_query=0 | grezzi=19 | rilevanti=2 | recovery_identity=1 | provider={'serper': 83, 'brave': 0}
2026-09-03 15:02:38 | INFO | CV CANDIDATO ANALIZZATO | Pers_Id=306924 | formato=.html | estrazione=html | chars=9036 | url=https://amamedis.it/cv-ornellaabate
2026-09-03 15:02:38 | INFO | CV SCARTATO | Pers_Id=306924 | formato=.html | motivo=Documento non sufficientemente compatibile con un CV. | url=https://amamedis.it/cv-ornellaabate
2026-09-03 15:02:40 | INFO | SPECIALTY GEO REJECT | Pers_Id=306924 | stage=landing | reason=supporto geografico insufficiente | url=https://amamedis.it/cv-ornellaabate
2026-09-03 15:02:42 | INFO | CV LINK LANDING | Pers_Id=306924 | score=320 | formato=html | label=Vai al contenuto | url=https://amamedis.it/cv-ornellaabate#content
2026-09-03 15:02:42 | INFO | CV LINK LANDING | Pers_Id=306924 | score=320 | formato=.doc | label=Scarica curriculum | url=https://amamedis.it/wp-content/uploads/2021/02/CV-formato-europeo-ornella.doc
2026-09-03 15:03:01 | INFO | CV CANDIDATO ANALIZZATO | Pers_Id=306924 | formato=.doc | estrazione=word-com | chars=9061 | url=https://amamedis.it/wp-content/uploads/2021/02/CV-formato-europeo-ornella.doc
2026-09-03 15:03:01 | INFO | CV VERIFICATO | Pers_Id=306924 | formato=.doc | estrazione=word-com | confidenza=media | file=C:\Dev\Niko\scriptRicerca\cv_medici\306924-ABATE-ORNELLA.doc | url=https://amamedis.it/wp-content/uploads/2021/02/CV-formato-europeo-ornella.doc
2026-09-03 15:03:01 | INFO | SPECIALTY GEO REJECT | Pers_Id=306924 | stage=serp | reason=supporto geografico insufficiente | url=https://amamedis.it/cv-ornellaabate
2026-09-03 15:03:01 | INFO | SPECIALTY GEO REJECT | Pers_Id=306924 | stage=serp | reason=profilo strutturato senza città coerente | url=https://www.miodottore.it/profilo/ornella-abate
2026-09-03 15:03:01 | INFO | DONE | Pers_Id=306924 | 31.0s | CV_TROVATO_SPECIALITA_DA_VERIFICARE | specialita=N/D | cv=SI | cv_review=0
2026-09-03 15:03:01 | INFO | PROGRESS | 35/40 | 7.33 medici/min | ETA 0.7 min | {'DA_VERIFICARE': 6, 'SPECIALITA_TROVATA': 7, 'NESSUN_RISULTATO': 21, 'CV_TROVATO_SPECIALITA_DA_VERIFICARE': 1} | API={'serper': 83, 'brave': 0}
2026-09-03 15:03:01 | INFO | SEARCH QUERY | Pers_Id=1784607 | numero=1 | q="RAFFAELA ABATE" medico "MERCATO SAN SEVERINO"
2026-09-03 15:03:03 | INFO | SEARCH API OK | serper | "RAFFAELA ABATE" medico "MERCATO SAN SEVERINO" | 0 risultati
2026-09-03 15:03:03 | INFO | SEARCH QUERY | Pers_Id=1784607 | numero=2 | q="RAFFAELA ABATE" medico specialista ospedale
2026-09-03 15:03:05 | INFO | SEARCH API OK | serper | "RAFFAELA ABATE" medico specialista ospedale | 7 risultati
2026-09-03 15:03:05 | INFO | SELECTIVE THIRD CHECK | Pers_Id=1784607 | allowed=False | reason=nessun hit rilevante | relevant_hits=0 | recovery_identity_hits=0
2026-09-03 15:03:05 | INFO | HIT SUMMARY | Pers_Id=1784607 | standard_query=2 | recovery_query=0 | selective_third=0 | specialty_total=2 | cv_query=0 | grezzi=7 | rilevanti=0 | recovery_identity=0 | provider={'serper': 85, 'brave': 0}
2026-09-03 15:03:05 | INFO | DONE | Pers_Id=1784607 | 4.4s | NESSUN_RISULTATO | specialita=N/D | cv=NO | cv_review=0
2026-09-03 15:03:05 | INFO | SEARCH QUERY | Pers_Id=2162964 | numero=1 | q="ROBERTA ABATE" medico "Andria"
2026-09-03 15:03:07 | INFO | SEARCH API OK | serper | "ROBERTA ABATE" medico "Andria" | 1 risultati
2026-09-03 15:03:07 | INFO | SEARCH QUERY | Pers_Id=2162964 | numero=2 | q="ROBERTA ABATE" medico specialista ospedale
2026-09-03 15:03:11 | INFO | SEARCH API OK | serper | "ROBERTA ABATE" medico specialista ospedale | 8 risultati
2026-09-03 15:03:11 | INFO | SELECTIVE THIRD CHECK | Pers_Id=2162964 | allowed=False | reason=nessun hit rilevante | relevant_hits=0 | recovery_identity_hits=0
2026-09-03 15:03:11 | INFO | HIT SUMMARY | Pers_Id=2162964 | standard_query=2 | recovery_query=0 | selective_third=0 | specialty_total=2 | cv_query=0 | grezzi=8 | rilevanti=0 | recovery_identity=0 | provider={'serper': 87, 'brave': 0}
2026-09-03 15:03:11 | INFO | DONE | Pers_Id=2162964 | 5.1s | NESSUN_RISULTATO | specialita=N/D | cv=NO | cv_review=0
2026-09-03 15:03:11 | INFO | SEARCH QUERY | Pers_Id=1189835 | numero=1 | q="SARA ABATE" medico "CALCINATO"
2026-09-03 15:03:13 | INFO | SEARCH API OK | serper | "SARA ABATE" medico "CALCINATO" | 8 risultati
2026-09-03 15:03:13 | INFO | SEARCH EARLY-STOP CHECK | Pers_Id=1189835 | query=1 | stop=True | reason=evidenza forte strutturata
2026-09-03 15:03:13 | INFO | SELECTIVE THIRD CHECK | Pers_Id=1189835 | allowed=False | reason=specialità già forte | relevant_hits=3 | recovery_identity_hits=0
2026-09-03 15:03:13 | INFO | CV SEARCH GATE | Pers_Id=1189835 | mode=targeted | allowed=True | reason=profilo professionale strutturato | existing_cv=False
2026-09-03 15:03:13 | INFO | CV SEARCH QUERY | Pers_Id=1189835 | q="SARA ABATE" curriculum OR "curriculum vitae" medico "CALCINATO"
2026-09-03 15:03:15 | INFO | SEARCH API OK | serper | "SARA ABATE" curriculum OR "curriculum vitae" medico "CALCINATO" | 6 risultati
2026-09-03 15:03:15 | INFO | HIT SUMMARY | Pers_Id=1189835 | standard_query=1 | recovery_query=0 | selective_third=0 | specialty_total=2 | cv_query=1 | grezzi=8 | rilevanti=3 | recovery_identity=0 | provider={'serper': 89, 'brave': 0}
2026-09-03 15:03:18 | INFO | DONE | Pers_Id=1189835 | 7.7s | SPECIALITA_TROVATA | specialita=Medicina Generale | cv=NO | cv_review=0
2026-09-03 15:03:18 | INFO | SEARCH QUERY | Pers_Id=2806596 | numero=1 | q="SEBASTIANO ABATE" medico "Treviso"
2026-09-03 15:03:20 | INFO | SEARCH API OK | serper | "SEBASTIANO ABATE" medico "Treviso" | 4 risultati
2026-09-03 15:03:20 | INFO | SEARCH QUERY | Pers_Id=2806596 | numero=2 | q="SEBASTIANO ABATE" medico specialista ospedale
2026-09-03 15:03:21 | INFO | SEARCH API OK | serper | "SEBASTIANO ABATE" medico specialista ospedale | 2 risultati
2026-09-03 15:03:21 | INFO | SELECTIVE THIRD CHECK | Pers_Id=2806596 | allowed=False | reason=nessun hit rilevante | relevant_hits=0 | recovery_identity_hits=0
2026-09-03 15:03:21 | INFO | HIT SUMMARY | Pers_Id=2806596 | standard_query=2 | recovery_query=0 | selective_third=0 | specialty_total=2 | cv_query=0 | grezzi=6 | rilevanti=0 | recovery_identity=0 | provider={'serper': 91, 'brave': 0}
2026-09-03 15:03:21 | INFO | DONE | Pers_Id=2806596 | 3.1s | NESSUN_RISULTATO | specialita=N/D | cv=NO | cv_review=0
2026-09-03 15:03:21 | INFO | SEARCH QUERY | Pers_Id=2162966 | numero=1 | q="VERONICA ABATE" medico "Napoli"
2026-09-03 15:03:23 | INFO | SEARCH API OK | serper | "VERONICA ABATE" medico "Napoli" | 8 risultati
2026-09-03 15:03:23 | INFO | RECOVERY IDENTITY HIT | Pers_Id=2162966 | score=360 | reason=identità esatta, directory professionale, segnale professionale, disambiguazione=90, geo compatibile | url=https://www.miodottore.it/profilo/veronica-abate
2026-09-03 15:03:23 | INFO | SEARCH EARLY-STOP CHECK | Pers_Id=2162966 | query=1 | stop=False | reason=nessuna evidenza forte
2026-09-03 15:03:23 | INFO | SEARCH QUERY | Pers_Id=2162966 | numero=2 | q="VERONICA ABATE" medico specialista ospedale
2026-09-03 15:03:25 | INFO | SEARCH API OK | serper | "VERONICA ABATE" medico specialista ospedale | 8 risultati
2026-09-03 15:03:25 | INFO | RECOVERY IDENTITY HIT | Pers_Id=2162966 | score=360 | reason=identità esatta, directory professionale, segnale professionale, disambiguazione=90, geo compatibile | url=https://www.miodottore.it/profilo/veronica-abate
2026-09-03 15:03:25 | INFO | SEARCH EARLY-STOP CHECK | Pers_Id=2162966 | query=2 | stop=False | reason=nessuna evidenza forte
2026-09-03 15:03:25 | INFO | SELECTIVE THIRD CHECK | Pers_Id=2162966 | allowed=True | reason=relevant: identità forte, specialità irrisolta | relevant_hits=2 | recovery_identity_hits=1
2026-09-03 15:03:25 | INFO | SEARCH SELECTIVE THIRD QUERY | Pers_Id=2162966 | q="VERONICA ABATE" "Napoli" medico OR dottoressa OR dottore specialista OR specializzazione OR specializzato OR specializzata
2026-09-03 15:03:26 | INFO | SEARCH API OK | serper | "VERONICA ABATE" "Napoli" medico OR dottoressa OR dottore specialista OR specializzazione OR specializzato OR specializzata | 8 risultati
2026-09-03 15:03:26 | INFO | RECOVERY IDENTITY HIT | Pers_Id=2162966 | score=360 | reason=identità esatta, directory professionale, segnale professionale, disambiguazione=90, geo compatibile | url=https://www.miodottore.it/profilo/veronica-abate
2026-09-03 15:03:26 | INFO | CV SEARCH GATE | Pers_Id=2162966 | mode=targeted | allowed=True | reason=profilo professionale strutturato | existing_cv=False
2026-09-03 15:03:26 | INFO | CV SEARCH QUERY | Pers_Id=2162966 | q="VERONICA ABATE" curriculum OR "curriculum vitae" medico "Napoli"
2026-09-03 15:03:27 | INFO | SEARCH API OK | serper | "VERONICA ABATE" curriculum OR "curriculum vitae" medico "Napoli" | 4 risultati
2026-09-03 15:03:27 | INFO | HIT SUMMARY | Pers_Id=2162966 | standard_query=2 | recovery_query=1 | selective_third=1 | specialty_total=4 | cv_query=1 | grezzi=17 | rilevanti=2 | recovery_identity=1 | provider={'serper': 95, 'brave': 0}
2026-09-03 15:03:28 | INFO | LANDING SCARTATA | Pers_Id=2162966 | ruolo incompatibile vicino al nome: possibile omonimo | https://www.doctolib.it/biologo-nutrizionista/thiene/veronica-abate
2026-09-03 15:03:28 | INFO | LANDING SCARTATA | Pers_Id=2162966 | pagina senza testo | https://bt.maptons.com/p/7658093750
2026-09-03 15:03:28 | INFO | DONE | Pers_Id=2162966 | 7.0s | NESSUN_RISULTATO | specialita=N/D | cv=NO | cv_review=0
2026-09-03 15:03:48 | INFO | CHECKPOINT | 40/40 | C:\Dev\Niko\scriptRicerca\output\risultatiMedici.xlsx
2026-09-03 15:03:48 | INFO | PROGRESS | 40/40 | 7.20 medici/min | ETA 0.0 min | {'DA_VERIFICARE': 6, 'SPECIALITA_TROVATA': 8, 'NESSUN_RISULTATO': 25, 'CV_TROVATO_SPECIALITA_DA_VERIFICARE': 1} | API={'serper': 95, 'brave': 0}
2026-09-03 15:04:08 | INFO | ==============================================================================
2026-09-03 15:04:08 | INFO | FINE | 5.9 min | {'DA_VERIFICARE': 6, 'SPECIALITA_TROVATA': 8, 'NESSUN_RISULTATO': 25, 'CV_TROVATO_SPECIALITA_DA_VERIFICARE': 1}
2026-09-03 15:04:08 | INFO | API REQUESTS | totale=95 | {'serper': 95, 'brave': 0}
2026-09-03 15:04:08 | INFO | OUTPUT | C:\Dev\Niko\scriptRicerca\output\risultatiMedici.xlsx
2026-09-03 15:04:08 | INFO | ==============================================================================
