2026-09-02 16:01:16 | INFO | ==============================================================================
2026-09-02 16:01:16 | INFO | V4.4 MEDICI - STRICT SPECIALTY + SMART CV FILTER
2026-09-02 16:01:16 | INFO | Input: C:\Dev\Niko\scriptRicerca\input\scriptMedici.xlsx
2026-09-02 16:01:16 | INFO | Output: C:\Dev\Niko\scriptRicerca\output\risultatiMedici.xlsx
2026-09-02 16:01:16 | INFO | Provider: serper
2026-09-02 16:01:16 | INFO | Deep: False
2026-09-02 16:01:16 | INFO | Search results: 8
2026-09-02 16:01:16 | INFO | Max searches/persona: 3 (+1 con --deep)
2026-09-02 16:01:16 | INFO | Delay: 0.1 - 0.3 sec
2026-09-02 16:01:16 | INFO | CV sicuri dir: C:\Dev\Niko\scriptRicerca\cv_medici
2026-09-02 16:01:16 | INFO | CV da verificare dir: C:\Dev\Niko\scriptRicerca\cv_medici_da_verificare
2026-09-02 16:01:16 | INFO | Cache dir: C:\Dev\Niko\scriptRicerca\cache_medici
2026-09-02 16:01:16 | INFO | Log: logs\run_medici_20260902_160035.log
2026-09-02 16:01:16 | INFO | ==============================================================================
2026-09-02 16:01:16 | INFO | Medici da elaborare: 20
2026-09-02 16:01:18 | INFO | SEARCH API OK | serper | "YASAMIN AAZAM RAHIMIAN" medico "BOLOGNA" | 3 risultati
2026-09-02 16:01:22 | INFO | SEARCH API OK | serper | "YASAMIN AAZAM RAHIMIAN" medico specialista ospedale | 1 risultati
2026-09-02 16:01:23 | INFO | SEARCH API OK | serper | "YASAMIN AAZAM RAHIMIAN" specializzazione OR specialista OR "medico di" | 2 risultati
2026-09-02 16:01:23 | INFO | HIT SUMMARY | Pers_Id=2467194 | query=3 | grezzi=3 | rilevanti=1 | provider={'serper': 3, 'brave': 0}
2026-09-02 16:01:27 | INFO | DONE | Pers_Id=2467194 | 10.0s | SPECIALITA_TROVATA | specialita=Medicina Fisica e Riabilitativa | cv=NO | cv_review=0
2026-09-02 16:01:28 | INFO | SEARCH API OK | serper | "ERNESTO MARTIN ABAD AGUIAR" medico "Nuoro" | 8 risultati
2026-09-02 16:01:28 | INFO | HIT SUMMARY | Pers_Id=2606079 | query=1 | grezzi=8 | rilevanti=3 | provider={'serper': 4, 'brave': 0}
2026-09-02 16:01:29 | INFO | PDF PRE-SCARTATO | markup non-CV | https://media.doctolib.com/image/upload/v1738603917/legal/Per_saperne_di_pi%C3%B9_sui_servizi_personalizzati.pdf
2026-09-02 16:01:29 | INFO | PDF PRE-SCARTATO | markup non-CV | https://media.doctolib.com/image/upload/v1747059391/legal/Per_saperne_di_pi%C3%B9_sulla_ricerca_e_lo_sviluppo_di_prodotti_innovativi.pdf
2026-09-02 16:01:29 | INFO | PDF PRE-SCARTATO | markup non-CV | https://esante.gouv.fr/sites/default/files/media_entity/documents/%5BINS%20au%20quotidien%5D%20Conduite%20à%20tenir%20en%20fonction%20du%20retour%20d%27INSi.pdf
2026-09-02 16:01:29 | INFO | PDF PRE-SCARTATO | markup non-CV | https://%{media_root_url}/image/upload/v1733825817/legal/B2C-PrivacyPolicy-DEC24-ITA.pdf
2026-09-02 16:01:29 | INFO | PDF PRE-SCARTATO | markup non-CV | https://%{media_root_url}/image/upload/v1708014384/legal/Adyen_CGU_ITA.pdf
2026-09-02 16:01:29 | INFO | PDF PRE-SCARTATO | markup non-CV | https://%{media_root_url}/image/upload/v1642696847/PrivacyPolicy-B2B-january-2022-Vdef_jx0yux.pdf
2026-09-02 16:01:29 | INFO | PDF PRE-SCARTATO | markup non-CV | https://%{media_root_url}/image/upload/v1643797392/Privacy-policy-B2B-ITA-Jan22-vdef_pkciyb.pdf
2026-09-02 16:01:29 | INFO | PDF PRE-SCARTATO | markup non-CV | https://%{media_root_url}/image/upload/v1614251120/legal/D%C3%89FINITIONS_patients.pdf
2026-09-02 16:01:29 | INFO | PDF PRE-SCARTATO | markup non-CV | https://%{media_root_url}/image/upload/v1657277812/legal/B2C-PrivacyPolicy-July-22-ITA.pdf
2026-09-02 16:01:29 | INFO | PDF PRE-SCARTATO | markup non-CV | https://%{media_root_url}/image/upload/v1733825817/legal/B2C-PrivacyPolicy-DEC24-ITA.pdf
2026-09-02 16:01:29 | INFO | PDF PRE-SCARTATO | markup non-CV | https://%{media_root_url}/image/upload/v1745330410/legal/B2C-VDEF-PP-APR-25-FR.pdf
2026-09-02 16:01:29 | INFO | PDF PRE-SCARTATO | markup non-CV | https://%{media_root_url}/image/upload/v1753974148/legal/B2C-PrivacyPolicy-JULY_25-DE.pdf
2026-09-02 16:01:29 | INFO | PDF PRE-SCARTATO | markup non-CV | https://%{media_root_url}/image/upload/v1733825817/legal/B2C-PrivacyPolicy-DEC24-ITA.pdf
2026-09-02 16:01:29 | INFO | PDF PRE-SCARTATO | markup non-CV | https://%{media_root_url}/image/upload/v1584379505/pms_training/intellio_teletransmission_fsedegradee.pdf
2026-09-02 16:01:29 | INFO | PDF PRE-SCARTATO | markup non-CV | https://%{media_root_url}/image/upload/v1649341216/tuv%20certifications/doctolib_tuevit_tcs.pdf
2026-09-02 16:01:29 | INFO | PDF PRE-SCARTATO | markup non-CV | https://%{media_root_url}/image/upload/v1649341216/tuv%20certifications/doctolib_tuevit_dataprivacy.pdf
2026-09-02 16:01:29 | INFO | PDF PRE-SCARTATO | markup non-CV | https://%{media_root_url}/image/upload/v1586961367/KV%20Declaration%20Form/Zertifizierter_Videodienstanbieter_Datenschutzcert_Formular.pdf
2026-09-02 16:01:29 | INFO | PDF PRE-SCARTATO | markup non-CV | https://%{media_root_url}/image/upload/mkg/file/doctolib_tuevit_dataprivacy.pdf
2026-09-02 16:01:29 | INFO | PDF PRE-SCARTATO | markup non-CV | https://%{media_root_url}/image/upload/v1607434983/Transparence_des_liens_-_LAP_-_de%CC%81claration_V4_m11n9b.pdf
2026-09-02 16:01:29 | INFO | PDF PRE-SCARTATO | markup non-CV | https://%{media_root_url}/image/upload/v1697629985/legal/Certification_HAS_du_LAP_Doctolib_20231017.pdf
2026-09-02 16:01:29 | INFO | PDF PRE-SCARTATO | markup non-CV | https://%{media_root_url}/image/upload/v1679994602/legal/B2B_CA_ACCETTAZIONEART.1341E1342C.C._GEN23_ITA.pdf
2026-09-02 16:01:29 | INFO | PDF PRE-SCARTATO | markup non-CV | https://%{media_root_url}/image/upload/v1679994602/legal/B2B_CA_ACCETTAZIONEART.1341E1342C.C._GEN23_ITA.pdf
2026-09-02 16:01:29 | INFO | PDF PRE-SCARTATO | markup non-CV | https://%{media_root_url}/image/upload/v1695113836/legal/B2B-Conditionsderogatoires-CA-SEP23-FR.pdf
2026-09-02 16:01:32 | INFO | DONE | Pers_Id=2606079 | 5.7s | SPECIALITA_TROVATA | specialita=Medicina Generale | cv=NO | cv_review=0
2026-09-02 16:01:34 | INFO | SEARCH API OK | serper | "CHIARA ABAGNALE" medico "San felice Circeo" | 2 risultati
2026-09-02 16:01:36 | INFO | SEARCH API OK | serper | "CHIARA ABAGNALE" medico specialista ospedale | 8 risultati
2026-09-02 16:01:38 | INFO | SEARCH API OK | serper | "CHIARA ABAGNALE" specializzazione OR specialista OR "medico di" | 8 risultati
2026-09-02 16:01:38 | INFO | HIT SUMMARY | Pers_Id=2606149 | query=3 | grezzi=16 | rilevanti=1 | provider={'serper': 7, 'brave': 0}
2026-09-02 16:01:42 | INFO | DONE | Pers_Id=2606149 | 9.8s | SPECIALITA_TROVATA | specialita=Medicina Generale | cv=NO | cv_review=0
2026-09-02 16:01:44 | INFO | SEARCH API OK | serper | "FEDERICA ABAGNALE" medico "Napoli" | 0 risultati
2026-09-02 16:01:45 | INFO | SEARCH API OK | serper | "FEDERICA ABAGNALE" medico specialista ospedale | 0 risultati
2026-09-02 16:01:47 | INFO | SEARCH API OK | serper | "FEDERICA ABAGNALE" specializzazione OR specialista OR "medico di" | 1 risultati
2026-09-02 16:01:47 | INFO | HIT SUMMARY | Pers_Id=2744181 | query=3 | grezzi=1 | rilevanti=0 | provider={'serper': 10, 'brave': 0}
2026-09-02 16:01:47 | INFO | DONE | Pers_Id=2744181 | 4.7s | NESSUN_RISULTATO | specialita=N/D | cv=NO | cv_review=0
2026-09-02 16:01:49 | INFO | SEARCH API OK | serper | "GIOVANNA ABAGNALE" medico "Napoli" | 4 risultati
2026-09-02 16:01:50 | INFO | SEARCH API OK | serper | "GIOVANNA ABAGNALE" medico specialista ospedale | 0 risultati
2026-09-02 16:01:52 | INFO | SEARCH API OK | serper | "GIOVANNA ABAGNALE" specializzazione OR specialista OR "medico di" | 0 risultati
2026-09-02 16:01:52 | INFO | HIT SUMMARY | Pers_Id=2744182 | query=3 | grezzi=4 | rilevanti=0 | provider={'serper': 13, 'brave': 0}
2026-09-02 16:01:52 | INFO | DONE | Pers_Id=2744182 | 5.1s | NESSUN_RISULTATO | specialita=N/D | cv=NO | cv_review=0
2026-09-02 16:01:52 | INFO | PROGRESS | 5/20 | 8.47 medici/min | ETA 1.8 min | {'SPECIALITA_TROVATA': 3, 'NESSUN_RISULTATO': 2} | API={'serper': 13, 'brave': 0}
2026-09-02 16:01:54 | INFO | SEARCH API OK | serper | "GIUSEPPE ABAGNALE" medico "GRAGNANO" | 8 risultati
2026-09-02 16:01:54 | INFO | HIT SUMMARY | Pers_Id=359717 | query=1 | grezzi=8 | rilevanti=1 | provider={'serper': 14, 'brave': 0}
2026-09-02 16:01:55 | INFO | PDF PRE-SCARTATO | markup non-CV | https://media.doctolib.com/image/upload/v1738603917/legal/Per_saperne_di_pi%C3%B9_sui_servizi_personalizzati.pdf
2026-09-02 16:01:55 | INFO | PDF PRE-SCARTATO | markup non-CV | https://media.doctolib.com/image/upload/v1747059391/legal/Per_saperne_di_pi%C3%B9_sulla_ricerca_e_lo_sviluppo_di_prodotti_innovativi.pdf
2026-09-02 16:01:55 | INFO | PDF PRE-SCARTATO | markup non-CV | https://esante.gouv.fr/sites/default/files/media_entity/documents/%5BINS%20au%20quotidien%5D%20Conduite%20à%20tenir%20en%20fonction%20du%20retour%20d%27INSi.pdf
2026-09-02 16:01:55 | INFO | PDF PRE-SCARTATO | markup non-CV | https://%{media_root_url}/image/upload/v1733825817/legal/B2C-PrivacyPolicy-DEC24-ITA.pdf
2026-09-02 16:01:55 | INFO | PDF PRE-SCARTATO | markup non-CV | https://%{media_root_url}/image/upload/v1708014384/legal/Adyen_CGU_ITA.pdf
2026-09-02 16:01:55 | INFO | PDF PRE-SCARTATO | markup non-CV | https://%{media_root_url}/image/upload/v1642696847/PrivacyPolicy-B2B-january-2022-Vdef_jx0yux.pdf
2026-09-02 16:01:55 | INFO | PDF PRE-SCARTATO | markup non-CV | https://%{media_root_url}/image/upload/v1643797392/Privacy-policy-B2B-ITA-Jan22-vdef_pkciyb.pdf
2026-09-02 16:01:55 | INFO | PDF PRE-SCARTATO | markup non-CV | https://%{media_root_url}/image/upload/v1614251120/legal/D%C3%89FINITIONS_patients.pdf
2026-09-02 16:01:55 | INFO | PDF PRE-SCARTATO | markup non-CV | https://%{media_root_url}/image/upload/v1657277812/legal/B2C-PrivacyPolicy-July-22-ITA.pdf
2026-09-02 16:01:55 | INFO | PDF PRE-SCARTATO | markup non-CV | https://%{media_root_url}/image/upload/v1733825817/legal/B2C-PrivacyPolicy-DEC24-ITA.pdf
2026-09-02 16:01:55 | INFO | PDF PRE-SCARTATO | markup non-CV | https://%{media_root_url}/image/upload/v1745330410/legal/B2C-VDEF-PP-APR-25-FR.pdf
2026-09-02 16:01:55 | INFO | PDF PRE-SCARTATO | markup non-CV | https://%{media_root_url}/image/upload/v1753974148/legal/B2C-PrivacyPolicy-JULY_25-DE.pdf
2026-09-02 16:01:55 | INFO | PDF PRE-SCARTATO | markup non-CV | https://%{media_root_url}/image/upload/v1733825817/legal/B2C-PrivacyPolicy-DEC24-ITA.pdf
2026-09-02 16:01:55 | INFO | PDF PRE-SCARTATO | markup non-CV | https://%{media_root_url}/image/upload/v1584379505/pms_training/intellio_teletransmission_fsedegradee.pdf
2026-09-02 16:01:55 | INFO | PDF PRE-SCARTATO | markup non-CV | https://%{media_root_url}/image/upload/v1649341216/tuv%20certifications/doctolib_tuevit_tcs.pdf
2026-09-02 16:01:55 | INFO | PDF PRE-SCARTATO | markup non-CV | https://%{media_root_url}/image/upload/v1649341216/tuv%20certifications/doctolib_tuevit_dataprivacy.pdf
2026-09-02 16:01:55 | INFO | PDF PRE-SCARTATO | markup non-CV | https://%{media_root_url}/image/upload/v1586961367/KV%20Declaration%20Form/Zertifizierter_Videodienstanbieter_Datenschutzcert_Formular.pdf
2026-09-02 16:01:55 | INFO | PDF PRE-SCARTATO | markup non-CV | https://%{media_root_url}/image/upload/mkg/file/doctolib_tuevit_dataprivacy.pdf
2026-09-02 16:01:55 | INFO | PDF PRE-SCARTATO | markup non-CV | https://%{media_root_url}/image/upload/v1607434983/Transparence_des_liens_-_LAP_-_de%CC%81claration_V4_m11n9b.pdf
2026-09-02 16:01:55 | INFO | PDF PRE-SCARTATO | markup non-CV | https://%{media_root_url}/image/upload/v1697629985/legal/Certification_HAS_du_LAP_Doctolib_20231017.pdf
2026-09-02 16:01:55 | INFO | PDF PRE-SCARTATO | markup non-CV | https://%{media_root_url}/image/upload/v1679994602/legal/B2B_CA_ACCETTAZIONEART.1341E1342C.C._GEN23_ITA.pdf
2026-09-02 16:01:55 | INFO | PDF PRE-SCARTATO | markup non-CV | https://%{media_root_url}/image/upload/v1679994602/legal/B2B_CA_ACCETTAZIONEART.1341E1342C.C._GEN23_ITA.pdf
2026-09-02 16:01:55 | INFO | PDF PRE-SCARTATO | markup non-CV | https://%{media_root_url}/image/upload/v1695113836/legal/B2B-Conditionsderogatoires-CA-SEP23-FR.pdf
2026-09-02 16:01:55 | INFO | DONE | Pers_Id=359717 | 3.0s | SPECIALITA_TROVATA | specialita=Medicina Generale | cv=NO | cv_review=0
2026-09-02 16:01:56 | INFO | SEARCH API OK | serper | "LUCIA ABAGNALE" medico "Santa Maria la Carità" | 0 risultati
2026-09-02 16:01:58 | INFO | SEARCH API OK | serper | "LUCIA ABAGNALE" medico specialista ospedale | 1 risultati
2026-09-02 16:01:59 | INFO | SEARCH API OK | serper | "LUCIA ABAGNALE" specializzazione OR specialista OR "medico di" | 8 risultati
2026-09-02 16:01:59 | INFO | HIT SUMMARY | Pers_Id=2606156 | query=3 | grezzi=9 | rilevanti=1 | provider={'serper': 17, 'brave': 0}
2026-09-02 16:02:07 | INFO | LANDING SCARTATA | Pers_Id=2606156 | nome completo assente dalla pagina | https://burc.regione.campania.it/eBurcWeb/directServlet?DOCUMENT_ID=00108224&ATTACH_ID=160875
2026-09-02 16:02:07 | INFO | DONE | Pers_Id=2606156 | 12.2s | NESSUN_RISULTATO | specialita=N/D | cv=NO | cv_review=0
2026-09-02 16:02:09 | INFO | SEARCH API OK | serper | "CHIARA ABALOTTI" medico "CORNEDO VICENTINO" | 8 risultati
2026-09-02 16:02:10 | INFO | SEARCH API OK | serper | "CHIARA ABALOTTI" medico specialista ospedale | 2 risultati
2026-09-02 16:02:12 | INFO | SEARCH API OK | serper | "CHIARA ABALOTTI" specializzazione OR specialista OR "medico di" | 8 risultati
2026-09-02 16:02:12 | INFO | HIT SUMMARY | Pers_Id=1188728 | query=3 | grezzi=13 | rilevanti=2 | provider={'serper': 20, 'brave': 0}
2026-09-02 16:02:17 | INFO | PDF PRE-SCARTATO | markup non-CV | https://media.doctolib.com/image/upload/v1738603917/legal/Per_saperne_di_pi%C3%B9_sui_servizi_personalizzati.pdf
2026-09-02 16:02:17 | INFO | PDF PRE-SCARTATO | markup non-CV | https://media.doctolib.com/image/upload/v1747059391/legal/Per_saperne_di_pi%C3%B9_sulla_ricerca_e_lo_sviluppo_di_prodotti_innovativi.pdf
2026-09-02 16:02:17 | INFO | PDF PRE-SCARTATO | markup non-CV | https://esante.gouv.fr/sites/default/files/media_entity/documents/%5BINS%20au%20quotidien%5D%20Conduite%20à%20tenir%20en%20fonction%20du%20retour%20d%27INSi.pdf
2026-09-02 16:02:17 | INFO | PDF PRE-SCARTATO | markup non-CV | https://%{media_root_url}/image/upload/v1733825817/legal/B2C-PrivacyPolicy-DEC24-ITA.pdf
2026-09-02 16:02:17 | INFO | PDF PRE-SCARTATO | markup non-CV | https://%{media_root_url}/image/upload/v1708014384/legal/Adyen_CGU_ITA.pdf
2026-09-02 16:02:17 | INFO | PDF PRE-SCARTATO | markup non-CV | https://%{media_root_url}/image/upload/v1642696847/PrivacyPolicy-B2B-january-2022-Vdef_jx0yux.pdf
2026-09-02 16:02:17 | INFO | PDF PRE-SCARTATO | markup non-CV | https://%{media_root_url}/image/upload/v1643797392/Privacy-policy-B2B-ITA-Jan22-vdef_pkciyb.pdf
2026-09-02 16:02:17 | INFO | PDF PRE-SCARTATO | markup non-CV | https://%{media_root_url}/image/upload/v1614251120/legal/D%C3%89FINITIONS_patients.pdf
2026-09-02 16:02:17 | INFO | PDF PRE-SCARTATO | markup non-CV | https://%{media_root_url}/image/upload/v1657277812/legal/B2C-PrivacyPolicy-July-22-ITA.pdf
2026-09-02 16:02:17 | INFO | PDF PRE-SCARTATO | markup non-CV | https://%{media_root_url}/image/upload/v1733825817/legal/B2C-PrivacyPolicy-DEC24-ITA.pdf
2026-09-02 16:02:17 | INFO | PDF PRE-SCARTATO | markup non-CV | https://%{media_root_url}/image/upload/v1745330410/legal/B2C-VDEF-PP-APR-25-FR.pdf
2026-09-02 16:02:17 | INFO | PDF PRE-SCARTATO | markup non-CV | https://%{media_root_url}/image/upload/v1753974148/legal/B2C-PrivacyPolicy-JULY_25-DE.pdf
2026-09-02 16:02:17 | INFO | PDF PRE-SCARTATO | markup non-CV | https://%{media_root_url}/image/upload/v1733825817/legal/B2C-PrivacyPolicy-DEC24-ITA.pdf
2026-09-02 16:02:17 | INFO | PDF PRE-SCARTATO | markup non-CV | https://%{media_root_url}/image/upload/v1584379505/pms_training/intellio_teletransmission_fsedegradee.pdf
2026-09-02 16:02:17 | INFO | PDF PRE-SCARTATO | markup non-CV | https://%{media_root_url}/image/upload/v1649341216/tuv%20certifications/doctolib_tuevit_tcs.pdf
2026-09-02 16:02:17 | INFO | PDF PRE-SCARTATO | markup non-CV | https://%{media_root_url}/image/upload/v1649341216/tuv%20certifications/doctolib_tuevit_dataprivacy.pdf
2026-09-02 16:02:17 | INFO | PDF PRE-SCARTATO | markup non-CV | https://%{media_root_url}/image/upload/v1586961367/KV%20Declaration%20Form/Zertifizierter_Videodienstanbieter_Datenschutzcert_Formular.pdf
2026-09-02 16:02:17 | INFO | PDF PRE-SCARTATO | markup non-CV | https://%{media_root_url}/image/upload/mkg/file/doctolib_tuevit_dataprivacy.pdf
2026-09-02 16:02:17 | INFO | PDF PRE-SCARTATO | markup non-CV | https://%{media_root_url}/image/upload/v1607434983/Transparence_des_liens_-_LAP_-_de%CC%81claration_V4_m11n9b.pdf
2026-09-02 16:02:17 | INFO | PDF PRE-SCARTATO | markup non-CV | https://%{media_root_url}/image/upload/v1697629985/legal/Certification_HAS_du_LAP_Doctolib_20231017.pdf
2026-09-02 16:02:17 | INFO | PDF PRE-SCARTATO | markup non-CV | https://%{media_root_url}/image/upload/v1679994602/legal/B2B_CA_ACCETTAZIONEART.1341E1342C.C._GEN23_ITA.pdf
2026-09-02 16:02:17 | INFO | PDF PRE-SCARTATO | markup non-CV | https://%{media_root_url}/image/upload/v1679994602/legal/B2B_CA_ACCETTAZIONEART.1341E1342C.C._GEN23_ITA.pdf
2026-09-02 16:02:17 | INFO | PDF PRE-SCARTATO | markup non-CV | https://%{media_root_url}/image/upload/v1695113836/legal/B2B-Conditionsderogatoires-CA-SEP23-FR.pdf
2026-09-02 16:02:17 | INFO | DONE | Pers_Id=1188728 | 9.8s | DA_VERIFICARE | specialita=N/D | cv=NO | cv_review=0
2026-09-02 16:02:18 | INFO | SEARCH API OK | serper | "MARIA VITTORIA ABALSAMO" medico "ROMA" | 8 risultati
2026-09-02 16:02:18 | INFO | HIT SUMMARY | Pers_Id=436708 | query=1 | grezzi=8 | rilevanti=2 | provider={'serper': 21, 'brave': 0}
2026-09-02 16:02:20 | INFO | PDF PRE-SCARTATO | markup non-CV | https://media.doctolib.com/image/upload/v1738603917/legal/Per_saperne_di_pi%C3%B9_sui_servizi_personalizzati.pdf
2026-09-02 16:02:20 | INFO | PDF PRE-SCARTATO | markup non-CV | https://media.doctolib.com/image/upload/v1747059391/legal/Per_saperne_di_pi%C3%B9_sulla_ricerca_e_lo_sviluppo_di_prodotti_innovativi.pdf
2026-09-02 16:02:20 | INFO | PDF PRE-SCARTATO | markup non-CV | https://esante.gouv.fr/sites/default/files/media_entity/documents/%5BINS%20au%20quotidien%5D%20Conduite%20à%20tenir%20en%20fonction%20du%20retour%20d%27INSi.pdf
2026-09-02 16:02:20 | INFO | PDF PRE-SCARTATO | markup non-CV | https://%{media_root_url}/image/upload/v1733825817/legal/B2C-PrivacyPolicy-DEC24-ITA.pdf
2026-09-02 16:02:20 | INFO | PDF PRE-SCARTATO | markup non-CV | https://%{media_root_url}/image/upload/v1708014384/legal/Adyen_CGU_ITA.pdf
2026-09-02 16:02:20 | INFO | PDF PRE-SCARTATO | markup non-CV | https://%{media_root_url}/image/upload/v1642696847/PrivacyPolicy-B2B-january-2022-Vdef_jx0yux.pdf
2026-09-02 16:02:20 | INFO | PDF PRE-SCARTATO | markup non-CV | https://%{media_root_url}/image/upload/v1643797392/Privacy-policy-B2B-ITA-Jan22-vdef_pkciyb.pdf
2026-09-02 16:02:20 | INFO | PDF PRE-SCARTATO | markup non-CV | https://%{media_root_url}/image/upload/v1614251120/legal/D%C3%89FINITIONS_patients.pdf
2026-09-02 16:02:20 | INFO | PDF PRE-SCARTATO | markup non-CV | https://%{media_root_url}/image/upload/v1657277812/legal/B2C-PrivacyPolicy-July-22-ITA.pdf
2026-09-02 16:02:20 | INFO | PDF PRE-SCARTATO | markup non-CV | https://%{media_root_url}/image/upload/v1733825817/legal/B2C-PrivacyPolicy-DEC24-ITA.pdf
2026-09-02 16:02:20 | INFO | PDF PRE-SCARTATO | markup non-CV | https://%{media_root_url}/image/upload/v1745330410/legal/B2C-VDEF-PP-APR-25-FR.pdf
2026-09-02 16:02:20 | INFO | PDF PRE-SCARTATO | markup non-CV | https://%{media_root_url}/image/upload/v1753974148/legal/B2C-PrivacyPolicy-JULY_25-DE.pdf
2026-09-02 16:02:20 | INFO | PDF PRE-SCARTATO | markup non-CV | https://%{media_root_url}/image/upload/v1733825817/legal/B2C-PrivacyPolicy-DEC24-ITA.pdf
2026-09-02 16:02:20 | INFO | PDF PRE-SCARTATO | markup non-CV | https://%{media_root_url}/image/upload/v1584379505/pms_training/intellio_teletransmission_fsedegradee.pdf
2026-09-02 16:02:20 | INFO | PDF PRE-SCARTATO | markup non-CV | https://%{media_root_url}/image/upload/v1649341216/tuv%20certifications/doctolib_tuevit_tcs.pdf
2026-09-02 16:02:20 | INFO | PDF PRE-SCARTATO | markup non-CV | https://%{media_root_url}/image/upload/v1649341216/tuv%20certifications/doctolib_tuevit_dataprivacy.pdf
2026-09-02 16:02:20 | INFO | PDF PRE-SCARTATO | markup non-CV | https://%{media_root_url}/image/upload/v1586961367/KV%20Declaration%20Form/Zertifizierter_Videodienstanbieter_Datenschutzcert_Formular.pdf
2026-09-02 16:02:20 | INFO | PDF PRE-SCARTATO | markup non-CV | https://%{media_root_url}/image/upload/mkg/file/doctolib_tuevit_dataprivacy.pdf
2026-09-02 16:02:21 | INFO | PDF PRE-SCARTATO | markup non-CV | https://%{media_root_url}/image/upload/v1607434983/Transparence_des_liens_-_LAP_-_de%CC%81claration_V4_m11n9b.pdf
2026-09-02 16:02:21 | INFO | PDF PRE-SCARTATO | markup non-CV | https://%{media_root_url}/image/upload/v1697629985/legal/Certification_HAS_du_LAP_Doctolib_20231017.pdf
2026-09-02 16:02:21 | INFO | PDF PRE-SCARTATO | markup non-CV | https://%{media_root_url}/image/upload/v1679994602/legal/B2B_CA_ACCETTAZIONEART.1341E1342C.C._GEN23_ITA.pdf
2026-09-02 16:02:21 | INFO | PDF PRE-SCARTATO | markup non-CV | https://%{media_root_url}/image/upload/v1679994602/legal/B2B_CA_ACCETTAZIONEART.1341E1342C.C._GEN23_ITA.pdf
2026-09-02 16:02:21 | INFO | PDF PRE-SCARTATO | markup non-CV | https://%{media_root_url}/image/upload/v1695113836/legal/B2B-Conditionsderogatoires-CA-SEP23-FR.pdf
2026-09-02 16:02:21 | INFO | DONE | Pers_Id=436708 | 3.6s | SPECIALITA_TROVATA | specialita=Medicina Generale | cv=NO | cv_review=0
2026-09-02 16:02:22 | INFO | SEARCH API OK | serper | "MARIA ABASCHINA" medico "MONTELUPONE" | 2 risultati
2026-09-02 16:02:22 | INFO | HIT SUMMARY | Pers_Id=1219520 | query=1 | grezzi=2 | rilevanti=1 | provider={'serper': 22, 'brave': 0}
2026-09-02 16:02:23 | INFO | PDF PRE-SCARTATO | markup non-CV | https://media.doctolib.com/image/upload/v1738603917/legal/Per_saperne_di_pi%C3%B9_sui_servizi_personalizzati.pdf
2026-09-02 16:02:23 | INFO | PDF PRE-SCARTATO | markup non-CV | https://media.doctolib.com/image/upload/v1747059391/legal/Per_saperne_di_pi%C3%B9_sulla_ricerca_e_lo_sviluppo_di_prodotti_innovativi.pdf
2026-09-02 16:02:23 | INFO | PDF PRE-SCARTATO | markup non-CV | https://esante.gouv.fr/sites/default/files/media_entity/documents/%5BINS%20au%20quotidien%5D%20Conduite%20à%20tenir%20en%20fonction%20du%20retour%20d%27INSi.pdf
2026-09-02 16:02:23 | INFO | PDF PRE-SCARTATO | markup non-CV | https://%{media_root_url}/image/upload/v1733825817/legal/B2C-PrivacyPolicy-DEC24-ITA.pdf
2026-09-02 16:02:23 | INFO | PDF PRE-SCARTATO | markup non-CV | https://%{media_root_url}/image/upload/v1708014384/legal/Adyen_CGU_ITA.pdf
2026-09-02 16:02:23 | INFO | PDF PRE-SCARTATO | markup non-CV | https://%{media_root_url}/image/upload/v1642696847/PrivacyPolicy-B2B-january-2022-Vdef_jx0yux.pdf
2026-09-02 16:02:23 | INFO | PDF PRE-SCARTATO | markup non-CV | https://%{media_root_url}/image/upload/v1643797392/Privacy-policy-B2B-ITA-Jan22-vdef_pkciyb.pdf
2026-09-02 16:02:23 | INFO | PDF PRE-SCARTATO | markup non-CV | https://%{media_root_url}/image/upload/v1614251120/legal/D%C3%89FINITIONS_patients.pdf
2026-09-02 16:02:23 | INFO | PDF PRE-SCARTATO | markup non-CV | https://%{media_root_url}/image/upload/v1657277812/legal/B2C-PrivacyPolicy-July-22-ITA.pdf
2026-09-02 16:02:23 | INFO | PDF PRE-SCARTATO | markup non-CV | https://%{media_root_url}/image/upload/v1733825817/legal/B2C-PrivacyPolicy-DEC24-ITA.pdf
2026-09-02 16:02:23 | INFO | PDF PRE-SCARTATO | markup non-CV | https://%{media_root_url}/image/upload/v1745330410/legal/B2C-VDEF-PP-APR-25-FR.pdf
2026-09-02 16:02:23 | INFO | PDF PRE-SCARTATO | markup non-CV | https://%{media_root_url}/image/upload/v1753974148/legal/B2C-PrivacyPolicy-JULY_25-DE.pdf
2026-09-02 16:02:23 | INFO | PDF PRE-SCARTATO | markup non-CV | https://%{media_root_url}/image/upload/v1733825817/legal/B2C-PrivacyPolicy-DEC24-ITA.pdf
2026-09-02 16:02:23 | INFO | PDF PRE-SCARTATO | markup non-CV | https://%{media_root_url}/image/upload/v1584379505/pms_training/intellio_teletransmission_fsedegradee.pdf
2026-09-02 16:02:23 | INFO | PDF PRE-SCARTATO | markup non-CV | https://%{media_root_url}/image/upload/v1649341216/tuv%20certifications/doctolib_tuevit_tcs.pdf
2026-09-02 16:02:23 | INFO | PDF PRE-SCARTATO | markup non-CV | https://%{media_root_url}/image/upload/v1649341216/tuv%20certifications/doctolib_tuevit_dataprivacy.pdf
2026-09-02 16:02:23 | INFO | PDF PRE-SCARTATO | markup non-CV | https://%{media_root_url}/image/upload/v1586961367/KV%20Declaration%20Form/Zertifizierter_Videodienstanbieter_Datenschutzcert_Formular.pdf
2026-09-02 16:02:23 | INFO | PDF PRE-SCARTATO | markup non-CV | https://%{media_root_url}/image/upload/mkg/file/doctolib_tuevit_dataprivacy.pdf
2026-09-02 16:02:23 | INFO | PDF PRE-SCARTATO | markup non-CV | https://%{media_root_url}/image/upload/v1607434983/Transparence_des_liens_-_LAP_-_de%CC%81claration_V4_m11n9b.pdf
2026-09-02 16:02:23 | INFO | PDF PRE-SCARTATO | markup non-CV | https://%{media_root_url}/image/upload/v1697629985/legal/Certification_HAS_du_LAP_Doctolib_20231017.pdf
2026-09-02 16:02:23 | INFO | PDF PRE-SCARTATO | markup non-CV | https://%{media_root_url}/image/upload/v1679994602/legal/B2B_CA_ACCETTAZIONEART.1341E1342C.C._GEN23_ITA.pdf
2026-09-02 16:02:23 | INFO | PDF PRE-SCARTATO | markup non-CV | https://%{media_root_url}/image/upload/v1679994602/legal/B2B_CA_ACCETTAZIONEART.1341E1342C.C._GEN23_ITA.pdf
2026-09-02 16:02:23 | INFO | PDF PRE-SCARTATO | markup non-CV | https://%{media_root_url}/image/upload/v1695113836/legal/B2B-Conditionsderogatoires-CA-SEP23-FR.pdf
2026-09-02 16:02:23 | INFO | DONE | Pers_Id=1219520 | 2.7s | SPECIALITA_TROVATA | specialita=Medicina Generale | cv=NO | cv_review=0
2026-09-02 16:02:43 | INFO | CHECKPOINT | 10/20 | C:\Dev\Niko\scriptRicerca\output\risultatiMedici.xlsx
2026-09-02 16:02:43 | INFO | PROGRESS | 10/20 | 6.91 medici/min | ETA 1.4 min | {'SPECIALITA_TROVATA': 6, 'NESSUN_RISULTATO': 3, 'DA_VERIFICARE': 1} | API={'serper': 22, 'brave': 0}
2026-09-02 16:02:45 | INFO | SEARCH API OK | serper | "NATALIYA VOLODYMYRIVNA ABASKALOVA" medico "Grosseto" | 0 risultati
2026-09-02 16:02:46 | INFO | SEARCH API OK | serper | "NATALIYA VOLODYMYRIVNA ABASKALOVA" medico specialista ospedale | 0 risultati
2026-09-02 16:02:48 | INFO | SEARCH API OK | serper | "NATALIYA VOLODYMYRIVNA ABASKALOVA" specializzazione OR specialista OR "medico di" | 1 risultati
2026-09-02 16:02:48 | INFO | HIT SUMMARY | Pers_Id=1784532 | query=3 | grezzi=1 | rilevanti=0 | provider={'serper': 25, 'brave': 0}
2026-09-02 16:02:48 | INFO | DONE | Pers_Id=1784532 | 4.4s | NESSUN_RISULTATO | specialita=N/D | cv=NO | cv_review=0
2026-09-02 16:02:49 | INFO | SEARCH API OK | serper | "GIULIO ABATANGELO" medico "Padova" | 3 risultati
2026-09-02 16:02:51 | INFO | SEARCH API OK | serper | "GIULIO ABATANGELO" medico specialista ospedale | 1 risultati
2026-09-02 16:02:52 | INFO | SEARCH API OK | serper | "GIULIO ABATANGELO" specializzazione OR specialista OR "medico di" | 4 risultati
2026-09-02 16:02:52 | INFO | HIT SUMMARY | Pers_Id=2806591 | query=3 | grezzi=6 | rilevanti=0 | provider={'serper': 28, 'brave': 0}
2026-09-02 16:02:52 | INFO | DONE | Pers_Id=2806591 | 4.0s | NESSUN_RISULTATO | specialita=N/D | cv=NO | cv_review=0
2026-09-02 16:02:53 | INFO | SEARCH API OK | serper | "SILVIA ABATANGELO" medico "Prato" | 6 risultati
2026-09-02 16:02:55 | INFO | SEARCH API OK | serper | "SILVIA ABATANGELO" medico specialista ospedale | 2 risultati
2026-09-02 16:02:57 | INFO | SEARCH API OK | serper | "SILVIA ABATANGELO" specializzazione OR specialista OR "medico di" | 4 risultati
2026-09-02 16:02:57 | INFO | HIT SUMMARY | Pers_Id=2745192 | query=3 | grezzi=9 | rilevanti=0 | provider={'serper': 31, 'brave': 0}
2026-09-02 16:02:57 | INFO | DONE | Pers_Id=2745192 | 5.1s | NESSUN_RISULTATO | specialita=N/D | cv=NO | cv_review=0
2026-09-02 16:02:58 | INFO | SEARCH API OK | serper | "ANDREA ABATE" medico "Milano" | 8 risultati
2026-09-02 16:03:01 | INFO | SEARCH API OK | serper | "ANDREA ABATE" medico specialista ospedale | 8 risultati
2026-09-02 16:03:01 | INFO | HIT SUMMARY | Pers_Id=2607465 | query=2 | grezzi=14 | rilevanti=3 | provider={'serper': 33, 'brave': 0}
2026-09-02 16:03:07 | INFO | CV SCARTATO | 2607465 | https://portale.fnomceo.it/wp-content/uploads/2018/09/PROGRAMMA-INTEGRALE-FORUMRISK13_WEB.pdf | Nome/cognome non verificati.
2026-09-02 16:03:13 | INFO | DONE | Pers_Id=2607465 | 15.9s | DA_VERIFICARE | specialita=N/D | cv=NO | cv_review=0
2026-09-02 16:03:15 | INFO | SEARCH API OK | serper | "ANGELA MARIA ABATE" medico "MONCALIERI" | 0 risultati
2026-09-02 16:03:17 | INFO | SEARCH API OK | serper | "ANGELA MARIA ABATE" medico specialista ospedale | 0 risultati
2026-09-02 16:03:19 | INFO | SEARCH API OK | serper | "ANGELA MARIA ABATE" specializzazione OR specialista OR "medico di" | 3 risultati
2026-09-02 16:03:19 | INFO | HIT SUMMARY | Pers_Id=1222252 | query=3 | grezzi=3 | rilevanti=2 | provider={'serper': 36, 'brave': 0}
2026-09-02 16:03:20 | INFO | PDF PRE-SCARTATO | landing non-CV | https://1337ugc.de/wp-content/uploads/1337_UGC_Mediakit.pdf
2026-09-02 16:03:20 | INFO | PDF PRE-SCARTATO | markup non-CV | https://1337ugc.de/wp-content/uploads/1337_UGC_Mediakit.pdf
2026-09-02 16:03:20 | INFO | PDF PRE-SCARTATO | Pers_Id=1222252 | filtro finale landing | https://www.oraridiapertura24.it/filiale/Nichelino-Dott.ssa%2520Abate%2520Angela%2520Maria-3828217V.html
2026-09-02 16:03:22 | INFO | PDF PRE-SCARTATO | landing non-CV | https://1337ugc.de/wp-content/uploads/1337_UGC_Mediakit.pdf
2026-09-02 16:03:22 | INFO | PDF PRE-SCARTATO | markup non-CV | https://1337ugc.de/wp-content/uploads/1337_UGC_Mediakit.pdf
2026-09-02 16:03:22 | INFO | PDF PRE-SCARTATO | Pers_Id=1222252 | filtro finale landing | https://www.oraridiapertura24.it/filiale/Nichelino-Dott.ssa%2520Abate%2520Angela%2520Maria-2929555U.html
2026-09-02 16:03:22 | INFO | DONE | Pers_Id=1222252 | 9.0s | SPECIALITA_TROVATA | specialita=Medicina Generale | cv=NO | cv_review=0
2026-09-02 16:03:22 | INFO | PROGRESS | 15/20 | 7.18 medici/min | ETA 0.7 min | {'SPECIALITA_TROVATA': 7, 'NESSUN_RISULTATO': 6, 'DA_VERIFICARE': 2} | API={'serper': 36, 'brave': 0}
2026-09-02 16:03:24 | INFO | SEARCH API OK | serper | "ANTONIO HERMES ABATE" medico "Verona" | 0 risultati
2026-09-02 16:03:26 | INFO | SEARCH API OK | serper | "ANTONIO HERMES ABATE" medico specialista ospedale | 0 risultati
2026-09-02 16:03:28 | INFO | SEARCH API OK | serper | "ANTONIO HERMES ABATE" specializzazione OR specialista OR "medico di" | 1 risultati
2026-09-02 16:03:28 | INFO | HIT SUMMARY | Pers_Id=2463758 | query=3 | grezzi=1 | rilevanti=0 | provider={'serper': 39, 'brave': 0}
2026-09-02 16:03:28 | INFO | DONE | Pers_Id=2463758 | 6.3s | NESSUN_RISULTATO | specialita=N/D | cv=NO | cv_review=0
2026-09-02 16:03:29 | INFO | SEARCH API OK | serper | "ASSUNTA ABATE" medico "FIRENZE" | 7 risultati
2026-09-02 16:03:31 | INFO | SEARCH API OK | serper | "ASSUNTA ABATE" medico specialista ospedale | 7 risultati
2026-09-02 16:03:36 | INFO | SEARCH API OK | serper | "ASSUNTA ABATE" specializzazione OR specialista OR "medico di" | 8 risultati
2026-09-02 16:03:36 | INFO | HIT SUMMARY | Pers_Id=2162965 | query=3 | grezzi=17 | rilevanti=1 | provider={'serper': 42, 'brave': 0}
2026-09-02 16:03:38 | INFO | DONE | Pers_Id=2162965 | 10.3s | DA_VERIFICARE | specialita=N/D | cv=NO | cv_review=0
2026-09-02 16:03:41 | INFO | SEARCH API OK | serper | "BIAGIO ABATE" medico "Montesarchio" | 4 risultati
2026-09-02 16:03:43 | INFO | SEARCH API OK | serper | "BIAGIO ABATE" medico specialista ospedale | 8 risultati
2026-09-02 16:03:45 | INFO | SEARCH API OK | serper | "BIAGIO ABATE" specializzazione OR specialista OR "medico di" | 0 risultati
2026-09-02 16:03:45 | INFO | HIT SUMMARY | Pers_Id=2607461 | query=3 | grezzi=12 | rilevanti=0 | provider={'serper': 45, 'brave': 0}
2026-09-02 16:03:45 | INFO | DONE | Pers_Id=2607461 | 6.5s | NESSUN_RISULTATO | specialita=N/D | cv=NO | cv_review=0
2026-09-02 16:03:46 | INFO | SEARCH API OK | serper | "BIAGIO ABATE" medico "Agrigento" | 2 risultati
2026-09-02 16:03:49 | INFO | SEARCH API OK | serper | "BIAGIO ABATE" medico specialista ospedale | 8 risultati
2026-09-02 16:03:50 | INFO | SEARCH API OK | serper | "BIAGIO ABATE" specializzazione OR specialista OR "medico di" | 8 risultati
2026-09-02 16:03:50 | INFO | HIT SUMMARY | Pers_Id=2806593 | query=3 | grezzi=14 | rilevanti=0 | provider={'serper': 48, 'brave': 0}
2026-09-02 16:03:50 | INFO | DONE | Pers_Id=2806593 | 5.0s | NESSUN_RISULTATO | specialita=N/D | cv=NO | cv_review=0
2026-09-02 16:03:52 | INFO | SEARCH API OK | serper | "CLAUDIA ABATE" medico "Milazzo" | 4 risultati
2026-09-02 16:03:54 | INFO | SEARCH API OK | serper | "CLAUDIA ABATE" medico specialista ospedale | 7 risultati
2026-09-02 16:03:54 | INFO | HIT SUMMARY | Pers_Id=2607462 | query=2 | grezzi=11 | rilevanti=3 | provider={'serper': 50, 'brave': 0}
2026-09-02 16:04:12 | INFO | DONE | Pers_Id=2607462 | 22.1s | SPECIALITA_TROVATA | specialita=Ortopedia e Traumatologia | cv=NO | cv_review=0
2026-09-02 16:04:32 | INFO | CHECKPOINT | 20/20 | C:\Dev\Niko\scriptRicerca\output\risultatiMedici.xlsx
2026-09-02 16:04:32 | INFO | PROGRESS | 20/20 | 6.15 medici/min | ETA 0.0 min | {'SPECIALITA_TROVATA': 8, 'NESSUN_RISULTATO': 9, 'DA_VERIFICARE': 3} | API={'serper': 50, 'brave': 0}
2026-09-02 16:04:52 | INFO | ==============================================================================
2026-09-02 16:04:52 | INFO | FINE | 3.6 min | {'SPECIALITA_TROVATA': 8, 'NESSUN_RISULTATO': 9, 'DA_VERIFICARE': 3}
2026-09-02 16:04:52 | INFO | API REQUESTS | totale=50 | {'serper': 50, 'brave': 0}
2026-09-02 16:04:52 | INFO | OUTPUT | C:\Dev\Niko\scriptRicerca\output\risultatiMedici.xlsx
2026-09-02 16:04:52 | INFO | ==============================================================================
