2026-09-02 14:46:00 | INFO | ==============================================================================
2026-09-02 14:46:00 | INFO | V4.1 MEDICI - SEARCH API STABLE + AUTH FAIL-FAST
2026-09-02 14:46:00 | INFO | Input: C:\Dev\Niko\scriptRicerca\input\scriptMedici.xlsx
2026-09-02 14:46:00 | INFO | Output: C:\Dev\Niko\scriptRicerca\output\risultatiMedici.xlsx
2026-09-02 14:46:00 | INFO | Provider: serper
2026-09-02 14:46:00 | INFO | Deep: False
2026-09-02 14:46:00 | INFO | Search results: 8
2026-09-02 14:46:00 | INFO | Max searches/persona: 2 (+1 con --deep)
2026-09-02 14:46:00 | INFO | Delay: 0.1 - 0.3 sec
2026-09-02 14:46:00 | INFO | CV sicuri dir: C:\Dev\Niko\scriptRicerca\cv_medici
2026-09-02 14:46:00 | INFO | CV da verificare dir: C:\Dev\Niko\scriptRicerca\cv_medici_da_verificare
2026-09-02 14:46:00 | INFO | Cache dir: C:\Dev\Niko\scriptRicerca\cache_medici
2026-09-02 14:46:00 | INFO | Log: logs\run_medici_20260902_144448.log
2026-09-02 14:46:00 | INFO | ==============================================================================
2026-09-02 14:46:00 | INFO | Medici da elaborare: 1
2026-09-02 14:46:01 | ERROR | SEARCH API AUTH FAIL | serper | Serper autenticazione rifiutata HTTP 403. Controlla che SERPER_API_KEY sia corretta, attiva e associata a un account con accesso API.
2026-09-02 14:46:01 | ERROR | AUTH SEARCH API | Serper autenticazione rifiutata HTTP 403. Controlla che SERPER_API_KEY sia corretta, attiva e associata a un account con accesso API.
2026-09-02 14:46:01 | INFO | PROGRESS | 1/1 | 80.07 medici/min | ETA 0.0 min | {'BLOCCATO_AUTENTICAZIONE_API': 1} | API={'serper': 1, 'brave': 0}
2026-09-02 14:46:21 | ERROR | STOP | Autenticazione Search API rifiutata.
2026-09-02 14:46:41 | INFO | ==============================================================================
2026-09-02 14:46:41 | INFO | FINE | 0.7 min | {'BLOCCATO_AUTENTICAZIONE_API': 1}
2026-09-02 14:46:41 | INFO | API REQUESTS | totale=1 | {'serper': 1, 'brave': 0}
2026-09-02 14:46:41 | INFO | OUTPUT | C:\Dev\Niko\scriptRicerca\output\risultatiMedici.xlsx
2026-09-02 14:46:41 | INFO | ==============================================================================
