2026-09-09 10:00:04 | INFO | Importazione e controllo di tutto l’archivio: input\scriptMedici.xlsx
2026-09-09 10:00:06 | INFO | Archivio: 81331 persone; 2378 nomi ripetuti
2026-09-09 10:01:23 | INFO | Documenti elaborati in questa esecuzione: 50; richieste HTTP: 51
2026-09-09 10:02:49 | INFO | Documenti elaborati in questa esecuzione: 100; richieste HTTP: 101
2026-09-09 10:03:52 | INFO | Documenti elaborati in questa esecuzione: 150; richieste HTTP: 151
2026-09-09 10:04:49 | INFO | Documenti elaborati in questa esecuzione: 200; richieste HTTP: 201
2026-09-09 10:05:44 | INFO | Documenti elaborati in questa esecuzione: 250; richieste HTTP: 251
2026-09-09 10:06:43 | INFO | Documenti elaborati in questa esecuzione: 300; richieste HTTP: 301
2026-09-09 10:07:41 | INFO | Documenti elaborati in questa esecuzione: 350; richieste HTTP: 351
2026-09-09 10:08:41 | INFO | Documenti elaborati in questa esecuzione: 400; richieste HTTP: 401
2026-09-09 10:09:42 | INFO | Documenti elaborati in questa esecuzione: 450; richieste HTTP: 451
2026-09-09 10:10:32 | INFO | Documenti elaborati in questa esecuzione: 500; richieste HTTP: 501
2026-09-09 10:11:07 | INFO | CHECKPOINT MASSIVO | documenti=500 | report=C:\Dev\Niko\Python\scriptRicerca\output\risultato_massivo_recuperato.xlsx | stati={'NON_COPERTO_DALLE_FONTI': 63782, 'DISCIPLINA_DICHIARATA_NEL_PROFILO': 5737, 'EVIDENZA_NON_CONFERMATA': 2298, 'SPECIALITA_CON_IDENTITA_NOMINALE': 3762, 'FONTE_NON_ACCESSIBILE': 29, 'IN_CODA': 2148, 'PROFILO_CON_IDENTITA_NOMINALE': 3537, 'IDENTITA_CONFERMATA_SENZA_TITOLO': 21, 'SPECIALITA_DOCUMENTATA': 17}
2026-09-09 10:12:03 | INFO | Documenti elaborati in questa esecuzione: 550; richieste HTTP: 551
2026-09-09 10:13:02 | INFO | Documenti elaborati in questa esecuzione: 600; richieste HTTP: 602
2026-09-09 10:14:00 | INFO | Documenti elaborati in questa esecuzione: 650; richieste HTTP: 652
2026-09-09 10:14:51 | INFO | Documenti elaborati in questa esecuzione: 700; richieste HTTP: 702
2026-09-09 10:15:51 | INFO | Documenti elaborati in questa esecuzione: 750; richieste HTTP: 752
2026-09-09 10:16:51 | INFO | Documenti elaborati in questa esecuzione: 800; richieste HTTP: 802
2026-09-09 10:17:45 | INFO | Documenti elaborati in questa esecuzione: 850; richieste HTTP: 852
2026-09-09 10:18:42 | INFO | Documenti elaborati in questa esecuzione: 900; richieste HTTP: 902
2026-09-09 10:19:35 | INFO | Documenti elaborati in questa esecuzione: 950; richieste HTTP: 952
2026-09-09 10:20:31 | INFO | Documenti elaborati in questa esecuzione: 1000; richieste HTTP: 1002
2026-09-09 10:21:07 | INFO | CHECKPOINT MASSIVO | documenti=1000 | report=C:\Dev\Niko\Python\scriptRicerca\output\risultato_massivo_recuperato.xlsx | stati={'NON_COPERTO_DALLE_FONTI': 63782, 'DISCIPLINA_DICHIARATA_NEL_PROFILO': 5911, 'EVIDENZA_NON_CONFERMATA': 2324, 'SPECIALITA_CON_IDENTITA_NOMINALE': 3857, 'FONTE_NON_ACCESSIBILE': 29, 'PROFILO_CON_IDENTITA_NOMINALE': 3627, 'IN_CODA': 1762, 'IDENTITA_CONFERMATA_SENZA_TITOLO': 21, 'SPECIALITA_DOCUMENTATA': 18}
2026-09-09 10:22:04 | INFO | Documenti elaborati in questa esecuzione: 1050; richieste HTTP: 1052
2026-09-09 10:23:02 | INFO | Documenti elaborati in questa esecuzione: 1100; richieste HTTP: 1102
2026-09-09 10:24:00 | INFO | Documenti elaborati in questa esecuzione: 1150; richieste HTTP: 1152
2026-09-09 10:24:53 | INFO | Documenti elaborati in questa esecuzione: 1200; richieste HTTP: 1202
2026-09-09 10:25:49 | INFO | Documenti elaborati in questa esecuzione: 1250; richieste HTTP: 1252
2026-09-09 10:26:46 | INFO | Documenti elaborati in questa esecuzione: 1300; richieste HTTP: 1302
2026-09-09 10:27:48 | INFO | Documenti elaborati in questa esecuzione: 1350; richieste HTTP: 1352
2026-09-09 10:28:48 | INFO | Documenti elaborati in questa esecuzione: 1400; richieste HTTP: 1402
2026-09-09 10:29:47 | INFO | Documenti elaborati in questa esecuzione: 1450; richieste HTTP: 1452
2026-09-09 10:30:44 | INFO | Documenti elaborati in questa esecuzione: 1500; richieste HTTP: 1502
2026-09-09 10:31:19 | INFO | CHECKPOINT MASSIVO | documenti=1500 | report=C:\Dev\Niko\Python\scriptRicerca\output\risultato_massivo_recuperato.xlsx | stati={'NON_COPERTO_DALLE_FONTI': 63782, 'DISCIPLINA_DICHIARATA_NEL_PROFILO': 6088, 'EVIDENZA_NON_CONFERMATA': 2400, 'SPECIALITA_CON_IDENTITA_NOMINALE': 3952, 'FONTE_NON_ACCESSIBILE': 29, 'PROFILO_CON_IDENTITA_NOMINALE': 3736, 'IN_CODA': 1305, 'IDENTITA_CONFERMATA_SENZA_TITOLO': 21, 'SPECIALITA_DOCUMENTATA': 18}
2026-09-09 10:32:20 | INFO | Documenti elaborati in questa esecuzione: 1550; richieste HTTP: 1552
2026-09-09 10:33:24 | INFO | Documenti elaborati in questa esecuzione: 1600; richieste HTTP: 1602
2026-09-09 10:34:30 | INFO | Documenti elaborati in questa esecuzione: 1650; richieste HTTP: 1652
2026-09-09 10:35:34 | INFO | Documenti elaborati in questa esecuzione: 1700; richieste HTTP: 1702
2026-09-09 10:36:33 | INFO | Documenti elaborati in questa esecuzione: 1750; richieste HTTP: 1752
2026-09-09 10:37:41 | INFO | Documenti elaborati in questa esecuzione: 1800; richieste HTTP: 1802
2026-09-09 10:38:40 | INFO | Documenti elaborati in questa esecuzione: 1850; richieste HTTP: 1852
2026-09-09 10:39:41 | INFO | Documenti elaborati in questa esecuzione: 1900; richieste HTTP: 1902
2026-09-09 10:40:39 | INFO | Documenti elaborati in questa esecuzione: 1950; richieste HTTP: 1952
2026-09-09 10:41:37 | INFO | Documenti elaborati in questa esecuzione: 2000; richieste HTTP: 2002
2026-09-09 10:42:16 | INFO | CHECKPOINT MASSIVO | documenti=2000 | report=C:\Dev\Niko\Python\scriptRicerca\output\risultato_massivo_recuperato.xlsx | stati={'NON_COPERTO_DALLE_FONTI': 63782, 'DISCIPLINA_DICHIARATA_NEL_PROFILO': 6288, 'EVIDENZA_NON_CONFERMATA': 2430, 'SPECIALITA_CON_IDENTITA_NOMINALE': 4049, 'FONTE_NON_ACCESSIBILE': 29, 'PROFILO_CON_IDENTITA_NOMINALE': 3846, 'IN_CODA': 868, 'IDENTITA_CONFERMATA_SENZA_TITOLO': 21, 'SPECIALITA_DOCUMENTATA': 18}
2026-09-09 10:43:16 | INFO | Documenti elaborati in questa esecuzione: 2050; richieste HTTP: 2052
2026-09-09 10:44:17 | INFO | Documenti elaborati in questa esecuzione: 2100; richieste HTTP: 2102
2026-09-09 10:45:17 | INFO | Documenti elaborati in questa esecuzione: 2150; richieste HTTP: 2152
2026-09-09 10:46:22 | INFO | Documenti elaborati in questa esecuzione: 2200; richieste HTTP: 2202
2026-09-09 10:47:20 | INFO | Documenti elaborati in questa esecuzione: 2250; richieste HTTP: 2252
2026-09-09 10:48:18 | INFO | Documenti elaborati in questa esecuzione: 2300; richieste HTTP: 2302
2026-09-09 10:49:12 | INFO | Documenti elaborati in questa esecuzione: 2350; richieste HTTP: 2352
2026-09-09 10:50:10 | INFO | Documenti elaborati in questa esecuzione: 2400; richieste HTTP: 2402
2026-09-09 10:51:06 | INFO | Documenti elaborati in questa esecuzione: 2450; richieste HTTP: 2452
2026-09-09 10:52:02 | INFO | Documenti elaborati in questa esecuzione: 2500; richieste HTTP: 2502
2026-09-09 10:52:38 | INFO | CHECKPOINT MASSIVO | documenti=2500 | report=C:\Dev\Niko\Python\scriptRicerca\output\risultato_massivo_recuperato.xlsx | stati={'NON_COPERTO_DALLE_FONTI': 63782, 'DISCIPLINA_DICHIARATA_NEL_PROFILO': 6476, 'EVIDENZA_NON_CONFERMATA': 2473, 'SPECIALITA_CON_IDENTITA_NOMINALE': 4163, 'FONTE_NON_ACCESSIBILE': 29, 'PROFILO_CON_IDENTITA_NOMINALE': 3954, 'IN_CODA': 415, 'IDENTITA_CONFERMATA_SENZA_TITOLO': 21, 'SPECIALITA_DOCUMENTATA': 18}
2026-09-09 10:53:15 | INFO | MASSIVO: {'total': 81331, 'states': {'NON_COPERTO_DALLE_FONTI': 63782, 'DISCIPLINA_DICHIARATA_NEL_PROFILO': 6476, 'EVIDENZA_NON_CONFERMATA': 2473, 'SPECIALITA_CON_IDENTITA_NOMINALE': 4163, 'FONTE_NON_ACCESSIBILE': 29, 'PROFILO_CON_IDENTITA_NOMINALE': 3954, 'IN_CODA': 415, 'IDENTITA_CONFERMATA_SENZA_TITOLO': 21, 'SPECIALITA_DOCUMENTATA': 18}, 'people_with_sources': 17549, 'urls': {'done': 19013, 'error': 71, 'pending': 463}, 'updated': '2026-09-09T08:53:15+00:00'}; HTTP=2502; Search API=0
