2026-09-09 13:22:57 | INFO | Importazione e controllo di tutto l’archivio: input\scriptMedici.xlsx
2026-09-09 13:23:00 | INFO | Archivio: 81331 persone; 2378 nomi ripetuti
2026-09-09 13:23:27 | INFO | Documenti elaborati in questa esecuzione: 50; richieste HTTP: 51
2026-09-09 13:23:52 | INFO | Documenti elaborati in questa esecuzione: 100; richieste HTTP: 101
2026-09-09 13:24:18 | INFO | Documenti elaborati in questa esecuzione: 150; richieste HTTP: 151
2026-09-09 13:24:43 | INFO | Documenti elaborati in questa esecuzione: 200; richieste HTTP: 201
2026-09-09 13:25:09 | INFO | Documenti elaborati in questa esecuzione: 250; richieste HTTP: 251
2026-09-09 13:25:34 | INFO | Documenti elaborati in questa esecuzione: 300; richieste HTTP: 301
2026-09-09 13:26:00 | INFO | Documenti elaborati in questa esecuzione: 350; richieste HTTP: 351
2026-09-09 13:26:25 | INFO | Documenti elaborati in questa esecuzione: 400; richieste HTTP: 401
2026-09-09 13:26:51 | INFO | Documenti elaborati in questa esecuzione: 450; richieste HTTP: 451
2026-09-09 13:27:17 | INFO | Documenti elaborati in questa esecuzione: 500; richieste HTTP: 501
2026-09-09 13:27:22 | INFO | CV rinominati e copiati in C:\Dev\Niko\Python\scriptRicerca\cv_medici: 792
2026-09-09 13:28:11 | INFO | CHECKPOINT MASSIVO | documenti=500 | report=C:\Dev\Niko\Python\scriptRicerca\output\risultato_massivo_recuperato.xlsx | stati={'NON_COPERTO_DALLE_FONTI': 63442, 'DISCIPLINA_DICHIARATA_NEL_PROFILO': 6559, 'EVIDENZA_NON_CONFERMATA': 2528, 'SPECIALITA_CON_IDENTITA_NOMINALE': 4503, 'FONTE_NON_ACCESSIBILE': 162, 'PROFILO_CON_IDENTITA_NOMINALE': 4098, 'IDENTITA_CONFERMATA_SENZA_TITOLO': 21, 'SPECIALITA_DOCUMENTATA': 18}
2026-09-09 13:28:37 | INFO | Documenti elaborati in questa esecuzione: 550; richieste HTTP: 551
2026-09-09 13:29:02 | INFO | Documenti elaborati in questa esecuzione: 600; richieste HTTP: 601
2026-09-09 13:29:28 | INFO | Documenti elaborati in questa esecuzione: 650; richieste HTTP: 651
2026-09-09 13:29:53 | INFO | Documenti elaborati in questa esecuzione: 700; richieste HTTP: 701
2026-09-09 13:30:19 | INFO | Documenti elaborati in questa esecuzione: 750; richieste HTTP: 751
2026-09-09 13:30:44 | INFO | Documenti elaborati in questa esecuzione: 800; richieste HTTP: 801
2026-09-09 13:31:10 | INFO | Documenti elaborati in questa esecuzione: 850; richieste HTTP: 851
2026-09-09 13:31:35 | INFO | Documenti elaborati in questa esecuzione: 900; richieste HTTP: 901
2026-09-09 13:32:01 | INFO | Documenti elaborati in questa esecuzione: 950; richieste HTTP: 951
2026-09-09 13:32:27 | INFO | Documenti elaborati in questa esecuzione: 1000; richieste HTTP: 1001
2026-09-09 13:33:27 | INFO | CV rinominati e copiati in C:\Dev\Niko\Python\scriptRicerca\cv_medici: 872
2026-09-09 13:34:02 | INFO | CHECKPOINT MASSIVO | documenti=1000 | report=C:\Dev\Niko\Python\scriptRicerca\output\risultato_massivo_recuperato.xlsx | stati={'NON_COPERTO_DALLE_FONTI': 63416, 'DISCIPLINA_DICHIARATA_NEL_PROFILO': 6548, 'EVIDENZA_NON_CONFERMATA': 2534, 'SPECIALITA_CON_IDENTITA_NOMINALE': 4537, 'FONTE_NON_ACCESSIBILE': 162, 'PROFILO_CON_IDENTITA_NOMINALE': 4095, 'IDENTITA_CONFERMATA_SENZA_TITOLO': 21, 'SPECIALITA_DOCUMENTATA': 18}
2026-09-09 13:34:28 | INFO | Documenti elaborati in questa esecuzione: 1050; richieste HTTP: 1051
2026-09-09 13:34:53 | INFO | Documenti elaborati in questa esecuzione: 1100; richieste HTTP: 1101
2026-09-09 13:35:19 | INFO | Documenti elaborati in questa esecuzione: 1150; richieste HTTP: 1151
2026-09-09 13:35:44 | INFO | Documenti elaborati in questa esecuzione: 1200; richieste HTTP: 1201
2026-09-09 13:36:10 | INFO | Documenti elaborati in questa esecuzione: 1250; richieste HTTP: 1251
2026-09-09 13:36:35 | INFO | Documenti elaborati in questa esecuzione: 1300; richieste HTTP: 1301
2026-09-09 13:37:01 | INFO | Documenti elaborati in questa esecuzione: 1350; richieste HTTP: 1351
2026-09-09 13:37:26 | INFO | Documenti elaborati in questa esecuzione: 1400; richieste HTTP: 1401
2026-09-09 13:37:52 | INFO | Documenti elaborati in questa esecuzione: 1450; richieste HTTP: 1451
2026-09-09 13:38:17 | INFO | Documenti elaborati in questa esecuzione: 1500; richieste HTTP: 1501
2026-09-09 13:38:26 | INFO | CV rinominati e copiati in C:\Dev\Niko\Python\scriptRicerca\cv_medici: 931
2026-09-09 13:39:01 | INFO | CHECKPOINT MASSIVO | documenti=1500 | report=C:\Dev\Niko\Python\scriptRicerca\output\risultato_massivo_recuperato.xlsx | stati={'NON_COPERTO_DALLE_FONTI': 63405, 'DISCIPLINA_DICHIARATA_NEL_PROFILO': 6535, 'EVIDENZA_NON_CONFERMATA': 2534, 'SPECIALITA_CON_IDENTITA_NOMINALE': 4563, 'FONTE_NON_ACCESSIBILE': 161, 'PROFILO_CON_IDENTITA_NOMINALE': 4094, 'IDENTITA_CONFERMATA_SENZA_TITOLO': 21, 'SPECIALITA_DOCUMENTATA': 18}
2026-09-09 13:39:26 | INFO | Documenti elaborati in questa esecuzione: 1550; richieste HTTP: 1551
2026-09-09 13:39:52 | INFO | Documenti elaborati in questa esecuzione: 1600; richieste HTTP: 1601
2026-09-09 13:40:18 | INFO | Documenti elaborati in questa esecuzione: 1650; richieste HTTP: 1651
2026-09-09 13:40:44 | INFO | Documenti elaborati in questa esecuzione: 1700; richieste HTTP: 1701
2026-09-09 13:41:10 | INFO | Documenti elaborati in questa esecuzione: 1750; richieste HTTP: 1751
2026-09-09 13:41:36 | INFO | Documenti elaborati in questa esecuzione: 1800; richieste HTTP: 1801
2026-09-09 13:42:02 | INFO | Documenti elaborati in questa esecuzione: 1850; richieste HTTP: 1851
2026-09-09 13:42:27 | INFO | Documenti elaborati in questa esecuzione: 1900; richieste HTTP: 1901
2026-09-09 13:42:52 | INFO | Documenti elaborati in questa esecuzione: 1950; richieste HTTP: 1951
2026-09-09 13:43:20 | INFO | Documenti elaborati in questa esecuzione: 2000; richieste HTTP: 2001
2026-09-09 13:43:28 | INFO | CV rinominati e copiati in C:\Dev\Niko\Python\scriptRicerca\cv_medici: 1001
2026-09-09 13:44:02 | INFO | CHECKPOINT MASSIVO | documenti=2000 | report=C:\Dev\Niko\Python\scriptRicerca\output\risultato_massivo_recuperato.xlsx | stati={'NON_COPERTO_DALLE_FONTI': 63392, 'DISCIPLINA_DICHIARATA_NEL_PROFILO': 6522, 'EVIDENZA_NON_CONFERMATA': 2540, 'SPECIALITA_CON_IDENTITA_NOMINALE': 4585, 'FONTE_NON_ACCESSIBILE': 160, 'PROFILO_CON_IDENTITA_NOMINALE': 4093, 'IDENTITA_CONFERMATA_SENZA_TITOLO': 21, 'SPECIALITA_DOCUMENTATA': 18}
2026-09-09 13:44:27 | INFO | Documenti elaborati in questa esecuzione: 2050; richieste HTTP: 2051
2026-09-09 13:44:53 | INFO | Documenti elaborati in questa esecuzione: 2100; richieste HTTP: 2101
2026-09-09 13:45:19 | INFO | Documenti elaborati in questa esecuzione: 2150; richieste HTTP: 2151
2026-09-09 13:45:44 | INFO | Documenti elaborati in questa esecuzione: 2200; richieste HTTP: 2201
2026-09-09 13:46:09 | INFO | Documenti elaborati in questa esecuzione: 2250; richieste HTTP: 2251
2026-09-09 13:46:35 | INFO | Documenti elaborati in questa esecuzione: 2300; richieste HTTP: 2301
2026-09-09 13:47:00 | INFO | Documenti elaborati in questa esecuzione: 2350; richieste HTTP: 2351
2026-09-09 13:47:26 | INFO | Documenti elaborati in questa esecuzione: 2400; richieste HTTP: 2401
2026-09-09 13:47:51 | INFO | Documenti elaborati in questa esecuzione: 2450; richieste HTTP: 2451
2026-09-09 13:48:17 | INFO | Documenti elaborati in questa esecuzione: 2500; richieste HTTP: 2501
2026-09-09 13:48:27 | INFO | CV rinominati e copiati in C:\Dev\Niko\Python\scriptRicerca\cv_medici: 1083
2026-09-09 13:49:05 | INFO | CHECKPOINT MASSIVO | documenti=2500 | report=C:\Dev\Niko\Python\scriptRicerca\output\risultato_massivo_recuperato.xlsx | stati={'NON_COPERTO_DALLE_FONTI': 63378, 'DISCIPLINA_DICHIARATA_NEL_PROFILO': 6512, 'EVIDENZA_NON_CONFERMATA': 2539, 'SPECIALITA_CON_IDENTITA_NOMINALE': 4611, 'FONTE_NON_ACCESSIBILE': 159, 'PROFILO_CON_IDENTITA_NOMINALE': 4093, 'IDENTITA_CONFERMATA_SENZA_TITOLO': 21, 'SPECIALITA_DOCUMENTATA': 18}
2026-09-09 13:49:15 | INFO | CV rinominati e copiati in C:\Dev\Niko\Python\scriptRicerca\cv_medici: 1083
2026-09-09 13:49:51 | INFO | MASSIVO: {'total': 81331, 'states': {'NON_COPERTO_DALLE_FONTI': 63378, 'DISCIPLINA_DICHIARATA_NEL_PROFILO': 6512, 'EVIDENZA_NON_CONFERMATA': 2539, 'SPECIALITA_CON_IDENTITA_NOMINALE': 4611, 'FONTE_NON_ACCESSIBILE': 159, 'PROFILO_CON_IDENTITA_NOMINALE': 4093, 'IDENTITA_CONFERMATA_SENZA_TITOLO': 21, 'SPECIALITA_DOCUMENTATA': 18}, 'people_with_sources': 17953, 'urls': {'done': 29475, 'error': 619, 'pending': 8720}, 'updated': '2026-09-09T11:49:51+00:00'}; HTTP=2501; Search API=0
