2026-09-02 14:29:13 | INFO | ==============================================================================
2026-09-02 14:29:13 | INFO | V4.0 MEDICI - SERPER PRIMARY + ADAPTIVE SEARCH
2026-09-02 14:29:13 | INFO | Input: C:\Dev\Niko\scriptRicerca\input\scriptMedici.xlsx
2026-09-02 14:29:13 | INFO | Output: C:\Dev\Niko\scriptRicerca\output\risultatiMedici.xlsx
2026-09-02 14:29:13 | INFO | Provider: serper
2026-09-02 14:29:13 | INFO | Deep: False
2026-09-02 14:29:13 | INFO | Search results: 8
2026-09-02 14:29:13 | INFO | Max searches/persona: 2 (+1 con --deep)
2026-09-02 14:29:13 | INFO | Delay: 0.1 - 0.3 sec
2026-09-02 14:29:13 | INFO | CV sicuri dir: C:\Dev\Niko\scriptRicerca\cv_medici
2026-09-02 14:29:13 | INFO | CV da verificare dir: C:\Dev\Niko\scriptRicerca\cv_medici_da_verificare
2026-09-02 14:29:13 | INFO | Cache dir: C:\Dev\Niko\scriptRicerca\cache_medici
2026-09-02 14:29:13 | INFO | Log: logs\run_medici_20260902_142809.log
2026-09-02 14:29:13 | INFO | ==============================================================================
2026-09-02 14:29:13 | INFO | Medici da elaborare: 5
2026-09-02 14:29:15 | WARNING | SEARCH API FAIL | serper | "YASAMIN AAZAM RAHIMIAN" medico specialista curriculum ospedale | RuntimeError: Serper autenticazione fallita HTTP 403
2026-09-02 14:29:15 | WARNING | SEARCH API EMPTY/FAIL | "YASAMIN AAZAM RAHIMIAN" medico specialista curriculum ospedale
2026-09-02 14:29:15 | ERROR | ERRORE PERSONA | 2467194 | YASAMIN AAZAM RAHIMIAN
Traceback (most recent call last):
  File "C:\Dev\Niko\scriptRicerca\scriptMedici.py", line 1645, in main
    result = research_person(
             ^^^^^^^^^^^^^^^^
  File "C:\Dev\Niko\scriptRicerca\scriptMedici.py", line 1368, in research_person
    all_hits = dedupe_hits(all_hits)
               ^^^^^^^^^^^
NameError: name 'dedupe_hits' is not defined
2026-09-02 14:29:16 | WARNING | SEARCH API FAIL | serper | "ERNESTO MARTIN ABAD AGUIAR" medico specialista curriculum ospedale | RuntimeError: Serper autenticazione fallita HTTP 403
2026-09-02 14:29:16 | WARNING | SEARCH API EMPTY/FAIL | "ERNESTO MARTIN ABAD AGUIAR" medico specialista curriculum ospedale
2026-09-02 14:29:16 | ERROR | ERRORE PERSONA | 2606079 | ERNESTO MARTIN ABAD AGUIAR
Traceback (most recent call last):
  File "C:\Dev\Niko\scriptRicerca\scriptMedici.py", line 1645, in main
    result = research_person(
             ^^^^^^^^^^^^^^^^
  File "C:\Dev\Niko\scriptRicerca\scriptMedici.py", line 1368, in research_person
    all_hits = dedupe_hits(all_hits)
               ^^^^^^^^^^^
NameError: name 'dedupe_hits' is not defined
2026-09-02 14:29:17 | WARNING | SEARCH API FAIL | serper | "CHIARA ABAGNALE" medico specialista curriculum ospedale | RuntimeError: Serper autenticazione fallita HTTP 403
2026-09-02 14:29:17 | WARNING | SEARCH API EMPTY/FAIL | "CHIARA ABAGNALE" medico specialista curriculum ospedale
2026-09-02 14:29:17 | ERROR | ERRORE PERSONA | 2606149 | CHIARA ABAGNALE
Traceback (most recent call last):
  File "C:\Dev\Niko\scriptRicerca\scriptMedici.py", line 1645, in main
    result = research_person(
             ^^^^^^^^^^^^^^^^
  File "C:\Dev\Niko\scriptRicerca\scriptMedici.py", line 1368, in research_person
    all_hits = dedupe_hits(all_hits)
               ^^^^^^^^^^^
NameError: name 'dedupe_hits' is not defined
2026-09-02 14:29:18 | WARNING | SEARCH API FAIL | serper | "FEDERICA ABAGNALE" medico specialista curriculum ospedale | RuntimeError: Serper autenticazione fallita HTTP 403
2026-09-02 14:29:18 | WARNING | SEARCH API EMPTY/FAIL | "FEDERICA ABAGNALE" medico specialista curriculum ospedale
2026-09-02 14:29:18 | ERROR | ERRORE PERSONA | 2744181 | FEDERICA ABAGNALE
Traceback (most recent call last):
  File "C:\Dev\Niko\scriptRicerca\scriptMedici.py", line 1645, in main
    result = research_person(
             ^^^^^^^^^^^^^^^^
  File "C:\Dev\Niko\scriptRicerca\scriptMedici.py", line 1368, in research_person
    all_hits = dedupe_hits(all_hits)
               ^^^^^^^^^^^
NameError: name 'dedupe_hits' is not defined
2026-09-02 14:29:18 | WARNING | SEARCH API FAIL | serper | "GIOVANNA ABAGNALE" medico specialista curriculum ospedale | RuntimeError: Serper autenticazione fallita HTTP 403
2026-09-02 14:29:18 | WARNING | SEARCH API EMPTY/FAIL | "GIOVANNA ABAGNALE" medico specialista curriculum ospedale
2026-09-02 14:29:18 | ERROR | ERRORE PERSONA | 2744182 | GIOVANNA ABAGNALE
Traceback (most recent call last):
  File "C:\Dev\Niko\scriptRicerca\scriptMedici.py", line 1645, in main
    result = research_person(
             ^^^^^^^^^^^^^^^^
  File "C:\Dev\Niko\scriptRicerca\scriptMedici.py", line 1368, in research_person
    all_hits = dedupe_hits(all_hits)
               ^^^^^^^^^^^
NameError: name 'dedupe_hits' is not defined
2026-09-02 14:29:18 | INFO | PROGRESS | 5/5 | 58.25 medici/min | ETA 0.0 min | {'ERRORE': 5} | API={'serper': 5, 'brave': 0}
2026-09-02 14:29:45 | INFO | ==============================================================================
2026-09-02 14:29:45 | INFO | FINE | 0.5 min | {'ERRORE': 5}
2026-09-02 14:29:45 | INFO | API REQUESTS | totale=5 | {'serper': 5, 'brave': 0}
2026-09-02 14:29:45 | INFO | OUTPUT | C:\Dev\Niko\scriptRicerca\output\risultatiMedici.xlsx
2026-09-02 14:29:45 | INFO | ==============================================================================
