2026-09-14 15:03:25 | INFO | PARAMETRI MASSIVO | catalogo=C:\Dev\Niko\Python\scriptRicerca\fonti_massive.json | export_only=False | skip_discovery=False | refresh_sources=False | max_documents=1000 | max_http_requests=2000 | state_dir=stato_massivo | output=output\risultato_massivo_recuperato.xlsx
2026-09-14 15:03:25 | INFO | Importazione e controllo di tutto l’archivio: input\scriptMedici.xlsx
2026-09-14 15:03:27 | INFO | Archivio: 81331 persone; 2378 nomi ripetuti
2026-09-14 15:03:50 | INFO | Documenti elaborati in questa esecuzione: 50; richieste HTTP: 0
2026-09-14 15:04:13 | INFO | Documenti elaborati in questa esecuzione: 100; richieste HTTP: 0
2026-09-14 15:04:51 | INFO | CHECKPOINT MASSIVO | documenti=100 | report=C:\Dev\Niko\Python\scriptRicerca\output\risultato_massivo_recuperato.xlsx | stati={'NON_COPERTO_DALLE_FONTI': 45883, 'DISCIPLINA_DICHIARATA_NEL_PROFILO': 24298, 'EVIDENZA_NON_CONFERMATA': 3525, 'SPECIALITA_CON_IDENTITA_NOMINALE': 4979, 'FONTE_NON_ACCESSIBILE': 114, 'PROFILO_CON_IDENTITA_NOMINALE': 991, 'IDENTITA_CONFERMATA_SENZA_TITOLO': 28, 'IN_CODA': 1467, 'SPECIALITA_DOCUMENTATA': 46}
2026-09-14 15:05:13 | INFO | Documenti elaborati in questa esecuzione: 150; richieste HTTP: 0
2026-09-14 15:05:36 | INFO | Documenti elaborati in questa esecuzione: 200; richieste HTTP: 0
2026-09-14 15:06:14 | INFO | CHECKPOINT MASSIVO | documenti=200 | report=C:\Dev\Niko\Python\scriptRicerca\output\risultato_massivo_recuperato.xlsx | stati={'NON_COPERTO_DALLE_FONTI': 45883, 'DISCIPLINA_DICHIARATA_NEL_PROFILO': 24298, 'EVIDENZA_NON_CONFERMATA': 3525, 'SPECIALITA_CON_IDENTITA_NOMINALE': 4979, 'FONTE_NON_ACCESSIBILE': 114, 'PROFILO_CON_IDENTITA_NOMINALE': 1031, 'IDENTITA_CONFERMATA_SENZA_TITOLO': 28, 'IN_CODA': 1427, 'SPECIALITA_DOCUMENTATA': 46}
2026-09-14 15:06:36 | INFO | Documenti elaborati in questa esecuzione: 250; richieste HTTP: 0
2026-09-14 15:06:58 | INFO | Documenti elaborati in questa esecuzione: 300; richieste HTTP: 0
2026-09-14 15:07:36 | INFO | CHECKPOINT MASSIVO | documenti=300 | report=C:\Dev\Niko\Python\scriptRicerca\output\risultato_massivo_recuperato.xlsx | stati={'NON_COPERTO_DALLE_FONTI': 45883, 'DISCIPLINA_DICHIARATA_NEL_PROFILO': 24298, 'EVIDENZA_NON_CONFERMATA': 3525, 'SPECIALITA_CON_IDENTITA_NOMINALE': 4979, 'FONTE_NON_ACCESSIBILE': 114, 'PROFILO_CON_IDENTITA_NOMINALE': 1076, 'IDENTITA_CONFERMATA_SENZA_TITOLO': 28, 'IN_CODA': 1382, 'SPECIALITA_DOCUMENTATA': 46}
2026-09-14 15:07:57 | INFO | Documenti elaborati in questa esecuzione: 350; richieste HTTP: 0
2026-09-14 15:08:20 | INFO | Documenti elaborati in questa esecuzione: 400; richieste HTTP: 0
2026-09-14 15:08:58 | INFO | CHECKPOINT MASSIVO | documenti=400 | report=C:\Dev\Niko\Python\scriptRicerca\output\risultato_massivo_recuperato.xlsx | stati={'NON_COPERTO_DALLE_FONTI': 45883, 'DISCIPLINA_DICHIARATA_NEL_PROFILO': 24297, 'EVIDENZA_NON_CONFERMATA': 3525, 'SPECIALITA_CON_IDENTITA_NOMINALE': 4981, 'FONTE_NON_ACCESSIBILE': 114, 'PROFILO_CON_IDENTITA_NOMINALE': 1137, 'IDENTITA_CONFERMATA_SENZA_TITOLO': 28, 'IN_CODA': 1320, 'SPECIALITA_DOCUMENTATA': 46}
2026-09-14 15:09:20 | INFO | Documenti elaborati in questa esecuzione: 450; richieste HTTP: 0
2026-09-14 15:09:43 | INFO | Documenti elaborati in questa esecuzione: 500; richieste HTTP: 0
2026-09-14 15:10:20 | INFO | CHECKPOINT MASSIVO | documenti=500 | report=C:\Dev\Niko\Python\scriptRicerca\output\risultato_massivo_recuperato.xlsx | stati={'NON_COPERTO_DALLE_FONTI': 45883, 'DISCIPLINA_DICHIARATA_NEL_PROFILO': 24298, 'EVIDENZA_NON_CONFERMATA': 3525, 'SPECIALITA_CON_IDENTITA_NOMINALE': 4981, 'FONTE_NON_ACCESSIBILE': 114, 'PROFILO_CON_IDENTITA_NOMINALE': 1190, 'IDENTITA_CONFERMATA_SENZA_TITOLO': 28, 'IN_CODA': 1266, 'SPECIALITA_DOCUMENTATA': 46}
2026-09-14 15:10:43 | INFO | Documenti elaborati in questa esecuzione: 550; richieste HTTP: 0
2026-09-14 15:11:07 | INFO | Documenti elaborati in questa esecuzione: 600; richieste HTTP: 0
2026-09-14 15:11:44 | INFO | CHECKPOINT MASSIVO | documenti=600 | report=C:\Dev\Niko\Python\scriptRicerca\output\risultato_massivo_recuperato.xlsx | stati={'NON_COPERTO_DALLE_FONTI': 45883, 'DISCIPLINA_DICHIARATA_NEL_PROFILO': 24298, 'EVIDENZA_NON_CONFERMATA': 3525, 'SPECIALITA_CON_IDENTITA_NOMINALE': 4981, 'FONTE_NON_ACCESSIBILE': 114, 'PROFILO_CON_IDENTITA_NOMINALE': 1250, 'IDENTITA_CONFERMATA_SENZA_TITOLO': 28, 'IN_CODA': 1206, 'SPECIALITA_DOCUMENTATA': 46}
2026-09-14 15:12:06 | INFO | Documenti elaborati in questa esecuzione: 650; richieste HTTP: 0
2026-09-14 15:12:29 | INFO | Documenti elaborati in questa esecuzione: 700; richieste HTTP: 0
2026-09-14 15:13:07 | INFO | CHECKPOINT MASSIVO | documenti=700 | report=C:\Dev\Niko\Python\scriptRicerca\output\risultato_massivo_recuperato.xlsx | stati={'NON_COPERTO_DALLE_FONTI': 45883, 'DISCIPLINA_DICHIARATA_NEL_PROFILO': 24298, 'EVIDENZA_NON_CONFERMATA': 3525, 'SPECIALITA_CON_IDENTITA_NOMINALE': 4981, 'FONTE_NON_ACCESSIBILE': 114, 'PROFILO_CON_IDENTITA_NOMINALE': 1303, 'IDENTITA_CONFERMATA_SENZA_TITOLO': 28, 'IN_CODA': 1153, 'SPECIALITA_DOCUMENTATA': 46}
2026-09-14 15:13:28 | INFO | Documenti elaborati in questa esecuzione: 750; richieste HTTP: 0
2026-09-14 15:13:51 | INFO | Documenti elaborati in questa esecuzione: 800; richieste HTTP: 0
2026-09-14 15:14:29 | INFO | CHECKPOINT MASSIVO | documenti=800 | report=C:\Dev\Niko\Python\scriptRicerca\output\risultato_massivo_recuperato.xlsx | stati={'NON_COPERTO_DALLE_FONTI': 45883, 'DISCIPLINA_DICHIARATA_NEL_PROFILO': 24300, 'EVIDENZA_NON_CONFERMATA': 3525, 'SPECIALITA_CON_IDENTITA_NOMINALE': 4981, 'FONTE_NON_ACCESSIBILE': 114, 'PROFILO_CON_IDENTITA_NOMINALE': 1353, 'IDENTITA_CONFERMATA_SENZA_TITOLO': 28, 'IN_CODA': 1101, 'SPECIALITA_DOCUMENTATA': 46}
2026-09-14 15:14:52 | INFO | Documenti elaborati in questa esecuzione: 850; richieste HTTP: 0
2026-09-14 15:15:14 | INFO | Documenti elaborati in questa esecuzione: 900; richieste HTTP: 0
2026-09-14 15:15:51 | INFO | CHECKPOINT MASSIVO | documenti=900 | report=C:\Dev\Niko\Python\scriptRicerca\output\risultato_massivo_recuperato.xlsx | stati={'NON_COPERTO_DALLE_FONTI': 45883, 'DISCIPLINA_DICHIARATA_NEL_PROFILO': 24300, 'EVIDENZA_NON_CONFERMATA': 3525, 'SPECIALITA_CON_IDENTITA_NOMINALE': 4981, 'FONTE_NON_ACCESSIBILE': 114, 'PROFILO_CON_IDENTITA_NOMINALE': 1394, 'IDENTITA_CONFERMATA_SENZA_TITOLO': 28, 'IN_CODA': 1060, 'SPECIALITA_DOCUMENTATA': 46}
2026-09-14 15:16:14 | INFO | Documenti elaborati in questa esecuzione: 950; richieste HTTP: 0
2026-09-14 15:16:35 | INFO | Documenti elaborati in questa esecuzione: 1000; richieste HTTP: 0
2026-09-14 15:17:13 | INFO | CHECKPOINT MASSIVO | documenti=1000 | report=C:\Dev\Niko\Python\scriptRicerca\output\risultato_massivo_recuperato.xlsx | stati={'NON_COPERTO_DALLE_FONTI': 45883, 'DISCIPLINA_DICHIARATA_NEL_PROFILO': 24300, 'EVIDENZA_NON_CONFERMATA': 3524, 'SPECIALITA_CON_IDENTITA_NOMINALE': 4981, 'FONTE_NON_ACCESSIBILE': 114, 'PROFILO_CON_IDENTITA_NOMINALE': 1434, 'IDENTITA_CONFERMATA_SENZA_TITOLO': 28, 'IN_CODA': 1021, 'SPECIALITA_DOCUMENTATA': 46}
2026-09-14 15:17:53 | INFO | MASSIVO: {'total': 81331, 'states': {'NON_COPERTO_DALLE_FONTI': 45883, 'DISCIPLINA_DICHIARATA_NEL_PROFILO': 24300, 'EVIDENZA_NON_CONFERMATA': 3524, 'SPECIALITA_CON_IDENTITA_NOMINALE': 4981, 'FONTE_NON_ACCESSIBILE': 114, 'PROFILO_CON_IDENTITA_NOMINALE': 1434, 'IDENTITA_CONFERMATA_SENZA_TITOLO': 28, 'IN_CODA': 1021, 'SPECIALITA_DOCUMENTATA': 46}, 'people_with_sources': 35448, 'urls': {'done': 72340, 'error': 776, 'pending': 2148}, 'updated': '2026-09-14T13:17:53+00:00'}; HTTP=0; Search API=0
