2026-09-02 12:26:07 | INFO | ==============================================================================
2026-09-02 12:26:07 | INFO | V3.2 MEDICI - BROWSER SEARCH NO API + DEEP CV DISCOVERY
2026-09-02 12:26:07 | INFO | Input: C:\Dev\Niko\scriptRicerca\input\scriptMedici.xlsx
2026-09-02 12:26:07 | INFO | Output: C:\Dev\Niko\scriptRicerca\output\risultatiMedici.xlsx
2026-09-02 12:26:07 | INFO | Engine: bing
2026-09-02 12:26:07 | INFO | Headless: False
2026-09-02 12:26:07 | INFO | Deep: True
2026-09-02 12:26:07 | INFO | Search results: 8
2026-09-02 12:26:07 | INFO | Delay: 1.2 - 2.8 sec
2026-09-02 12:26:07 | INFO | Browser profile: C:\Dev\Niko\scriptRicerca\browser_medici
2026-09-02 12:26:07 | INFO | CV sicuri dir: C:\Dev\Niko\scriptRicerca\cv_medici
2026-09-02 12:26:07 | INFO | CV da verificare dir: C:\Dev\Niko\scriptRicerca\cv_medici_da_verificare
2026-09-02 12:26:07 | INFO | Cache dir: C:\Dev\Niko\scriptRicerca\cache_medici
2026-09-02 12:26:07 | INFO | Log: logs\run_medici_20260902_122504.log
2026-09-02 12:26:07 | INFO | ==============================================================================
2026-09-02 12:26:08 | INFO | Medici da elaborare: 5
2026-09-02 12:26:13 | INFO | SEARCH OK | bing | "YASAMIN AAZAM RAHIMIAN" medico curriculum specialista | 10 risultati
2026-09-02 12:26:16 | INFO | SEARCH OK | bing | "YASAMIN AAZAM RAHIMIAN" medico curriculum filetype:pdf | 10 risultati
2026-09-02 12:26:19 | INFO | SEARCH OK | bing | "YASAMIN AAZAM RAHIMIAN" medico "BOLOGNA" curriculum OR specializzazione | 10 risultati
2026-09-02 12:26:22 | INFO | SEARCH OK | bing | "YASAMIN AAZAM RAHIMIAN" "curriculum vitae" OR "specializzazione in" OR "specialista in" | 10 risultati
2026-09-02 12:26:22 | INFO | DONE | Pers_Id=2467194 | 11.9s | DA_VERIFICARE | specialita=N/D | cv=NO | cv_review=0
2026-09-02 12:26:24 | INFO | SEARCH OK | bing | "ERNESTO MARTIN ABAD AGUIAR" medico curriculum specialista | 7 risultati
2026-09-02 12:26:27 | INFO | SEARCH OK | bing | "ERNESTO MARTIN ABAD AGUIAR" medico curriculum filetype:pdf | 10 risultati
2026-09-02 12:26:30 | INFO | SEARCH OK | bing | "ERNESTO MARTIN ABAD AGUIAR" medico "Nuoro" curriculum OR specializzazione | 10 risultati
2026-09-02 12:26:34 | INFO | SEARCH OK | bing | "ERNESTO MARTIN ABAD AGUIAR" "curriculum vitae" OR "specializzazione in" OR "specialista in" | 10 risultati
2026-09-02 12:26:34 | INFO | DONE | Pers_Id=2606079 | 12.4s | DA_VERIFICARE | specialita=N/D | cv=NO | cv_review=0
2026-09-02 12:26:36 | WARNING | SEARCH FAIL | bing | "CHIARA ABAGNALE" medico curriculum specialista | Error: Page.goto: Navigation to "https://www.bing.com/search?q=%22CHIARA+ABAGNALE%22+medico+curriculum+specialista&setlang=it-IT&cc=it" is interrupted by another navigation to "https://www.bing.com/search?q=%22ERNESTO+MARTIN+ABAD+AGUIAR%22+%22curriculum+vitae%22+OR+%22specializzazione+in%22+OR+%22specialista+in%22&setlang=it-IT&cc=it&rdr=1&rdrig=0FD2F2317A7948F09C11CC54E9268EAE"
Call log:
  - navigating to "https://www.bing.com/search?q=%22CHIARA+ABAGNALE%22+medico+curriculum+specialista&setlang=it-IT&cc=it", waiting until "domcontentloaded"

2026-09-02 12:26:39 | INFO | SEARCH OK | google | "CHIARA ABAGNALE" medico curriculum specialista | 0 risultati
2026-09-02 12:26:39 | WARNING | SEARCH EMPTY | google | "CHIARA ABAGNALE" medico curriculum specialista
2026-09-02 12:26:42 | INFO | SEARCH OK | bing | "CHIARA ABAGNALE" medico curriculum filetype:pdf | 7 risultati
2026-09-02 12:26:44 | INFO | SEARCH OK | bing | "CHIARA ABAGNALE" medico "San felice Circeo" curriculum OR specializzazione | 7 risultati
2026-09-02 12:26:47 | INFO | SEARCH OK | bing | "CHIARA ABAGNALE" "curriculum vitae" OR "specializzazione in" OR "specialista in" | 7 risultati
2026-09-02 12:26:47 | INFO | DONE | Pers_Id=2606149 | 13.0s | DA_VERIFICARE | specialita=N/D | cv=NO | cv_review=0
2026-09-02 12:26:50 | INFO | SEARCH OK | bing | "FEDERICA ABAGNALE" medico curriculum specialista | 10 risultati
2026-09-02 12:26:53 | INFO | SEARCH OK | bing | "FEDERICA ABAGNALE" medico curriculum filetype:pdf | 10 risultati
2026-09-02 12:26:55 | INFO | SEARCH OK | bing | "FEDERICA ABAGNALE" medico "Napoli" curriculum OR specializzazione | 10 risultati
2026-09-02 12:26:57 | WARNING | SEARCH FAIL | bing | "FEDERICA ABAGNALE" "curriculum vitae" OR "specializzazione in" OR "specialista in" | Error: Page.goto: Navigation to "https://www.bing.com/search?q=%22FEDERICA+ABAGNALE%22+%22curriculum+vitae%22+OR+%22specializzazione+in%22+OR+%22specialista+in%22&setlang=it-IT&cc=it" is interrupted by another navigation to "https://www.bing.com/search?q=%22FEDERICA+ABAGNALE%22+medico+%22Napoli%22+curriculum+OR+specializzazione&setlang=it-IT&cc=it&rdr=1&rdrig=E397A03E91BE46F6A6586778D72CFC99"
Call log:
  - navigating to "https://www.bing.com/search?q=%22FEDERICA+ABAGNALE%22+%22curriculum+vitae%22+OR+%22specializzazione+in%22+OR+%22specialista+in%22&setlang=it-IT&cc=it", waiting until "domcontentloaded"

2026-09-02 12:26:59 | INFO | SEARCH OK | google | "FEDERICA ABAGNALE" "curriculum vitae" OR "specializzazione in" OR "specialista in" | 0 risultati
2026-09-02 12:26:59 | WARNING | SEARCH EMPTY | google | "FEDERICA ABAGNALE" "curriculum vitae" OR "specializzazione in" OR "specialista in"
2026-09-02 12:26:59 | INFO | DONE | Pers_Id=2744181 | 11.8s | DA_VERIFICARE | specialita=N/D | cv=NO | cv_review=0
2026-09-02 12:27:02 | INFO | SEARCH OK | bing | "GIOVANNA ABAGNALE" medico curriculum specialista | 10 risultati
2026-09-02 12:27:04 | INFO | SEARCH OK | bing | "GIOVANNA ABAGNALE" medico curriculum filetype:pdf | 10 risultati
2026-09-02 12:27:06 | INFO | SEARCH OK | bing | "GIOVANNA ABAGNALE" medico "Napoli" curriculum OR specializzazione | 10 risultati
2026-09-02 12:27:09 | INFO | SEARCH OK | bing | "GIOVANNA ABAGNALE" "curriculum vitae" OR "specializzazione in" OR "specialista in" | 10 risultati
2026-09-02 12:27:09 | INFO | DONE | Pers_Id=2744182 | 10.4s | DA_VERIFICARE | specialita=N/D | cv=NO | cv_review=0
2026-09-02 12:27:09 | INFO | PROGRESS | 5/5 | 4.85 medici/min | ETA 0.0 min | {'DA_VERIFICARE': 5}
2026-09-02 12:27:37 | INFO | ==============================================================================
2026-09-02 12:27:37 | INFO | FINE | 1.5 min | {'DA_VERIFICARE': 5}
2026-09-02 12:27:37 | INFO | OUTPUT | C:\Dev\Niko\scriptRicerca\output\risultatiMedici.xlsx
2026-09-02 12:27:37 | INFO | ==============================================================================
