2026-09-14 15:47:42 | INFO | PARAMETRI MASSIVO | catalogo=C:\Dev\Niko\Python\scriptRicerca\fonti_massive.json | export_only=False | skip_discovery=False | refresh_sources=False | max_documents=1000 | max_http_requests=2000 | state_dir=stato_massivo | output=output\risultato_massivo_recuperato.xlsx
2026-09-14 15:47:42 | INFO | Importazione e controllo di tutto l’archivio: input\scriptMedici.xlsx
2026-09-14 15:47:44 | INFO | Archivio: 81331 persone; 2378 nomi ripetuti
2026-09-14 15:48:08 | INFO | Documenti elaborati in questa esecuzione: 50; richieste HTTP: 0
2026-09-14 15:48:32 | INFO | Documenti elaborati in questa esecuzione: 100; richieste HTTP: 0
2026-09-14 15:49:10 | INFO | CHECKPOINT MASSIVO | documenti=100 | report=C:\Dev\Niko\Python\scriptRicerca\output\risultato_massivo_recuperato.xlsx | stati={'NON_COPERTO_DALLE_FONTI': 45883, 'DISCIPLINA_DICHIARATA_NEL_PROFILO': 24304, 'EVIDENZA_NON_CONFERMATA': 3522, 'SPECIALITA_CON_IDENTITA_NOMINALE': 4986, 'FONTE_NON_ACCESSIBILE': 114, 'PROFILO_CON_IDENTITA_NOMINALE': 1967, 'IDENTITA_CONFERMATA_SENZA_TITOLO': 28, 'IN_CODA': 481, 'SPECIALITA_DOCUMENTATA': 46}
2026-09-14 15:49:32 | INFO | Documenti elaborati in questa esecuzione: 150; richieste HTTP: 0
2026-09-14 15:49:54 | INFO | Documenti elaborati in questa esecuzione: 200; richieste HTTP: 0
2026-09-14 15:50:32 | INFO | CHECKPOINT MASSIVO | documenti=200 | report=C:\Dev\Niko\Python\scriptRicerca\output\risultato_massivo_recuperato.xlsx | stati={'NON_COPERTO_DALLE_FONTI': 45883, 'DISCIPLINA_DICHIARATA_NEL_PROFILO': 24304, 'EVIDENZA_NON_CONFERMATA': 3522, 'SPECIALITA_CON_IDENTITA_NOMINALE': 4986, 'FONTE_NON_ACCESSIBILE': 114, 'PROFILO_CON_IDENTITA_NOMINALE': 2010, 'IDENTITA_CONFERMATA_SENZA_TITOLO': 28, 'IN_CODA': 438, 'SPECIALITA_DOCUMENTATA': 46}
2026-09-14 15:50:55 | INFO | Documenti elaborati in questa esecuzione: 250; richieste HTTP: 0
2026-09-14 15:51:18 | INFO | Documenti elaborati in questa esecuzione: 300; richieste HTTP: 0
2026-09-14 15:51:56 | INFO | CHECKPOINT MASSIVO | documenti=300 | report=C:\Dev\Niko\Python\scriptRicerca\output\risultato_massivo_recuperato.xlsx | stati={'NON_COPERTO_DALLE_FONTI': 45883, 'DISCIPLINA_DICHIARATA_NEL_PROFILO': 24303, 'EVIDENZA_NON_CONFERMATA': 3522, 'SPECIALITA_CON_IDENTITA_NOMINALE': 4987, 'FONTE_NON_ACCESSIBILE': 114, 'PROFILO_CON_IDENTITA_NOMINALE': 2063, 'IDENTITA_CONFERMATA_SENZA_TITOLO': 28, 'IN_CODA': 385, 'SPECIALITA_DOCUMENTATA': 46}
2026-09-14 15:52:19 | INFO | Documenti elaborati in questa esecuzione: 350; richieste HTTP: 0
2026-09-14 15:52:41 | INFO | Documenti elaborati in questa esecuzione: 400; richieste HTTP: 0
2026-09-14 15:53:19 | INFO | CHECKPOINT MASSIVO | documenti=400 | report=C:\Dev\Niko\Python\scriptRicerca\output\risultato_massivo_recuperato.xlsx | stati={'NON_COPERTO_DALLE_FONTI': 45883, 'DISCIPLINA_DICHIARATA_NEL_PROFILO': 24303, 'EVIDENZA_NON_CONFERMATA': 3522, 'SPECIALITA_CON_IDENTITA_NOMINALE': 4988, 'FONTE_NON_ACCESSIBILE': 114, 'PROFILO_CON_IDENTITA_NOMINALE': 2100, 'IDENTITA_CONFERMATA_SENZA_TITOLO': 28, 'IN_CODA': 347, 'SPECIALITA_DOCUMENTATA': 46}
2026-09-14 15:53:42 | INFO | Documenti elaborati in questa esecuzione: 450; richieste HTTP: 0
2026-09-14 15:54:04 | INFO | Documenti elaborati in questa esecuzione: 500; richieste HTTP: 0
2026-09-14 15:54:42 | INFO | CHECKPOINT MASSIVO | documenti=500 | report=C:\Dev\Niko\Python\scriptRicerca\output\risultato_massivo_recuperato.xlsx | stati={'NON_COPERTO_DALLE_FONTI': 45883, 'DISCIPLINA_DICHIARATA_NEL_PROFILO': 24302, 'EVIDENZA_NON_CONFERMATA': 3522, 'SPECIALITA_CON_IDENTITA_NOMINALE': 4989, 'FONTE_NON_ACCESSIBILE': 114, 'PROFILO_CON_IDENTITA_NOMINALE': 2144, 'IDENTITA_CONFERMATA_SENZA_TITOLO': 28, 'IN_CODA': 303, 'SPECIALITA_DOCUMENTATA': 46}
2026-09-14 15:55:04 | INFO | Documenti elaborati in questa esecuzione: 550; richieste HTTP: 0
2026-09-14 15:55:27 | INFO | Documenti elaborati in questa esecuzione: 600; richieste HTTP: 0
2026-09-14 15:56:05 | INFO | CHECKPOINT MASSIVO | documenti=600 | report=C:\Dev\Niko\Python\scriptRicerca\output\risultato_massivo_recuperato.xlsx | stati={'NON_COPERTO_DALLE_FONTI': 45883, 'DISCIPLINA_DICHIARATA_NEL_PROFILO': 24302, 'EVIDENZA_NON_CONFERMATA': 3521, 'SPECIALITA_CON_IDENTITA_NOMINALE': 4989, 'FONTE_NON_ACCESSIBILE': 114, 'PROFILO_CON_IDENTITA_NOMINALE': 2180, 'IDENTITA_CONFERMATA_SENZA_TITOLO': 28, 'IN_CODA': 268, 'SPECIALITA_DOCUMENTATA': 46}
2026-09-14 15:56:27 | INFO | Documenti elaborati in questa esecuzione: 650; richieste HTTP: 0
2026-09-14 15:56:49 | INFO | Documenti elaborati in questa esecuzione: 700; richieste HTTP: 0
2026-09-14 15:57:28 | INFO | CHECKPOINT MASSIVO | documenti=700 | report=C:\Dev\Niko\Python\scriptRicerca\output\risultato_massivo_recuperato.xlsx | stati={'NON_COPERTO_DALLE_FONTI': 45883, 'DISCIPLINA_DICHIARATA_NEL_PROFILO': 24302, 'EVIDENZA_NON_CONFERMATA': 3521, 'SPECIALITA_CON_IDENTITA_NOMINALE': 4989, 'FONTE_NON_ACCESSIBILE': 114, 'PROFILO_CON_IDENTITA_NOMINALE': 2225, 'IDENTITA_CONFERMATA_SENZA_TITOLO': 28, 'IN_CODA': 223, 'SPECIALITA_DOCUMENTATA': 46}
2026-09-14 15:57:51 | INFO | Documenti elaborati in questa esecuzione: 750; richieste HTTP: 0
2026-09-14 15:58:14 | INFO | Documenti elaborati in questa esecuzione: 800; richieste HTTP: 0
2026-09-14 15:58:52 | INFO | CHECKPOINT MASSIVO | documenti=800 | report=C:\Dev\Niko\Python\scriptRicerca\output\risultato_massivo_recuperato.xlsx | stati={'NON_COPERTO_DALLE_FONTI': 45883, 'DISCIPLINA_DICHIARATA_NEL_PROFILO': 24302, 'EVIDENZA_NON_CONFERMATA': 3520, 'SPECIALITA_CON_IDENTITA_NOMINALE': 4989, 'FONTE_NON_ACCESSIBILE': 114, 'PROFILO_CON_IDENTITA_NOMINALE': 2273, 'IDENTITA_CONFERMATA_SENZA_TITOLO': 28, 'SPECIALITA_DOCUMENTATA': 46, 'IN_CODA': 176}
2026-09-14 15:59:15 | INFO | Documenti elaborati in questa esecuzione: 850; richieste HTTP: 0
2026-09-14 15:59:38 | INFO | Documenti elaborati in questa esecuzione: 900; richieste HTTP: 0
2026-09-14 16:00:16 | INFO | CHECKPOINT MASSIVO | documenti=900 | report=C:\Dev\Niko\Python\scriptRicerca\output\risultato_massivo_recuperato.xlsx | stati={'NON_COPERTO_DALLE_FONTI': 45883, 'DISCIPLINA_DICHIARATA_NEL_PROFILO': 24303, 'EVIDENZA_NON_CONFERMATA': 3519, 'SPECIALITA_CON_IDENTITA_NOMINALE': 4989, 'FONTE_NON_ACCESSIBILE': 114, 'PROFILO_CON_IDENTITA_NOMINALE': 2319, 'IDENTITA_CONFERMATA_SENZA_TITOLO': 28, 'SPECIALITA_DOCUMENTATA': 46, 'IN_CODA': 130}
2026-09-14 16:00:39 | INFO | Documenti elaborati in questa esecuzione: 950; richieste HTTP: 0
2026-09-14 16:01:02 | INFO | Documenti elaborati in questa esecuzione: 1000; richieste HTTP: 0
2026-09-14 16:01:41 | INFO | CHECKPOINT MASSIVO | documenti=1000 | report=C:\Dev\Niko\Python\scriptRicerca\output\risultato_massivo_recuperato.xlsx | stati={'NON_COPERTO_DALLE_FONTI': 45883, 'DISCIPLINA_DICHIARATA_NEL_PROFILO': 24303, 'EVIDENZA_NON_CONFERMATA': 3519, 'SPECIALITA_CON_IDENTITA_NOMINALE': 4989, 'FONTE_NON_ACCESSIBILE': 114, 'PROFILO_CON_IDENTITA_NOMINALE': 2372, 'IDENTITA_CONFERMATA_SENZA_TITOLO': 28, 'SPECIALITA_DOCUMENTATA': 46, 'IN_CODA': 77}
2026-09-14 16:02:21 | INFO | MASSIVO: {'total': 81331, 'states': {'NON_COPERTO_DALLE_FONTI': 45883, 'DISCIPLINA_DICHIARATA_NEL_PROFILO': 24303, 'EVIDENZA_NON_CONFERMATA': 3519, 'SPECIALITA_CON_IDENTITA_NOMINALE': 4989, 'FONTE_NON_ACCESSIBILE': 114, 'PROFILO_CON_IDENTITA_NOMINALE': 2372, 'IDENTITA_CONFERMATA_SENZA_TITOLO': 28, 'SPECIALITA_DOCUMENTATA': 46, 'IN_CODA': 77}, 'people_with_sources': 35448, 'urls': {'done': 74340, 'error': 776, 'pending': 148}, 'updated': '2026-09-14T14:02:21+00:00'}; HTTP=0; Search API=0
