2026-09-02 15:27:05 | INFO | ==============================================================================
2026-09-02 15:27:05 | INFO | V4.3 MEDICI - SPECIALTY EXTRACTION + PDF PRE-FILTER
2026-09-02 15:27:05 | INFO | Input: C:\Dev\Niko\scriptRicerca\input\scriptMedici.xlsx
2026-09-02 15:27:05 | INFO | Output: C:\Dev\Niko\scriptRicerca\output\risultatiMedici.xlsx
2026-09-02 15:27:05 | INFO | Provider: serper
2026-09-02 15:27:05 | INFO | Deep: False
2026-09-02 15:27:05 | INFO | Search results: 8
2026-09-02 15:27:05 | INFO | Max searches/persona: 2 (+1 con --deep)
2026-09-02 15:27:05 | INFO | Delay: 0.1 - 0.3 sec
2026-09-02 15:27:05 | INFO | CV sicuri dir: C:\Dev\Niko\scriptRicerca\cv_medici
2026-09-02 15:27:05 | INFO | CV da verificare dir: C:\Dev\Niko\scriptRicerca\cv_medici_da_verificare
2026-09-02 15:27:05 | INFO | Cache dir: C:\Dev\Niko\scriptRicerca\cache_medici
2026-09-02 15:27:05 | INFO | Log: logs\run_medici_20260902_152616.log
2026-09-02 15:27:05 | INFO | ==============================================================================
2026-09-02 15:27:05 | INFO | Medici da elaborare: 5
2026-09-02 15:27:07 | INFO | SEARCH API OK | serper | "GIUSEPPE ABAGNALE" medico "GRAGNANO" | 8 risultati
2026-09-02 15:27:07 | INFO | HIT SUMMARY | Pers_Id=359717 | query=1 | grezzi=8 | rilevanti=1 | provider={'serper': 1, 'brave': 0}
2026-09-02 15:27:09 | WARNING | Ignoring wrong pointing object 95 0 (offset 0)
2026-09-02 15:27:09 | INFO | CV SCARTATO | 359717 | https://media.doctolib.com/image/upload/v1747059391/legal/Per_saperne_di_pi%C3%B9_sulla_ricerca_e_lo_sviluppo_di_prodotti_innovativi.pdf | Nome/cognome non verificati.
2026-09-02 15:27:10 | INFO | CV SCARTATO | 359717 | https://media.doctolib.com/image/upload/v1738603917/legal/Per_saperne_di_pi%C3%B9_sui_servizi_personalizzati.pdf | Nome/cognome non verificati.
2026-09-02 15:27:11 | INFO | CV SCARTATO | 359717 | https://esante.gouv.fr/sites/default/files/media_entity/documents/%5BINS%20au%20quotidien%5D%20Conduite%20à%20tenir%20en%20fonction%20du%20retour%20d%27INSi.pdf | Nome/cognome non verificati.
2026-09-02 15:27:11 | INFO | DONE | Pers_Id=359717 | 5.6s | SPECIALITA_TROVATA | specialita=Medicina Generale | cv=NO | cv_review=0
2026-09-02 15:27:14 | INFO | SEARCH API OK | serper | "LUCIA ABAGNALE" medico "Santa Maria la Carità" | 0 risultati
2026-09-02 15:27:16 | INFO | SEARCH API OK | serper | "LUCIA ABAGNALE" medico specialista ospedale | 1 risultati
2026-09-02 15:27:16 | INFO | HIT SUMMARY | Pers_Id=2606156 | query=2 | grezzi=1 | rilevanti=0 | provider={'serper': 3, 'brave': 0}
2026-09-02 15:27:16 | INFO | DONE | Pers_Id=2606156 | 5.1s | NESSUN_RISULTATO | specialita=N/D | cv=NO | cv_review=0
2026-09-02 15:27:17 | INFO | SEARCH API OK | serper | "CHIARA ABALOTTI" medico "CORNEDO VICENTINO" | 8 risultati
2026-09-02 15:27:17 | INFO | HIT SUMMARY | Pers_Id=1188728 | query=1 | grezzi=8 | rilevanti=2 | provider={'serper': 4, 'brave': 0}
2026-09-02 15:27:22 | WARNING | Ignoring wrong pointing object 95 0 (offset 0)
2026-09-02 15:27:23 | INFO | CV SCARTATO | 1188728 | https://media.doctolib.com/image/upload/v1747059391/legal/Per_saperne_di_pi%C3%B9_sulla_ricerca_e_lo_sviluppo_di_prodotti_innovativi.pdf | Nome/cognome non verificati.
2026-09-02 15:27:23 | INFO | CV SCARTATO | 1188728 | https://media.doctolib.com/image/upload/v1738603917/legal/Per_saperne_di_pi%C3%B9_sui_servizi_personalizzati.pdf | Nome/cognome non verificati.
2026-09-02 15:27:24 | INFO | CV SCARTATO | 1188728 | https://esante.gouv.fr/sites/default/files/media_entity/documents/%5BINS%20au%20quotidien%5D%20Conduite%20à%20tenir%20en%20fonction%20du%20retour%20d%27INSi.pdf | Nome/cognome non verificati.
2026-09-02 15:27:24 | INFO | DONE | Pers_Id=1188728 | 8.1s | SPECIALITA_TROVATA | specialita=Medicina Generale | cv=NO | cv_review=0
2026-09-02 15:27:25 | INFO | SEARCH API OK | serper | "MARIA VITTORIA ABALSAMO" medico "ROMA" | 8 risultati
2026-09-02 15:27:25 | INFO | HIT SUMMARY | Pers_Id=436708 | query=1 | grezzi=8 | rilevanti=2 | provider={'serper': 5, 'brave': 0}
2026-09-02 15:27:28 | WARNING | Ignoring wrong pointing object 95 0 (offset 0)
2026-09-02 15:27:28 | INFO | CV SCARTATO | 436708 | https://media.doctolib.com/image/upload/v1747059391/legal/Per_saperne_di_pi%C3%B9_sulla_ricerca_e_lo_sviluppo_di_prodotti_innovativi.pdf | Nome/cognome non verificati.
2026-09-02 15:27:29 | INFO | CV SCARTATO | 436708 | https://media.doctolib.com/image/upload/v1738603917/legal/Per_saperne_di_pi%C3%B9_sui_servizi_personalizzati.pdf | Nome/cognome non verificati.
2026-09-02 15:27:30 | INFO | CV SCARTATO | 436708 | https://esante.gouv.fr/sites/default/files/media_entity/documents/%5BINS%20au%20quotidien%5D%20Conduite%20à%20tenir%20en%20fonction%20du%20retour%20d%27INSi.pdf | Nome/cognome non verificati.
2026-09-02 15:27:30 | INFO | DONE | Pers_Id=436708 | 5.7s | SPECIALITA_TROVATA | specialita=Medicina Generale | cv=NO | cv_review=0
2026-09-02 15:27:32 | INFO | SEARCH API OK | serper | "MARIA ABASCHINA" medico "MONTELUPONE" | 2 risultati
2026-09-02 15:27:32 | INFO | HIT SUMMARY | Pers_Id=1219520 | query=1 | grezzi=2 | rilevanti=1 | provider={'serper': 6, 'brave': 0}
2026-09-02 15:27:34 | WARNING | Ignoring wrong pointing object 95 0 (offset 0)
2026-09-02 15:27:34 | INFO | CV SCARTATO | 1219520 | https://media.doctolib.com/image/upload/v1747059391/legal/Per_saperne_di_pi%C3%B9_sulla_ricerca_e_lo_sviluppo_di_prodotti_innovativi.pdf | Nome/cognome non verificati.
2026-09-02 15:27:35 | INFO | CV SCARTATO | 1219520 | https://media.doctolib.com/image/upload/v1738603917/legal/Per_saperne_di_pi%C3%B9_sui_servizi_personalizzati.pdf | Nome/cognome non verificati.
2026-09-02 15:27:35 | INFO | CV SCARTATO | 1219520 | https://esante.gouv.fr/sites/default/files/media_entity/documents/%5BINS%20au%20quotidien%5D%20Conduite%20à%20tenir%20en%20fonction%20du%20retour%20d%27INSi.pdf | Nome/cognome non verificati.
2026-09-02 15:27:35 | INFO | DONE | Pers_Id=1219520 | 5.5s | SPECIALITA_TROVATA | specialita=Medicina Generale | cv=NO | cv_review=0
2026-09-02 15:27:35 | INFO | PROGRESS | 5/5 | 9.97 medici/min | ETA 0.0 min | {'SPECIALITA_TROVATA': 4, 'NESSUN_RISULTATO': 1} | API={'serper': 6, 'brave': 0}
2026-09-02 15:27:55 | INFO | ==============================================================================
2026-09-02 15:27:55 | INFO | FINE | 0.8 min | {'SPECIALITA_TROVATA': 4, 'NESSUN_RISULTATO': 1}
2026-09-02 15:27:55 | INFO | API REQUESTS | totale=6 | {'serper': 6, 'brave': 0}
2026-09-02 15:27:55 | INFO | OUTPUT | C:\Dev\Niko\scriptRicerca\output\risultatiMedici.xlsx
2026-09-02 15:27:55 | INFO | ==============================================================================
