2026-09-03 09:13:13 | INFO | ==============================================================================
2026-09-03 09:13:13 | INFO | V4.7 MEDICI - IDENTITY BOUNDARIES + CONFLICT ENGINE
2026-09-03 09:13:13 | INFO | Input: C:\Dev\Niko\scriptRicerca\input\scriptMedici.xlsx
2026-09-03 09:13:13 | INFO | Output: C:\Dev\Niko\scriptRicerca\output\risultatiMedici.xlsx
2026-09-03 09:13:13 | INFO | Provider: serper
2026-09-03 09:13:13 | INFO | Deep: False
2026-09-03 09:13:13 | INFO | Search results: 8
2026-09-03 09:13:13 | INFO | Max searches/persona: 3 (+1 con --deep)
2026-09-03 09:13:13 | INFO | Delay: 0.1 - 0.3 sec
2026-09-03 09:13:13 | INFO | CV sicuri dir: C:\Dev\Niko\scriptRicerca\cv_medici
2026-09-03 09:13:13 | INFO | CV da verificare dir: C:\Dev\Niko\scriptRicerca\cv_medici_da_verificare
2026-09-03 09:13:13 | INFO | Cache dir: C:\Dev\Niko\scriptRicerca\cache_medici
2026-09-03 09:13:13 | INFO | Log: logs\run_medici_20260903_091210.log
2026-09-03 09:13:13 | INFO | ==============================================================================
2026-09-03 09:13:14 | INFO | Medici da elaborare: 40
2026-09-03 09:13:15 | INFO | SEARCH API OK | serper | "YASAMIN AAZAM RAHIMIAN" medico "BOLOGNA" | 3 risultati
2026-09-03 09:13:17 | INFO | SEARCH API OK | serper | "YASAMIN AAZAM RAHIMIAN" medico specialista ospedale | 2 risultati
2026-09-03 09:13:18 | INFO | SEARCH API OK | serper | "YASAMIN AAZAM RAHIMIAN" specializzazione OR specialista OR "medico di" | 2 risultati
2026-09-03 09:13:18 | INFO | HIT SUMMARY | Pers_Id=2467194 | query=3 | grezzi=4 | rilevanti=1 | provider={'serper': 3, 'brave': 0}
2026-09-03 09:13:23 | INFO | DONE | Pers_Id=2467194 | 9.6s | DA_VERIFICARE | specialita=N/D | cv=NO | cv_review=0
2026-09-03 09:13:26 | INFO | SEARCH API OK | serper | "ERNESTO MARTIN ABAD AGUIAR" medico "Nuoro" | 8 risultati
2026-09-03 09:13:26 | INFO | HIT SUMMARY | Pers_Id=2606079 | query=1 | grezzi=8 | rilevanti=3 | provider={'serper': 4, 'brave': 0}
2026-09-03 09:13:28 | INFO | PDF PRE-SCARTATO | markup non-CV | https://media.doctolib.com/image/upload/v1738603917/legal/Per_saperne_di_pi%C3%B9_sui_servizi_personalizzati.pdf
2026-09-03 09:13:28 | INFO | PDF PRE-SCARTATO | markup non-CV | https://media.doctolib.com/image/upload/v1747059391/legal/Per_saperne_di_pi%C3%B9_sulla_ricerca_e_lo_sviluppo_di_prodotti_innovativi.pdf
2026-09-03 09:13:28 | INFO | PDF PRE-SCARTATO | markup non-CV | https://esante.gouv.fr/sites/default/files/media_entity/documents/%5BINS%20au%20quotidien%5D%20Conduite%20à%20tenir%20en%20fonction%20du%20retour%20d%27INSi.pdf
2026-09-03 09:13:28 | INFO | PDF PRE-SCARTATO | markup non-CV | https://%{media_root_url}/image/upload/v1733825817/legal/B2C-PrivacyPolicy-DEC24-ITA.pdf
2026-09-03 09:13:28 | INFO | PDF PRE-SCARTATO | markup non-CV | https://%{media_root_url}/image/upload/v1708014384/legal/Adyen_CGU_ITA.pdf
2026-09-03 09:13:28 | INFO | PDF PRE-SCARTATO | markup non-CV | https://%{media_root_url}/image/upload/v1642696847/PrivacyPolicy-B2B-january-2022-Vdef_jx0yux.pdf
2026-09-03 09:13:28 | INFO | PDF PRE-SCARTATO | markup non-CV | https://%{media_root_url}/image/upload/v1643797392/Privacy-policy-B2B-ITA-Jan22-vdef_pkciyb.pdf
2026-09-03 09:13:28 | INFO | PDF PRE-SCARTATO | markup non-CV | https://%{media_root_url}/image/upload/v1614251120/legal/D%C3%89FINITIONS_patients.pdf
2026-09-03 09:13:28 | INFO | PDF PRE-SCARTATO | markup non-CV | https://%{media_root_url}/image/upload/v1657277812/legal/B2C-PrivacyPolicy-July-22-ITA.pdf
2026-09-03 09:13:28 | INFO | PDF PRE-SCARTATO | markup non-CV | https://%{media_root_url}/image/upload/v1733825817/legal/B2C-PrivacyPolicy-DEC24-ITA.pdf
2026-09-03 09:13:28 | INFO | PDF PRE-SCARTATO | markup non-CV | https://%{media_root_url}/image/upload/v1745330410/legal/B2C-VDEF-PP-APR-25-FR.pdf
2026-09-03 09:13:28 | INFO | PDF PRE-SCARTATO | markup non-CV | https://%{media_root_url}/image/upload/v1753974148/legal/B2C-PrivacyPolicy-JULY_25-DE.pdf
2026-09-03 09:13:28 | INFO | PDF PRE-SCARTATO | markup non-CV | https://%{media_root_url}/image/upload/v1733825817/legal/B2C-PrivacyPolicy-DEC24-ITA.pdf
2026-09-03 09:13:28 | INFO | PDF PRE-SCARTATO | markup non-CV | https://%{media_root_url}/image/upload/v1584379505/pms_training/intellio_teletransmission_fsedegradee.pdf
2026-09-03 09:13:28 | INFO | PDF PRE-SCARTATO | markup non-CV | https://%{media_root_url}/image/upload/v1649341216/tuv%20certifications/doctolib_tuevit_tcs.pdf
2026-09-03 09:13:28 | INFO | PDF PRE-SCARTATO | markup non-CV | https://%{media_root_url}/image/upload/v1649341216/tuv%20certifications/doctolib_tuevit_dataprivacy.pdf
2026-09-03 09:13:28 | INFO | PDF PRE-SCARTATO | markup non-CV | https://%{media_root_url}/image/upload/v1586961367/KV%20Declaration%20Form/Zertifizierter_Videodienstanbieter_Datenschutzcert_Formular.pdf
2026-09-03 09:13:28 | INFO | PDF PRE-SCARTATO | markup non-CV | https://%{media_root_url}/image/upload/mkg/file/doctolib_tuevit_dataprivacy.pdf
2026-09-03 09:13:28 | INFO | PDF PRE-SCARTATO | markup non-CV | https://%{media_root_url}/image/upload/v1607434983/Transparence_des_liens_-_LAP_-_de%CC%81claration_V4_m11n9b.pdf
2026-09-03 09:13:28 | INFO | PDF PRE-SCARTATO | markup non-CV | https://%{media_root_url}/image/upload/v1697629985/legal/Certification_HAS_du_LAP_Doctolib_20231017.pdf
2026-09-03 09:13:28 | INFO | PDF PRE-SCARTATO | markup non-CV | https://%{media_root_url}/image/upload/v1679994602/legal/B2B_CA_ACCETTAZIONEART.1341E1342C.C._GEN23_ITA.pdf
2026-09-03 09:13:28 | INFO | PDF PRE-SCARTATO | markup non-CV | https://%{media_root_url}/image/upload/v1679994602/legal/B2B_CA_ACCETTAZIONEART.1341E1342C.C._GEN23_ITA.pdf
2026-09-03 09:13:28 | INFO | PDF PRE-SCARTATO | markup non-CV | https://%{media_root_url}/image/upload/v1695113836/legal/B2B-Conditionsderogatoires-CA-SEP23-FR.pdf
2026-09-03 09:13:30 | INFO | DONE | Pers_Id=2606079 | 7.0s | SPECIALITA_TROVATA | specialita=Medicina Generale | cv=NO | cv_review=0
2026-09-03 09:13:32 | INFO | SEARCH API OK | serper | "CHIARA ABAGNALE" medico "San felice Circeo" | 2 risultati
2026-09-03 09:13:33 | INFO | SEARCH API OK | serper | "CHIARA ABAGNALE" medico specialista ospedale | 8 risultati
2026-09-03 09:13:35 | INFO | SEARCH API OK | serper | "CHIARA ABAGNALE" specializzazione OR specialista OR "medico di" | 8 risultati
2026-09-03 09:13:35 | INFO | HIT SUMMARY | Pers_Id=2606149 | query=3 | grezzi=16 | rilevanti=1 | provider={'serper': 7, 'brave': 0}
2026-09-03 09:13:40 | INFO | DONE | Pers_Id=2606149 | 10.1s | SPECIALITA_TROVATA | specialita=Neurologia | cv=NO | cv_review=0
2026-09-03 09:13:42 | INFO | SEARCH API OK | serper | "FEDERICA ABAGNALE" medico "Napoli" | 2 risultati
2026-09-03 09:13:45 | INFO | SEARCH API OK | serper | "FEDERICA ABAGNALE" medico specialista ospedale | 0 risultati
2026-09-03 09:13:46 | INFO | SEARCH API OK | serper | "FEDERICA ABAGNALE" specializzazione OR specialista OR "medico di" | 1 risultati
2026-09-03 09:13:46 | INFO | HIT SUMMARY | Pers_Id=2744181 | query=3 | grezzi=3 | rilevanti=0 | provider={'serper': 10, 'brave': 0}
2026-09-03 09:13:46 | INFO | DONE | Pers_Id=2744181 | 6.0s | NESSUN_RISULTATO | specialita=N/D | cv=NO | cv_review=0
2026-09-03 09:13:48 | INFO | SEARCH API OK | serper | "GIOVANNA ABAGNALE" medico "Napoli" | 5 risultati
2026-09-03 09:13:49 | INFO | SEARCH API OK | serper | "GIOVANNA ABAGNALE" medico specialista ospedale | 0 risultati
2026-09-03 09:13:51 | INFO | SEARCH API OK | serper | "GIOVANNA ABAGNALE" specializzazione OR specialista OR "medico di" | 1 risultati
2026-09-03 09:13:51 | INFO | HIT SUMMARY | Pers_Id=2744182 | query=3 | grezzi=6 | rilevanti=0 | provider={'serper': 13, 'brave': 0}
2026-09-03 09:13:51 | INFO | DONE | Pers_Id=2744182 | 4.5s | NESSUN_RISULTATO | specialita=N/D | cv=NO | cv_review=0
2026-09-03 09:13:51 | INFO | PROGRESS | 5/40 | 8.05 medici/min | ETA 4.3 min | {'DA_VERIFICARE': 1, 'SPECIALITA_TROVATA': 2, 'NESSUN_RISULTATO': 2} | API={'serper': 13, 'brave': 0}
2026-09-03 09:13:53 | INFO | SEARCH API OK | serper | "GIUSEPPE ABAGNALE" medico "GRAGNANO" | 8 risultati
2026-09-03 09:13:53 | INFO | HIT SUMMARY | Pers_Id=359717 | query=1 | grezzi=8 | rilevanti=1 | provider={'serper': 14, 'brave': 0}
2026-09-03 09:13:55 | INFO | PDF PRE-SCARTATO | markup non-CV | https://media.doctolib.com/image/upload/v1738603917/legal/Per_saperne_di_pi%C3%B9_sui_servizi_personalizzati.pdf
2026-09-03 09:13:55 | INFO | PDF PRE-SCARTATO | markup non-CV | https://media.doctolib.com/image/upload/v1747059391/legal/Per_saperne_di_pi%C3%B9_sulla_ricerca_e_lo_sviluppo_di_prodotti_innovativi.pdf
2026-09-03 09:13:55 | INFO | PDF PRE-SCARTATO | markup non-CV | https://esante.gouv.fr/sites/default/files/media_entity/documents/%5BINS%20au%20quotidien%5D%20Conduite%20à%20tenir%20en%20fonction%20du%20retour%20d%27INSi.pdf
2026-09-03 09:13:55 | INFO | PDF PRE-SCARTATO | markup non-CV | https://%{media_root_url}/image/upload/v1733825817/legal/B2C-PrivacyPolicy-DEC24-ITA.pdf
2026-09-03 09:13:55 | INFO | PDF PRE-SCARTATO | markup non-CV | https://%{media_root_url}/image/upload/v1708014384/legal/Adyen_CGU_ITA.pdf
2026-09-03 09:13:55 | INFO | PDF PRE-SCARTATO | markup non-CV | https://%{media_root_url}/image/upload/v1642696847/PrivacyPolicy-B2B-january-2022-Vdef_jx0yux.pdf
2026-09-03 09:13:55 | INFO | PDF PRE-SCARTATO | markup non-CV | https://%{media_root_url}/image/upload/v1643797392/Privacy-policy-B2B-ITA-Jan22-vdef_pkciyb.pdf
2026-09-03 09:13:55 | INFO | PDF PRE-SCARTATO | markup non-CV | https://%{media_root_url}/image/upload/v1614251120/legal/D%C3%89FINITIONS_patients.pdf
2026-09-03 09:13:55 | INFO | PDF PRE-SCARTATO | markup non-CV | https://%{media_root_url}/image/upload/v1657277812/legal/B2C-PrivacyPolicy-July-22-ITA.pdf
2026-09-03 09:13:55 | INFO | PDF PRE-SCARTATO | markup non-CV | https://%{media_root_url}/image/upload/v1733825817/legal/B2C-PrivacyPolicy-DEC24-ITA.pdf
2026-09-03 09:13:55 | INFO | PDF PRE-SCARTATO | markup non-CV | https://%{media_root_url}/image/upload/v1745330410/legal/B2C-VDEF-PP-APR-25-FR.pdf
2026-09-03 09:13:55 | INFO | PDF PRE-SCARTATO | markup non-CV | https://%{media_root_url}/image/upload/v1753974148/legal/B2C-PrivacyPolicy-JULY_25-DE.pdf
2026-09-03 09:13:55 | INFO | PDF PRE-SCARTATO | markup non-CV | https://%{media_root_url}/image/upload/v1733825817/legal/B2C-PrivacyPolicy-DEC24-ITA.pdf
2026-09-03 09:13:55 | INFO | PDF PRE-SCARTATO | markup non-CV | https://%{media_root_url}/image/upload/v1584379505/pms_training/intellio_teletransmission_fsedegradee.pdf
2026-09-03 09:13:55 | INFO | PDF PRE-SCARTATO | markup non-CV | https://%{media_root_url}/image/upload/v1649341216/tuv%20certifications/doctolib_tuevit_tcs.pdf
2026-09-03 09:13:55 | INFO | PDF PRE-SCARTATO | markup non-CV | https://%{media_root_url}/image/upload/v1649341216/tuv%20certifications/doctolib_tuevit_dataprivacy.pdf
2026-09-03 09:13:55 | INFO | PDF PRE-SCARTATO | markup non-CV | https://%{media_root_url}/image/upload/v1586961367/KV%20Declaration%20Form/Zertifizierter_Videodienstanbieter_Datenschutzcert_Formular.pdf
2026-09-03 09:13:55 | INFO | PDF PRE-SCARTATO | markup non-CV | https://%{media_root_url}/image/upload/mkg/file/doctolib_tuevit_dataprivacy.pdf
2026-09-03 09:13:55 | INFO | PDF PRE-SCARTATO | markup non-CV | https://%{media_root_url}/image/upload/v1607434983/Transparence_des_liens_-_LAP_-_de%CC%81claration_V4_m11n9b.pdf
2026-09-03 09:13:55 | INFO | PDF PRE-SCARTATO | markup non-CV | https://%{media_root_url}/image/upload/v1697629985/legal/Certification_HAS_du_LAP_Doctolib_20231017.pdf
2026-09-03 09:13:55 | INFO | PDF PRE-SCARTATO | markup non-CV | https://%{media_root_url}/image/upload/v1679994602/legal/B2B_CA_ACCETTAZIONEART.1341E1342C.C._GEN23_ITA.pdf
2026-09-03 09:13:55 | INFO | PDF PRE-SCARTATO | markup non-CV | https://%{media_root_url}/image/upload/v1679994602/legal/B2B_CA_ACCETTAZIONEART.1341E1342C.C._GEN23_ITA.pdf
2026-09-03 09:13:55 | INFO | PDF PRE-SCARTATO | markup non-CV | https://%{media_root_url}/image/upload/v1695113836/legal/B2B-Conditionsderogatoires-CA-SEP23-FR.pdf
2026-09-03 09:13:55 | INFO | DONE | Pers_Id=359717 | 4.1s | SPECIALITA_TROVATA | specialita=Medicina Generale | cv=NO | cv_review=0
2026-09-03 09:13:57 | INFO | SEARCH API OK | serper | "LUCIA ABAGNALE" medico "Santa Maria la Carità" | 0 risultati
2026-09-03 09:13:59 | INFO | SEARCH API OK | serper | "LUCIA ABAGNALE" medico specialista ospedale | 1 risultati
2026-09-03 09:14:01 | INFO | SEARCH API OK | serper | "LUCIA ABAGNALE" specializzazione OR specialista OR "medico di" | 8 risultati
2026-09-03 09:14:01 | INFO | HIT SUMMARY | Pers_Id=2606156 | query=3 | grezzi=9 | rilevanti=1 | provider={'serper': 17, 'brave': 0}
2026-09-03 09:14:11 | INFO | LANDING SCARTATA | Pers_Id=2606156 | nome completo assente dalla pagina | https://burc.regione.campania.it/eBurcWeb/directServlet?DOCUMENT_ID=00108224&ATTACH_ID=160875
2026-09-03 09:14:11 | INFO | DONE | Pers_Id=2606156 | 16.0s | NESSUN_RISULTATO | specialita=N/D | cv=NO | cv_review=0
2026-09-03 09:14:13 | INFO | SEARCH API OK | serper | "CHIARA ABALOTTI" medico "CORNEDO VICENTINO" | 8 risultati
2026-09-03 09:14:13 | INFO | HIT SUMMARY | Pers_Id=1188728 | query=1 | grezzi=8 | rilevanti=2 | provider={'serper': 18, 'brave': 0}
2026-09-03 09:14:19 | INFO | PDF PRE-SCARTATO | markup non-CV | https://media.doctolib.com/image/upload/v1738603917/legal/Per_saperne_di_pi%C3%B9_sui_servizi_personalizzati.pdf
2026-09-03 09:14:19 | INFO | PDF PRE-SCARTATO | markup non-CV | https://media.doctolib.com/image/upload/v1747059391/legal/Per_saperne_di_pi%C3%B9_sulla_ricerca_e_lo_sviluppo_di_prodotti_innovativi.pdf
2026-09-03 09:14:19 | INFO | PDF PRE-SCARTATO | markup non-CV | https://esante.gouv.fr/sites/default/files/media_entity/documents/%5BINS%20au%20quotidien%5D%20Conduite%20à%20tenir%20en%20fonction%20du%20retour%20d%27INSi.pdf
2026-09-03 09:14:19 | INFO | PDF PRE-SCARTATO | markup non-CV | https://%{media_root_url}/image/upload/v1733825817/legal/B2C-PrivacyPolicy-DEC24-ITA.pdf
2026-09-03 09:14:19 | INFO | PDF PRE-SCARTATO | markup non-CV | https://%{media_root_url}/image/upload/v1708014384/legal/Adyen_CGU_ITA.pdf
2026-09-03 09:14:19 | INFO | PDF PRE-SCARTATO | markup non-CV | https://%{media_root_url}/image/upload/v1642696847/PrivacyPolicy-B2B-january-2022-Vdef_jx0yux.pdf
2026-09-03 09:14:19 | INFO | PDF PRE-SCARTATO | markup non-CV | https://%{media_root_url}/image/upload/v1643797392/Privacy-policy-B2B-ITA-Jan22-vdef_pkciyb.pdf
2026-09-03 09:14:19 | INFO | PDF PRE-SCARTATO | markup non-CV | https://%{media_root_url}/image/upload/v1614251120/legal/D%C3%89FINITIONS_patients.pdf
2026-09-03 09:14:19 | INFO | PDF PRE-SCARTATO | markup non-CV | https://%{media_root_url}/image/upload/v1657277812/legal/B2C-PrivacyPolicy-July-22-ITA.pdf
2026-09-03 09:14:19 | INFO | PDF PRE-SCARTATO | markup non-CV | https://%{media_root_url}/image/upload/v1733825817/legal/B2C-PrivacyPolicy-DEC24-ITA.pdf
2026-09-03 09:14:19 | INFO | PDF PRE-SCARTATO | markup non-CV | https://%{media_root_url}/image/upload/v1745330410/legal/B2C-VDEF-PP-APR-25-FR.pdf
2026-09-03 09:14:19 | INFO | PDF PRE-SCARTATO | markup non-CV | https://%{media_root_url}/image/upload/v1753974148/legal/B2C-PrivacyPolicy-JULY_25-DE.pdf
2026-09-03 09:14:19 | INFO | PDF PRE-SCARTATO | markup non-CV | https://%{media_root_url}/image/upload/v1733825817/legal/B2C-PrivacyPolicy-DEC24-ITA.pdf
2026-09-03 09:14:19 | INFO | PDF PRE-SCARTATO | markup non-CV | https://%{media_root_url}/image/upload/v1584379505/pms_training/intellio_teletransmission_fsedegradee.pdf
2026-09-03 09:14:19 | INFO | PDF PRE-SCARTATO | markup non-CV | https://%{media_root_url}/image/upload/v1649341216/tuv%20certifications/doctolib_tuevit_tcs.pdf
2026-09-03 09:14:19 | INFO | PDF PRE-SCARTATO | markup non-CV | https://%{media_root_url}/image/upload/v1649341216/tuv%20certifications/doctolib_tuevit_dataprivacy.pdf
2026-09-03 09:14:19 | INFO | PDF PRE-SCARTATO | markup non-CV | https://%{media_root_url}/image/upload/v1586961367/KV%20Declaration%20Form/Zertifizierter_Videodienstanbieter_Datenschutzcert_Formular.pdf
2026-09-03 09:14:19 | INFO | PDF PRE-SCARTATO | markup non-CV | https://%{media_root_url}/image/upload/mkg/file/doctolib_tuevit_dataprivacy.pdf
2026-09-03 09:14:19 | INFO | PDF PRE-SCARTATO | markup non-CV | https://%{media_root_url}/image/upload/v1607434983/Transparence_des_liens_-_LAP_-_de%CC%81claration_V4_m11n9b.pdf
2026-09-03 09:14:19 | INFO | PDF PRE-SCARTATO | markup non-CV | https://%{media_root_url}/image/upload/v1697629985/legal/Certification_HAS_du_LAP_Doctolib_20231017.pdf
2026-09-03 09:14:19 | INFO | PDF PRE-SCARTATO | markup non-CV | https://%{media_root_url}/image/upload/v1679994602/legal/B2B_CA_ACCETTAZIONEART.1341E1342C.C._GEN23_ITA.pdf
2026-09-03 09:14:19 | INFO | PDF PRE-SCARTATO | markup non-CV | https://%{media_root_url}/image/upload/v1679994602/legal/B2B_CA_ACCETTAZIONEART.1341E1342C.C._GEN23_ITA.pdf
2026-09-03 09:14:19 | INFO | PDF PRE-SCARTATO | markup non-CV | https://%{media_root_url}/image/upload/v1695113836/legal/B2B-Conditionsderogatoires-CA-SEP23-FR.pdf
2026-09-03 09:14:19 | INFO | DONE | Pers_Id=1188728 | 8.2s | SPECIALITA_TROVATA | specialita=Chirurgia Generale | cv=NO | cv_review=0
2026-09-03 09:14:21 | INFO | SEARCH API OK | serper | "MARIA VITTORIA ABALSAMO" medico "ROMA" | 8 risultati
2026-09-03 09:14:21 | INFO | HIT SUMMARY | Pers_Id=436708 | query=1 | grezzi=8 | rilevanti=2 | provider={'serper': 19, 'brave': 0}
2026-09-03 09:14:24 | INFO | PDF PRE-SCARTATO | markup non-CV | https://media.doctolib.com/image/upload/v1738603917/legal/Per_saperne_di_pi%C3%B9_sui_servizi_personalizzati.pdf
2026-09-03 09:14:24 | INFO | PDF PRE-SCARTATO | markup non-CV | https://media.doctolib.com/image/upload/v1747059391/legal/Per_saperne_di_pi%C3%B9_sulla_ricerca_e_lo_sviluppo_di_prodotti_innovativi.pdf
2026-09-03 09:14:24 | INFO | PDF PRE-SCARTATO | markup non-CV | https://esante.gouv.fr/sites/default/files/media_entity/documents/%5BINS%20au%20quotidien%5D%20Conduite%20à%20tenir%20en%20fonction%20du%20retour%20d%27INSi.pdf
2026-09-03 09:14:24 | INFO | PDF PRE-SCARTATO | markup non-CV | https://%{media_root_url}/image/upload/v1733825817/legal/B2C-PrivacyPolicy-DEC24-ITA.pdf
2026-09-03 09:14:24 | INFO | PDF PRE-SCARTATO | markup non-CV | https://%{media_root_url}/image/upload/v1708014384/legal/Adyen_CGU_ITA.pdf
2026-09-03 09:14:24 | INFO | PDF PRE-SCARTATO | markup non-CV | https://%{media_root_url}/image/upload/v1642696847/PrivacyPolicy-B2B-january-2022-Vdef_jx0yux.pdf
2026-09-03 09:14:24 | INFO | PDF PRE-SCARTATO | markup non-CV | https://%{media_root_url}/image/upload/v1643797392/Privacy-policy-B2B-ITA-Jan22-vdef_pkciyb.pdf
2026-09-03 09:14:24 | INFO | PDF PRE-SCARTATO | markup non-CV | https://%{media_root_url}/image/upload/v1614251120/legal/D%C3%89FINITIONS_patients.pdf
2026-09-03 09:14:24 | INFO | PDF PRE-SCARTATO | markup non-CV | https://%{media_root_url}/image/upload/v1657277812/legal/B2C-PrivacyPolicy-July-22-ITA.pdf
2026-09-03 09:14:24 | INFO | PDF PRE-SCARTATO | markup non-CV | https://%{media_root_url}/image/upload/v1733825817/legal/B2C-PrivacyPolicy-DEC24-ITA.pdf
2026-09-03 09:14:24 | INFO | PDF PRE-SCARTATO | markup non-CV | https://%{media_root_url}/image/upload/v1745330410/legal/B2C-VDEF-PP-APR-25-FR.pdf
2026-09-03 09:14:24 | INFO | PDF PRE-SCARTATO | markup non-CV | https://%{media_root_url}/image/upload/v1753974148/legal/B2C-PrivacyPolicy-JULY_25-DE.pdf
2026-09-03 09:14:24 | INFO | PDF PRE-SCARTATO | markup non-CV | https://%{media_root_url}/image/upload/v1733825817/legal/B2C-PrivacyPolicy-DEC24-ITA.pdf
2026-09-03 09:14:24 | INFO | PDF PRE-SCARTATO | markup non-CV | https://%{media_root_url}/image/upload/v1584379505/pms_training/intellio_teletransmission_fsedegradee.pdf
2026-09-03 09:14:24 | INFO | PDF PRE-SCARTATO | markup non-CV | https://%{media_root_url}/image/upload/v1649341216/tuv%20certifications/doctolib_tuevit_tcs.pdf
2026-09-03 09:14:24 | INFO | PDF PRE-SCARTATO | markup non-CV | https://%{media_root_url}/image/upload/v1649341216/tuv%20certifications/doctolib_tuevit_dataprivacy.pdf
2026-09-03 09:14:24 | INFO | PDF PRE-SCARTATO | markup non-CV | https://%{media_root_url}/image/upload/v1586961367/KV%20Declaration%20Form/Zertifizierter_Videodienstanbieter_Datenschutzcert_Formular.pdf
2026-09-03 09:14:24 | INFO | PDF PRE-SCARTATO | markup non-CV | https://%{media_root_url}/image/upload/mkg/file/doctolib_tuevit_dataprivacy.pdf
2026-09-03 09:14:24 | INFO | PDF PRE-SCARTATO | markup non-CV | https://%{media_root_url}/image/upload/v1607434983/Transparence_des_liens_-_LAP_-_de%CC%81claration_V4_m11n9b.pdf
2026-09-03 09:14:24 | INFO | PDF PRE-SCARTATO | markup non-CV | https://%{media_root_url}/image/upload/v1697629985/legal/Certification_HAS_du_LAP_Doctolib_20231017.pdf
2026-09-03 09:14:24 | INFO | PDF PRE-SCARTATO | markup non-CV | https://%{media_root_url}/image/upload/v1679994602/legal/B2B_CA_ACCETTAZIONEART.1341E1342C.C._GEN23_ITA.pdf
2026-09-03 09:14:24 | INFO | PDF PRE-SCARTATO | markup non-CV | https://%{media_root_url}/image/upload/v1679994602/legal/B2B_CA_ACCETTAZIONEART.1341E1342C.C._GEN23_ITA.pdf
2026-09-03 09:14:24 | INFO | PDF PRE-SCARTATO | markup non-CV | https://%{media_root_url}/image/upload/v1695113836/legal/B2B-Conditionsderogatoires-CA-SEP23-FR.pdf
2026-09-03 09:14:24 | INFO | DONE | Pers_Id=436708 | 4.9s | SPECIALITA_TROVATA | specialita=Medicina Generale | cv=NO | cv_review=0
2026-09-03 09:14:26 | INFO | SEARCH API OK | serper | "MARIA ABASCHINA" medico "MONTELUPONE" | 2 risultati
2026-09-03 09:14:26 | INFO | HIT SUMMARY | Pers_Id=1219520 | query=1 | grezzi=2 | rilevanti=1 | provider={'serper': 20, 'brave': 0}
2026-09-03 09:14:28 | INFO | PDF PRE-SCARTATO | markup non-CV | https://media.doctolib.com/image/upload/v1738603917/legal/Per_saperne_di_pi%C3%B9_sui_servizi_personalizzati.pdf
2026-09-03 09:14:28 | INFO | PDF PRE-SCARTATO | markup non-CV | https://media.doctolib.com/image/upload/v1747059391/legal/Per_saperne_di_pi%C3%B9_sulla_ricerca_e_lo_sviluppo_di_prodotti_innovativi.pdf
2026-09-03 09:14:28 | INFO | PDF PRE-SCARTATO | markup non-CV | https://esante.gouv.fr/sites/default/files/media_entity/documents/%5BINS%20au%20quotidien%5D%20Conduite%20à%20tenir%20en%20fonction%20du%20retour%20d%27INSi.pdf
2026-09-03 09:14:28 | INFO | PDF PRE-SCARTATO | markup non-CV | https://%{media_root_url}/image/upload/v1733825817/legal/B2C-PrivacyPolicy-DEC24-ITA.pdf
2026-09-03 09:14:28 | INFO | PDF PRE-SCARTATO | markup non-CV | https://%{media_root_url}/image/upload/v1708014384/legal/Adyen_CGU_ITA.pdf
2026-09-03 09:14:28 | INFO | PDF PRE-SCARTATO | markup non-CV | https://%{media_root_url}/image/upload/v1642696847/PrivacyPolicy-B2B-january-2022-Vdef_jx0yux.pdf
2026-09-03 09:14:28 | INFO | PDF PRE-SCARTATO | markup non-CV | https://%{media_root_url}/image/upload/v1643797392/Privacy-policy-B2B-ITA-Jan22-vdef_pkciyb.pdf
2026-09-03 09:14:28 | INFO | PDF PRE-SCARTATO | markup non-CV | https://%{media_root_url}/image/upload/v1614251120/legal/D%C3%89FINITIONS_patients.pdf
2026-09-03 09:14:28 | INFO | PDF PRE-SCARTATO | markup non-CV | https://%{media_root_url}/image/upload/v1657277812/legal/B2C-PrivacyPolicy-July-22-ITA.pdf
2026-09-03 09:14:28 | INFO | PDF PRE-SCARTATO | markup non-CV | https://%{media_root_url}/image/upload/v1733825817/legal/B2C-PrivacyPolicy-DEC24-ITA.pdf
2026-09-03 09:14:28 | INFO | PDF PRE-SCARTATO | markup non-CV | https://%{media_root_url}/image/upload/v1745330410/legal/B2C-VDEF-PP-APR-25-FR.pdf
2026-09-03 09:14:28 | INFO | PDF PRE-SCARTATO | markup non-CV | https://%{media_root_url}/image/upload/v1753974148/legal/B2C-PrivacyPolicy-JULY_25-DE.pdf
2026-09-03 09:14:28 | INFO | PDF PRE-SCARTATO | markup non-CV | https://%{media_root_url}/image/upload/v1733825817/legal/B2C-PrivacyPolicy-DEC24-ITA.pdf
2026-09-03 09:14:28 | INFO | PDF PRE-SCARTATO | markup non-CV | https://%{media_root_url}/image/upload/v1584379505/pms_training/intellio_teletransmission_fsedegradee.pdf
2026-09-03 09:14:28 | INFO | PDF PRE-SCARTATO | markup non-CV | https://%{media_root_url}/image/upload/v1649341216/tuv%20certifications/doctolib_tuevit_tcs.pdf
2026-09-03 09:14:28 | INFO | PDF PRE-SCARTATO | markup non-CV | https://%{media_root_url}/image/upload/v1649341216/tuv%20certifications/doctolib_tuevit_dataprivacy.pdf
2026-09-03 09:14:28 | INFO | PDF PRE-SCARTATO | markup non-CV | https://%{media_root_url}/image/upload/v1586961367/KV%20Declaration%20Form/Zertifizierter_Videodienstanbieter_Datenschutzcert_Formular.pdf
2026-09-03 09:14:28 | INFO | PDF PRE-SCARTATO | markup non-CV | https://%{media_root_url}/image/upload/mkg/file/doctolib_tuevit_dataprivacy.pdf
2026-09-03 09:14:28 | INFO | PDF PRE-SCARTATO | markup non-CV | https://%{media_root_url}/image/upload/v1607434983/Transparence_des_liens_-_LAP_-_de%CC%81claration_V4_m11n9b.pdf
2026-09-03 09:14:28 | INFO | PDF PRE-SCARTATO | markup non-CV | https://%{media_root_url}/image/upload/v1697629985/legal/Certification_HAS_du_LAP_Doctolib_20231017.pdf
2026-09-03 09:14:28 | INFO | PDF PRE-SCARTATO | markup non-CV | https://%{media_root_url}/image/upload/v1679994602/legal/B2B_CA_ACCETTAZIONEART.1341E1342C.C._GEN23_ITA.pdf
2026-09-03 09:14:28 | INFO | PDF PRE-SCARTATO | markup non-CV | https://%{media_root_url}/image/upload/v1679994602/legal/B2B_CA_ACCETTAZIONEART.1341E1342C.C._GEN23_ITA.pdf
2026-09-03 09:14:28 | INFO | PDF PRE-SCARTATO | markup non-CV | https://%{media_root_url}/image/upload/v1695113836/legal/B2B-Conditionsderogatoires-CA-SEP23-FR.pdf
2026-09-03 09:14:28 | INFO | DONE | Pers_Id=1219520 | 3.3s | SPECIALITA_TROVATA | specialita=Medicina Generale | cv=NO | cv_review=0
2026-09-03 09:14:56 | INFO | CHECKPOINT | 10/40 | C:\Dev\Niko\scriptRicerca\output\risultatiMedici.xlsx
2026-09-03 09:14:56 | INFO | PROGRESS | 10/40 | 5.84 medici/min | ETA 5.1 min | {'DA_VERIFICARE': 1, 'SPECIALITA_TROVATA': 6, 'NESSUN_RISULTATO': 3} | API={'serper': 20, 'brave': 0}
2026-09-03 09:14:59 | INFO | SEARCH API OK | serper | "NATALIYA VOLODYMYRIVNA ABASKALOVA" medico "Grosseto" | 1 risultati
2026-09-03 09:15:01 | INFO | SEARCH API OK | serper | "NATALIYA VOLODYMYRIVNA ABASKALOVA" medico specialista ospedale | 0 risultati
2026-09-03 09:15:03 | INFO | SEARCH API OK | serper | "NATALIYA VOLODYMYRIVNA ABASKALOVA" specializzazione OR specialista OR "medico di" | 1 risultati
2026-09-03 09:15:03 | INFO | HIT SUMMARY | Pers_Id=1784532 | query=3 | grezzi=2 | rilevanti=0 | provider={'serper': 23, 'brave': 0}
2026-09-03 09:15:03 | INFO | DONE | Pers_Id=1784532 | 6.9s | NESSUN_RISULTATO | specialita=N/D | cv=NO | cv_review=0
2026-09-03 09:15:05 | INFO | SEARCH API OK | serper | "GIULIO ABATANGELO" medico "Padova" | 3 risultati
2026-09-03 09:15:06 | INFO | SEARCH API OK | serper | "GIULIO ABATANGELO" medico specialista ospedale | 1 risultati
2026-09-03 09:15:09 | INFO | SEARCH API OK | serper | "GIULIO ABATANGELO" specializzazione OR specialista OR "medico di" | 4 risultati
2026-09-03 09:15:09 | INFO | HIT SUMMARY | Pers_Id=2806591 | query=3 | grezzi=6 | rilevanti=0 | provider={'serper': 26, 'brave': 0}
2026-09-03 09:15:09 | INFO | DONE | Pers_Id=2806591 | 5.7s | NESSUN_RISULTATO | specialita=N/D | cv=NO | cv_review=0
2026-09-03 09:15:11 | INFO | SEARCH API OK | serper | "SILVIA ABATANGELO" medico "Prato" | 6 risultati
2026-09-03 09:15:12 | INFO | SEARCH API OK | serper | "SILVIA ABATANGELO" medico specialista ospedale | 2 risultati
2026-09-03 09:15:15 | INFO | SEARCH API OK | serper | "SILVIA ABATANGELO" specializzazione OR specialista OR "medico di" | 4 risultati
2026-09-03 09:15:15 | INFO | HIT SUMMARY | Pers_Id=2745192 | query=3 | grezzi=9 | rilevanti=0 | provider={'serper': 29, 'brave': 0}
2026-09-03 09:15:15 | INFO | DONE | Pers_Id=2745192 | 5.5s | NESSUN_RISULTATO | specialita=N/D | cv=NO | cv_review=0
2026-09-03 09:15:16 | INFO | SEARCH API OK | serper | "ANDREA ABATE" medico "Milano" | 8 risultati
2026-09-03 09:15:18 | INFO | SEARCH API OK | serper | "ANDREA ABATE" medico specialista ospedale | 8 risultati
2026-09-03 09:15:18 | INFO | HIT SUMMARY | Pers_Id=2607465 | query=2 | grezzi=14 | rilevanti=3 | provider={'serper': 31, 'brave': 0}
2026-09-03 09:15:25 | INFO | CV SCARTATO | 2607465 | https://portale.fnomceo.it/wp-content/uploads/2018/09/PROGRAMMA-INTEGRALE-FORUMRISK13_WEB.pdf | Nome del target assente dall'intestazione del CV.
2026-09-03 09:15:30 | INFO | DONE | Pers_Id=2607465 | 15.7s | DA_VERIFICARE | specialita=N/D | cv=NO | cv_review=0
2026-09-03 09:15:32 | INFO | SEARCH API OK | serper | "ANGELA MARIA ABATE" medico "MONCALIERI" | 0 risultati
2026-09-03 09:15:34 | INFO | SEARCH API OK | serper | "ANGELA MARIA ABATE" medico specialista ospedale | 0 risultati
2026-09-03 09:15:37 | INFO | SEARCH API OK | serper | "ANGELA MARIA ABATE" specializzazione OR specialista OR "medico di" | 2 risultati
2026-09-03 09:15:37 | INFO | HIT SUMMARY | Pers_Id=1222252 | query=3 | grezzi=2 | rilevanti=2 | provider={'serper': 34, 'brave': 0}
2026-09-03 09:15:39 | INFO | PDF PRE-SCARTATO | landing non-CV | https://1337ugc.de/wp-content/uploads/1337_UGC_Mediakit.pdf
2026-09-03 09:15:39 | INFO | PDF PRE-SCARTATO | markup non-CV | https://1337ugc.de/wp-content/uploads/1337_UGC_Mediakit.pdf
2026-09-03 09:15:39 | INFO | PDF PRE-SCARTATO | Pers_Id=1222252 | filtro finale landing | https://www.oraridiapertura24.it/filiale/Nichelino-Dott.ssa%2520Abate%2520Angela%2520Maria-3828217V.html
2026-09-03 09:15:41 | INFO | PDF PRE-SCARTATO | landing non-CV | https://1337ugc.de/wp-content/uploads/1337_UGC_Mediakit.pdf
2026-09-03 09:15:41 | INFO | PDF PRE-SCARTATO | markup non-CV | https://1337ugc.de/wp-content/uploads/1337_UGC_Mediakit.pdf
2026-09-03 09:15:41 | INFO | PDF PRE-SCARTATO | Pers_Id=1222252 | filtro finale landing | https://www.oraridiapertura24.it/filiale/Nichelino-Dott.ssa%2520Abate%2520Angela%2520Maria-2929555U.html
2026-09-03 09:15:41 | INFO | DONE | Pers_Id=1222252 | 10.5s | DA_VERIFICARE | specialita=N/D | cv=NO | cv_review=0
2026-09-03 09:15:41 | INFO | PROGRESS | 15/40 | 6.11 medici/min | ETA 4.1 min | {'DA_VERIFICARE': 3, 'SPECIALITA_TROVATA': 6, 'NESSUN_RISULTATO': 6} | API={'serper': 34, 'brave': 0}
2026-09-03 09:15:43 | INFO | SEARCH API OK | serper | "ANTONIO HERMES ABATE" medico "Verona" | 0 risultati
2026-09-03 09:15:45 | INFO | SEARCH API OK | serper | "ANTONIO HERMES ABATE" medico specialista ospedale | 2 risultati
2026-09-03 09:15:47 | INFO | SEARCH API OK | serper | "ANTONIO HERMES ABATE" specializzazione OR specialista OR "medico di" | 1 risultati
2026-09-03 09:15:47 | INFO | HIT SUMMARY | Pers_Id=2463758 | query=3 | grezzi=3 | rilevanti=2 | provider={'serper': 37, 'brave': 0}
2026-09-03 09:15:49 | INFO | LANDING SCARTATA | Pers_Id=2463758 | fonte sanitaria con identita solo incidentale | https://www.aou-careggi.toscana.it/internet/diagnosi-e-cura/dipartimenti/strutture-organizzative-dipartimentali-sod/neuroanestesia-e-rianimazione
2026-09-03 09:15:52 | INFO | DONE | Pers_Id=2463758 | 10.9s | DA_VERIFICARE | specialita=N/D | cv=NO | cv_review=0
2026-09-03 09:15:54 | INFO | SEARCH API OK | serper | "ASSUNTA ABATE" medico "FIRENZE" | 7 risultati
2026-09-03 09:15:55 | INFO | SEARCH API OK | serper | "ASSUNTA ABATE" medico specialista ospedale | 7 risultati
2026-09-03 09:15:56 | INFO | SEARCH API OK | serper | "ASSUNTA ABATE" specializzazione OR specialista OR "medico di" | 8 risultati
2026-09-03 09:15:56 | INFO | HIT SUMMARY | Pers_Id=2162965 | query=3 | grezzi=17 | rilevanti=1 | provider={'serper': 40, 'brave': 0}
2026-09-03 09:15:58 | INFO | DONE | Pers_Id=2162965 | 6.4s | DA_VERIFICARE | specialita=N/D | cv=NO | cv_review=0
2026-09-03 09:16:00 | INFO | SEARCH API OK | serper | "BIAGIO ABATE" medico "Montesarchio" | 4 risultati
2026-09-03 09:16:01 | INFO | SEARCH API OK | serper | "BIAGIO ABATE" medico specialista ospedale | 8 risultati
2026-09-03 09:16:03 | INFO | SEARCH API OK | serper | "BIAGIO ABATE" specializzazione OR specialista OR "medico di" | 8 risultati
2026-09-03 09:16:03 | INFO | HIT SUMMARY | Pers_Id=2607461 | query=3 | grezzi=16 | rilevanti=0 | provider={'serper': 43, 'brave': 0}
2026-09-03 09:16:03 | INFO | DONE | Pers_Id=2607461 | 5.1s | NESSUN_RISULTATO | specialita=N/D | cv=NO | cv_review=0
2026-09-03 09:16:05 | INFO | SEARCH API OK | serper | "BIAGIO ABATE" medico "Agrigento" | 2 risultati
2026-09-03 09:16:06 | INFO | SEARCH API OK | serper | "BIAGIO ABATE" medico specialista ospedale | 8 risultati
2026-09-03 09:16:09 | INFO | SEARCH API OK | serper | "BIAGIO ABATE" specializzazione OR specialista OR "medico di" | 8 risultati
2026-09-03 09:16:09 | INFO | HIT SUMMARY | Pers_Id=2806593 | query=3 | grezzi=14 | rilevanti=0 | provider={'serper': 46, 'brave': 0}
2026-09-03 09:16:09 | INFO | DONE | Pers_Id=2806593 | 5.6s | NESSUN_RISULTATO | specialita=N/D | cv=NO | cv_review=0
2026-09-03 09:16:11 | INFO | SEARCH API OK | serper | "CLAUDIA ABATE" medico "Milazzo" | 4 risultati
2026-09-03 09:16:13 | INFO | SEARCH API OK | serper | "CLAUDIA ABATE" medico specialista ospedale | 6 risultati
2026-09-03 09:16:15 | INFO | SEARCH API OK | serper | "CLAUDIA ABATE" specializzazione OR specialista OR "medico di" | 8 risultati
2026-09-03 09:16:15 | INFO | HIT SUMMARY | Pers_Id=2607462 | query=3 | grezzi=16 | rilevanti=5 | provider={'serper': 49, 'brave': 0}
2026-09-03 09:16:16 | INFO | CV SCARTATO | 2607462 | https://www.asllanusei.it/documenti/4_170_20180206134238.pdf | PDF senza testo estraibile
2026-09-03 09:16:18 | INFO | LANDING SCARTATA | Pers_Id=2607462 | ruolo incompatibile vicino al nome: possibile omonimo | https://professionisti.quotidianosanitaclub.it/medico/claudia-abate-1538232
2026-09-03 09:16:23 | INFO | LANDING SCARTATA | Pers_Id=2607462 | fonte sanitaria con identita solo incidentale | https://www.aslogliastra.it/servizio/psicologia
2026-09-03 09:16:28 | INFO | LANDING SCARTATA | Pers_Id=2607462 | ruolo incompatibile vicino al nome: possibile omonimo | https://www.aslogliastra.it/servizio/disturbi-della-nutrizione-e-dellalimentazione
2026-09-03 09:16:30 | INFO | LANDING SCARTATA | Pers_Id=2607462 | fonte sanitaria con identita solo incidentale | https://www.qsalute.it/ortopedia-ospedale-marino
2026-09-03 09:16:30 | INFO | DONE | Pers_Id=2607462 | 20.5s | NESSUN_RISULTATO | specialita=N/D | cv=NO | cv_review=0
2026-09-03 09:17:38 | INFO | CHECKPOINT | 20/40 | C:\Dev\Niko\scriptRicerca\output\risultatiMedici.xlsx
2026-09-03 09:17:38 | INFO | PROGRESS | 20/40 | 4.54 medici/min | ETA 4.4 min | {'DA_VERIFICARE': 5, 'SPECIALITA_TROVATA': 6, 'NESSUN_RISULTATO': 9} | API={'serper': 49, 'brave': 0}
2026-09-03 09:17:40 | INFO | SEARCH API OK | serper | "DAVIDE ANTONIO ABATE" medico "PADOVA" | 6 risultati
2026-09-03 09:17:42 | INFO | SEARCH API OK | serper | "DAVIDE ANTONIO ABATE" medico specialista ospedale | 0 risultati
2026-09-03 09:17:45 | INFO | SEARCH API OK | serper | "DAVIDE ANTONIO ABATE" specializzazione OR specialista OR "medico di" | 3 risultati
2026-09-03 09:17:45 | INFO | HIT SUMMARY | Pers_Id=1136949 | query=3 | grezzi=7 | rilevanti=3 | provider={'serper': 52, 'brave': 0}
2026-09-03 09:17:46 | INFO | LANDING SCARTATA | Pers_Id=1136949 | fonte generica con identita solo incidentale | https://medicina.elearning.unipd.it/blocks/course_managers/manager.php?id=170&b=87044
2026-09-03 09:17:51 | INFO | LANDING SCARTATA | Pers_Id=1136949 | fonte generica con identita solo incidentale | https://www.medicinachirurgia.unipd.it/offerta-didattica/corsi-di-laurea?tipo=L&ordinamento=2011&key=ME3065
2026-09-03 09:17:52 | INFO | LANDING SCARTATA | Pers_Id=1136949 | fonte generica con identita solo incidentale | https://www.medicinamolecolare.unipd.it/category/ruoli/personale-docente
2026-09-03 09:17:52 | INFO | DONE | Pers_Id=1136949 | 14.2s | NESSUN_RISULTATO | specialita=N/D | cv=NO | cv_review=0
2026-09-03 09:17:54 | INFO | SEARCH API OK | serper | "ELIO ABATE" medico "APRIGLIANO" | 2 risultati
2026-09-03 09:17:56 | INFO | SEARCH API OK | serper | "ELIO ABATE" medico specialista ospedale | 2 risultati
2026-09-03 09:17:56 | INFO | HIT SUMMARY | Pers_Id=236060 | query=2 | grezzi=3 | rilevanti=1 | provider={'serper': 54, 'brave': 0}
2026-09-03 09:18:15 | INFO | CV SCARTATO | 236060 | https://www.regione.campania.it/assets/documents/scheda-assessore-fortini-aggiornata-1-bimestre-2020.pdf | Nome del target assente dall'intestazione del CV.
2026-09-03 09:18:15 | INFO | DONE | Pers_Id=236060 | 22.7s | NESSUN_RISULTATO | specialita=N/D | cv=NO | cv_review=0
2026-09-03 09:18:17 | INFO | SEARCH API OK | serper | "ESTHER ABATE" medico "Trapani" | 3 risultati
2026-09-03 09:18:18 | INFO | SEARCH API OK | serper | "ESTHER ABATE" medico specialista ospedale | 1 risultati
2026-09-03 09:18:21 | INFO | SEARCH API OK | serper | "ESTHER ABATE" specializzazione OR specialista OR "medico di" | 3 risultati
2026-09-03 09:18:21 | INFO | HIT SUMMARY | Pers_Id=2745185 | query=3 | grezzi=4 | rilevanti=0 | provider={'serper': 57, 'brave': 0}
2026-09-03 09:18:21 | INFO | DONE | Pers_Id=2745185 | 6.0s | NESSUN_RISULTATO | specialita=N/D | cv=NO | cv_review=0
2026-09-03 09:18:23 | INFO | SEARCH API OK | serper | "FILOMENA ABATE" medico "San Martino Valle Caudina" | 8 risultati
2026-09-03 09:18:25 | INFO | SEARCH API OK | serper | "FILOMENA ABATE" medico specialista ospedale | 8 risultati
2026-09-03 09:18:26 | INFO | SEARCH API OK | serper | "FILOMENA ABATE" specializzazione OR specialista OR "medico di" | 8 risultati
2026-09-03 09:18:26 | INFO | HIT SUMMARY | Pers_Id=2162961 | query=3 | grezzi=23 | rilevanti=2 | provider={'serper': 60, 'brave': 0}
2026-09-03 09:18:38 | INFO | PDF PRE-SCARTATO | Pers_Id=2162961 | filtro finale landing | https://www.centropromedical.it/neurologiadiagnostica-neurofisiopatologia#abate
2026-09-03 09:18:38 | INFO | DONE | Pers_Id=2162961 | 17.2s | SPECIALITA_TROVATA | specialita=Neurologia | cv=NO | cv_review=0
2026-09-03 09:18:40 | INFO | SEARCH API OK | serper | "FRANCESCA ABATE" medico "CROTONE" | 7 risultati
2026-09-03 09:18:42 | INFO | SEARCH API OK | serper | "FRANCESCA ABATE" medico specialista ospedale | 8 risultati
2026-09-03 09:18:42 | INFO | HIT SUMMARY | Pers_Id=1812842 | query=2 | grezzi=14 | rilevanti=2 | provider={'serper': 62, 'brave': 0}
2026-09-03 09:18:51 | INFO | CV SCARTATO | 1812842 | https://aress.sanita.puglia.it/documents/25176/889630/CDS_2026-05-25_0316_ASL+Lecce.pdf/3fc2a827-daa1-41d2-82a0-3a43568482a2 | Nome del target assente dall'intestazione del CV.
2026-09-03 09:18:54 | INFO | LANDING SCARTATA | Pers_Id=1812842 | fonte generica con identita solo incidentale | https://www.asp.crotone.it/?page_id=5790
2026-09-03 09:18:54 | INFO | DONE | Pers_Id=1812842 | 15.9s | NESSUN_RISULTATO | specialita=N/D | cv=NO | cv_review=0
2026-09-03 09:18:54 | INFO | PROGRESS | 25/40 | 4.41 medici/min | ETA 3.4 min | {'DA_VERIFICARE': 5, 'SPECIALITA_TROVATA': 7, 'NESSUN_RISULTATO': 13} | API={'serper': 62, 'brave': 0}
2026-09-03 09:18:56 | INFO | SEARCH API OK | serper | "FRANCESCA ABATE" medico "MODENA" | 8 risultati
2026-09-03 09:18:56 | INFO | HIT SUMMARY | Pers_Id=1812843 | query=1 | grezzi=8 | rilevanti=3 | provider={'serper': 63, 'brave': 0}
2026-09-03 09:18:59 | INFO | PDF PRE-SCARTATO | markup non-CV | https://media.doctolib.com/image/upload/v1738603917/legal/Per_saperne_di_pi%C3%B9_sui_servizi_personalizzati.pdf
2026-09-03 09:18:59 | INFO | PDF PRE-SCARTATO | markup non-CV | https://media.doctolib.com/image/upload/v1747059391/legal/Per_saperne_di_pi%C3%B9_sulla_ricerca_e_lo_sviluppo_di_prodotti_innovativi.pdf
2026-09-03 09:18:59 | INFO | PDF PRE-SCARTATO | markup non-CV | https://esante.gouv.fr/sites/default/files/media_entity/documents/%5BINS%20au%20quotidien%5D%20Conduite%20à%20tenir%20en%20fonction%20du%20retour%20d%27INSi.pdf
2026-09-03 09:18:59 | INFO | PDF PRE-SCARTATO | markup non-CV | https://%{media_root_url}/image/upload/v1733825817/legal/B2C-PrivacyPolicy-DEC24-ITA.pdf
2026-09-03 09:18:59 | INFO | PDF PRE-SCARTATO | markup non-CV | https://%{media_root_url}/image/upload/v1708014384/legal/Adyen_CGU_ITA.pdf
2026-09-03 09:18:59 | INFO | PDF PRE-SCARTATO | markup non-CV | https://%{media_root_url}/image/upload/v1642696847/PrivacyPolicy-B2B-january-2022-Vdef_jx0yux.pdf
2026-09-03 09:18:59 | INFO | PDF PRE-SCARTATO | markup non-CV | https://%{media_root_url}/image/upload/v1643797392/Privacy-policy-B2B-ITA-Jan22-vdef_pkciyb.pdf
2026-09-03 09:18:59 | INFO | PDF PRE-SCARTATO | markup non-CV | https://%{media_root_url}/image/upload/v1614251120/legal/D%C3%89FINITIONS_patients.pdf
2026-09-03 09:18:59 | INFO | PDF PRE-SCARTATO | markup non-CV | https://%{media_root_url}/image/upload/v1657277812/legal/B2C-PrivacyPolicy-July-22-ITA.pdf
2026-09-03 09:18:59 | INFO | PDF PRE-SCARTATO | markup non-CV | https://%{media_root_url}/image/upload/v1733825817/legal/B2C-PrivacyPolicy-DEC24-ITA.pdf
2026-09-03 09:18:59 | INFO | PDF PRE-SCARTATO | markup non-CV | https://%{media_root_url}/image/upload/v1745330410/legal/B2C-VDEF-PP-APR-25-FR.pdf
2026-09-03 09:18:59 | INFO | PDF PRE-SCARTATO | markup non-CV | https://%{media_root_url}/image/upload/v1753974148/legal/B2C-PrivacyPolicy-JULY_25-DE.pdf
2026-09-03 09:18:59 | INFO | PDF PRE-SCARTATO | markup non-CV | https://%{media_root_url}/image/upload/v1733825817/legal/B2C-PrivacyPolicy-DEC24-ITA.pdf
2026-09-03 09:18:59 | INFO | PDF PRE-SCARTATO | markup non-CV | https://%{media_root_url}/image/upload/v1584379505/pms_training/intellio_teletransmission_fsedegradee.pdf
2026-09-03 09:18:59 | INFO | PDF PRE-SCARTATO | markup non-CV | https://%{media_root_url}/image/upload/v1649341216/tuv%20certifications/doctolib_tuevit_tcs.pdf
2026-09-03 09:18:59 | INFO | PDF PRE-SCARTATO | markup non-CV | https://%{media_root_url}/image/upload/v1649341216/tuv%20certifications/doctolib_tuevit_dataprivacy.pdf
2026-09-03 09:18:59 | INFO | PDF PRE-SCARTATO | markup non-CV | https://%{media_root_url}/image/upload/v1586961367/KV%20Declaration%20Form/Zertifizierter_Videodienstanbieter_Datenschutzcert_Formular.pdf
2026-09-03 09:18:59 | INFO | PDF PRE-SCARTATO | markup non-CV | https://%{media_root_url}/image/upload/mkg/file/doctolib_tuevit_dataprivacy.pdf
2026-09-03 09:18:59 | INFO | PDF PRE-SCARTATO | markup non-CV | https://%{media_root_url}/image/upload/v1607434983/Transparence_des_liens_-_LAP_-_de%CC%81claration_V4_m11n9b.pdf
2026-09-03 09:18:59 | INFO | PDF PRE-SCARTATO | markup non-CV | https://%{media_root_url}/image/upload/v1697629985/legal/Certification_HAS_du_LAP_Doctolib_20231017.pdf
2026-09-03 09:18:59 | INFO | PDF PRE-SCARTATO | markup non-CV | https://%{media_root_url}/image/upload/v1679994602/legal/B2B_CA_ACCETTAZIONEART.1341E1342C.C._GEN23_ITA.pdf
2026-09-03 09:18:59 | INFO | PDF PRE-SCARTATO | markup non-CV | https://%{media_root_url}/image/upload/v1679994602/legal/B2B_CA_ACCETTAZIONEART.1341E1342C.C._GEN23_ITA.pdf
2026-09-03 09:18:59 | INFO | PDF PRE-SCARTATO | markup non-CV | https://%{media_root_url}/image/upload/v1695113836/legal/B2B-Conditionsderogatoires-CA-SEP23-FR.pdf
2026-09-03 09:19:08 | INFO | DONE | Pers_Id=1812843 | 13.8s | SPECIALITA_TROVATA | specialita=Medicina Generale | cv=NO | cv_review=0
2026-09-03 09:19:10 | INFO | SEARCH API OK | serper | "FRANCESCA ABATE" medico "Guardia Sanframondi" | 0 risultati
2026-09-03 09:19:11 | INFO | SEARCH API OK | serper | "FRANCESCA ABATE" medico specialista ospedale | 8 risultati
2026-09-03 09:19:11 | INFO | HIT SUMMARY | Pers_Id=2607463 | query=2 | grezzi=8 | rilevanti=1 | provider={'serper': 65, 'brave': 0}
2026-09-03 09:19:17 | INFO | CV SCARTATO | 2607463 | https://aress.sanita.puglia.it/documents/25176/889630/CDS_2026-05-25_0316_ASL+Lecce.pdf/3fc2a827-daa1-41d2-82a0-3a43568482a2 | Nome del target assente dall'intestazione del CV.
2026-09-03 09:19:17 | INFO | DONE | Pers_Id=2607463 | 8.8s | NESSUN_RISULTATO | specialita=N/D | cv=NO | cv_review=0
2026-09-03 09:19:18 | INFO | SEARCH API OK | serper | "GESSICA ABATE" medico "Guardia Sanframondi" | 8 risultati
2026-09-03 09:19:20 | INFO | SEARCH API OK | serper | "GESSICA ABATE" medico specialista ospedale | 8 risultati
2026-09-03 09:19:21 | INFO | SEARCH API OK | serper | "GESSICA ABATE" specializzazione OR specialista OR "medico di" | 8 risultati
2026-09-03 09:19:21 | INFO | HIT SUMMARY | Pers_Id=1180356 | query=3 | grezzi=23 | rilevanti=1 | provider={'serper': 68, 'brave': 0}
2026-09-03 09:19:24 | INFO | DONE | Pers_Id=1180356 | 7.4s | DA_VERIFICARE | specialita=N/D | cv=NO | cv_review=0
2026-09-03 09:19:26 | INFO | SEARCH API OK | serper | "GIOVANNA ABATE" medico "Montalto Uffugo" | 7 risultati
2026-09-03 09:19:26 | INFO | HIT SUMMARY | Pers_Id=395436 | query=1 | grezzi=7 | rilevanti=1 | provider={'serper': 69, 'brave': 0}
2026-09-03 09:19:27 | INFO | PDF PRE-SCARTATO | markup non-CV | https://media.doctolib.com/image/upload/v1738603917/legal/Per_saperne_di_pi%C3%B9_sui_servizi_personalizzati.pdf
2026-09-03 09:19:27 | INFO | PDF PRE-SCARTATO | markup non-CV | https://media.doctolib.com/image/upload/v1747059391/legal/Per_saperne_di_pi%C3%B9_sulla_ricerca_e_lo_sviluppo_di_prodotti_innovativi.pdf
2026-09-03 09:19:27 | INFO | PDF PRE-SCARTATO | markup non-CV | https://esante.gouv.fr/sites/default/files/media_entity/documents/%5BINS%20au%20quotidien%5D%20Conduite%20à%20tenir%20en%20fonction%20du%20retour%20d%27INSi.pdf
2026-09-03 09:19:27 | INFO | PDF PRE-SCARTATO | markup non-CV | https://%{media_root_url}/image/upload/v1733825817/legal/B2C-PrivacyPolicy-DEC24-ITA.pdf
2026-09-03 09:19:27 | INFO | PDF PRE-SCARTATO | markup non-CV | https://%{media_root_url}/image/upload/v1708014384/legal/Adyen_CGU_ITA.pdf
2026-09-03 09:19:27 | INFO | PDF PRE-SCARTATO | markup non-CV | https://%{media_root_url}/image/upload/v1642696847/PrivacyPolicy-B2B-january-2022-Vdef_jx0yux.pdf
2026-09-03 09:19:27 | INFO | PDF PRE-SCARTATO | markup non-CV | https://%{media_root_url}/image/upload/v1643797392/Privacy-policy-B2B-ITA-Jan22-vdef_pkciyb.pdf
2026-09-03 09:19:27 | INFO | PDF PRE-SCARTATO | markup non-CV | https://%{media_root_url}/image/upload/v1614251120/legal/D%C3%89FINITIONS_patients.pdf
2026-09-03 09:19:27 | INFO | PDF PRE-SCARTATO | markup non-CV | https://%{media_root_url}/image/upload/v1657277812/legal/B2C-PrivacyPolicy-July-22-ITA.pdf
2026-09-03 09:19:27 | INFO | PDF PRE-SCARTATO | markup non-CV | https://%{media_root_url}/image/upload/v1733825817/legal/B2C-PrivacyPolicy-DEC24-ITA.pdf
2026-09-03 09:19:27 | INFO | PDF PRE-SCARTATO | markup non-CV | https://%{media_root_url}/image/upload/v1745330410/legal/B2C-VDEF-PP-APR-25-FR.pdf
2026-09-03 09:19:27 | INFO | PDF PRE-SCARTATO | markup non-CV | https://%{media_root_url}/image/upload/v1753974148/legal/B2C-PrivacyPolicy-JULY_25-DE.pdf
2026-09-03 09:19:27 | INFO | PDF PRE-SCARTATO | markup non-CV | https://%{media_root_url}/image/upload/v1733825817/legal/B2C-PrivacyPolicy-DEC24-ITA.pdf
2026-09-03 09:19:27 | INFO | PDF PRE-SCARTATO | markup non-CV | https://%{media_root_url}/image/upload/v1584379505/pms_training/intellio_teletransmission_fsedegradee.pdf
2026-09-03 09:19:27 | INFO | PDF PRE-SCARTATO | markup non-CV | https://%{media_root_url}/image/upload/v1649341216/tuv%20certifications/doctolib_tuevit_tcs.pdf
2026-09-03 09:19:27 | INFO | PDF PRE-SCARTATO | markup non-CV | https://%{media_root_url}/image/upload/v1649341216/tuv%20certifications/doctolib_tuevit_dataprivacy.pdf
2026-09-03 09:19:27 | INFO | PDF PRE-SCARTATO | markup non-CV | https://%{media_root_url}/image/upload/v1586961367/KV%20Declaration%20Form/Zertifizierter_Videodienstanbieter_Datenschutzcert_Formular.pdf
2026-09-03 09:19:27 | INFO | PDF PRE-SCARTATO | markup non-CV | https://%{media_root_url}/image/upload/mkg/file/doctolib_tuevit_dataprivacy.pdf
2026-09-03 09:19:27 | INFO | PDF PRE-SCARTATO | markup non-CV | https://%{media_root_url}/image/upload/v1607434983/Transparence_des_liens_-_LAP_-_de%CC%81claration_V4_m11n9b.pdf
2026-09-03 09:19:27 | INFO | PDF PRE-SCARTATO | markup non-CV | https://%{media_root_url}/image/upload/v1697629985/legal/Certification_HAS_du_LAP_Doctolib_20231017.pdf
2026-09-03 09:19:27 | INFO | PDF PRE-SCARTATO | markup non-CV | https://%{media_root_url}/image/upload/v1679994602/legal/B2B_CA_ACCETTAZIONEART.1341E1342C.C._GEN23_ITA.pdf
2026-09-03 09:19:27 | INFO | PDF PRE-SCARTATO | markup non-CV | https://%{media_root_url}/image/upload/v1679994602/legal/B2B_CA_ACCETTAZIONEART.1341E1342C.C._GEN23_ITA.pdf
2026-09-03 09:19:27 | INFO | PDF PRE-SCARTATO | markup non-CV | https://%{media_root_url}/image/upload/v1695113836/legal/B2B-Conditionsderogatoires-CA-SEP23-FR.pdf
2026-09-03 09:19:27 | INFO | DONE | Pers_Id=395436 | 3.3s | SPECIALITA_TROVATA | specialita=Medicina Generale | cv=NO | cv_review=0
2026-09-03 09:19:29 | INFO | SEARCH API OK | serper | "MARCO ABATE" medico "Caivano" | 8 risultati
2026-09-03 09:19:37 | INFO | SEARCH API OK | serper | "MARCO ABATE" medico specialista ospedale | 7 risultati
2026-09-03 09:19:37 | INFO | HIT SUMMARY | Pers_Id=2607464 | query=2 | grezzi=14 | rilevanti=1 | provider={'serper': 71, 'brave': 0}
2026-09-03 09:19:46 | INFO | CV SCARTATO | 2607464 | https://aress.sanita.puglia.it/documents/25176/350159/24+settembre+2014+%2824+settembre+2014.pdf%29/747ab780-79b5-46c9-8380-87d91fce2cfa | Nome del target assente dall'intestazione del CV.
2026-09-03 09:19:46 | INFO | DONE | Pers_Id=2607464 | 18.5s | NESSUN_RISULTATO | specialita=N/D | cv=NO | cv_review=0
2026-09-03 09:20:12 | INFO | CHECKPOINT | 30/40 | C:\Dev\Niko\scriptRicerca\output\risultatiMedici.xlsx
2026-09-03 09:20:12 | INFO | PROGRESS | 30/40 | 4.30 medici/min | ETA 2.3 min | {'DA_VERIFICARE': 6, 'SPECIALITA_TROVATA': 9, 'NESSUN_RISULTATO': 15} | API={'serper': 71, 'brave': 0}
2026-09-03 09:20:14 | INFO | SEARCH API OK | serper | "MARIA ABATE" medico "MONTEVAGO" | 6 risultati
2026-09-03 09:20:15 | INFO | SEARCH API OK | serper | "MARIA ABATE" medico specialista ospedale | 8 risultati
2026-09-03 09:20:18 | INFO | SEARCH API OK | serper | "MARIA ABATE" specializzazione OR specialista OR "medico di" | 8 risultati
2026-09-03 09:20:18 | INFO | HIT SUMMARY | Pers_Id=289911 | query=3 | grezzi=22 | rilevanti=5 | provider={'serper': 74, 'brave': 0}
2026-09-03 09:20:18 | INFO | LANDING SCARTATA | Pers_Id=289911 | citta profilo incompatibile: massarosa != montevago | https://www.doctolib.it/medico-di-medicina-generale/massarosa/maria-abate
2026-09-03 09:20:31 | INFO | DONE | Pers_Id=289911 | 19.0s | DA_VERIFICARE | specialita=N/D | cv=NO | cv_review=0
2026-09-03 09:20:33 | INFO | SEARCH API OK | serper | "MARIA ABATE" medico "Torelli-torrette" | 0 risultati
2026-09-03 09:20:35 | INFO | SEARCH API OK | serper | "MARIA ABATE" medico specialista ospedale | 8 risultati
2026-09-03 09:20:36 | INFO | SEARCH API OK | serper | "MARIA ABATE" specializzazione OR specialista OR "medico di" | 8 risultati
2026-09-03 09:20:36 | INFO | HIT SUMMARY | Pers_Id=1222042 | query=3 | grezzi=16 | rilevanti=5 | provider={'serper': 77, 'brave': 0}
2026-09-03 09:20:37 | INFO | LANDING SCARTATA | Pers_Id=1222042 | citta profilo incompatibile: massarosa != torelli torrette | https://www.doctolib.it/medico-di-medicina-generale/massarosa/maria-abate
2026-09-03 09:20:50 | INFO | DONE | Pers_Id=1222042 | 18.9s | DA_VERIFICARE | specialita=N/D | cv=NO | cv_review=0
2026-09-03 09:20:52 | INFO | SEARCH API OK | serper | "MARIA GIULIA ABATE" medico "MONZA" | 7 risultati
2026-09-03 09:20:52 | INFO | HIT SUMMARY | Pers_Id=950077 | query=1 | grezzi=7 | rilevanti=4 | provider={'serper': 78, 'brave': 0}
2026-09-03 09:20:54 | INFO | LANDING SCARTATA | Pers_Id=950077 | pagina senza testo | https://www.irccs-sangerardo.it/terapia-intensiva-a-indirizzo-neurologico-neurochirurgico
2026-09-03 09:20:56 | INFO | DONE | Pers_Id=950077 | 5.4s | DA_VERIFICARE | specialita=N/D | cv=NO | cv_review=0
2026-09-03 09:20:57 | INFO | SEARCH API OK | serper | "MATTEO ABATE" medico "Alcamo" | 2 risultati
2026-09-03 09:20:59 | INFO | SEARCH API OK | serper | "MATTEO ABATE" medico specialista ospedale | 8 risultati
2026-09-03 09:21:01 | INFO | SEARCH API OK | serper | "MATTEO ABATE" specializzazione OR specialista OR "medico di" | 8 risultati
2026-09-03 09:21:01 | INFO | HIT SUMMARY | Pers_Id=1189072 | query=3 | grezzi=16 | rilevanti=2 | provider={'serper': 81, 'brave': 0}
2026-09-03 09:21:01 | INFO | LANDING SCARTATA | Pers_Id=1189072 | pagina senza testo | https://lecconotizie.com/montagna/lecco-montagna/lecco-matteo-abate-realizza-il-suo-sogno-e-apre-il-rifugio-camposecco
2026-09-03 09:21:03 | INFO | LANDING SCARTATA | Pers_Id=1189072 | fonte sanitaria con identita solo incidentale | https://archiviodistatotorino.cultura.gov.it/titolari
2026-09-03 09:21:03 | INFO | DONE | Pers_Id=1189072 | 7.7s | NESSUN_RISULTATO | specialita=N/D | cv=NO | cv_review=0
2026-09-03 09:21:05 | INFO | SEARCH API OK | serper | "ORNELLA ABATE" medico "Avellino" | 8 risultati
2026-09-03 09:21:07 | INFO | SEARCH API OK | serper | "ORNELLA ABATE" medico specialista ospedale | 7 risultati
2026-09-03 09:21:12 | INFO | SEARCH API OK | serper | "ORNELLA ABATE" specializzazione OR specialista OR "medico di" | 8 risultati
2026-09-03 09:21:12 | INFO | HIT SUMMARY | Pers_Id=306924 | query=3 | grezzi=21 | rilevanti=5 | provider={'serper': 84, 'brave': 0}
2026-09-03 09:21:31 | INFO | PDF PRE-SCARTATO | Pers_Id=306924 | filtro finale landing | https://amamedis.it/wp-content/uploads/2021/02/CV-formato-europeo-ornella.doc
2026-09-03 09:21:46 | INFO | PDF PRE-SCARTATO | landing non-CV | https://www.sicpre.it/wp-content/uploads/2024/04/codice-etico-sicpre_2024-2_240426_102717_240426_110358.pdf
2026-09-03 09:21:46 | INFO | PDF PRE-SCARTATO | markup non-CV | https://www.sicpre.it/wp-content/uploads/2024/04/codice-etico-sicpre_2024-2_240426_102717_240426_110358.pdf
2026-09-03 09:21:55 | INFO | DONE | Pers_Id=306924 | 51.4s | SPECIALITA_TROVATA | specialita=Chirurgia Generale | cv=NO | cv_review=0
2026-09-03 09:21:55 | INFO | PROGRESS | 35/40 | 4.03 medici/min | ETA 1.2 min | {'DA_VERIFICARE': 9, 'SPECIALITA_TROVATA': 10, 'NESSUN_RISULTATO': 16} | API={'serper': 84, 'brave': 0}
2026-09-03 09:21:57 | INFO | SEARCH API OK | serper | "RAFFAELA ABATE" medico "MERCATO SAN SEVERINO" | 0 risultati
2026-09-03 09:21:59 | INFO | SEARCH API OK | serper | "RAFFAELA ABATE" medico specialista ospedale | 7 risultati
2026-09-03 09:22:01 | INFO | SEARCH API OK | serper | "RAFFAELA ABATE" specializzazione OR specialista OR "medico di" | 8 risultati
2026-09-03 09:22:01 | INFO | HIT SUMMARY | Pers_Id=1784607 | query=3 | grezzi=14 | rilevanti=1 | provider={'serper': 87, 'brave': 0}
2026-09-03 09:22:06 | INFO | DONE | Pers_Id=1784607 | 11.5s | SPECIALITA_TROVATA | specialita=Medicina Generale | cv=NO | cv_review=0
2026-09-03 09:22:08 | INFO | SEARCH API OK | serper | "ROBERTA ABATE" medico "Andria" | 1 risultati
2026-09-03 09:22:09 | INFO | SEARCH API OK | serper | "ROBERTA ABATE" medico specialista ospedale | 8 risultati
2026-09-03 09:22:12 | INFO | SEARCH API OK | serper | "ROBERTA ABATE" specializzazione OR specialista OR "medico di" | 8 risultati
2026-09-03 09:22:12 | INFO | HIT SUMMARY | Pers_Id=2162964 | query=3 | grezzi=15 | rilevanti=3 | provider={'serper': 90, 'brave': 0}
2026-09-03 09:22:12 | INFO | LANDING SCARTATA | Pers_Id=2162964 | ruolo incompatibile vicino al nome: possibile omonimo | https://professionisti.quotidianosanitaclub.it/medico/roberta-abate-1579749
2026-09-03 09:22:17 | INFO | LANDING SCARTATA | Pers_Id=2162964 | ruolo incompatibile vicino al nome: possibile omonimo | https://www.aslroma6.it/distretti/dh2-albano-laziale/tutela-salute-mentale-e-riabilitazione-in-eta-evolutiva
2026-09-03 09:22:17 | INFO | DONE | Pers_Id=2162964 | 10.3s | SPECIALITA_TROVATA | specialita=Neuropsichiatria Infantile | cv=NO | cv_review=0
2026-09-03 09:22:19 | INFO | SEARCH API OK | serper | "SARA ABATE" medico "CALCINATO" | 8 risultati
2026-09-03 09:22:19 | INFO | HIT SUMMARY | Pers_Id=1189835 | query=1 | grezzi=8 | rilevanti=3 | provider={'serper': 91, 'brave': 0}
2026-09-03 09:22:28 | INFO | PDF PRE-SCARTATO | markup non-CV | https://media.doctolib.com/image/upload/v1738603917/legal/Per_saperne_di_pi%C3%B9_sui_servizi_personalizzati.pdf
2026-09-03 09:22:28 | INFO | PDF PRE-SCARTATO | markup non-CV | https://media.doctolib.com/image/upload/v1747059391/legal/Per_saperne_di_pi%C3%B9_sulla_ricerca_e_lo_sviluppo_di_prodotti_innovativi.pdf
2026-09-03 09:22:28 | INFO | PDF PRE-SCARTATO | markup non-CV | https://esante.gouv.fr/sites/default/files/media_entity/documents/%5BINS%20au%20quotidien%5D%20Conduite%20à%20tenir%20en%20fonction%20du%20retour%20d%27INSi.pdf
2026-09-03 09:22:28 | INFO | PDF PRE-SCARTATO | markup non-CV | https://%{media_root_url}/image/upload/v1733825817/legal/B2C-PrivacyPolicy-DEC24-ITA.pdf
2026-09-03 09:22:28 | INFO | PDF PRE-SCARTATO | markup non-CV | https://%{media_root_url}/image/upload/v1708014384/legal/Adyen_CGU_ITA.pdf
2026-09-03 09:22:28 | INFO | PDF PRE-SCARTATO | markup non-CV | https://%{media_root_url}/image/upload/v1642696847/PrivacyPolicy-B2B-january-2022-Vdef_jx0yux.pdf
2026-09-03 09:22:28 | INFO | PDF PRE-SCARTATO | markup non-CV | https://%{media_root_url}/image/upload/v1643797392/Privacy-policy-B2B-ITA-Jan22-vdef_pkciyb.pdf
2026-09-03 09:22:28 | INFO | PDF PRE-SCARTATO | markup non-CV | https://%{media_root_url}/image/upload/v1614251120/legal/D%C3%89FINITIONS_patients.pdf
2026-09-03 09:22:28 | INFO | PDF PRE-SCARTATO | markup non-CV | https://%{media_root_url}/image/upload/v1657277812/legal/B2C-PrivacyPolicy-July-22-ITA.pdf
2026-09-03 09:22:28 | INFO | PDF PRE-SCARTATO | markup non-CV | https://%{media_root_url}/image/upload/v1733825817/legal/B2C-PrivacyPolicy-DEC24-ITA.pdf
2026-09-03 09:22:28 | INFO | PDF PRE-SCARTATO | markup non-CV | https://%{media_root_url}/image/upload/v1745330410/legal/B2C-VDEF-PP-APR-25-FR.pdf
2026-09-03 09:22:28 | INFO | PDF PRE-SCARTATO | markup non-CV | https://%{media_root_url}/image/upload/v1753974148/legal/B2C-PrivacyPolicy-JULY_25-DE.pdf
2026-09-03 09:22:28 | INFO | PDF PRE-SCARTATO | markup non-CV | https://%{media_root_url}/image/upload/v1733825817/legal/B2C-PrivacyPolicy-DEC24-ITA.pdf
2026-09-03 09:22:28 | INFO | PDF PRE-SCARTATO | markup non-CV | https://%{media_root_url}/image/upload/v1584379505/pms_training/intellio_teletransmission_fsedegradee.pdf
2026-09-03 09:22:28 | INFO | PDF PRE-SCARTATO | markup non-CV | https://%{media_root_url}/image/upload/v1649341216/tuv%20certifications/doctolib_tuevit_tcs.pdf
2026-09-03 09:22:28 | INFO | PDF PRE-SCARTATO | markup non-CV | https://%{media_root_url}/image/upload/v1649341216/tuv%20certifications/doctolib_tuevit_dataprivacy.pdf
2026-09-03 09:22:28 | INFO | PDF PRE-SCARTATO | markup non-CV | https://%{media_root_url}/image/upload/v1586961367/KV%20Declaration%20Form/Zertifizierter_Videodienstanbieter_Datenschutzcert_Formular.pdf
2026-09-03 09:22:28 | INFO | PDF PRE-SCARTATO | markup non-CV | https://%{media_root_url}/image/upload/mkg/file/doctolib_tuevit_dataprivacy.pdf
2026-09-03 09:22:28 | INFO | PDF PRE-SCARTATO | markup non-CV | https://%{media_root_url}/image/upload/v1607434983/Transparence_des_liens_-_LAP_-_de%CC%81claration_V4_m11n9b.pdf
2026-09-03 09:22:28 | INFO | PDF PRE-SCARTATO | markup non-CV | https://%{media_root_url}/image/upload/v1697629985/legal/Certification_HAS_du_LAP_Doctolib_20231017.pdf
2026-09-03 09:22:28 | INFO | PDF PRE-SCARTATO | markup non-CV | https://%{media_root_url}/image/upload/v1679994602/legal/B2B_CA_ACCETTAZIONEART.1341E1342C.C._GEN23_ITA.pdf
2026-09-03 09:22:28 | INFO | PDF PRE-SCARTATO | markup non-CV | https://%{media_root_url}/image/upload/v1679994602/legal/B2B_CA_ACCETTAZIONEART.1341E1342C.C._GEN23_ITA.pdf
2026-09-03 09:22:28 | INFO | PDF PRE-SCARTATO | markup non-CV | https://%{media_root_url}/image/upload/v1695113836/legal/B2B-Conditionsderogatoires-CA-SEP23-FR.pdf
2026-09-03 09:22:29 | INFO | DONE | Pers_Id=1189835 | 12.7s | SPECIALITA_TROVATA | specialita=Medicina Generale | cv=NO | cv_review=0
2026-09-03 09:22:31 | INFO | SEARCH API OK | serper | "SEBASTIANO ABATE" medico "Treviso" | 4 risultati
2026-09-03 09:22:33 | INFO | SEARCH API OK | serper | "SEBASTIANO ABATE" medico specialista ospedale | 2 risultati
2026-09-03 09:22:35 | INFO | SEARCH API OK | serper | "SEBASTIANO ABATE" specializzazione OR specialista OR "medico di" | 8 risultati
2026-09-03 09:22:35 | INFO | HIT SUMMARY | Pers_Id=2806596 | query=3 | grezzi=12 | rilevanti=0 | provider={'serper': 94, 'brave': 0}
2026-09-03 09:22:35 | INFO | DONE | Pers_Id=2806596 | 5.1s | NESSUN_RISULTATO | specialita=N/D | cv=NO | cv_review=0
2026-09-03 09:22:36 | INFO | SEARCH API OK | serper | "VERONICA ABATE" medico "Napoli" | 8 risultati
2026-09-03 09:22:38 | INFO | SEARCH API OK | serper | "VERONICA ABATE" medico specialista ospedale | 7 risultati
2026-09-03 09:22:40 | INFO | SEARCH API OK | serper | "VERONICA ABATE" specializzazione OR specialista OR "medico di" | 8 risultati
2026-09-03 09:22:40 | INFO | HIT SUMMARY | Pers_Id=2162966 | query=3 | grezzi=18 | rilevanti=4 | provider={'serper': 97, 'brave': 0}
2026-09-03 09:22:40 | INFO | LANDING SCARTATA | Pers_Id=2162966 | ruolo incompatibile vicino al nome: possibile omonimo | https://professionisti.quotidianosanitaclub.it/medico/veronica-abate-1617964
2026-09-03 09:22:41 | INFO | LANDING SCARTATA | Pers_Id=2162966 | ruolo incompatibile vicino al nome: possibile omonimo | https://www.doctolib.it/biologo-nutrizionista/thiene/veronica-abate
2026-09-03 09:22:43 | INFO | LANDING SCARTATA | Pers_Id=2162966 | ruolo incompatibile vicino al nome: possibile omonimo | https://cmlapiazzetta.it/specialista/abate-veronica
2026-09-03 09:22:43 | INFO | LANDING SCARTATA | Pers_Id=2162966 | pagina senza testo | https://bt.maptons.com/p/7658093750
2026-09-03 09:22:43 | INFO | DONE | Pers_Id=2162966 | 8.7s | NESSUN_RISULTATO | specialita=N/D | cv=NO | cv_review=0
2026-09-03 09:23:09 | INFO | CHECKPOINT | 40/40 | C:\Dev\Niko\scriptRicerca\output\risultatiMedici.xlsx
2026-09-03 09:23:09 | INFO | PROGRESS | 40/40 | 4.03 medici/min | ETA 0.0 min | {'DA_VERIFICARE': 9, 'SPECIALITA_TROVATA': 13, 'NESSUN_RISULTATO': 18} | API={'serper': 97, 'brave': 0}
2026-09-03 09:23:54 | INFO | ==============================================================================
2026-09-03 09:23:54 | INFO | FINE | 10.7 min | {'DA_VERIFICARE': 9, 'SPECIALITA_TROVATA': 13, 'NESSUN_RISULTATO': 18}
2026-09-03 09:23:54 | INFO | API REQUESTS | totale=97 | {'serper': 97, 'brave': 0}
2026-09-03 09:23:54 | INFO | OUTPUT | C:\Dev\Niko\scriptRicerca\output\risultatiMedici.xlsx
2026-09-03 09:23:54 | INFO | ==============================================================================
