2026-09-02 12:08:44 | INFO | ==============================================================================
2026-09-02 12:08:44 | INFO | V3.1 MEDICI - BROWSER SEARCH NO API + CV REVIEW
2026-09-02 12:08:44 | INFO | Input: C:\Dev\Niko\scriptRicerca\input\scriptMedici.xlsx
2026-09-02 12:08:44 | INFO | Output: C:\Dev\Niko\scriptRicerca\output\risultatiMedici.xlsx
2026-09-02 12:08:44 | INFO | Engine: bing
2026-09-02 12:08:44 | INFO | Headless: False
2026-09-02 12:08:44 | INFO | Deep: True
2026-09-02 12:08:44 | INFO | Search results: 8
2026-09-02 12:08:44 | INFO | Delay: 1.2 - 2.8 sec
2026-09-02 12:08:44 | INFO | Browser profile: C:\Dev\Niko\scriptRicerca\browser_medici
2026-09-02 12:08:44 | INFO | CV sicuri dir: C:\Dev\Niko\scriptRicerca\cv_medici
2026-09-02 12:08:44 | INFO | CV da verificare dir: C:\Dev\Niko\scriptRicerca\cv_medici_da_verificare
2026-09-02 12:08:44 | INFO | Cache dir: C:\Dev\Niko\scriptRicerca\cache_medici
2026-09-02 12:08:44 | INFO | Log: logs\run_medici_20260902_120741.log
2026-09-02 12:08:44 | INFO | ==============================================================================
2026-09-02 12:08:44 | INFO | Medici da elaborare: 5
2026-09-02 12:08:49 | INFO | SEARCH OK | bing | "YASAMIN AAZAM RAHIMIAN" medico "curriculum vitae" | 10 risultati
2026-09-02 12:08:52 | INFO | SEARCH OK | bing | "YASAMIN AAZAM RAHIMIAN" medico curriculum filetype:pdf | 10 risultati
2026-09-02 12:08:54 | INFO | SEARCH OK | bing | "YASAMIN AAZAM RAHIMIAN" medico "BOLOGNA" curriculum | 10 risultati
2026-09-02 12:08:57 | INFO | SEARCH OK | bing | "YASAMIN AAZAM RAHIMIAN" "curriculum professionale" | 10 risultati
2026-09-02 12:09:00 | INFO | SEARCH OK | bing | "YASAMIN AAZAM RAHIMIAN" "amministrazione trasparente" curriculum | 10 risultati
2026-09-02 12:09:02 | INFO | SEARCH OK | bing | "YASAMIN AAZAM RAHIMIAN" medico "specialista in" | 4 risultati
2026-09-02 12:09:05 | INFO | SEARCH OK | bing | "YASAMIN AAZAM RAHIMIAN" medico "specializzazione in" | 10 risultati
2026-09-02 12:09:08 | INFO | SEARCH OK | bing | "YASAMIN AAZAM RAHIMIAN" medico "BOLOGNA" specialista | 10 risultati
2026-09-02 12:09:12 | INFO | SEARCH OK | bing | "YASAMIN AAZAM RAHIMIAN" medico ospedale specializzazione | 10 risultati
2026-09-02 12:09:14 | INFO | SEARCH OK | bing | "YASAMIN AAZAM RAHIMIAN" "diploma di specializzazione" | 10 risultati
2026-09-02 12:09:15 | INFO | DONE | Pers_Id=2467194 | 27.9s | DA_VERIFICARE | specialita=N/D | cv=NO
2026-09-02 12:09:18 | INFO | SEARCH OK | bing | "ERNESTO MARTIN ABAD AGUIAR" medico "curriculum vitae" | 10 risultati
2026-09-02 12:09:20 | INFO | SEARCH OK | bing | "ERNESTO MARTIN ABAD AGUIAR" medico curriculum filetype:pdf | 10 risultati
2026-09-02 12:09:23 | INFO | SEARCH OK | bing | "ERNESTO MARTIN ABAD AGUIAR" medico "Nuoro" curriculum | 10 risultati
2026-09-02 12:09:26 | INFO | SEARCH OK | bing | "ERNESTO MARTIN ABAD AGUIAR" "curriculum professionale" | 10 risultati
2026-09-02 12:09:29 | INFO | SEARCH OK | bing | "ERNESTO MARTIN ABAD AGUIAR" "amministrazione trasparente" curriculum | 10 risultati
2026-09-02 12:09:32 | INFO | SEARCH OK | bing | "ERNESTO MARTIN ABAD AGUIAR" medico "specialista in" | 10 risultati
2026-09-02 12:09:36 | INFO | SEARCH OK | bing | "ERNESTO MARTIN ABAD AGUIAR" medico "specializzazione in" | 10 risultati
2026-09-02 12:09:39 | WARNING | SEARCH FAIL | bing | "ERNESTO MARTIN ABAD AGUIAR" medico "Nuoro" specialista | Error: Page.goto: Navigation to "https://www.bing.com/search?q=%22ERNESTO+MARTIN+ABAD+AGUIAR%22+medico+%22Nuoro%22+specialista&setlang=it-IT&cc=it" is interrupted by another navigation to "https://www.bing.com/search?q=%22ERNESTO+MARTIN+ABAD+AGUIAR%22+medico+%22specializzazione+in%22&setlang=it-IT&cc=it&rdr=1&rdrig=9BABCF99B87D4E8880CB641436AA3FD2"
Call log:
  - navigating to "https://www.bing.com/search?q=%22ERNESTO+MARTIN+ABAD+AGUIAR%22+medico+%22Nuoro%22+specialista&setlang=it-IT&cc=it", waiting until "domcontentloaded"

2026-09-02 12:09:42 | INFO | SEARCH OK | bing | "ERNESTO MARTIN ABAD AGUIAR" medico ospedale specializzazione | 10 risultati
2026-09-02 12:09:44 | INFO | SEARCH OK | bing | "ERNESTO MARTIN ABAD AGUIAR" "diploma di specializzazione" | 10 risultati
2026-09-02 12:09:44 | INFO | DONE | Pers_Id=2606079 | 29.4s | DA_VERIFICARE | specialita=N/D | cv=NO
2026-09-02 12:09:46 | WARNING | SEARCH FAIL | bing | "CHIARA ABAGNALE" medico "curriculum vitae" | Error: Page.goto: Navigation to "https://www.bing.com/search?q=%22CHIARA+ABAGNALE%22+medico+%22curriculum+vitae%22&setlang=it-IT&cc=it" is interrupted by another navigation to "https://www.bing.com/search?q=%22ERNESTO+MARTIN+ABAD+AGUIAR%22+%22diploma+di+specializzazione%22&setlang=it-IT&cc=it&rdr=1&rdrig=7B28EF09A47E4683A50735ADDF7D48AC"
Call log:
  - navigating to "https://www.bing.com/search?q=%22CHIARA+ABAGNALE%22+medico+%22curriculum+vitae%22&setlang=it-IT&cc=it", waiting until "domcontentloaded"

2026-09-02 12:09:49 | INFO | SEARCH OK | bing | "CHIARA ABAGNALE" medico curriculum filetype:pdf | 10 risultati
2026-09-02 12:09:52 | WARNING | SEARCH FAIL | bing | "CHIARA ABAGNALE" medico "San felice Circeo" curriculum | Error: Page.goto: Navigation to "https://www.bing.com/search?q=%22CHIARA+ABAGNALE%22+medico+%22San+felice+Circeo%22+curriculum&setlang=it-IT&cc=it" is interrupted by another navigation to "https://www.bing.com/search?q=%22CHIARA+ABAGNALE%22+medico+curriculum+filetype%3Apdf&setlang=it-IT&cc=it&rdr=1&rdrig=6BBC648910084A9680F163C29369A01C"
Call log:
  - navigating to "https://www.bing.com/search?q=%22CHIARA+ABAGNALE%22+medico+%22San+felice+Circeo%22+curriculum&setlang=it-IT&cc=it", waiting until "domcontentloaded"

2026-09-02 12:09:55 | INFO | SEARCH OK | bing | "CHIARA ABAGNALE" "curriculum professionale" | 10 risultati
2026-09-02 12:09:58 | INFO | SEARCH OK | bing | "CHIARA ABAGNALE" "amministrazione trasparente" curriculum | 10 risultati
2026-09-02 12:10:02 | INFO | SEARCH OK | bing | "CHIARA ABAGNALE" medico "specialista in" | 10 risultati
2026-09-02 12:10:05 | INFO | SEARCH OK | bing | "CHIARA ABAGNALE" medico "specializzazione in" | 10 risultati
2026-09-02 12:10:07 | INFO | SEARCH OK | bing | "CHIARA ABAGNALE" medico "San felice Circeo" specialista | 10 risultati
2026-09-02 12:10:09 | INFO | SEARCH OK | bing | "CHIARA ABAGNALE" medico ospedale specializzazione | 10 risultati
2026-09-02 12:10:11 | INFO | SEARCH OK | bing | "CHIARA ABAGNALE" "diploma di specializzazione" | 10 risultati
2026-09-02 12:10:11 | INFO | DONE | Pers_Id=2606149 | 27.5s | DA_VERIFICARE | specialita=N/D | cv=NO
2026-09-02 12:10:14 | INFO | SEARCH OK | bing | "FEDERICA ABAGNALE" medico "curriculum vitae" | 10 risultati
2026-09-02 12:10:16 | INFO | SEARCH OK | bing | "FEDERICA ABAGNALE" medico curriculum filetype:pdf | 10 risultati
2026-09-02 12:10:20 | INFO | SEARCH OK | bing | "FEDERICA ABAGNALE" medico "Napoli" curriculum | 10 risultati
2026-09-02 12:10:23 | WARNING | SEARCH FAIL | bing | "FEDERICA ABAGNALE" "curriculum professionale" | Error: Page.goto: Navigation to "https://www.bing.com/search?q=%22FEDERICA+ABAGNALE%22+%22curriculum+professionale%22&setlang=it-IT&cc=it" is interrupted by another navigation to "https://www.bing.com/search?q=%22FEDERICA+ABAGNALE%22+medico+%22Napoli%22+curriculum&setlang=it-IT&cc=it&rdr=1&rdrig=C7E7D728DF3042FBA02794C684DA0B9E"
Call log:
  - navigating to "https://www.bing.com/search?q=%22FEDERICA+ABAGNALE%22+%22curriculum+professionale%22&setlang=it-IT&cc=it", waiting until "domcontentloaded"

2026-09-02 12:10:25 | WARNING | SEARCH FAIL | bing | "FEDERICA ABAGNALE" "amministrazione trasparente" curriculum | Error: Page.goto: Navigation to "https://www.bing.com/search?q=%22FEDERICA+ABAGNALE%22+%22amministrazione+trasparente%22+curriculum&setlang=it-IT&cc=it" is interrupted by another navigation to "https://www.bing.com/search?q=%22FEDERICA+ABAGNALE%22+%22curriculum+professionale%22&setlang=it-IT&cc=it&rdr=1&rdrig=67F4A474791146F7ABB572CE27CDF5AF"
Call log:
  - navigating to "https://www.bing.com/search?q=%22FEDERICA+ABAGNALE%22+%22amministrazione+trasparente%22+curriculum&setlang=it-IT&cc=it", waiting until "domcontentloaded"

2026-09-02 12:10:29 | INFO | SEARCH OK | bing | "FEDERICA ABAGNALE" medico "specialista in" | 10 risultati
2026-09-02 12:10:31 | INFO | SEARCH OK | bing | "FEDERICA ABAGNALE" medico "specializzazione in" | 10 risultati
2026-09-02 12:10:34 | WARNING | SEARCH FAIL | bing | "FEDERICA ABAGNALE" medico "Napoli" specialista | Error: Page.goto: Navigation to "https://www.bing.com/search?q=%22FEDERICA+ABAGNALE%22+medico+%22Napoli%22+specialista&setlang=it-IT&cc=it" is interrupted by another navigation to "https://www.bing.com/search?q=%22FEDERICA+ABAGNALE%22+medico+%22specializzazione+in%22&setlang=it-IT&cc=it&rdr=1&rdrig=465464481FBB413FA7E48CCCBB264E40"
Call log:
  - navigating to "https://www.bing.com/search?q=%22FEDERICA+ABAGNALE%22+medico+%22Napoli%22+specialista&setlang=it-IT&cc=it", waiting until "domcontentloaded"

2026-09-02 12:10:36 | INFO | SEARCH OK | bing | "FEDERICA ABAGNALE" medico ospedale specializzazione | 10 risultati
2026-09-02 12:10:40 | INFO | SEARCH OK | bing | "FEDERICA ABAGNALE" "diploma di specializzazione" | 10 risultati
2026-09-02 12:10:40 | INFO | DONE | Pers_Id=2744181 | 28.5s | DA_VERIFICARE | specialita=N/D | cv=NO
2026-09-02 12:10:42 | WARNING | SEARCH FAIL | bing | "GIOVANNA ABAGNALE" medico "curriculum vitae" | Error: Page.goto: net::ERR_CONNECTION_RESET at https://www.bing.com/search?q=%22GIOVANNA+ABAGNALE%22+medico+%22curriculum+vitae%22&setlang=it-IT&cc=it
Call log:
  - navigating to "https://www.bing.com/search?q=%22GIOVANNA+ABAGNALE%22+medico+%22curriculum+vitae%22&setlang=it-IT&cc=it", waiting until "domcontentloaded"

2026-09-02 12:10:44 | WARNING | SEARCH FAIL | bing | "GIOVANNA ABAGNALE" medico curriculum filetype:pdf | Error: Page.goto: net::ERR_CONNECTION_CLOSED at https://www.bing.com/search?q=%22GIOVANNA+ABAGNALE%22+medico+curriculum+filetype%3Apdf&setlang=it-IT&cc=it
Call log:
  - navigating to "https://www.bing.com/search?q=%22GIOVANNA+ABAGNALE%22+medico+curriculum+filetype%3Apdf&setlang=it-IT&cc=it", waiting until "domcontentloaded"

2026-09-02 12:10:47 | WARNING | SEARCH FAIL | bing | "GIOVANNA ABAGNALE" medico "Napoli" curriculum | Error: Page.goto: net::ERR_CONNECTION_CLOSED at https://www.bing.com/search?q=%22GIOVANNA+ABAGNALE%22+medico+%22Napoli%22+curriculum&setlang=it-IT&cc=it
Call log:
  - navigating to "https://www.bing.com/search?q=%22GIOVANNA+ABAGNALE%22+medico+%22Napoli%22+curriculum&setlang=it-IT&cc=it", waiting until "domcontentloaded"

2026-09-02 12:10:49 | WARNING | SEARCH FAIL | bing | "GIOVANNA ABAGNALE" "curriculum professionale" | Error: Page.goto: net::ERR_CONNECTION_RESET at https://www.bing.com/search?q=%22GIOVANNA+ABAGNALE%22+%22curriculum+professionale%22&setlang=it-IT&cc=it
Call log:
  - navigating to "https://www.bing.com/search?q=%22GIOVANNA+ABAGNALE%22+%22curriculum+professionale%22&setlang=it-IT&cc=it", waiting until "domcontentloaded"

2026-09-02 12:10:52 | WARNING | SEARCH FAIL | bing | "GIOVANNA ABAGNALE" "amministrazione trasparente" curriculum | Error: Page.goto: net::ERR_CONNECTION_CLOSED at https://www.bing.com/search?q=%22GIOVANNA+ABAGNALE%22+%22amministrazione+trasparente%22+curriculum&setlang=it-IT&cc=it
Call log:
  - navigating to "https://www.bing.com/search?q=%22GIOVANNA+ABAGNALE%22+%22amministrazione+trasparente%22+curriculum&setlang=it-IT&cc=it", waiting until "domcontentloaded"

2026-09-02 12:10:54 | WARNING | SEARCH FAIL | bing | "GIOVANNA ABAGNALE" medico "specialista in" | Error: Page.goto: net::ERR_CONNECTION_CLOSED at https://www.bing.com/search?q=%22GIOVANNA+ABAGNALE%22+medico+%22specialista+in%22&setlang=it-IT&cc=it
Call log:
  - navigating to "https://www.bing.com/search?q=%22GIOVANNA+ABAGNALE%22+medico+%22specialista+in%22&setlang=it-IT&cc=it", waiting until "domcontentloaded"

2026-09-02 12:10:57 | WARNING | SEARCH FAIL | bing | "GIOVANNA ABAGNALE" medico "specializzazione in" | Error: Page.goto: net::ERR_CONNECTION_CLOSED at https://www.bing.com/search?q=%22GIOVANNA+ABAGNALE%22+medico+%22specializzazione+in%22&setlang=it-IT&cc=it
Call log:
  - navigating to "https://www.bing.com/search?q=%22GIOVANNA+ABAGNALE%22+medico+%22specializzazione+in%22&setlang=it-IT&cc=it", waiting until "domcontentloaded"

2026-09-02 12:10:59 | WARNING | SEARCH FAIL | bing | "GIOVANNA ABAGNALE" medico "Napoli" specialista | Error: Page.goto: net::ERR_CONNECTION_CLOSED at https://www.bing.com/search?q=%22GIOVANNA+ABAGNALE%22+medico+%22Napoli%22+specialista&setlang=it-IT&cc=it
Call log:
  - navigating to "https://www.bing.com/search?q=%22GIOVANNA+ABAGNALE%22+medico+%22Napoli%22+specialista&setlang=it-IT&cc=it", waiting until "domcontentloaded"

2026-09-02 12:11:01 | WARNING | SEARCH FAIL | bing | "GIOVANNA ABAGNALE" medico ospedale specializzazione | Error: Page.goto: net::ERR_CONNECTION_CLOSED at https://www.bing.com/search?q=%22GIOVANNA+ABAGNALE%22+medico+ospedale+specializzazione&setlang=it-IT&cc=it
Call log:
  - navigating to "https://www.bing.com/search?q=%22GIOVANNA+ABAGNALE%22+medico+ospedale+specializzazione&setlang=it-IT&cc=it", waiting until "domcontentloaded"

2026-09-02 12:11:04 | WARNING | SEARCH FAIL | bing | "GIOVANNA ABAGNALE" "diploma di specializzazione" | Error: Page.goto: net::ERR_CONNECTION_CLOSED at https://www.bing.com/search?q=%22GIOVANNA+ABAGNALE%22+%22diploma+di+specializzazione%22&setlang=it-IT&cc=it
Call log:
  - navigating to "https://www.bing.com/search?q=%22GIOVANNA+ABAGNALE%22+%22diploma+di+specializzazione%22&setlang=it-IT&cc=it", waiting until "domcontentloaded"

2026-09-02 12:11:04 | INFO | DONE | Pers_Id=2744182 | 23.7s | NESSUN_RISULTATO | specialita=N/D | cv=NO
2026-09-02 12:11:04 | INFO | PROGRESS | 5/5 | 2.15 medici/min | ETA 0.0 min | {'DA_VERIFICARE': 4, 'NESSUN_RISULTATO': 1}
2026-09-02 12:11:31 | INFO | ==============================================================================
2026-09-02 12:11:31 | INFO | FINE | 2.8 min | {'DA_VERIFICARE': 4, 'NESSUN_RISULTATO': 1}
2026-09-02 12:11:31 | INFO | OUTPUT | C:\Dev\Niko\scriptRicerca\output\risultatiMedici.xlsx
2026-09-02 12:11:31 | INFO | ==============================================================================
