2026-09-02 11:53:55 | INFO | ==============================================================================
2026-09-02 11:53:55 | INFO | V3.0 MEDICI - BROWSER SEARCH NO API
2026-09-02 11:53:55 | INFO | Input: C:\Dev\Niko\scriptRicerca\input\scriptMedici.xlsx
2026-09-02 11:53:55 | INFO | Output: C:\Dev\Niko\scriptRicerca\output\risultatiMedici.xlsx
2026-09-02 11:53:55 | INFO | Engine: bing
2026-09-02 11:53:55 | INFO | Headless: False
2026-09-02 11:53:55 | INFO | Deep: False
2026-09-02 11:53:55 | INFO | Search results: 8
2026-09-02 11:53:55 | INFO | Delay: 1.2 - 2.8 sec
2026-09-02 11:53:55 | INFO | Browser profile: C:\Dev\Niko\scriptRicerca\browser_medici
2026-09-02 11:53:55 | INFO | CV dir: C:\Dev\Niko\scriptRicerca\cv_medici
2026-09-02 11:53:55 | INFO | Cache dir: C:\Dev\Niko\scriptRicerca\cache_medici
2026-09-02 11:53:55 | INFO | Log: logs\run_medici_20260902_115251.log
2026-09-02 11:53:55 | INFO | ==============================================================================
2026-09-02 11:53:55 | INFO | Medici da elaborare: 5
2026-09-02 11:54:01 | INFO | SEARCH OK | bing | "YASAMIN AAZAM RAHIMIAN" medico "curriculum vitae" | 10 risultati
2026-09-02 11:54:05 | INFO | SEARCH OK | bing | "YASAMIN AAZAM RAHIMIAN" medico curriculum filetype:pdf | 10 risultati
2026-09-02 11:54:07 | INFO | SEARCH OK | bing | "YASAMIN AAZAM RAHIMIAN" medico "BOLOGNA" curriculum | 10 risultati
2026-09-02 11:54:09 | INFO | SEARCH OK | bing | "YASAMIN AAZAM RAHIMIAN" medico "specialista in" | 10 risultati
2026-09-02 11:54:12 | INFO | SEARCH OK | bing | "YASAMIN AAZAM RAHIMIAN" medico "specializzazione in" | 10 risultati
2026-09-02 11:54:15 | INFO | SEARCH OK | bing | "YASAMIN AAZAM RAHIMIAN" medico "BOLOGNA" specialista | 10 risultati
2026-09-02 11:54:15 | INFO | DONE | Pers_Id=2467194 | 16.1s | DA_VERIFICARE | specialita=N/D | cv=NO
2026-09-02 11:54:17 | INFO | SEARCH OK | bing | "ERNESTO MARTIN ABAD AGUIAR" medico "curriculum vitae" | 10 risultati
2026-09-02 11:54:21 | INFO | SEARCH OK | bing | "ERNESTO MARTIN ABAD AGUIAR" medico curriculum filetype:pdf | 10 risultati
2026-09-02 11:54:24 | INFO | SEARCH OK | bing | "ERNESTO MARTIN ABAD AGUIAR" medico "Nuoro" curriculum | 10 risultati
2026-09-02 11:54:27 | INFO | SEARCH OK | bing | "ERNESTO MARTIN ABAD AGUIAR" medico "specialista in" | 10 risultati
2026-09-02 11:54:30 | INFO | SEARCH OK | bing | "ERNESTO MARTIN ABAD AGUIAR" medico "specializzazione in" | 10 risultati
2026-09-02 11:54:33 | INFO | SEARCH OK | bing | "ERNESTO MARTIN ABAD AGUIAR" medico "Nuoro" specialista | 10 risultati
2026-09-02 11:54:33 | INFO | DONE | Pers_Id=2606079 | 18.3s | DA_VERIFICARE | specialita=N/D | cv=NO
2026-09-02 11:54:35 | INFO | SEARCH OK | bing | "CHIARA ABAGNALE" medico "curriculum vitae" | 10 risultati
2026-09-02 11:54:37 | INFO | SEARCH OK | bing | "CHIARA ABAGNALE" medico curriculum filetype:pdf | 10 risultati
2026-09-02 11:54:40 | INFO | SEARCH OK | bing | "CHIARA ABAGNALE" medico "San felice Circeo" curriculum | 10 risultati
2026-09-02 11:54:43 | INFO | SEARCH OK | bing | "CHIARA ABAGNALE" medico "specialista in" | 10 risultati
2026-09-02 11:54:46 | INFO | SEARCH OK | bing | "CHIARA ABAGNALE" medico "specializzazione in" | 10 risultati
2026-09-02 11:54:50 | INFO | SEARCH OK | bing | "CHIARA ABAGNALE" medico "San felice Circeo" specialista | 10 risultati
2026-09-02 11:54:50 | INFO | DONE | Pers_Id=2606149 | 17.0s | DA_VERIFICARE | specialita=N/D | cv=NO
2026-09-02 11:54:52 | INFO | SEARCH OK | bing | "FEDERICA ABAGNALE" medico "curriculum vitae" | 10 risultati
2026-09-02 11:54:56 | INFO | SEARCH OK | bing | "FEDERICA ABAGNALE" medico curriculum filetype:pdf | 10 risultati
2026-09-02 11:54:59 | INFO | SEARCH OK | bing | "FEDERICA ABAGNALE" medico "Napoli" curriculum | 10 risultati
2026-09-02 11:55:01 | INFO | SEARCH OK | bing | "FEDERICA ABAGNALE" medico "specialista in" | 10 risultati
2026-09-02 11:55:04 | INFO | SEARCH OK | bing | "FEDERICA ABAGNALE" medico "specializzazione in" | 10 risultati
2026-09-02 11:55:06 | INFO | SEARCH OK | bing | "FEDERICA ABAGNALE" medico "Napoli" specialista | 10 risultati
2026-09-02 11:55:06 | INFO | DONE | Pers_Id=2744181 | 16.3s | DA_VERIFICARE | specialita=N/D | cv=NO
2026-09-02 11:55:09 | INFO | SEARCH OK | bing | "GIOVANNA ABAGNALE" medico "curriculum vitae" | 10 risultati
2026-09-02 11:55:11 | INFO | SEARCH OK | bing | "GIOVANNA ABAGNALE" medico curriculum filetype:pdf | 10 risultati
2026-09-02 11:55:13 | INFO | SEARCH OK | bing | "GIOVANNA ABAGNALE" medico "Napoli" curriculum | 10 risultati
2026-09-02 11:55:16 | INFO | SEARCH OK | bing | "GIOVANNA ABAGNALE" medico "specialista in" | 10 risultati
2026-09-02 11:55:19 | INFO | SEARCH OK | bing | "GIOVANNA ABAGNALE" medico "specializzazione in" | 10 risultati
2026-09-02 11:55:22 | INFO | SEARCH OK | bing | "GIOVANNA ABAGNALE" medico "Napoli" specialista | 10 risultati
2026-09-02 11:55:22 | INFO | DONE | Pers_Id=2744182 | 15.4s | DA_VERIFICARE | specialita=N/D | cv=NO
2026-09-02 11:55:22 | INFO | PROGRESS | 5/5 | 3.47 medici/min | ETA 0.0 min | {'DA_VERIFICARE': 5}
2026-09-02 11:55:50 | INFO | ==============================================================================
2026-09-02 11:55:50 | INFO | FINE | 1.9 min | {'DA_VERIFICARE': 5}
2026-09-02 11:55:50 | INFO | OUTPUT | C:\Dev\Niko\scriptRicerca\output\risultatiMedici.xlsx
2026-09-02 11:55:50 | INFO | ==============================================================================
