2026-09-09 15:31:19 | INFO | Importazione e controllo di tutto l’archivio: input\scriptMedici.xlsx
2026-09-09 15:31:21 | INFO | Archivio: 81331 persone; 2378 nomi ripetuti
2026-09-09 15:31:48 | INFO | Documenti elaborati in questa esecuzione: 50; richieste HTTP: 51
2026-09-09 15:32:14 | INFO | Documenti elaborati in questa esecuzione: 100; richieste HTTP: 101
2026-09-09 15:32:40 | INFO | Documenti elaborati in questa esecuzione: 150; richieste HTTP: 151
2026-09-09 15:33:06 | INFO | Documenti elaborati in questa esecuzione: 200; richieste HTTP: 201
2026-09-09 15:33:30 | INFO | Documenti elaborati in questa esecuzione: 250; richieste HTTP: 251
2026-09-09 15:33:57 | INFO | Documenti elaborati in questa esecuzione: 300; richieste HTTP: 301
2026-09-09 15:34:22 | INFO | Documenti elaborati in questa esecuzione: 350; richieste HTTP: 351
2026-09-09 15:34:48 | INFO | Documenti elaborati in questa esecuzione: 400; richieste HTTP: 401
2026-09-09 15:35:15 | INFO | Documenti elaborati in questa esecuzione: 450; richieste HTTP: 451
2026-09-09 15:35:41 | INFO | Documenti elaborati in questa esecuzione: 500; richieste HTTP: 501
2026-09-09 15:35:46 | INFO | CV rinominati e copiati in C:\Dev\Niko\Python\scriptRicerca\cv_medici: 77
2026-09-09 15:36:24 | INFO | CHECKPOINT MASSIVO | documenti=500 | report=C:\Dev\Niko\Python\scriptRicerca\output\risultato_massivo_recuperato.xlsx | stati={'NON_COPERTO_DALLE_FONTI': 63107, 'DISCIPLINA_DICHIARATA_NEL_PROFILO': 6325, 'EVIDENZA_NON_CONFERMATA': 2589, 'SPECIALITA_CON_IDENTITA_NOMINALE': 5032, 'FONTE_NON_ACCESSIBILE': 151, 'PROFILO_CON_IDENTITA_NOMINALE': 4088, 'IDENTITA_CONFERMATA_SENZA_TITOLO': 21, 'SPECIALITA_DOCUMENTATA': 18}
2026-09-09 15:36:49 | INFO | Documenti elaborati in questa esecuzione: 550; richieste HTTP: 551
2026-09-09 15:37:14 | INFO | Documenti elaborati in questa esecuzione: 600; richieste HTTP: 601
2026-09-09 15:37:40 | INFO | Documenti elaborati in questa esecuzione: 650; richieste HTTP: 651
2026-09-09 15:38:06 | INFO | Documenti elaborati in questa esecuzione: 700; richieste HTTP: 701
2026-09-09 15:38:31 | INFO | Documenti elaborati in questa esecuzione: 750; richieste HTTP: 751
2026-09-09 15:38:57 | INFO | Documenti elaborati in questa esecuzione: 800; richieste HTTP: 801
2026-09-09 15:39:22 | INFO | Documenti elaborati in questa esecuzione: 850; richieste HTTP: 851
2026-09-09 15:39:48 | INFO | Documenti elaborati in questa esecuzione: 900; richieste HTTP: 901
2026-09-09 15:40:14 | INFO | Documenti elaborati in questa esecuzione: 950; richieste HTTP: 951
2026-09-09 15:40:39 | INFO | Documenti elaborati in questa esecuzione: 1000; richieste HTTP: 1001
2026-09-09 15:40:50 | INFO | CV rinominati e copiati in C:\Dev\Niko\Python\scriptRicerca\cv_medici: 23
2026-09-09 15:41:25 | INFO | CHECKPOINT MASSIVO | documenti=1000 | report=C:\Dev\Niko\Python\scriptRicerca\output\risultato_massivo_recuperato.xlsx | stati={'NON_COPERTO_DALLE_FONTI': 63102, 'DISCIPLINA_DICHIARATA_NEL_PROFILO': 6324, 'EVIDENZA_NON_CONFERMATA': 2590, 'SPECIALITA_CON_IDENTITA_NOMINALE': 5035, 'FONTE_NON_ACCESSIBILE': 151, 'PROFILO_CON_IDENTITA_NOMINALE': 4090, 'IDENTITA_CONFERMATA_SENZA_TITOLO': 21, 'SPECIALITA_DOCUMENTATA': 18}
2026-09-09 15:41:50 | INFO | Documenti elaborati in questa esecuzione: 1050; richieste HTTP: 1051
2026-09-09 15:42:16 | INFO | Documenti elaborati in questa esecuzione: 1100; richieste HTTP: 1101
2026-09-09 15:42:41 | INFO | Documenti elaborati in questa esecuzione: 1150; richieste HTTP: 1151
2026-09-09 15:43:07 | INFO | Documenti elaborati in questa esecuzione: 1200; richieste HTTP: 1201
2026-09-09 15:43:32 | INFO | Documenti elaborati in questa esecuzione: 1250; richieste HTTP: 1251
2026-09-09 15:43:58 | INFO | Documenti elaborati in questa esecuzione: 1300; richieste HTTP: 1301
2026-09-09 15:44:23 | INFO | Documenti elaborati in questa esecuzione: 1350; richieste HTTP: 1351
2026-09-09 15:44:49 | INFO | Documenti elaborati in questa esecuzione: 1400; richieste HTTP: 1401
2026-09-09 15:45:15 | INFO | Documenti elaborati in questa esecuzione: 1450; richieste HTTP: 1451
2026-09-09 15:45:41 | INFO | Documenti elaborati in questa esecuzione: 1500; richieste HTTP: 1501
2026-09-09 15:45:47 | INFO | CV rinominati e copiati in C:\Dev\Niko\Python\scriptRicerca\cv_medici: 27
2026-09-09 15:46:23 | INFO | CHECKPOINT MASSIVO | documenti=1500 | report=C:\Dev\Niko\Python\scriptRicerca\output\risultato_massivo_recuperato.xlsx | stati={'NON_COPERTO_DALLE_FONTI': 63096, 'DISCIPLINA_DICHIARATA_NEL_PROFILO': 6321, 'EVIDENZA_NON_CONFERMATA': 2592, 'SPECIALITA_CON_IDENTITA_NOMINALE': 5041, 'FONTE_NON_ACCESSIBILE': 151, 'PROFILO_CON_IDENTITA_NOMINALE': 4091, 'IDENTITA_CONFERMATA_SENZA_TITOLO': 21, 'SPECIALITA_DOCUMENTATA': 18}
2026-09-09 15:46:49 | INFO | Documenti elaborati in questa esecuzione: 1550; richieste HTTP: 1551
2026-09-09 15:47:14 | INFO | Documenti elaborati in questa esecuzione: 1600; richieste HTTP: 1601
2026-09-09 15:47:40 | INFO | Documenti elaborati in questa esecuzione: 1650; richieste HTTP: 1651
2026-09-09 15:48:06 | INFO | Documenti elaborati in questa esecuzione: 1700; richieste HTTP: 1701
2026-09-09 15:48:32 | INFO | Documenti elaborati in questa esecuzione: 1750; richieste HTTP: 1751
2026-09-09 15:48:58 | INFO | Documenti elaborati in questa esecuzione: 1800; richieste HTTP: 1801
2026-09-09 15:49:23 | INFO | Documenti elaborati in questa esecuzione: 1850; richieste HTTP: 1851
2026-09-09 15:49:49 | INFO | Documenti elaborati in questa esecuzione: 1900; richieste HTTP: 1901
2026-09-09 15:50:15 | INFO | Documenti elaborati in questa esecuzione: 1950; richieste HTTP: 1951
2026-09-09 15:50:42 | INFO | Documenti elaborati in questa esecuzione: 2000; richieste HTTP: 2001
2026-09-09 15:50:52 | INFO | CV rinominati e copiati in C:\Dev\Niko\Python\scriptRicerca\cv_medici: 38
2026-09-09 15:52:36 | INFO | CHECKPOINT MASSIVO | documenti=2000 | report=C:\Dev\Niko\Python\scriptRicerca\output\risultato_massivo_recuperato.xlsx | stati={'NON_COPERTO_DALLE_FONTI': 63092, 'DISCIPLINA_DICHIARATA_NEL_PROFILO': 6318, 'EVIDENZA_NON_CONFERMATA': 2592, 'SPECIALITA_CON_IDENTITA_NOMINALE': 5047, 'FONTE_NON_ACCESSIBILE': 151, 'PROFILO_CON_IDENTITA_NOMINALE': 4092, 'IDENTITA_CONFERMATA_SENZA_TITOLO': 21, 'SPECIALITA_DOCUMENTATA': 18}
2026-09-09 15:53:01 | INFO | Documenti elaborati in questa esecuzione: 2050; richieste HTTP: 2051
2026-09-09 15:53:27 | INFO | Documenti elaborati in questa esecuzione: 2100; richieste HTTP: 2101
2026-09-09 15:53:52 | INFO | Documenti elaborati in questa esecuzione: 2150; richieste HTTP: 2151
2026-09-09 15:54:18 | INFO | Documenti elaborati in questa esecuzione: 2200; richieste HTTP: 2201
2026-09-09 15:54:44 | INFO | Documenti elaborati in questa esecuzione: 2250; richieste HTTP: 2251
2026-09-09 15:55:10 | INFO | Documenti elaborati in questa esecuzione: 2300; richieste HTTP: 2301
2026-09-09 15:55:35 | INFO | Documenti elaborati in questa esecuzione: 2350; richieste HTTP: 2351
2026-09-09 15:56:02 | INFO | Documenti elaborati in questa esecuzione: 2400; richieste HTTP: 2401
2026-09-09 15:56:28 | INFO | Documenti elaborati in questa esecuzione: 2450; richieste HTTP: 2451
2026-09-09 15:56:53 | INFO | Documenti elaborati in questa esecuzione: 2500; richieste HTTP: 2501
2026-09-09 15:57:03 | INFO | CV rinominati e copiati in C:\Dev\Niko\Python\scriptRicerca\cv_medici: 28
2026-09-09 15:58:48 | INFO | CHECKPOINT MASSIVO | documenti=2500 | report=C:\Dev\Niko\Python\scriptRicerca\output\risultato_massivo_recuperato.xlsx | stati={'NON_COPERTO_DALLE_FONTI': 63085, 'DISCIPLINA_DICHIARATA_NEL_PROFILO': 6314, 'EVIDENZA_NON_CONFERMATA': 2592, 'SPECIALITA_CON_IDENTITA_NOMINALE': 5052, 'FONTE_NON_ACCESSIBILE': 151, 'PROFILO_CON_IDENTITA_NOMINALE': 4098, 'IDENTITA_CONFERMATA_SENZA_TITOLO': 21, 'SPECIALITA_DOCUMENTATA': 18}
2026-09-09 16:00:01 | INFO | MASSIVO: {'total': 81331, 'states': {'NON_COPERTO_DALLE_FONTI': 63085, 'DISCIPLINA_DICHIARATA_NEL_PROFILO': 6314, 'EVIDENZA_NON_CONFERMATA': 2592, 'SPECIALITA_CON_IDENTITA_NOMINALE': 5052, 'FONTE_NON_ACCESSIBILE': 151, 'PROFILO_CON_IDENTITA_NOMINALE': 4098, 'IDENTITA_CONFERMATA_SENZA_TITOLO': 21, 'SPECIALITA_DOCUMENTATA': 18}, 'people_with_sources': 18246, 'urls': {'done': 36974, 'error': 620, 'pending': 1220}, 'updated': '2026-09-09T14:00:01+00:00'}; HTTP=2501; Search API=0
