2026-09-03 11:10:23 | INFO | ==============================================================================
2026-09-03 11:10:23 | INFO | V5.0 MEDICI - ADAPTIVE SEARCH + GEO IDENTITY GUARD
2026-09-03 11:10:23 | INFO | Input: C:\Dev\Niko\scriptRicerca\input\scriptMedici.xlsx
2026-09-03 11:10:23 | INFO | Output: C:\Dev\Niko\scriptRicerca\output\risultatiMedici.xlsx
2026-09-03 11:10:23 | INFO | Provider: serper
2026-09-03 11:10:23 | INFO | Deep: False
2026-09-03 11:10:23 | INFO | Search results: 8
2026-09-03 11:10:23 | INFO | Max searches/persona: 2 (+1 con --deep)
2026-09-03 11:10:23 | INFO | Delay: 0.1 - 0.3 sec
2026-09-03 11:10:23 | INFO | CV sicuri dir: C:\Dev\Niko\scriptRicerca\cv_medici
2026-09-03 11:10:23 | INFO | CV da verificare dir: C:\Dev\Niko\scriptRicerca\cv_medici_da_verificare
2026-09-03 11:10:23 | INFO | Cache dir: C:\Dev\Niko\scriptRicerca\cache_medici
2026-09-03 11:10:23 | INFO | Log: logs\run_medici_20260903_110930.log
2026-09-03 11:10:23 | INFO | ==============================================================================
2026-09-03 11:10:23 | INFO | Medici da elaborare: 40
2026-09-03 11:10:23 | INFO | SEARCH QUERY | Pers_Id=2467194 | numero=1 | q="YASAMIN AAZAM RAHIMIAN" medico "BOLOGNA"
2026-09-03 11:10:24 | INFO | SEARCH API OK | serper | "YASAMIN AAZAM RAHIMIAN" medico "BOLOGNA" | 3 risultati
2026-09-03 11:10:24 | INFO | SEARCH EARLY-STOP CHECK | Pers_Id=2467194 | query=1 | stop=False | reason=nessuna evidenza forte
2026-09-03 11:10:24 | INFO | SEARCH QUERY | Pers_Id=2467194 | numero=2 | q="YASAMIN AAZAM RAHIMIAN" medico specialista ospedale
2026-09-03 11:10:26 | INFO | SEARCH API OK | serper | "YASAMIN AAZAM RAHIMIAN" medico specialista ospedale | 2 risultati
2026-09-03 11:10:26 | INFO | SEARCH EARLY-STOP CHECK | Pers_Id=2467194 | query=2 | stop=False | reason=nessuna evidenza forte
2026-09-03 11:10:26 | INFO | CV SEARCH GATE | Pers_Id=2467194 | mode=targeted | allowed=False | reason=nessuna identità professionale abbastanza forte | existing_cv=False
2026-09-03 11:10:26 | INFO | HIT SUMMARY | Pers_Id=2467194 | query=2 | recovery=0 | cv_query=0 | grezzi=4 | rilevanti=1 | provider={'serper': 2, 'brave': 0}
2026-09-03 11:10:29 | INFO | DONE | Pers_Id=2467194 | 6.0s | DA_VERIFICARE | specialita=N/D | cv=NO | cv_review=0
2026-09-03 11:10:29 | INFO | SEARCH QUERY | Pers_Id=2606079 | numero=1 | q="ERNESTO MARTIN ABAD AGUIAR" medico "Nuoro"
2026-09-03 11:10:31 | INFO | SEARCH API OK | serper | "ERNESTO MARTIN ABAD AGUIAR" medico "Nuoro" | 8 risultati
2026-09-03 11:10:31 | INFO | SEARCH EARLY-STOP CHECK | Pers_Id=2606079 | query=1 | stop=True | reason=evidenza forte strutturata
2026-09-03 11:10:31 | INFO | CV SEARCH GATE | Pers_Id=2606079 | mode=targeted | allowed=True | reason=profilo professionale strutturato | existing_cv=False
2026-09-03 11:10:31 | INFO | CV SEARCH QUERY | Pers_Id=2606079 | q="ERNESTO MARTIN ABAD AGUIAR" curriculum OR "curriculum vitae" medico "Nuoro"
2026-09-03 11:10:33 | INFO | SEARCH API OK | serper | "ERNESTO MARTIN ABAD AGUIAR" curriculum OR "curriculum vitae" medico "Nuoro" | 8 risultati
2026-09-03 11:10:33 | INFO | HIT SUMMARY | Pers_Id=2606079 | query=2 | recovery=0 | cv_query=1 | grezzi=8 | rilevanti=3 | provider={'serper': 4, 'brave': 0}
2026-09-03 11:10:45 | INFO | LANDING SCARTATA | Pers_Id=2606079 | pagina senza testo | https://www.doctolib.it/medico-di-medicina-generale/orosei/ernesto-martin-abad-aguiar
2026-09-03 11:10:48 | INFO | DONE | Pers_Id=2606079 | 18.8s | SPECIALITA_TROVATA | specialita=Medicina Generale | cv=NO | cv_review=0
2026-09-03 11:10:48 | INFO | SEARCH QUERY | Pers_Id=2606149 | numero=1 | q="CHIARA ABAGNALE" medico "San felice Circeo"
2026-09-03 11:10:49 | INFO | SEARCH API OK | serper | "CHIARA ABAGNALE" medico "San felice Circeo" | 2 risultati
2026-09-03 11:10:49 | INFO | SEARCH QUERY | Pers_Id=2606149 | numero=2 | q="CHIARA ABAGNALE" medico specialista ospedale
2026-09-03 11:10:51 | INFO | SEARCH API OK | serper | "CHIARA ABAGNALE" medico specialista ospedale | 8 risultati
2026-09-03 11:10:51 | INFO | HIT SUMMARY | Pers_Id=2606149 | query=2 | recovery=0 | cv_query=0 | grezzi=10 | rilevanti=0 | provider={'serper': 6, 'brave': 0}
2026-09-03 11:10:51 | INFO | DONE | Pers_Id=2606149 | 3.0s | NESSUN_RISULTATO | specialita=N/D | cv=NO | cv_review=0
2026-09-03 11:10:51 | INFO | SEARCH QUERY | Pers_Id=2744181 | numero=1 | q="FEDERICA ABAGNALE" medico "Napoli"
2026-09-03 11:10:52 | INFO | SEARCH API OK | serper | "FEDERICA ABAGNALE" medico "Napoli" | 2 risultati
2026-09-03 11:10:52 | INFO | SEARCH QUERY | Pers_Id=2744181 | numero=2 | q="FEDERICA ABAGNALE" medico specialista ospedale
2026-09-03 11:10:55 | INFO | SEARCH API OK | serper | "FEDERICA ABAGNALE" medico specialista ospedale | 2 risultati
2026-09-03 11:10:55 | INFO | HIT SUMMARY | Pers_Id=2744181 | query=2 | recovery=0 | cv_query=0 | grezzi=4 | rilevanti=0 | provider={'serper': 8, 'brave': 0}
2026-09-03 11:10:55 | INFO | DONE | Pers_Id=2744181 | 4.3s | NESSUN_RISULTATO | specialita=N/D | cv=NO | cv_review=0
2026-09-03 11:10:55 | INFO | SEARCH QUERY | Pers_Id=2744182 | numero=1 | q="GIOVANNA ABAGNALE" medico "Napoli"
2026-09-03 11:10:57 | INFO | SEARCH API OK | serper | "GIOVANNA ABAGNALE" medico "Napoli" | 5 risultati
2026-09-03 11:10:57 | INFO | SEARCH QUERY | Pers_Id=2744182 | numero=2 | q="GIOVANNA ABAGNALE" medico specialista ospedale
2026-09-03 11:10:58 | INFO | SEARCH API OK | serper | "GIOVANNA ABAGNALE" medico specialista ospedale | 0 risultati
2026-09-03 11:10:58 | INFO | HIT SUMMARY | Pers_Id=2744182 | query=2 | recovery=0 | cv_query=0 | grezzi=5 | rilevanti=0 | provider={'serper': 10, 'brave': 0}
2026-09-03 11:10:58 | INFO | DONE | Pers_Id=2744182 | 2.7s | NESSUN_RISULTATO | specialita=N/D | cv=NO | cv_review=0
2026-09-03 11:10:58 | INFO | PROGRESS | 5/40 | 8.57 medici/min | ETA 4.1 min | {'DA_VERIFICARE': 1, 'SPECIALITA_TROVATA': 1, 'NESSUN_RISULTATO': 3} | API={'serper': 10, 'brave': 0}
2026-09-03 11:10:58 | INFO | SEARCH QUERY | Pers_Id=359717 | numero=1 | q="GIUSEPPE ABAGNALE" medico "GRAGNANO"
2026-09-03 11:10:59 | INFO | SEARCH API OK | serper | "GIUSEPPE ABAGNALE" medico "GRAGNANO" | 8 risultati
2026-09-03 11:10:59 | INFO | SEARCH EARLY-STOP CHECK | Pers_Id=359717 | query=1 | stop=True | reason=evidenza forte strutturata
2026-09-03 11:11:00 | INFO | CV SEARCH GATE | Pers_Id=359717 | mode=targeted | allowed=True | reason=profilo professionale strutturato | existing_cv=False
2026-09-03 11:11:00 | INFO | CV SEARCH QUERY | Pers_Id=359717 | q="GIUSEPPE ABAGNALE" curriculum OR "curriculum vitae" medico "GRAGNANO"
2026-09-03 11:11:01 | INFO | SEARCH API OK | serper | "GIUSEPPE ABAGNALE" curriculum OR "curriculum vitae" medico "GRAGNANO" | 1 risultati
2026-09-03 11:11:01 | INFO | HIT SUMMARY | Pers_Id=359717 | query=2 | recovery=0 | cv_query=1 | grezzi=8 | rilevanti=1 | provider={'serper': 12, 'brave': 0}
2026-09-03 11:11:03 | INFO | DONE | Pers_Id=359717 | 4.8s | SPECIALITA_TROVATA | specialita=Medicina Generale | cv=NO | cv_review=0
2026-09-03 11:11:03 | INFO | SEARCH QUERY | Pers_Id=2606156 | numero=1 | q="LUCIA ABAGNALE" medico "Santa Maria la Carità"
2026-09-03 11:11:04 | INFO | SEARCH API OK | serper | "LUCIA ABAGNALE" medico "Santa Maria la Carità" | 0 risultati
2026-09-03 11:11:04 | INFO | SEARCH QUERY | Pers_Id=2606156 | numero=2 | q="LUCIA ABAGNALE" medico specialista ospedale
2026-09-03 11:11:06 | INFO | SEARCH API OK | serper | "LUCIA ABAGNALE" medico specialista ospedale | 1 risultati
2026-09-03 11:11:06 | INFO | HIT SUMMARY | Pers_Id=2606156 | query=2 | recovery=0 | cv_query=0 | grezzi=1 | rilevanti=0 | provider={'serper': 14, 'brave': 0}
2026-09-03 11:11:06 | INFO | DONE | Pers_Id=2606156 | 3.1s | NESSUN_RISULTATO | specialita=N/D | cv=NO | cv_review=0
2026-09-03 11:11:06 | INFO | SEARCH QUERY | Pers_Id=1188728 | numero=1 | q="CHIARA ABALOTTI" medico "CORNEDO VICENTINO"
2026-09-03 11:11:07 | INFO | SEARCH API OK | serper | "CHIARA ABALOTTI" medico "CORNEDO VICENTINO" | 8 risultati
2026-09-03 11:11:07 | INFO | SEARCH EARLY-STOP CHECK | Pers_Id=1188728 | query=1 | stop=True | reason=evidenza forte strutturata
2026-09-03 11:11:07 | INFO | CV SEARCH GATE | Pers_Id=1188728 | mode=targeted | allowed=True | reason=profilo professionale strutturato | existing_cv=False
2026-09-03 11:11:07 | INFO | CV SEARCH QUERY | Pers_Id=1188728 | q="CHIARA ABALOTTI" curriculum OR "curriculum vitae" medico "CORNEDO VICENTINO"
2026-09-03 11:11:09 | INFO | SEARCH API OK | serper | "CHIARA ABALOTTI" curriculum OR "curriculum vitae" medico "CORNEDO VICENTINO" | 8 risultati
2026-09-03 11:11:09 | INFO | HIT SUMMARY | Pers_Id=1188728 | query=2 | recovery=0 | cv_query=1 | grezzi=8 | rilevanti=2 | provider={'serper': 16, 'brave': 0}
2026-09-03 11:11:12 | INFO | DONE | Pers_Id=1188728 | 6.2s | SPECIALITA_TROVATA | specialita=Chirurgia Generale | cv=NO | cv_review=0
2026-09-03 11:11:12 | INFO | SEARCH QUERY | Pers_Id=436708 | numero=1 | q="MARIA VITTORIA ABALSAMO" medico "ROMA"
2026-09-03 11:11:14 | INFO | SEARCH API OK | serper | "MARIA VITTORIA ABALSAMO" medico "ROMA" | 8 risultati
2026-09-03 11:11:14 | INFO | SEARCH EARLY-STOP CHECK | Pers_Id=436708 | query=1 | stop=True | reason=evidenza forte strutturata
2026-09-03 11:11:14 | INFO | CV SEARCH GATE | Pers_Id=436708 | mode=targeted | allowed=True | reason=profilo professionale strutturato | existing_cv=False
2026-09-03 11:11:14 | INFO | CV SEARCH QUERY | Pers_Id=436708 | q="MARIA VITTORIA ABALSAMO" curriculum OR "curriculum vitae" medico "ROMA"
2026-09-03 11:11:16 | INFO | SEARCH API OK | serper | "MARIA VITTORIA ABALSAMO" curriculum OR "curriculum vitae" medico "ROMA" | 4 risultati
2026-09-03 11:11:16 | INFO | HIT SUMMARY | Pers_Id=436708 | query=2 | recovery=0 | cv_query=1 | grezzi=8 | rilevanti=2 | provider={'serper': 18, 'brave': 0}
2026-09-03 11:11:19 | INFO | DONE | Pers_Id=436708 | 7.0s | SPECIALITA_TROVATA | specialita=Medicina Generale | cv=NO | cv_review=0
2026-09-03 11:11:19 | INFO | SEARCH QUERY | Pers_Id=1219520 | numero=1 | q="MARIA ABASCHINA" medico "MONTELUPONE"
2026-09-03 11:11:21 | INFO | SEARCH API OK | serper | "MARIA ABASCHINA" medico "MONTELUPONE" | 2 risultati
2026-09-03 11:11:21 | INFO | SEARCH EARLY-STOP CHECK | Pers_Id=1219520 | query=1 | stop=True | reason=evidenza forte strutturata
2026-09-03 11:11:21 | INFO | CV SEARCH GATE | Pers_Id=1219520 | mode=targeted | allowed=True | reason=profilo professionale strutturato | existing_cv=False
2026-09-03 11:11:21 | INFO | CV SEARCH QUERY | Pers_Id=1219520 | q="MARIA ABASCHINA" curriculum OR "curriculum vitae" medico "MONTELUPONE"
2026-09-03 11:11:23 | INFO | SEARCH API OK | serper | "MARIA ABASCHINA" curriculum OR "curriculum vitae" medico "MONTELUPONE" | 3 risultati
2026-09-03 11:11:23 | INFO | HIT SUMMARY | Pers_Id=1219520 | query=2 | recovery=0 | cv_query=1 | grezzi=2 | rilevanti=1 | provider={'serper': 20, 'brave': 0}
2026-09-03 11:11:25 | INFO | DONE | Pers_Id=1219520 | 6.0s | SPECIALITA_TROVATA | specialita=Medicina Generale | cv=NO | cv_review=0
2026-09-03 11:11:52 | INFO | CHECKPOINT | 10/40 | C:\Dev\Niko\scriptRicerca\output\risultatiMedici.xlsx
2026-09-03 11:11:52 | INFO | PROGRESS | 10/40 | 6.77 medici/min | ETA 4.4 min | {'DA_VERIFICARE': 1, 'SPECIALITA_TROVATA': 5, 'NESSUN_RISULTATO': 4} | API={'serper': 20, 'brave': 0}
2026-09-03 11:11:52 | INFO | SEARCH QUERY | Pers_Id=1784532 | numero=1 | q="NATALIYA VOLODYMYRIVNA ABASKALOVA" medico "Grosseto"
2026-09-03 11:11:54 | INFO | SEARCH API OK | serper | "NATALIYA VOLODYMYRIVNA ABASKALOVA" medico "Grosseto" | 0 risultati
2026-09-03 11:11:54 | INFO | SEARCH QUERY | Pers_Id=1784532 | numero=2 | q="NATALIYA VOLODYMYRIVNA ABASKALOVA" medico specialista ospedale
2026-09-03 11:11:56 | INFO | SEARCH API OK | serper | "NATALIYA VOLODYMYRIVNA ABASKALOVA" medico specialista ospedale | 0 risultati
2026-09-03 11:11:56 | INFO | HIT SUMMARY | Pers_Id=1784532 | query=2 | recovery=0 | cv_query=0 | grezzi=0 | rilevanti=0 | provider={'serper': 22, 'brave': 0}
2026-09-03 11:11:56 | INFO | DONE | Pers_Id=1784532 | 4.7s | NESSUN_RISULTATO | specialita=N/D | cv=NO | cv_review=0
2026-09-03 11:11:56 | INFO | SEARCH QUERY | Pers_Id=2806591 | numero=1 | q="GIULIO ABATANGELO" medico "Padova"
2026-09-03 11:11:58 | INFO | SEARCH API OK | serper | "GIULIO ABATANGELO" medico "Padova" | 3 risultati
2026-09-03 11:11:58 | INFO | SEARCH QUERY | Pers_Id=2806591 | numero=2 | q="GIULIO ABATANGELO" medico specialista ospedale
2026-09-03 11:12:00 | INFO | SEARCH API OK | serper | "GIULIO ABATANGELO" medico specialista ospedale | 1 risultati
2026-09-03 11:12:00 | INFO | HIT SUMMARY | Pers_Id=2806591 | query=2 | recovery=0 | cv_query=0 | grezzi=3 | rilevanti=0 | provider={'serper': 24, 'brave': 0}
2026-09-03 11:12:00 | INFO | DONE | Pers_Id=2806591 | 3.3s | NESSUN_RISULTATO | specialita=N/D | cv=NO | cv_review=0
2026-09-03 11:12:00 | INFO | SEARCH QUERY | Pers_Id=2745192 | numero=1 | q="SILVIA ABATANGELO" medico "Prato"
2026-09-03 11:12:01 | INFO | SEARCH API OK | serper | "SILVIA ABATANGELO" medico "Prato" | 6 risultati
2026-09-03 11:12:01 | INFO | SEARCH QUERY | Pers_Id=2745192 | numero=2 | q="SILVIA ABATANGELO" medico specialista ospedale
2026-09-03 11:12:03 | INFO | SEARCH API OK | serper | "SILVIA ABATANGELO" medico specialista ospedale | 2 risultati
2026-09-03 11:12:03 | INFO | HIT SUMMARY | Pers_Id=2745192 | query=2 | recovery=0 | cv_query=0 | grezzi=7 | rilevanti=0 | provider={'serper': 26, 'brave': 0}
2026-09-03 11:12:03 | INFO | DONE | Pers_Id=2745192 | 3.1s | NESSUN_RISULTATO | specialita=N/D | cv=NO | cv_review=0
2026-09-03 11:12:03 | INFO | SEARCH QUERY | Pers_Id=2607465 | numero=1 | q="ANDREA ABATE" medico "Milano"
2026-09-03 11:12:05 | INFO | SEARCH API OK | serper | "ANDREA ABATE" medico "Milano" | 8 risultati
2026-09-03 11:12:05 | INFO | SEARCH EARLY-STOP CHECK | Pers_Id=2607465 | query=1 | stop=False | reason=nessuna evidenza forte
2026-09-03 11:12:05 | INFO | SEARCH QUERY | Pers_Id=2607465 | numero=2 | q="ANDREA ABATE" medico specialista ospedale
2026-09-03 11:12:07 | INFO | SEARCH API OK | serper | "ANDREA ABATE" medico specialista ospedale | 8 risultati
2026-09-03 11:12:07 | INFO | SEARCH EARLY-STOP CHECK | Pers_Id=2607465 | query=2 | stop=False | reason=nessuna evidenza forte
2026-09-03 11:12:07 | INFO | CV SEARCH GATE | Pers_Id=2607465 | mode=targeted | allowed=False | reason=nessuna identità professionale abbastanza forte | existing_cv=True
2026-09-03 11:12:07 | INFO | HIT SUMMARY | Pers_Id=2607465 | query=2 | recovery=0 | cv_query=0 | grezzi=14 | rilevanti=3 | provider={'serper': 28, 'brave': 0}
2026-09-03 11:12:13 | INFO | CV CANDIDATO ANALIZZATO | Pers_Id=2607465 | formato=.pdf | estrazione=pdf | chars=120000 | url=https://portale.fnomceo.it/wp-content/uploads/2018/09/PROGRAMMA-INTEGRALE-FORUMRISK13_WEB.pdf
2026-09-03 11:12:14 | INFO | CV SCARTATO | Pers_Id=2607465 | formato=.pdf | motivo=Documento non sufficientemente compatibile con un CV. | url=https://portale.fnomceo.it/wp-content/uploads/2018/09/PROGRAMMA-INTEGRALE-FORUMRISK13_WEB.pdf
2026-09-03 11:12:22 | INFO | DONE | Pers_Id=2607465 | 18.7s | DA_VERIFICARE | specialita=N/D | cv=NO | cv_review=0
2026-09-03 11:12:22 | INFO | SEARCH QUERY | Pers_Id=1222252 | numero=1 | q="ANGELA MARIA ABATE" medico "MONCALIERI"
2026-09-03 11:12:23 | INFO | SEARCH API OK | serper | "ANGELA MARIA ABATE" medico "MONCALIERI" | 0 risultati
2026-09-03 11:12:23 | INFO | SEARCH QUERY | Pers_Id=1222252 | numero=2 | q="ANGELA MARIA ABATE" medico specialista ospedale
2026-09-03 11:12:27 | INFO | SEARCH API OK | serper | "ANGELA MARIA ABATE" medico specialista ospedale | 0 risultati
2026-09-03 11:12:27 | INFO | HIT SUMMARY | Pers_Id=1222252 | query=2 | recovery=0 | cv_query=0 | grezzi=0 | rilevanti=0 | provider={'serper': 30, 'brave': 0}
2026-09-03 11:12:27 | INFO | DONE | Pers_Id=1222252 | 5.6s | NESSUN_RISULTATO | specialita=N/D | cv=NO | cv_review=0
2026-09-03 11:12:27 | INFO | PROGRESS | 15/40 | 7.23 medici/min | ETA 3.5 min | {'DA_VERIFICARE': 2, 'SPECIALITA_TROVATA': 5, 'NESSUN_RISULTATO': 8} | API={'serper': 30, 'brave': 0}
2026-09-03 11:12:27 | INFO | SEARCH QUERY | Pers_Id=2463758 | numero=1 | q="ANTONIO HERMES ABATE" medico "Verona"
2026-09-03 11:12:29 | INFO | SEARCH API OK | serper | "ANTONIO HERMES ABATE" medico "Verona" | 0 risultati
2026-09-03 11:12:29 | INFO | SEARCH QUERY | Pers_Id=2463758 | numero=2 | q="ANTONIO HERMES ABATE" medico specialista ospedale
2026-09-03 11:12:32 | INFO | SEARCH API OK | serper | "ANTONIO HERMES ABATE" medico specialista ospedale | 0 risultati
2026-09-03 11:12:32 | INFO | HIT SUMMARY | Pers_Id=2463758 | query=2 | recovery=0 | cv_query=0 | grezzi=0 | rilevanti=0 | provider={'serper': 32, 'brave': 0}
2026-09-03 11:12:32 | INFO | DONE | Pers_Id=2463758 | 4.9s | NESSUN_RISULTATO | specialita=N/D | cv=NO | cv_review=0
2026-09-03 11:12:32 | INFO | SEARCH QUERY | Pers_Id=2162965 | numero=1 | q="ASSUNTA ABATE" medico "FIRENZE"
2026-09-03 11:12:34 | INFO | SEARCH API OK | serper | "ASSUNTA ABATE" medico "FIRENZE" | 7 risultati
2026-09-03 11:12:34 | INFO | SEARCH EARLY-STOP CHECK | Pers_Id=2162965 | query=1 | stop=False | reason=nessuna evidenza forte
2026-09-03 11:12:34 | INFO | SEARCH QUERY | Pers_Id=2162965 | numero=2 | q="ASSUNTA ABATE" medico specialista ospedale
2026-09-03 11:12:35 | INFO | SEARCH API OK | serper | "ASSUNTA ABATE" medico specialista ospedale | 8 risultati
2026-09-03 11:12:35 | INFO | SEARCH EARLY-STOP CHECK | Pers_Id=2162965 | query=2 | stop=False | reason=nessuna evidenza forte
2026-09-03 11:12:35 | INFO | CV SEARCH GATE | Pers_Id=2162965 | mode=targeted | allowed=False | reason=nessuna identità professionale abbastanza forte | existing_cv=False
2026-09-03 11:12:35 | INFO | HIT SUMMARY | Pers_Id=2162965 | query=2 | recovery=0 | cv_query=0 | grezzi=13 | rilevanti=1 | provider={'serper': 34, 'brave': 0}
2026-09-03 11:12:38 | INFO | DONE | Pers_Id=2162965 | 5.7s | DA_VERIFICARE | specialita=N/D | cv=NO | cv_review=0
2026-09-03 11:12:38 | INFO | SEARCH QUERY | Pers_Id=2607461 | numero=1 | q="BIAGIO ABATE" medico "Montesarchio"
2026-09-03 11:12:40 | INFO | SEARCH API OK | serper | "BIAGIO ABATE" medico "Montesarchio" | 4 risultati
2026-09-03 11:12:40 | INFO | SEARCH QUERY | Pers_Id=2607461 | numero=2 | q="BIAGIO ABATE" medico specialista ospedale
2026-09-03 11:12:41 | INFO | SEARCH API OK | serper | "BIAGIO ABATE" medico specialista ospedale | 8 risultati
2026-09-03 11:12:41 | INFO | HIT SUMMARY | Pers_Id=2607461 | query=2 | recovery=0 | cv_query=0 | grezzi=12 | rilevanti=0 | provider={'serper': 36, 'brave': 0}
2026-09-03 11:12:41 | INFO | DONE | Pers_Id=2607461 | 3.1s | NESSUN_RISULTATO | specialita=N/D | cv=NO | cv_review=0
2026-09-03 11:12:41 | INFO | SEARCH QUERY | Pers_Id=2806593 | numero=1 | q="BIAGIO ABATE" medico "Agrigento"
2026-09-03 11:12:43 | INFO | SEARCH API OK | serper | "BIAGIO ABATE" medico "Agrigento" | 2 risultati
2026-09-03 11:12:43 | INFO | SEARCH QUERY | Pers_Id=2806593 | numero=2 | q="BIAGIO ABATE" medico specialista ospedale
2026-09-03 11:12:45 | INFO | SEARCH API OK | serper | "BIAGIO ABATE" medico specialista ospedale | 8 risultati
2026-09-03 11:12:45 | INFO | HIT SUMMARY | Pers_Id=2806593 | query=2 | recovery=0 | cv_query=0 | grezzi=10 | rilevanti=0 | provider={'serper': 38, 'brave': 0}
2026-09-03 11:12:45 | INFO | DONE | Pers_Id=2806593 | 4.0s | NESSUN_RISULTATO | specialita=N/D | cv=NO | cv_review=0
2026-09-03 11:12:45 | INFO | SEARCH QUERY | Pers_Id=2607462 | numero=1 | q="CLAUDIA ABATE" medico "Milazzo"
2026-09-03 11:12:48 | INFO | SEARCH API OK | serper | "CLAUDIA ABATE" medico "Milazzo" | 4 risultati
2026-09-03 11:12:48 | INFO | SEARCH QUERY | Pers_Id=2607462 | numero=2 | q="CLAUDIA ABATE" medico specialista ospedale
2026-09-03 11:12:49 | INFO | SEARCH API OK | serper | "CLAUDIA ABATE" medico specialista ospedale | 6 risultati
2026-09-03 11:12:49 | INFO | SEARCH EARLY-STOP CHECK | Pers_Id=2607462 | query=2 | stop=False | reason=nessuna evidenza forte
2026-09-03 11:12:49 | INFO | CV SEARCH GATE | Pers_Id=2607462 | mode=targeted | allowed=False | reason=nessuna identità professionale abbastanza forte | existing_cv=False
2026-09-03 11:12:49 | INFO | HIT SUMMARY | Pers_Id=2607462 | query=2 | recovery=0 | cv_query=0 | grezzi=10 | rilevanti=3 | provider={'serper': 40, 'brave': 0}
2026-09-03 11:12:54 | INFO | LANDING SCARTATA | Pers_Id=2607462 | fonte sanitaria con identita solo incidentale | https://www.aslogliastra.it/servizio/psicologia
2026-09-03 11:12:59 | INFO | LANDING SCARTATA | Pers_Id=2607462 | ruolo incompatibile vicino al nome: possibile omonimo | https://www.aslogliastra.it/servizio/disturbi-della-nutrizione-e-dellalimentazione
2026-09-03 11:13:00 | INFO | LANDING SCARTATA | Pers_Id=2607462 | fonte sanitaria con identita solo incidentale | https://www.qsalute.it/ortopedia-ospedale-marino
2026-09-03 11:13:00 | INFO | DONE | Pers_Id=2607462 | 14.5s | NESSUN_RISULTATO | specialita=N/D | cv=NO | cv_review=0
2026-09-03 11:13:29 | INFO | CHECKPOINT | 20/40 | C:\Dev\Niko\scriptRicerca\output\risultatiMedici.xlsx
2026-09-03 11:13:29 | INFO | PROGRESS | 20/40 | 6.45 medici/min | ETA 3.1 min | {'DA_VERIFICARE': 3, 'SPECIALITA_TROVATA': 5, 'NESSUN_RISULTATO': 12} | API={'serper': 40, 'brave': 0}
2026-09-03 11:13:29 | INFO | SEARCH QUERY | Pers_Id=1136949 | numero=1 | q="DAVIDE ANTONIO ABATE" medico "PADOVA"
2026-09-03 11:13:31 | INFO | SEARCH API OK | serper | "DAVIDE ANTONIO ABATE" medico "PADOVA" | 6 risultati
2026-09-03 11:13:31 | INFO | SEARCH EARLY-STOP CHECK | Pers_Id=1136949 | query=1 | stop=False | reason=nessuna evidenza forte
2026-09-03 11:13:31 | INFO | SEARCH QUERY | Pers_Id=1136949 | numero=2 | q="DAVIDE ANTONIO ABATE" medico specialista ospedale
2026-09-03 11:13:33 | INFO | SEARCH API OK | serper | "DAVIDE ANTONIO ABATE" medico specialista ospedale | 2 risultati
2026-09-03 11:13:33 | INFO | SEARCH EARLY-STOP CHECK | Pers_Id=1136949 | query=2 | stop=False | reason=nessuna evidenza forte
2026-09-03 11:13:33 | INFO | CV SEARCH GATE | Pers_Id=1136949 | mode=targeted | allowed=False | reason=nessuna identità professionale abbastanza forte | existing_cv=False
2026-09-03 11:13:33 | INFO | HIT SUMMARY | Pers_Id=1136949 | query=2 | recovery=0 | cv_query=0 | grezzi=8 | rilevanti=3 | provider={'serper': 42, 'brave': 0}
2026-09-03 11:13:39 | INFO | LANDING SCARTATA | Pers_Id=1136949 | fonte generica con identita solo incidentale | https://medicina.elearning.unipd.it/blocks/course_managers/manager.php?id=170&b=87044
2026-09-03 11:13:41 | INFO | LANDING SCARTATA | Pers_Id=1136949 | fonte generica con identita solo incidentale | https://www.medicinachirurgia.unipd.it/offerta-didattica/corsi-di-laurea?tipo=L&ordinamento=2011&key=ME3065
2026-09-03 11:13:42 | INFO | DONE | Pers_Id=1136949 | 12.7s | DA_VERIFICARE | specialita=N/D | cv=NO | cv_review=0
2026-09-03 11:13:42 | INFO | SEARCH QUERY | Pers_Id=236060 | numero=1 | q="ELIO ABATE" medico "APRIGLIANO"
2026-09-03 11:13:44 | INFO | SEARCH API OK | serper | "ELIO ABATE" medico "APRIGLIANO" | 2 risultati
2026-09-03 11:13:44 | INFO | SEARCH QUERY | Pers_Id=236060 | numero=2 | q="ELIO ABATE" medico specialista ospedale
2026-09-03 11:13:45 | INFO | SEARCH API OK | serper | "ELIO ABATE" medico specialista ospedale | 2 risultati
2026-09-03 11:13:45 | INFO | SEARCH EARLY-STOP CHECK | Pers_Id=236060 | query=2 | stop=False | reason=nessuna evidenza forte
2026-09-03 11:13:45 | INFO | CV SEARCH GATE | Pers_Id=236060 | mode=targeted | allowed=False | reason=nessuna identità professionale abbastanza forte | existing_cv=True
2026-09-03 11:13:45 | INFO | HIT SUMMARY | Pers_Id=236060 | query=2 | recovery=0 | cv_query=0 | grezzi=3 | rilevanti=1 | provider={'serper': 44, 'brave': 0}
2026-09-03 11:14:02 | INFO | CV CANDIDATO ANALIZZATO | Pers_Id=236060 | formato=.pdf | estrazione=pdf | chars=120000 | url=https://www.regione.campania.it/assets/documents/scheda-assessore-fortini-aggiornata-1-bimestre-2020.pdf
2026-09-03 11:14:02 | INFO | CV SCARTATO | Pers_Id=236060 | formato=.pdf | motivo=Documento non sufficientemente compatibile con un CV. | url=https://www.regione.campania.it/assets/documents/scheda-assessore-fortini-aggiornata-1-bimestre-2020.pdf
2026-09-03 11:14:02 | INFO | DONE | Pers_Id=236060 | 20.3s | NESSUN_RISULTATO | specialita=N/D | cv=NO | cv_review=0
2026-09-03 11:14:02 | INFO | SEARCH QUERY | Pers_Id=2745185 | numero=1 | q="ESTHER ABATE" medico "Trapani"
2026-09-03 11:14:05 | INFO | SEARCH API OK | serper | "ESTHER ABATE" medico "Trapani" | 3 risultati
2026-09-03 11:14:05 | INFO | SEARCH QUERY | Pers_Id=2745185 | numero=2 | q="ESTHER ABATE" medico specialista ospedale
2026-09-03 11:14:07 | INFO | SEARCH API OK | serper | "ESTHER ABATE" medico specialista ospedale | 1 risultati
2026-09-03 11:14:07 | INFO | HIT SUMMARY | Pers_Id=2745185 | query=2 | recovery=0 | cv_query=0 | grezzi=3 | rilevanti=0 | provider={'serper': 46, 'brave': 0}
2026-09-03 11:14:07 | INFO | DONE | Pers_Id=2745185 | 5.0s | NESSUN_RISULTATO | specialita=N/D | cv=NO | cv_review=0
2026-09-03 11:14:07 | INFO | SEARCH QUERY | Pers_Id=2162961 | numero=1 | q="FILOMENA ABATE" medico "San Martino Valle Caudina"
2026-09-03 11:14:09 | INFO | SEARCH API OK | serper | "FILOMENA ABATE" medico "San Martino Valle Caudina" | 8 risultati
2026-09-03 11:14:09 | INFO | SEARCH QUERY | Pers_Id=2162961 | numero=2 | q="FILOMENA ABATE" medico specialista ospedale
2026-09-03 11:14:11 | INFO | SEARCH API OK | serper | "FILOMENA ABATE" medico specialista ospedale | 8 risultati
2026-09-03 11:14:11 | INFO | HIT SUMMARY | Pers_Id=2162961 | query=2 | recovery=0 | cv_query=0 | grezzi=16 | rilevanti=0 | provider={'serper': 48, 'brave': 0}
2026-09-03 11:14:11 | INFO | DONE | Pers_Id=2162961 | 4.0s | NESSUN_RISULTATO | specialita=N/D | cv=NO | cv_review=0
2026-09-03 11:14:11 | INFO | SEARCH QUERY | Pers_Id=1812842 | numero=1 | q="FRANCESCA ABATE" medico "CROTONE"
2026-09-03 11:14:13 | INFO | SEARCH API OK | serper | "FRANCESCA ABATE" medico "CROTONE" | 7 risultati
2026-09-03 11:14:13 | INFO | SEARCH EARLY-STOP CHECK | Pers_Id=1812842 | query=1 | stop=False | reason=nessuna evidenza forte
2026-09-03 11:14:13 | INFO | SEARCH QUERY | Pers_Id=1812842 | numero=2 | q="FRANCESCA ABATE" medico specialista ospedale
2026-09-03 11:14:15 | INFO | SEARCH API OK | serper | "FRANCESCA ABATE" medico specialista ospedale | 8 risultati
2026-09-03 11:14:15 | INFO | SEARCH EARLY-STOP CHECK | Pers_Id=1812842 | query=2 | stop=False | reason=nessuna evidenza forte
2026-09-03 11:14:15 | INFO | CV SEARCH GATE | Pers_Id=1812842 | mode=targeted | allowed=False | reason=nessuna identità professionale abbastanza forte | existing_cv=False
2026-09-03 11:14:15 | INFO | HIT SUMMARY | Pers_Id=1812842 | query=2 | recovery=0 | cv_query=0 | grezzi=14 | rilevanti=2 | provider={'serper': 50, 'brave': 0}
2026-09-03 11:14:18 | INFO | LANDING SCARTATA | Pers_Id=1812842 | fonte generica con identita solo incidentale | https://www.asp.crotone.it/?page_id=5790
2026-09-03 11:14:18 | INFO | DONE | Pers_Id=1812842 | 7.1s | NESSUN_RISULTATO | specialita=N/D | cv=NO | cv_review=0
2026-09-03 11:14:18 | INFO | PROGRESS | 25/40 | 6.38 medici/min | ETA 2.4 min | {'DA_VERIFICARE': 4, 'SPECIALITA_TROVATA': 5, 'NESSUN_RISULTATO': 16} | API={'serper': 50, 'brave': 0}
2026-09-03 11:14:18 | INFO | SEARCH QUERY | Pers_Id=1812843 | numero=1 | q="FRANCESCA ABATE" medico "MODENA"
2026-09-03 11:14:20 | INFO | SEARCH API OK | serper | "FRANCESCA ABATE" medico "MODENA" | 8 risultati
2026-09-03 11:14:20 | INFO | SEARCH EARLY-STOP CHECK | Pers_Id=1812843 | query=1 | stop=True | reason=evidenza forte strutturata
2026-09-03 11:14:20 | INFO | CV SEARCH GATE | Pers_Id=1812843 | mode=targeted | allowed=True | reason=fonte sanitaria forte | existing_cv=False
2026-09-03 11:14:20 | INFO | CV SEARCH QUERY | Pers_Id=1812843 | q="FRANCESCA ABATE" curriculum OR "curriculum vitae" medico "MODENA"
2026-09-03 11:14:22 | INFO | SEARCH API OK | serper | "FRANCESCA ABATE" curriculum OR "curriculum vitae" medico "MODENA" | 8 risultati
2026-09-03 11:14:22 | INFO | HIT SUMMARY | Pers_Id=1812843 | query=2 | recovery=0 | cv_query=1 | grezzi=8 | rilevanti=3 | provider={'serper': 52, 'brave': 0}
2026-09-03 11:14:28 | INFO | DONE | Pers_Id=1812843 | 10.4s | SPECIALITA_TROVATA | specialita=Medicina Generale | cv=NO | cv_review=0
2026-09-03 11:14:28 | INFO | SEARCH QUERY | Pers_Id=2607463 | numero=1 | q="FRANCESCA ABATE" medico "Guardia Sanframondi"
2026-09-03 11:14:31 | INFO | SEARCH API OK | serper | "FRANCESCA ABATE" medico "Guardia Sanframondi" | 0 risultati
2026-09-03 11:14:31 | INFO | SEARCH QUERY | Pers_Id=2607463 | numero=2 | q="FRANCESCA ABATE" medico specialista ospedale
2026-09-03 11:14:33 | INFO | SEARCH API OK | serper | "FRANCESCA ABATE" medico specialista ospedale | 8 risultati
2026-09-03 11:14:33 | INFO | SEARCH EARLY-STOP CHECK | Pers_Id=2607463 | query=2 | stop=False | reason=nessuna evidenza forte
2026-09-03 11:14:33 | INFO | CV SEARCH GATE | Pers_Id=2607463 | mode=targeted | allowed=False | reason=nessuna identità professionale abbastanza forte | existing_cv=False
2026-09-03 11:14:33 | INFO | HIT SUMMARY | Pers_Id=2607463 | query=2 | recovery=0 | cv_query=0 | grezzi=8 | rilevanti=1 | provider={'serper': 54, 'brave': 0}
2026-09-03 11:14:33 | INFO | DONE | Pers_Id=2607463 | 4.7s | NESSUN_RISULTATO | specialita=N/D | cv=NO | cv_review=0
2026-09-03 11:14:33 | INFO | SEARCH QUERY | Pers_Id=1180356 | numero=1 | q="GESSICA ABATE" medico "Guardia Sanframondi"
2026-09-03 11:14:35 | INFO | SEARCH API OK | serper | "GESSICA ABATE" medico "Guardia Sanframondi" | 8 risultati
2026-09-03 11:14:35 | INFO | SEARCH QUERY | Pers_Id=1180356 | numero=2 | q="GESSICA ABATE" medico specialista ospedale
2026-09-03 11:14:37 | INFO | SEARCH API OK | serper | "GESSICA ABATE" medico specialista ospedale | 8 risultati
2026-09-03 11:14:37 | INFO | HIT SUMMARY | Pers_Id=1180356 | query=2 | recovery=0 | cv_query=0 | grezzi=15 | rilevanti=0 | provider={'serper': 56, 'brave': 0}
2026-09-03 11:14:37 | INFO | DONE | Pers_Id=1180356 | 4.3s | NESSUN_RISULTATO | specialita=N/D | cv=NO | cv_review=0
2026-09-03 11:14:37 | INFO | SEARCH QUERY | Pers_Id=395436 | numero=1 | q="GIOVANNA ABATE" medico "Montalto Uffugo"
2026-09-03 11:14:39 | INFO | SEARCH API OK | serper | "GIOVANNA ABATE" medico "Montalto Uffugo" | 5 risultati
2026-09-03 11:14:39 | INFO | SEARCH EARLY-STOP CHECK | Pers_Id=395436 | query=1 | stop=True | reason=evidenza forte strutturata
2026-09-03 11:14:39 | INFO | CV SEARCH GATE | Pers_Id=395436 | mode=targeted | allowed=True | reason=profilo professionale strutturato | existing_cv=False
2026-09-03 11:14:39 | INFO | CV SEARCH QUERY | Pers_Id=395436 | q="GIOVANNA ABATE" curriculum OR "curriculum vitae" medico "Montalto Uffugo"
2026-09-03 11:14:41 | INFO | SEARCH API OK | serper | "GIOVANNA ABATE" curriculum OR "curriculum vitae" medico "Montalto Uffugo" | 2 risultati
2026-09-03 11:14:41 | INFO | HIT SUMMARY | Pers_Id=395436 | query=2 | recovery=0 | cv_query=1 | grezzi=5 | rilevanti=1 | provider={'serper': 58, 'brave': 0}
2026-09-03 11:14:44 | INFO | DONE | Pers_Id=395436 | 6.4s | SPECIALITA_TROVATA | specialita=Medicina Generale | cv=NO | cv_review=0
2026-09-03 11:14:44 | INFO | SEARCH QUERY | Pers_Id=2607464 | numero=1 | q="MARCO ABATE" medico "Caivano"
2026-09-03 11:14:46 | INFO | SEARCH API OK | serper | "MARCO ABATE" medico "Caivano" | 8 risultati
2026-09-03 11:14:46 | INFO | SEARCH QUERY | Pers_Id=2607464 | numero=2 | q="MARCO ABATE" medico specialista ospedale
2026-09-03 11:14:48 | INFO | SEARCH API OK | serper | "MARCO ABATE" medico specialista ospedale | 7 risultati
2026-09-03 11:14:48 | INFO | SEARCH EARLY-STOP CHECK | Pers_Id=2607464 | query=2 | stop=False | reason=nessuna evidenza forte
2026-09-03 11:14:48 | INFO | CV SEARCH GATE | Pers_Id=2607464 | mode=targeted | allowed=False | reason=nessuna identità professionale abbastanza forte | existing_cv=False
2026-09-03 11:14:48 | INFO | HIT SUMMARY | Pers_Id=2607464 | query=2 | recovery=0 | cv_query=0 | grezzi=14 | rilevanti=1 | provider={'serper': 60, 'brave': 0}
2026-09-03 11:14:49 | INFO | DONE | Pers_Id=2607464 | 4.6s | NESSUN_RISULTATO | specialita=N/D | cv=NO | cv_review=0
2026-09-03 11:15:44 | INFO | CHECKPOINT | 30/40 | C:\Dev\Niko\scriptRicerca\output\risultatiMedici.xlsx
2026-09-03 11:15:44 | INFO | PROGRESS | 30/40 | 5.60 medici/min | ETA 1.8 min | {'DA_VERIFICARE': 4, 'SPECIALITA_TROVATA': 7, 'NESSUN_RISULTATO': 19} | API={'serper': 60, 'brave': 0}
2026-09-03 11:15:44 | INFO | SEARCH QUERY | Pers_Id=289911 | numero=1 | q="MARIA ABATE" medico "MONTEVAGO"
2026-09-03 11:15:47 | INFO | SEARCH API OK | serper | "MARIA ABATE" medico "MONTEVAGO" | 6 risultati
2026-09-03 11:15:47 | INFO | SEARCH QUERY | Pers_Id=289911 | numero=2 | q="MARIA ABATE" medico specialista ospedale
2026-09-03 11:15:48 | INFO | SEARCH API OK | serper | "MARIA ABATE" medico specialista ospedale | 8 risultati
2026-09-03 11:15:48 | INFO | HIT SUMMARY | Pers_Id=289911 | query=2 | recovery=0 | cv_query=0 | grezzi=14 | rilevanti=0 | provider={'serper': 62, 'brave': 0}
2026-09-03 11:15:49 | INFO | DONE | Pers_Id=289911 | 4.0s | NESSUN_RISULTATO | specialita=N/D | cv=NO | cv_review=0
2026-09-03 11:15:49 | INFO | SEARCH QUERY | Pers_Id=1222042 | numero=1 | q="MARIA ABATE" medico "Torelli-torrette"
2026-09-03 11:15:54 | INFO | SEARCH API OK | serper | "MARIA ABATE" medico "Torelli-torrette" | 0 risultati
2026-09-03 11:15:54 | INFO | SEARCH QUERY | Pers_Id=1222042 | numero=2 | q="MARIA ABATE" medico specialista ospedale
2026-09-03 11:15:58 | INFO | SEARCH API OK | serper | "MARIA ABATE" medico specialista ospedale | 7 risultati
2026-09-03 11:15:58 | INFO | SEARCH EARLY-STOP CHECK | Pers_Id=1222042 | query=2 | stop=False | reason=nessuna evidenza forte
2026-09-03 11:15:58 | INFO | CV SEARCH GATE | Pers_Id=1222042 | mode=targeted | allowed=False | reason=nessuna identità professionale abbastanza forte | existing_cv=False
2026-09-03 11:15:58 | INFO | HIT SUMMARY | Pers_Id=1222042 | query=2 | recovery=0 | cv_query=0 | grezzi=7 | rilevanti=4 | provider={'serper': 64, 'brave': 0}
2026-09-03 11:15:59 | INFO | LANDING SCARTATA | Pers_Id=1222042 | ruolo incompatibile vicino al nome: possibile omonimo | https://www.sistemasanitario.it/dott-ssa-abate-maria-15237
2026-09-03 11:16:00 | INFO | LANDING SCARTATA | Pers_Id=1222042 | pagina senza testo | https://www.researchgate.net/profile/Maria-Abate
2026-09-03 11:16:07 | INFO | DONE | Pers_Id=1222042 | 18.9s | SPECIALITA_TROVATA | specialita=Medicina Generale | cv=NO | cv_review=0
2026-09-03 11:16:07 | INFO | SEARCH QUERY | Pers_Id=950077 | numero=1 | q="MARIA GIULIA ABATE" medico "MONZA"
2026-09-03 11:16:09 | INFO | SEARCH API OK | serper | "MARIA GIULIA ABATE" medico "MONZA" | 7 risultati
2026-09-03 11:16:09 | INFO | SEARCH EARLY-STOP CHECK | Pers_Id=950077 | query=1 | stop=False | reason=nessuna evidenza forte
2026-09-03 11:16:09 | INFO | SEARCH QUERY | Pers_Id=950077 | numero=2 | q="MARIA GIULIA ABATE" medico specialista ospedale
2026-09-03 11:16:11 | INFO | SEARCH API OK | serper | "MARIA GIULIA ABATE" medico specialista ospedale | 1 risultati
2026-09-03 11:16:11 | INFO | SEARCH EARLY-STOP CHECK | Pers_Id=950077 | query=2 | stop=False | reason=nessuna evidenza forte
2026-09-03 11:16:11 | INFO | CV SEARCH GATE | Pers_Id=950077 | mode=targeted | allowed=True | reason=fonte sanitaria forte | existing_cv=True
2026-09-03 11:16:11 | INFO | HIT SUMMARY | Pers_Id=950077 | query=2 | recovery=0 | cv_query=0 | grezzi=7 | rilevanti=4 | provider={'serper': 66, 'brave': 0}
2026-09-03 11:16:12 | INFO | CV DOWNLOAD FALLITO | Pers_Id=950077 | url=https://www.irccs-sangerardo.it/documents/492169/0/cit.pdf/99af11de-a82c-794e-4261-572e9b4d08a0
2026-09-03 11:16:13 | INFO | LANDING SCARTATA | Pers_Id=950077 | pagina senza testo | https://www.irccs-sangerardo.it/terapia-intensiva-a-indirizzo-neurologico-neurochirurgico
2026-09-03 11:16:15 | INFO | DONE | Pers_Id=950077 | 8.0s | DA_VERIFICARE | specialita=N/D | cv=NO | cv_review=0
2026-09-03 11:16:15 | INFO | SEARCH QUERY | Pers_Id=1189072 | numero=1 | q="MATTEO ABATE" medico "Alcamo"
2026-09-03 11:16:17 | INFO | SEARCH API OK | serper | "MATTEO ABATE" medico "Alcamo" | 2 risultati
2026-09-03 11:16:17 | INFO | SEARCH QUERY | Pers_Id=1189072 | numero=2 | q="MATTEO ABATE" medico specialista ospedale
2026-09-03 11:16:19 | INFO | SEARCH API OK | serper | "MATTEO ABATE" medico specialista ospedale | 8 risultati
2026-09-03 11:16:19 | INFO | HIT SUMMARY | Pers_Id=1189072 | query=2 | recovery=0 | cv_query=0 | grezzi=8 | rilevanti=0 | provider={'serper': 68, 'brave': 0}
2026-09-03 11:16:19 | INFO | DONE | Pers_Id=1189072 | 3.8s | NESSUN_RISULTATO | specialita=N/D | cv=NO | cv_review=0
2026-09-03 11:16:19 | INFO | SEARCH QUERY | Pers_Id=306924 | numero=1 | q="ORNELLA ABATE" medico "Avellino"
2026-09-03 11:16:21 | INFO | SEARCH API OK | serper | "ORNELLA ABATE" medico "Avellino" | 8 risultati
2026-09-03 11:16:21 | INFO | SEARCH QUERY | Pers_Id=306924 | numero=2 | q="ORNELLA ABATE" medico specialista ospedale
2026-09-03 11:16:24 | INFO | SEARCH API OK | serper | "ORNELLA ABATE" medico specialista ospedale | 7 risultati
2026-09-03 11:16:24 | INFO | SEARCH EARLY-STOP CHECK | Pers_Id=306924 | query=2 | stop=False | reason=nessuna evidenza forte
2026-09-03 11:16:24 | INFO | CV SEARCH GATE | Pers_Id=306924 | mode=targeted | allowed=False | reason=nessuna identità professionale abbastanza forte | existing_cv=True
2026-09-03 11:16:24 | INFO | HIT SUMMARY | Pers_Id=306924 | query=2 | recovery=0 | cv_query=0 | grezzi=15 | rilevanti=2 | provider={'serper': 70, 'brave': 0}
2026-09-03 11:16:28 | INFO | CV CANDIDATO ANALIZZATO | Pers_Id=306924 | formato=.html | estrazione=html | chars=9036 | url=https://amamedis.it/cv-ornellaabate
2026-09-03 11:16:28 | INFO | CV SCARTATO | Pers_Id=306924 | formato=.html | motivo=Documento non sufficientemente compatibile con un CV. | url=https://amamedis.it/cv-ornellaabate
2026-09-03 11:16:34 | INFO | CV LINK LANDING | Pers_Id=306924 | score=320 | formato=html | label=Vai al contenuto | url=https://amamedis.it/cv-ornellaabate#content
2026-09-03 11:16:34 | INFO | CV LINK LANDING | Pers_Id=306924 | score=320 | formato=.doc | label=Scarica curriculum | url=https://amamedis.it/wp-content/uploads/2021/02/CV-formato-europeo-ornella.doc
2026-09-03 11:16:46 | INFO | CV CANDIDATO ANALIZZATO | Pers_Id=306924 | formato=.doc | estrazione=word-com | chars=9061 | url=https://amamedis.it/wp-content/uploads/2021/02/CV-formato-europeo-ornella.doc
2026-09-03 11:16:46 | INFO | CV VERIFICATO | Pers_Id=306924 | formato=.doc | estrazione=word-com | confidenza=media | file=C:\Dev\Niko\scriptRicerca\cv_medici\306924-ABATE-ORNELLA.doc | url=https://amamedis.it/wp-content/uploads/2021/02/CV-formato-europeo-ornella.doc
2026-09-03 11:16:46 | INFO | DONE | Pers_Id=306924 | 26.4s | CV_TROVATO_SPECIALITA_DA_VERIFICARE | specialita=N/D | cv=SI | cv_review=0
2026-09-03 11:16:46 | INFO | PROGRESS | 35/40 | 5.48 medici/min | ETA 0.9 min | {'DA_VERIFICARE': 5, 'SPECIALITA_TROVATA': 8, 'NESSUN_RISULTATO': 21, 'CV_TROVATO_SPECIALITA_DA_VERIFICARE': 1} | API={'serper': 70, 'brave': 0}
2026-09-03 11:16:46 | INFO | SEARCH QUERY | Pers_Id=1784607 | numero=1 | q="RAFFAELA ABATE" medico "MERCATO SAN SEVERINO"
2026-09-03 11:16:48 | INFO | SEARCH API OK | serper | "RAFFAELA ABATE" medico "MERCATO SAN SEVERINO" | 0 risultati
2026-09-03 11:16:48 | INFO | SEARCH QUERY | Pers_Id=1784607 | numero=2 | q="RAFFAELA ABATE" medico specialista ospedale
2026-09-03 11:16:51 | INFO | SEARCH API OK | serper | "RAFFAELA ABATE" medico specialista ospedale | 7 risultati
2026-09-03 11:16:51 | INFO | HIT SUMMARY | Pers_Id=1784607 | query=2 | recovery=0 | cv_query=0 | grezzi=7 | rilevanti=0 | provider={'serper': 72, 'brave': 0}
2026-09-03 11:16:51 | INFO | DONE | Pers_Id=1784607 | 5.2s | NESSUN_RISULTATO | specialita=N/D | cv=NO | cv_review=0
2026-09-03 11:16:51 | INFO | SEARCH QUERY | Pers_Id=2162964 | numero=1 | q="ROBERTA ABATE" medico "Andria"
2026-09-03 11:16:55 | INFO | SEARCH API OK | serper | "ROBERTA ABATE" medico "Andria" | 1 risultati
2026-09-03 11:16:55 | INFO | SEARCH QUERY | Pers_Id=2162964 | numero=2 | q="ROBERTA ABATE" medico specialista ospedale
2026-09-03 11:16:56 | INFO | SEARCH API OK | serper | "ROBERTA ABATE" medico specialista ospedale | 8 risultati
2026-09-03 11:16:56 | INFO | HIT SUMMARY | Pers_Id=2162964 | query=2 | recovery=0 | cv_query=0 | grezzi=8 | rilevanti=0 | provider={'serper': 74, 'brave': 0}
2026-09-03 11:16:56 | INFO | DONE | Pers_Id=2162964 | 5.1s | NESSUN_RISULTATO | specialita=N/D | cv=NO | cv_review=0
2026-09-03 11:16:56 | INFO | SEARCH QUERY | Pers_Id=1189835 | numero=1 | q="SARA ABATE" medico "CALCINATO"
2026-09-03 11:16:59 | INFO | SEARCH API OK | serper | "SARA ABATE" medico "CALCINATO" | 8 risultati
2026-09-03 11:16:59 | INFO | SEARCH EARLY-STOP CHECK | Pers_Id=1189835 | query=1 | stop=True | reason=evidenza forte strutturata
2026-09-03 11:16:59 | INFO | CV SEARCH GATE | Pers_Id=1189835 | mode=targeted | allowed=True | reason=profilo professionale strutturato | existing_cv=False
2026-09-03 11:16:59 | INFO | CV SEARCH QUERY | Pers_Id=1189835 | q="SARA ABATE" curriculum OR "curriculum vitae" medico "CALCINATO"
2026-09-03 11:17:02 | INFO | SEARCH API OK | serper | "SARA ABATE" curriculum OR "curriculum vitae" medico "CALCINATO" | 6 risultati
2026-09-03 11:17:02 | INFO | HIT SUMMARY | Pers_Id=1189835 | query=2 | recovery=0 | cv_query=1 | grezzi=8 | rilevanti=3 | provider={'serper': 76, 'brave': 0}
2026-09-03 11:17:09 | INFO | DONE | Pers_Id=1189835 | 12.1s | SPECIALITA_TROVATA | specialita=Medicina Generale | cv=NO | cv_review=0
2026-09-03 11:17:09 | INFO | SEARCH QUERY | Pers_Id=2806596 | numero=1 | q="SEBASTIANO ABATE" medico "Treviso"
2026-09-03 11:17:10 | INFO | SEARCH API OK | serper | "SEBASTIANO ABATE" medico "Treviso" | 4 risultati
2026-09-03 11:17:10 | INFO | SEARCH QUERY | Pers_Id=2806596 | numero=2 | q="SEBASTIANO ABATE" medico specialista ospedale
2026-09-03 11:17:12 | INFO | SEARCH API OK | serper | "SEBASTIANO ABATE" medico specialista ospedale | 2 risultati
2026-09-03 11:17:12 | INFO | HIT SUMMARY | Pers_Id=2806596 | query=2 | recovery=0 | cv_query=0 | grezzi=6 | rilevanti=0 | provider={'serper': 78, 'brave': 0}
2026-09-03 11:17:12 | INFO | DONE | Pers_Id=2806596 | 3.9s | NESSUN_RISULTATO | specialita=N/D | cv=NO | cv_review=0
2026-09-03 11:17:12 | INFO | SEARCH QUERY | Pers_Id=2162966 | numero=1 | q="VERONICA ABATE" medico "Napoli"
2026-09-03 11:17:14 | INFO | SEARCH API OK | serper | "VERONICA ABATE" medico "Napoli" | 8 risultati
2026-09-03 11:17:14 | INFO | SEARCH EARLY-STOP CHECK | Pers_Id=2162966 | query=1 | stop=False | reason=nessuna evidenza forte
2026-09-03 11:17:14 | INFO | SEARCH QUERY | Pers_Id=2162966 | numero=2 | q="VERONICA ABATE" medico specialista ospedale
2026-09-03 11:17:16 | INFO | SEARCH API OK | serper | "VERONICA ABATE" medico specialista ospedale | 7 risultati
2026-09-03 11:17:16 | INFO | SEARCH EARLY-STOP CHECK | Pers_Id=2162966 | query=2 | stop=False | reason=nessuna evidenza forte
2026-09-03 11:17:16 | INFO | CV SEARCH GATE | Pers_Id=2162966 | mode=targeted | allowed=True | reason=profilo professionale strutturato | existing_cv=False
2026-09-03 11:17:16 | INFO | CV SEARCH QUERY | Pers_Id=2162966 | q="VERONICA ABATE" curriculum OR "curriculum vitae" medico "Napoli"
2026-09-03 11:17:19 | INFO | SEARCH API OK | serper | "VERONICA ABATE" curriculum OR "curriculum vitae" medico "Napoli" | 4 risultati
2026-09-03 11:17:19 | INFO | HIT SUMMARY | Pers_Id=2162966 | query=3 | recovery=0 | cv_query=1 | grezzi=13 | rilevanti=2 | provider={'serper': 81, 'brave': 0}
2026-09-03 11:17:20 | INFO | LANDING SCARTATA | Pers_Id=2162966 | ruolo incompatibile vicino al nome: possibile omonimo | https://www.doctolib.it/biologo-nutrizionista/thiene/veronica-abate
2026-09-03 11:17:21 | INFO | LANDING SCARTATA | Pers_Id=2162966 | pagina senza testo | https://bt.maptons.com/p/7658093750
2026-09-03 11:17:21 | INFO | DONE | Pers_Id=2162966 | 8.2s | NESSUN_RISULTATO | specialita=N/D | cv=NO | cv_review=0
2026-09-03 11:18:16 | INFO | CHECKPOINT | 40/40 | C:\Dev\Niko\scriptRicerca\output\risultatiMedici.xlsx
2026-09-03 11:18:16 | INFO | PROGRESS | 40/40 | 5.07 medici/min | ETA 0.0 min | {'DA_VERIFICARE': 5, 'SPECIALITA_TROVATA': 9, 'NESSUN_RISULTATO': 25, 'CV_TROVATO_SPECIALITA_DA_VERIFICARE': 1} | API={'serper': 81, 'brave': 0}
2026-09-03 11:19:10 | INFO | ==============================================================================
2026-09-03 11:19:10 | INFO | FINE | 8.8 min | {'DA_VERIFICARE': 5, 'SPECIALITA_TROVATA': 9, 'NESSUN_RISULTATO': 25, 'CV_TROVATO_SPECIALITA_DA_VERIFICARE': 1}
2026-09-03 11:19:10 | INFO | API REQUESTS | totale=81 | {'serper': 81, 'brave': 0}
2026-09-03 11:19:10 | INFO | OUTPUT | C:\Dev\Niko\scriptRicerca\output\risultatiMedici.xlsx
2026-09-03 11:19:10 | INFO | ==============================================================================
