2026-09-03 15:36:55 | INFO | ==============================================================================
2026-09-03 15:36:55 | INFO | V6.0 MEDICI - PRODUCTION CANDIDATE SEARCH + VERIFIED CV SPECIALTY
2026-09-03 15:36:55 | INFO | Input: C:\Dev\Niko\scriptRicerca\input\scriptMedici.xlsx
2026-09-03 15:36:55 | INFO | Output: C:\Dev\Niko\scriptRicerca\output\risultatiMedici.xlsx
2026-09-03 15:36:55 | INFO | Provider: serper
2026-09-03 15:36:55 | INFO | Deep: False
2026-09-03 15:36:55 | INFO | Search results: 8
2026-09-03 15:36:55 | INFO | Max searches/persona: 3 (+1 con --deep)
2026-09-03 15:36:55 | INFO | Delay: 0.1 - 0.3 sec
2026-09-03 15:36:55 | INFO | CV sicuri dir: C:\Dev\Niko\scriptRicerca\cv_medici
2026-09-03 15:36:55 | INFO | CV da verificare dir: C:\Dev\Niko\scriptRicerca\cv_medici_da_verificare
2026-09-03 15:36:55 | INFO | Cache dir: C:\Dev\Niko\scriptRicerca\cache_medici
2026-09-03 15:36:55 | INFO | Log: logs\run_medici_20260903_153614.log
2026-09-03 15:36:55 | INFO | ==============================================================================
2026-09-03 15:36:55 | INFO | Medici da elaborare: 40
2026-09-03 15:36:55 | INFO | SEARCH QUERY | Pers_Id=2467194 | numero=1 | q="YASAMIN AAZAM RAHIMIAN" medico "BOLOGNA"
2026-09-03 15:36:57 | INFO | SEARCH API OK | serper | "YASAMIN AAZAM RAHIMIAN" medico "BOLOGNA" | 3 risultati
2026-09-03 15:36:57 | INFO | SEARCH EARLY-STOP CHECK | Pers_Id=2467194 | query=1 | stop=False | reason=nessuna evidenza forte
2026-09-03 15:36:57 | INFO | SEARCH QUERY | Pers_Id=2467194 | numero=2 | q="YASAMIN AAZAM RAHIMIAN" medico specialista ospedale
2026-09-03 15:36:58 | INFO | SEARCH API OK | serper | "YASAMIN AAZAM RAHIMIAN" medico specialista ospedale | 2 risultati
2026-09-03 15:36:58 | INFO | SEARCH EARLY-STOP CHECK | Pers_Id=2467194 | query=2 | stop=False | reason=nessuna evidenza forte
2026-09-03 15:36:58 | INFO | SELECTIVE THIRD CHECK | Pers_Id=2467194 | allowed=True | reason=relevant: identità forte, specialità irrisolta | relevant_hits=1 | recovery_identity_hits=0
2026-09-03 15:36:58 | INFO | SEARCH SELECTIVE THIRD QUERY | Pers_Id=2467194 | q="YASAMIN AAZAM RAHIMIAN" "BOLOGNA" (neurologo OR fisiatra OR chirurgo OR cardiologo OR pediatra OR psichiatra OR ortopedico OR ginecologo OR dermatologo OR anestesista OR specialista)
2026-09-03 15:37:00 | INFO | SEARCH API OK | serper | "YASAMIN AAZAM RAHIMIAN" "BOLOGNA" (neurologo OR fisiatra OR chirurgo OR cardiologo OR pediatra OR psichiatra OR ortopedico OR ginecologo OR dermatologo OR anestesista OR specialista) | 3 risultati
2026-09-03 15:37:00 | INFO | CV SEARCH GATE | Pers_Id=2467194 | mode=targeted | allowed=False | reason=nessuna identità professionale abbastanza forte | existing_cv=False
2026-09-03 15:37:00 | INFO | HIT SUMMARY | Pers_Id=2467194 | standard_query=2 | recovery_query=1 | selective_third=1 | specialty_total=3 | cv_query=0 | grezzi=4 | rilevanti=1 | recovery_identity=0 | provider={'serper': 3, 'brave': 0}
2026-09-03 15:37:06 | INFO | DONE | Pers_Id=2467194 | 11.1s | DA_VERIFICARE | specialita=N/D | cv=NO | cv_review=0
2026-09-03 15:37:06 | INFO | SEARCH QUERY | Pers_Id=2606079 | numero=1 | q="ERNESTO MARTIN ABAD AGUIAR" medico "Nuoro"
2026-09-03 15:37:08 | INFO | SEARCH API OK | serper | "ERNESTO MARTIN ABAD AGUIAR" medico "Nuoro" | 8 risultati
2026-09-03 15:37:08 | INFO | SEARCH EARLY-STOP CHECK | Pers_Id=2606079 | query=1 | stop=True | reason=evidenza forte strutturata
2026-09-03 15:37:08 | INFO | SELECTIVE THIRD CHECK | Pers_Id=2606079 | allowed=False | reason=specialità già forte | relevant_hits=3 | recovery_identity_hits=0
2026-09-03 15:37:08 | INFO | CV SEARCH GATE | Pers_Id=2606079 | mode=targeted | allowed=True | reason=profilo professionale strutturato | existing_cv=False
2026-09-03 15:37:08 | INFO | CV SEARCH QUERY | Pers_Id=2606079 | q="ERNESTO MARTIN ABAD AGUIAR" curriculum OR "curriculum vitae" medico "Nuoro"
2026-09-03 15:37:10 | INFO | SEARCH API OK | serper | "ERNESTO MARTIN ABAD AGUIAR" curriculum OR "curriculum vitae" medico "Nuoro" | 8 risultati
2026-09-03 15:37:10 | INFO | HIT SUMMARY | Pers_Id=2606079 | standard_query=1 | recovery_query=0 | selective_third=0 | specialty_total=2 | cv_query=1 | grezzi=8 | rilevanti=3 | recovery_identity=0 | provider={'serper': 5, 'brave': 0}
2026-09-03 15:37:14 | INFO | SPECIALTY GEO REJECT | Pers_Id=2606079 | stage=landing | reason=profilo strutturato senza città coerente | url=https://www.miodottore.it/profilo/ernesto-martin-abad-aguiar
2026-09-03 15:37:14 | INFO | SPECIALTY GEO REJECT | Pers_Id=2606079 | stage=serp | reason=profilo strutturato senza città coerente | url=https://www.miodottore.it/profilo/ernesto-martin-abad-aguiar
2026-09-03 15:37:14 | INFO | DONE | Pers_Id=2606079 | 8.1s | SPECIALITA_TROVATA | specialita=Medicina Generale | cv=NO | cv_review=0
2026-09-03 15:37:14 | INFO | SEARCH QUERY | Pers_Id=2606149 | numero=1 | q="CHIARA ABAGNALE" medico "San felice Circeo"
2026-09-03 15:37:16 | INFO | SEARCH API OK | serper | "CHIARA ABAGNALE" medico "San felice Circeo" | 2 risultati
2026-09-03 15:37:16 | INFO | SEARCH QUERY | Pers_Id=2606149 | numero=2 | q="CHIARA ABAGNALE" medico specialista ospedale
2026-09-03 15:37:18 | INFO | SEARCH API OK | serper | "CHIARA ABAGNALE" medico specialista ospedale | 8 risultati
2026-09-03 15:37:18 | INFO | RECOVERY IDENTITY HIT | Pers_Id=2606149 | score=165 | reason=identità esatta, segnale professionale | url=https://www.facebook.com/centroanalysis/posts/diamo-il-benvenuto-alla-dottssa-chiara-abagnale-medico-chirurgo-specialista-in-n/1003270198470150
2026-09-03 15:37:18 | INFO | RECOVERY IDENTITY HIT | Pers_Id=2606149 | score=165 | reason=identità esatta, segnale professionale | url=https://www.facebook.com/centroanalysis/photos/diamo-il-benvenuto-alla-dottssa-chiara-abagnale-medico-chirurgo-specialista-in-n/1003270161803487
2026-09-03 15:37:19 | INFO | RECOVERY PAGE NOT PROMOTED | Pers_Id=2606149 | reason=pagina senza disambiguazione geografica forte | url=https://www.facebook.com/centroanalysis/photos/diamo-il-benvenuto-alla-dottssa-chiara-abagnale-medico-chirurgo-specialista-in-n/1003270161803487
2026-09-03 15:37:19 | INFO | SELECTIVE THIRD CHECK | Pers_Id=2606149 | allowed=True | reason=recovery-tier score=165: identità esatta, segnale professionale | relevant_hits=0 | recovery_identity_hits=2
2026-09-03 15:37:19 | INFO | SEARCH SELECTIVE THIRD QUERY | Pers_Id=2606149 | q="CHIARA ABAGNALE" "San felice Circeo" (neurologo OR fisiatra OR chirurgo OR cardiologo OR pediatra OR psichiatra OR ortopedico OR ginecologo OR dermatologo OR anestesista OR specialista)
2026-09-03 15:37:21 | INFO | SEARCH API OK | serper | "CHIARA ABAGNALE" "San felice Circeo" (neurologo OR fisiatra OR chirurgo OR cardiologo OR pediatra OR psichiatra OR ortopedico OR ginecologo OR dermatologo OR anestesista OR specialista) | 1 risultati
2026-09-03 15:37:21 | INFO | RECOVERY IDENTITY HIT | Pers_Id=2606149 | score=165 | reason=identità esatta, segnale professionale | url=https://www.facebook.com/centroanalysis/posts/diamo-il-benvenuto-alla-dottssa-chiara-abagnale-medico-chirurgo-specialista-in-n/1003270198470150
2026-09-03 15:37:21 | INFO | RECOVERY IDENTITY HIT | Pers_Id=2606149 | score=165 | reason=identità esatta, segnale professionale | url=https://www.facebook.com/centroanalysis/photos/diamo-il-benvenuto-alla-dottssa-chiara-abagnale-medico-chirurgo-specialista-in-n/1003270161803487
2026-09-03 15:37:23 | INFO | RECOVERY PAGE NOT PROMOTED | Pers_Id=2606149 | reason=pagina senza disambiguazione geografica forte | url=https://www.facebook.com/centroanalysis/photos/diamo-il-benvenuto-alla-dottssa-chiara-abagnale-medico-chirurgo-specialista-in-n/1003270161803487
2026-09-03 15:37:23 | INFO | HIT SUMMARY | Pers_Id=2606149 | standard_query=2 | recovery_query=1 | selective_third=1 | specialty_total=3 | cv_query=0 | grezzi=10 | rilevanti=0 | recovery_identity=2 | provider={'serper': 8, 'brave': 0}
2026-09-03 15:37:23 | INFO | DONE | Pers_Id=2606149 | 8.3s | NESSUN_RISULTATO | specialita=N/D | cv=NO | cv_review=0
2026-09-03 15:37:23 | INFO | SEARCH QUERY | Pers_Id=2744181 | numero=1 | q="FEDERICA ABAGNALE" medico "Napoli"
2026-09-03 15:37:24 | INFO | SEARCH API OK | serper | "FEDERICA ABAGNALE" medico "Napoli" | 2 risultati
2026-09-03 15:37:24 | INFO | SEARCH QUERY | Pers_Id=2744181 | numero=2 | q="FEDERICA ABAGNALE" medico specialista ospedale
2026-09-03 15:37:26 | INFO | SEARCH API OK | serper | "FEDERICA ABAGNALE" medico specialista ospedale | 0 risultati
2026-09-03 15:37:26 | INFO | SELECTIVE THIRD CHECK | Pers_Id=2744181 | allowed=False | reason=nessun hit rilevante | relevant_hits=0 | recovery_identity_hits=0
2026-09-03 15:37:26 | INFO | HIT SUMMARY | Pers_Id=2744181 | standard_query=2 | recovery_query=0 | selective_third=0 | specialty_total=2 | cv_query=0 | grezzi=2 | rilevanti=0 | recovery_identity=0 | provider={'serper': 10, 'brave': 0}
2026-09-03 15:37:26 | INFO | DONE | Pers_Id=2744181 | 2.9s | NESSUN_RISULTATO | specialita=N/D | cv=NO | cv_review=0
2026-09-03 15:37:26 | INFO | SEARCH QUERY | Pers_Id=2744182 | numero=1 | q="GIOVANNA ABAGNALE" medico "Napoli"
2026-09-03 15:37:28 | INFO | SEARCH API OK | serper | "GIOVANNA ABAGNALE" medico "Napoli" | 5 risultati
2026-09-03 15:37:28 | INFO | RECOVERY IDENTITY HIT | Pers_Id=2744182 | score=290 | reason=identità esatta, segnale professionale, disambiguazione=90, geo compatibile | url=https://it.linkedin.com/in/giovanna-abagnale-261050203
2026-09-03 15:37:28 | INFO | SEARCH QUERY | Pers_Id=2744182 | numero=2 | q="GIOVANNA ABAGNALE" medico specialista ospedale
2026-09-03 15:37:30 | INFO | SEARCH API OK | serper | "GIOVANNA ABAGNALE" medico specialista ospedale | 0 risultati
2026-09-03 15:37:30 | INFO | RECOVERY IDENTITY HIT | Pers_Id=2744182 | score=290 | reason=identità esatta, segnale professionale, disambiguazione=90, geo compatibile | url=https://it.linkedin.com/in/giovanna-abagnale-261050203
2026-09-03 15:37:31 | INFO | SELECTIVE THIRD CHECK | Pers_Id=2744182 | allowed=True | reason=recovery-tier score=290: identità esatta, segnale professionale, disambiguazione=90, geo compatibile | relevant_hits=0 | recovery_identity_hits=1
2026-09-03 15:37:31 | INFO | SEARCH SELECTIVE THIRD QUERY | Pers_Id=2744182 | q="GIOVANNA ABAGNALE" "Napoli" (neurologo OR fisiatra OR chirurgo OR cardiologo OR pediatra OR psichiatra OR ortopedico OR ginecologo OR dermatologo OR anestesista OR specialista)
2026-09-03 15:37:33 | INFO | SEARCH API OK | serper | "GIOVANNA ABAGNALE" "Napoli" (neurologo OR fisiatra OR chirurgo OR cardiologo OR pediatra OR psichiatra OR ortopedico OR ginecologo OR dermatologo OR anestesista OR specialista) | 4 risultati
2026-09-03 15:37:33 | INFO | RECOVERY IDENTITY HIT | Pers_Id=2744182 | score=290 | reason=identità esatta, segnale professionale, disambiguazione=90, geo compatibile | url=https://it.linkedin.com/in/giovanna-abagnale-261050203
2026-09-03 15:37:34 | INFO | HIT SUMMARY | Pers_Id=2744182 | standard_query=2 | recovery_query=1 | selective_third=1 | specialty_total=3 | cv_query=0 | grezzi=6 | rilevanti=0 | recovery_identity=1 | provider={'serper': 13, 'brave': 0}
2026-09-03 15:37:34 | INFO | DONE | Pers_Id=2744182 | 7.9s | NESSUN_RISULTATO | specialita=N/D | cv=NO | cv_review=0
2026-09-03 15:37:34 | INFO | PROGRESS | 5/40 | 7.83 medici/min | ETA 4.5 min | {'DA_VERIFICARE': 1, 'SPECIALITA_TROVATA': 1, 'NESSUN_RISULTATO': 3} | API={'serper': 13, 'brave': 0}
2026-09-03 15:37:34 | INFO | SEARCH QUERY | Pers_Id=359717 | numero=1 | q="GIUSEPPE ABAGNALE" medico "GRAGNANO"
2026-09-03 15:37:35 | INFO | SEARCH API OK | serper | "GIUSEPPE ABAGNALE" medico "GRAGNANO" | 8 risultati
2026-09-03 15:37:35 | INFO | SEARCH EARLY-STOP CHECK | Pers_Id=359717 | query=1 | stop=True | reason=evidenza forte strutturata
2026-09-03 15:37:35 | INFO | SELECTIVE THIRD CHECK | Pers_Id=359717 | allowed=False | reason=specialità già forte | relevant_hits=1 | recovery_identity_hits=0
2026-09-03 15:37:35 | INFO | CV SEARCH GATE | Pers_Id=359717 | mode=targeted | allowed=True | reason=profilo professionale strutturato | existing_cv=False
2026-09-03 15:37:35 | INFO | CV SEARCH QUERY | Pers_Id=359717 | q="GIUSEPPE ABAGNALE" curriculum OR "curriculum vitae" medico "GRAGNANO"
2026-09-03 15:37:37 | INFO | SEARCH API OK | serper | "GIUSEPPE ABAGNALE" curriculum OR "curriculum vitae" medico "GRAGNANO" | 2 risultati
2026-09-03 15:37:37 | INFO | HIT SUMMARY | Pers_Id=359717 | standard_query=1 | recovery_query=0 | selective_third=0 | specialty_total=2 | cv_query=1 | grezzi=8 | rilevanti=1 | recovery_identity=0 | provider={'serper': 15, 'brave': 0}
2026-09-03 15:37:39 | INFO | DONE | Pers_Id=359717 | 5.0s | SPECIALITA_TROVATA | specialita=Medicina Generale | cv=NO | cv_review=0
2026-09-03 15:37:39 | INFO | SEARCH QUERY | Pers_Id=2606156 | numero=1 | q="LUCIA ABAGNALE" medico "Santa Maria la Carità"
2026-09-03 15:37:40 | INFO | SEARCH API OK | serper | "LUCIA ABAGNALE" medico "Santa Maria la Carità" | 0 risultati
2026-09-03 15:37:40 | INFO | SEARCH QUERY | Pers_Id=2606156 | numero=2 | q="LUCIA ABAGNALE" medico specialista ospedale
2026-09-03 15:37:42 | INFO | SEARCH API OK | serper | "LUCIA ABAGNALE" medico specialista ospedale | 1 risultati
2026-09-03 15:37:42 | INFO | SELECTIVE THIRD CHECK | Pers_Id=2606156 | allowed=False | reason=nessun hit rilevante | relevant_hits=0 | recovery_identity_hits=0
2026-09-03 15:37:42 | INFO | HIT SUMMARY | Pers_Id=2606156 | standard_query=2 | recovery_query=0 | selective_third=0 | specialty_total=2 | cv_query=0 | grezzi=1 | rilevanti=0 | recovery_identity=0 | provider={'serper': 17, 'brave': 0}
2026-09-03 15:37:42 | INFO | DONE | Pers_Id=2606156 | 3.3s | NESSUN_RISULTATO | specialita=N/D | cv=NO | cv_review=0
2026-09-03 15:37:42 | INFO | SEARCH QUERY | Pers_Id=1188728 | numero=1 | q="CHIARA ABALOTTI" medico "CORNEDO VICENTINO"
2026-09-03 15:37:43 | INFO | SEARCH API OK | serper | "CHIARA ABALOTTI" medico "CORNEDO VICENTINO" | 8 risultati
2026-09-03 15:37:43 | INFO | SEARCH EARLY-STOP CHECK | Pers_Id=1188728 | query=1 | stop=True | reason=evidenza forte strutturata
2026-09-03 15:37:43 | INFO | SELECTIVE THIRD CHECK | Pers_Id=1188728 | allowed=False | reason=specialità già forte | relevant_hits=2 | recovery_identity_hits=0
2026-09-03 15:37:43 | INFO | CV SEARCH GATE | Pers_Id=1188728 | mode=targeted | allowed=True | reason=profilo professionale strutturato | existing_cv=False
2026-09-03 15:37:43 | INFO | CV SEARCH QUERY | Pers_Id=1188728 | q="CHIARA ABALOTTI" curriculum OR "curriculum vitae" medico "CORNEDO VICENTINO"
2026-09-03 15:37:45 | INFO | SEARCH API OK | serper | "CHIARA ABALOTTI" curriculum OR "curriculum vitae" medico "CORNEDO VICENTINO" | 8 risultati
2026-09-03 15:37:45 | INFO | HIT SUMMARY | Pers_Id=1188728 | standard_query=1 | recovery_query=0 | selective_third=0 | specialty_total=2 | cv_query=1 | grezzi=8 | rilevanti=2 | recovery_identity=0 | provider={'serper': 19, 'brave': 0}
2026-09-03 15:37:48 | INFO | DONE | Pers_Id=1188728 | 6.1s | SPECIALITA_TROVATA | specialita=Chirurgia Generale | cv=NO | cv_review=0
2026-09-03 15:37:48 | INFO | SEARCH QUERY | Pers_Id=436708 | numero=1 | q="MARIA VITTORIA ABALSAMO" medico "ROMA"
2026-09-03 15:37:50 | INFO | SEARCH API OK | serper | "MARIA VITTORIA ABALSAMO" medico "ROMA" | 8 risultati
2026-09-03 15:37:50 | INFO | SEARCH EARLY-STOP CHECK | Pers_Id=436708 | query=1 | stop=True | reason=evidenza forte strutturata
2026-09-03 15:37:50 | INFO | SELECTIVE THIRD CHECK | Pers_Id=436708 | allowed=False | reason=specialità già forte | relevant_hits=2 | recovery_identity_hits=0
2026-09-03 15:37:50 | INFO | CV SEARCH GATE | Pers_Id=436708 | mode=targeted | allowed=True | reason=profilo professionale strutturato | existing_cv=False
2026-09-03 15:37:50 | INFO | CV SEARCH QUERY | Pers_Id=436708 | q="MARIA VITTORIA ABALSAMO" curriculum OR "curriculum vitae" medico "ROMA"
2026-09-03 15:37:55 | INFO | SEARCH API OK | serper | "MARIA VITTORIA ABALSAMO" curriculum OR "curriculum vitae" medico "ROMA" | 7 risultati
2026-09-03 15:37:55 | INFO | HIT SUMMARY | Pers_Id=436708 | standard_query=1 | recovery_query=0 | selective_third=0 | specialty_total=2 | cv_query=1 | grezzi=8 | rilevanti=2 | recovery_identity=0 | provider={'serper': 21, 'brave': 0}
2026-09-03 15:37:58 | INFO | DONE | Pers_Id=436708 | 9.5s | SPECIALITA_TROVATA | specialita=Medicina Generale | cv=NO | cv_review=0
2026-09-03 15:37:58 | INFO | SEARCH QUERY | Pers_Id=1219520 | numero=1 | q="MARIA ABASCHINA" medico "MONTELUPONE"
2026-09-03 15:37:59 | INFO | SEARCH API OK | serper | "MARIA ABASCHINA" medico "MONTELUPONE" | 2 risultati
2026-09-03 15:37:59 | INFO | SEARCH EARLY-STOP CHECK | Pers_Id=1219520 | query=1 | stop=True | reason=evidenza forte strutturata
2026-09-03 15:37:59 | INFO | SELECTIVE THIRD CHECK | Pers_Id=1219520 | allowed=False | reason=specialità già forte | relevant_hits=1 | recovery_identity_hits=0
2026-09-03 15:37:59 | INFO | CV SEARCH GATE | Pers_Id=1219520 | mode=targeted | allowed=True | reason=profilo professionale strutturato | existing_cv=False
2026-09-03 15:37:59 | INFO | CV SEARCH QUERY | Pers_Id=1219520 | q="MARIA ABASCHINA" curriculum OR "curriculum vitae" medico "MONTELUPONE"
2026-09-03 15:38:01 | INFO | SEARCH API OK | serper | "MARIA ABASCHINA" curriculum OR "curriculum vitae" medico "MONTELUPONE" | 3 risultati
2026-09-03 15:38:01 | INFO | HIT SUMMARY | Pers_Id=1219520 | standard_query=1 | recovery_query=0 | selective_third=0 | specialty_total=2 | cv_query=1 | grezzi=2 | rilevanti=1 | recovery_identity=0 | provider={'serper': 23, 'brave': 0}
2026-09-03 15:38:02 | INFO | DONE | Pers_Id=1219520 | 4.8s | SPECIALITA_TROVATA | specialita=Medicina Generale | cv=NO | cv_review=0
2026-09-03 15:38:22 | INFO | CHECKPOINT | 10/40 | C:\Dev\Niko\scriptRicerca\output\risultatiMedici.xlsx
2026-09-03 15:38:22 | INFO | PROGRESS | 10/40 | 6.88 medici/min | ETA 4.4 min | {'DA_VERIFICARE': 1, 'SPECIALITA_TROVATA': 5, 'NESSUN_RISULTATO': 4} | API={'serper': 23, 'brave': 0}
2026-09-03 15:38:22 | INFO | SEARCH QUERY | Pers_Id=1784532 | numero=1 | q="NATALIYA VOLODYMYRIVNA ABASKALOVA" medico "Grosseto"
2026-09-03 15:38:26 | INFO | SEARCH API OK | serper | "NATALIYA VOLODYMYRIVNA ABASKALOVA" medico "Grosseto" | 0 risultati
2026-09-03 15:38:26 | INFO | SEARCH QUERY | Pers_Id=1784532 | numero=2 | q="NATALIYA VOLODYMYRIVNA ABASKALOVA" medico specialista ospedale
2026-09-03 15:38:28 | INFO | SEARCH API OK | serper | "NATALIYA VOLODYMYRIVNA ABASKALOVA" medico specialista ospedale | 0 risultati
2026-09-03 15:38:28 | INFO | SELECTIVE THIRD CHECK | Pers_Id=1784532 | allowed=False | reason=nessun hit rilevante | relevant_hits=0 | recovery_identity_hits=0
2026-09-03 15:38:28 | INFO | HIT SUMMARY | Pers_Id=1784532 | standard_query=2 | recovery_query=0 | selective_third=0 | specialty_total=2 | cv_query=0 | grezzi=0 | rilevanti=0 | recovery_identity=0 | provider={'serper': 25, 'brave': 0}
2026-09-03 15:38:28 | INFO | DONE | Pers_Id=1784532 | 5.6s | NESSUN_RISULTATO | specialita=N/D | cv=NO | cv_review=0
2026-09-03 15:38:28 | INFO | SEARCH QUERY | Pers_Id=2806591 | numero=1 | q="GIULIO ABATANGELO" medico "Padova"
2026-09-03 15:38:30 | INFO | SEARCH API OK | serper | "GIULIO ABATANGELO" medico "Padova" | 3 risultati
2026-09-03 15:38:30 | INFO | SEARCH QUERY | Pers_Id=2806591 | numero=2 | q="GIULIO ABATANGELO" medico specialista ospedale
2026-09-03 15:38:31 | INFO | SEARCH API OK | serper | "GIULIO ABATANGELO" medico specialista ospedale | 1 risultati
2026-09-03 15:38:31 | INFO | SELECTIVE THIRD CHECK | Pers_Id=2806591 | allowed=False | reason=nessun hit rilevante | relevant_hits=0 | recovery_identity_hits=0
2026-09-03 15:38:31 | INFO | HIT SUMMARY | Pers_Id=2806591 | standard_query=2 | recovery_query=0 | selective_third=0 | specialty_total=2 | cv_query=0 | grezzi=3 | rilevanti=0 | recovery_identity=0 | provider={'serper': 27, 'brave': 0}
2026-09-03 15:38:31 | INFO | DONE | Pers_Id=2806591 | 3.1s | NESSUN_RISULTATO | specialita=N/D | cv=NO | cv_review=0
2026-09-03 15:38:31 | INFO | SEARCH QUERY | Pers_Id=2745192 | numero=1 | q="SILVIA ABATANGELO" medico "Prato"
2026-09-03 15:38:32 | INFO | SEARCH API OK | serper | "SILVIA ABATANGELO" medico "Prato" | 6 risultati
2026-09-03 15:38:32 | INFO | RECOVERY IDENTITY HIT | Pers_Id=2745192 | score=290 | reason=identità esatta, segnale professionale, disambiguazione=90, geo compatibile | url=https://www.facebook.com/silvia.abatangelo/?locale=it_IT
2026-09-03 15:38:32 | INFO | RECOVERY IDENTITY HIT | Pers_Id=2745192 | score=290 | reason=identità esatta, segnale professionale, disambiguazione=90, geo compatibile | url=https://hi-in.facebook.com/silvia.abatangelo
2026-09-03 15:38:32 | INFO | SEARCH QUERY | Pers_Id=2745192 | numero=2 | q="SILVIA ABATANGELO" medico specialista ospedale
2026-09-03 15:38:34 | INFO | SEARCH API OK | serper | "SILVIA ABATANGELO" medico specialista ospedale | 2 risultati
2026-09-03 15:38:34 | INFO | RECOVERY IDENTITY HIT | Pers_Id=2745192 | score=290 | reason=identità esatta, segnale professionale, disambiguazione=90, geo compatibile | url=https://www.facebook.com/silvia.abatangelo/?locale=it_IT
2026-09-03 15:38:34 | INFO | RECOVERY IDENTITY HIT | Pers_Id=2745192 | score=290 | reason=identità esatta, segnale professionale, disambiguazione=90, geo compatibile | url=https://hi-in.facebook.com/silvia.abatangelo
2026-09-03 15:38:35 | INFO | SELECTIVE THIRD CHECK | Pers_Id=2745192 | allowed=True | reason=recovery-tier score=290: identità esatta, segnale professionale, disambiguazione=90, geo compatibile | relevant_hits=0 | recovery_identity_hits=2
2026-09-03 15:38:35 | INFO | SEARCH SELECTIVE THIRD QUERY | Pers_Id=2745192 | q="SILVIA ABATANGELO" "Prato" (neurologo OR fisiatra OR chirurgo OR cardiologo OR pediatra OR psichiatra OR ortopedico OR ginecologo OR dermatologo OR anestesista OR specialista)
2026-09-03 15:38:36 | INFO | SEARCH API OK | serper | "SILVIA ABATANGELO" "Prato" (neurologo OR fisiatra OR chirurgo OR cardiologo OR pediatra OR psichiatra OR ortopedico OR ginecologo OR dermatologo OR anestesista OR specialista) | 1 risultati
2026-09-03 15:38:36 | INFO | RECOVERY IDENTITY HIT | Pers_Id=2745192 | score=290 | reason=identità esatta, segnale professionale, disambiguazione=90, geo compatibile | url=https://www.facebook.com/silvia.abatangelo/?locale=it_IT
2026-09-03 15:38:37 | INFO | RECOVERY IDENTITY HIT | Pers_Id=2745192 | score=290 | reason=identità esatta, segnale professionale, disambiguazione=90, geo compatibile | url=https://hi-in.facebook.com/silvia.abatangelo
2026-09-03 15:38:37 | INFO | HIT SUMMARY | Pers_Id=2745192 | standard_query=2 | recovery_query=1 | selective_third=1 | specialty_total=3 | cv_query=0 | grezzi=7 | rilevanti=0 | recovery_identity=2 | provider={'serper': 30, 'brave': 0}
2026-09-03 15:38:37 | INFO | DONE | Pers_Id=2745192 | 6.3s | NESSUN_RISULTATO | specialita=N/D | cv=NO | cv_review=0
2026-09-03 15:38:37 | INFO | SEARCH QUERY | Pers_Id=2607465 | numero=1 | q="ANDREA ABATE" medico "Milano"
2026-09-03 15:38:39 | INFO | SEARCH API OK | serper | "ANDREA ABATE" medico "Milano" | 8 risultati
2026-09-03 15:38:39 | INFO | RECOVERY IDENTITY HIT | Pers_Id=2607465 | score=165 | reason=identità esatta, segnale professionale | url=https://it.linkedin.com/in/andrea-abate-27b340198
2026-09-03 15:38:39 | INFO | SEARCH EARLY-STOP CHECK | Pers_Id=2607465 | query=1 | stop=False | reason=nessuna evidenza forte
2026-09-03 15:38:39 | INFO | SEARCH QUERY | Pers_Id=2607465 | numero=2 | q="ANDREA ABATE" medico specialista ospedale
2026-09-03 15:38:41 | INFO | SEARCH API OK | serper | "ANDREA ABATE" medico specialista ospedale | 8 risultati
2026-09-03 15:38:41 | INFO | RECOVERY IDENTITY HIT | Pers_Id=2607465 | score=165 | reason=identità esatta, segnale professionale | url=https://it.linkedin.com/in/andrea-abate-27b340198
2026-09-03 15:38:41 | INFO | SEARCH EARLY-STOP CHECK | Pers_Id=2607465 | query=2 | stop=False | reason=nessuna evidenza forte
2026-09-03 15:38:42 | INFO | SELECTIVE THIRD CHECK | Pers_Id=2607465 | allowed=True | reason=recovery-tier score=165: identità esatta, segnale professionale | relevant_hits=3 | recovery_identity_hits=1
2026-09-03 15:38:42 | INFO | SEARCH SELECTIVE THIRD QUERY | Pers_Id=2607465 | q="ANDREA ABATE" "Milano" (neurologo OR fisiatra OR chirurgo OR cardiologo OR pediatra OR psichiatra OR ortopedico OR ginecologo OR dermatologo OR anestesista OR specialista)
2026-09-03 15:38:44 | INFO | SEARCH API OK | serper | "ANDREA ABATE" "Milano" (neurologo OR fisiatra OR chirurgo OR cardiologo OR pediatra OR psichiatra OR ortopedico OR ginecologo OR dermatologo OR anestesista OR specialista) | 8 risultati
2026-09-03 15:38:44 | INFO | RECOVERY IDENTITY HIT | Pers_Id=2607465 | score=165 | reason=identità esatta, segnale professionale | url=https://it.linkedin.com/in/andrea-abate-27b340198
2026-09-03 15:38:44 | INFO | RECOVERY IDENTITY HIT | Pers_Id=2607465 | score=290 | reason=identità esatta, segnale professionale, disambiguazione=90, geo compatibile | url=https://www.linkedin.com/pub/dir/Andrea/Abate
2026-09-03 15:38:44 | INFO | RECOVERY IDENTITY HIT | Pers_Id=2607465 | score=290 | reason=identità esatta, segnale professionale, disambiguazione=90, geo compatibile | url=https://www.facebook.com/andrea.h.abate/?locale=it_IT
2026-09-03 15:38:45 | INFO | CV SEARCH GATE | Pers_Id=2607465 | mode=targeted | allowed=False | reason=nessuna identità professionale abbastanza forte | existing_cv=True
2026-09-03 15:38:45 | INFO | HIT SUMMARY | Pers_Id=2607465 | standard_query=2 | recovery_query=1 | selective_third=1 | specialty_total=3 | cv_query=0 | grezzi=21 | rilevanti=3 | recovery_identity=3 | provider={'serper': 33, 'brave': 0}
2026-09-03 15:38:51 | INFO | CV CANDIDATO ANALIZZATO | Pers_Id=2607465 | formato=.pdf | estrazione=pdf | chars=120000 | url=https://portale.fnomceo.it/wp-content/uploads/2018/09/PROGRAMMA-INTEGRALE-FORUMRISK13_WEB.pdf
2026-09-03 15:38:51 | INFO | CV SCARTATO | Pers_Id=2607465 | formato=.pdf | motivo=Documento non sufficientemente compatibile con un CV. | url=https://portale.fnomceo.it/wp-content/uploads/2018/09/PROGRAMMA-INTEGRALE-FORUMRISK13_WEB.pdf
2026-09-03 15:38:54 | INFO | SPECIALTY GEO REJECT | Pers_Id=2607465 | stage=landing | reason=supporto geografico insufficiente | url=https://www.bgsalute.it/2016-numero-1-gennaio-febbraio/1909-chirurgia-orale-conservativa-e-sostitutiva
2026-09-03 15:38:54 | INFO | SPECIALTY GEO REJECT | Pers_Id=2607465 | stage=serp | reason=supporto geografico insufficiente | url=https://portale.fnomceo.it/wp-content/uploads/2018/09/PROGRAMMA-INTEGRALE-FORUMRISK13_WEB.pdf
2026-09-03 15:38:54 | INFO | SPECIALTY GEO REJECT | Pers_Id=2607465 | stage=serp | reason=supporto geografico insufficiente | url=https://www.bgsalute.it/2016-numero-1-gennaio-febbraio/1909-chirurgia-orale-conservativa-e-sostitutiva
2026-09-03 15:38:54 | INFO | DONE | Pers_Id=2607465 | 17.0s | DA_VERIFICARE | specialita=N/D | cv=NO | cv_review=0
2026-09-03 15:38:54 | INFO | SEARCH QUERY | Pers_Id=1222252 | numero=1 | q="ANGELA MARIA ABATE" medico "MONCALIERI"
2026-09-03 15:38:58 | INFO | SEARCH API OK | serper | "ANGELA MARIA ABATE" medico "MONCALIERI" | 0 risultati
2026-09-03 15:38:58 | INFO | SEARCH QUERY | Pers_Id=1222252 | numero=2 | q="ANGELA MARIA ABATE" medico specialista ospedale
2026-09-03 15:39:00 | INFO | SEARCH API OK | serper | "ANGELA MARIA ABATE" medico specialista ospedale | 0 risultati
2026-09-03 15:39:00 | INFO | SELECTIVE THIRD CHECK | Pers_Id=1222252 | allowed=False | reason=nessun hit rilevante | relevant_hits=0 | recovery_identity_hits=0
2026-09-03 15:39:00 | INFO | HIT SUMMARY | Pers_Id=1222252 | standard_query=2 | recovery_query=0 | selective_third=0 | specialty_total=2 | cv_query=0 | grezzi=0 | rilevanti=0 | recovery_identity=0 | provider={'serper': 35, 'brave': 0}
2026-09-03 15:39:00 | INFO | DONE | Pers_Id=1222252 | 5.4s | NESSUN_RISULTATO | specialita=N/D | cv=NO | cv_review=0
2026-09-03 15:39:00 | INFO | PROGRESS | 15/40 | 7.22 medici/min | ETA 3.5 min | {'DA_VERIFICARE': 2, 'SPECIALITA_TROVATA': 5, 'NESSUN_RISULTATO': 8} | API={'serper': 35, 'brave': 0}
2026-09-03 15:39:00 | INFO | SEARCH QUERY | Pers_Id=2463758 | numero=1 | q="ANTONIO HERMES ABATE" medico "Verona"
2026-09-03 15:39:01 | INFO | SEARCH API OK | serper | "ANTONIO HERMES ABATE" medico "Verona" | 0 risultati
2026-09-03 15:39:01 | INFO | SEARCH QUERY | Pers_Id=2463758 | numero=2 | q="ANTONIO HERMES ABATE" medico specialista ospedale
2026-09-03 15:39:04 | INFO | SEARCH API OK | serper | "ANTONIO HERMES ABATE" medico specialista ospedale | 2 risultati
2026-09-03 15:39:04 | INFO | SEARCH EARLY-STOP CHECK | Pers_Id=2463758 | query=2 | stop=False | reason=nessuna evidenza forte
2026-09-03 15:39:04 | INFO | SELECTIVE THIRD CHECK | Pers_Id=2463758 | allowed=False | reason=identità professionale non abbastanza forte | relevant_hits=2 | recovery_identity_hits=0
2026-09-03 15:39:04 | INFO | CV SEARCH GATE | Pers_Id=2463758 | mode=targeted | allowed=False | reason=nessuna identità professionale abbastanza forte | existing_cv=False
2026-09-03 15:39:04 | INFO | HIT SUMMARY | Pers_Id=2463758 | standard_query=2 | recovery_query=0 | selective_third=0 | specialty_total=2 | cv_query=0 | grezzi=2 | rilevanti=2 | recovery_identity=0 | provider={'serper': 37, 'brave': 0}
2026-09-03 15:39:06 | INFO | LANDING SCARTATA | Pers_Id=2463758 | fonte sanitaria con identita solo incidentale | https://www.aou-careggi.toscana.it/internet/diagnosi-e-cura/dipartimenti/strutture-organizzative-dipartimentali-sod/neuroanestesia-e-rianimazione
2026-09-03 15:39:07 | INFO | SPECIALTY GEO REJECT | Pers_Id=2463758 | stage=landing | reason=supporto geografico insufficiente | url=https://www.aou-careggi.toscana.it/internet/diagnosi-e-cura/dipartimenti/strutture-organizzative-dipartimentali-sod/neuroanestesia-e-rianimazione?action=genpdf&id=4236
2026-09-03 15:39:08 | INFO | SPECIALTY GEO REJECT | Pers_Id=2463758 | stage=serp | reason=supporto geografico insufficiente | url=https://www.aou-careggi.toscana.it/internet/diagnosi-e-cura/dipartimenti/strutture-organizzative-dipartimentali-sod/neuroanestesia-e-rianimazione
2026-09-03 15:39:08 | INFO | SPECIALTY GEO REJECT | Pers_Id=2463758 | stage=serp | reason=supporto geografico insufficiente | url=https://www.aou-careggi.toscana.it/internet/diagnosi-e-cura/dipartimenti/strutture-organizzative-dipartimentali-sod/neuroanestesia-e-rianimazione?action=genpdf&id=4236
2026-09-03 15:39:08 | INFO | DONE | Pers_Id=2463758 | 8.4s | DA_VERIFICARE | specialita=N/D | cv=NO | cv_review=0
2026-09-03 15:39:08 | INFO | SEARCH QUERY | Pers_Id=2162965 | numero=1 | q="ASSUNTA ABATE" medico "FIRENZE"
2026-09-03 15:39:10 | INFO | SEARCH API OK | serper | "ASSUNTA ABATE" medico "FIRENZE" | 8 risultati
2026-09-03 15:39:10 | INFO | SEARCH EARLY-STOP CHECK | Pers_Id=2162965 | query=1 | stop=False | reason=nessuna evidenza forte
2026-09-03 15:39:10 | INFO | SEARCH QUERY | Pers_Id=2162965 | numero=2 | q="ASSUNTA ABATE" medico specialista ospedale
2026-09-03 15:39:11 | INFO | SEARCH API OK | serper | "ASSUNTA ABATE" medico specialista ospedale | 8 risultati
2026-09-03 15:39:11 | INFO | SEARCH EARLY-STOP CHECK | Pers_Id=2162965 | query=2 | stop=False | reason=nessuna evidenza forte
2026-09-03 15:39:11 | INFO | SELECTIVE THIRD CHECK | Pers_Id=2162965 | allowed=False | reason=identità professionale non abbastanza forte | relevant_hits=1 | recovery_identity_hits=0
2026-09-03 15:39:11 | INFO | CV SEARCH GATE | Pers_Id=2162965 | mode=targeted | allowed=False | reason=nessuna identità professionale abbastanza forte | existing_cv=False
2026-09-03 15:39:11 | INFO | HIT SUMMARY | Pers_Id=2162965 | standard_query=2 | recovery_query=0 | selective_third=0 | specialty_total=2 | cv_query=0 | grezzi=14 | rilevanti=1 | recovery_identity=0 | provider={'serper': 39, 'brave': 0}
2026-09-03 15:39:12 | INFO | DONE | Pers_Id=2162965 | 4.0s | DA_VERIFICARE | specialita=N/D | cv=NO | cv_review=0
2026-09-03 15:39:12 | INFO | SEARCH QUERY | Pers_Id=2607461 | numero=1 | q="BIAGIO ABATE" medico "Montesarchio"
2026-09-03 15:39:15 | INFO | SEARCH API OK | serper | "BIAGIO ABATE" medico "Montesarchio" | 4 risultati
2026-09-03 15:39:15 | INFO | SEARCH QUERY | Pers_Id=2607461 | numero=2 | q="BIAGIO ABATE" medico specialista ospedale
2026-09-03 15:39:16 | INFO | SEARCH API OK | serper | "BIAGIO ABATE" medico specialista ospedale | 8 risultati
2026-09-03 15:39:16 | INFO | RECOVERY IDENTITY HIT | Pers_Id=2607461 | score=235 | reason=identità esatta, directory professionale, segnale professionale | url=https://www.miodottore.it/profilo/biagio-abate
2026-09-03 15:39:18 | INFO | RECOVERY PAGE NOT PROMOTED | Pers_Id=2607461 | reason=pagina senza disambiguazione geografica forte | url=https://www.miodottore.it/profilo/biagio-abate
2026-09-03 15:39:18 | INFO | SELECTIVE THIRD CHECK | Pers_Id=2607461 | allowed=True | reason=recovery-tier score=235: identità esatta, directory professionale, segnale professionale | relevant_hits=0 | recovery_identity_hits=1
2026-09-03 15:39:18 | INFO | SEARCH SELECTIVE THIRD QUERY | Pers_Id=2607461 | q=site:www.miodottore.it "BIAGIO ABATE" (neurologo OR fisiatra OR chirurgo OR cardiologo OR pediatra OR psichiatra OR ortopedico OR ginecologo OR dermatologo OR anestesista OR specialista)
2026-09-03 15:39:20 | INFO | SEARCH API OK | serper | site:www.miodottore.it "BIAGIO ABATE" (neurologo OR fisiatra OR chirurgo OR cardiologo OR pediatra OR psichiatra OR ortopedico OR ginecologo OR dermatologo OR anestesista OR specialista) | 8 risultati
2026-09-03 15:39:20 | INFO | RECOVERY IDENTITY HIT | Pers_Id=2607461 | score=235 | reason=identità esatta, directory professionale, segnale professionale | url=https://www.miodottore.it/profilo/biagio-abate
2026-09-03 15:39:20 | INFO | RECOVERY PAGE NOT PROMOTED | Pers_Id=2607461 | reason=pagina senza disambiguazione geografica forte | url=https://www.miodottore.it/profilo/biagio-abate
2026-09-03 15:39:20 | INFO | HIT SUMMARY | Pers_Id=2607461 | standard_query=2 | recovery_query=1 | selective_third=1 | specialty_total=3 | cv_query=0 | grezzi=18 | rilevanti=0 | recovery_identity=1 | provider={'serper': 42, 'brave': 0}
2026-09-03 15:39:21 | INFO | DONE | Pers_Id=2607461 | 8.1s | NESSUN_RISULTATO | specialita=N/D | cv=NO | cv_review=0
2026-09-03 15:39:21 | INFO | SEARCH QUERY | Pers_Id=2806593 | numero=1 | q="BIAGIO ABATE" medico "Agrigento"
2026-09-03 15:39:22 | INFO | SEARCH API OK | serper | "BIAGIO ABATE" medico "Agrigento" | 2 risultati
2026-09-03 15:39:22 | INFO | SEARCH QUERY | Pers_Id=2806593 | numero=2 | q="BIAGIO ABATE" medico specialista ospedale
2026-09-03 15:39:24 | INFO | SEARCH API OK | serper | "BIAGIO ABATE" medico specialista ospedale | 8 risultati
2026-09-03 15:39:24 | INFO | RECOVERY IDENTITY HIT | Pers_Id=2806593 | score=235 | reason=identità esatta, directory professionale, segnale professionale | url=https://www.miodottore.it/profilo/biagio-abate
2026-09-03 15:39:24 | INFO | RECOVERY PAGE NOT PROMOTED | Pers_Id=2806593 | reason=pagina senza disambiguazione geografica forte | url=https://www.miodottore.it/profilo/biagio-abate
2026-09-03 15:39:24 | INFO | SELECTIVE THIRD CHECK | Pers_Id=2806593 | allowed=True | reason=recovery-tier score=235: identità esatta, directory professionale, segnale professionale | relevant_hits=0 | recovery_identity_hits=1
2026-09-03 15:39:24 | INFO | SEARCH SELECTIVE THIRD QUERY | Pers_Id=2806593 | q=site:www.miodottore.it "BIAGIO ABATE" (neurologo OR fisiatra OR chirurgo OR cardiologo OR pediatra OR psichiatra OR ortopedico OR ginecologo OR dermatologo OR anestesista OR specialista)
2026-09-03 15:39:27 | INFO | SEARCH API OK | serper | site:www.miodottore.it "BIAGIO ABATE" (neurologo OR fisiatra OR chirurgo OR cardiologo OR pediatra OR psichiatra OR ortopedico OR ginecologo OR dermatologo OR anestesista OR specialista) | 8 risultati
2026-09-03 15:39:27 | INFO | RECOVERY IDENTITY HIT | Pers_Id=2806593 | score=235 | reason=identità esatta, directory professionale, segnale professionale | url=https://www.miodottore.it/profilo/biagio-abate
2026-09-03 15:39:28 | INFO | RECOVERY PAGE NOT PROMOTED | Pers_Id=2806593 | reason=pagina senza disambiguazione geografica forte | url=https://www.miodottore.it/profilo/biagio-abate
2026-09-03 15:39:28 | INFO | HIT SUMMARY | Pers_Id=2806593 | standard_query=2 | recovery_query=1 | selective_third=1 | specialty_total=3 | cv_query=0 | grezzi=17 | rilevanti=0 | recovery_identity=1 | provider={'serper': 45, 'brave': 0}
2026-09-03 15:39:28 | INFO | DONE | Pers_Id=2806593 | 7.1s | NESSUN_RISULTATO | specialita=N/D | cv=NO | cv_review=0
2026-09-03 15:39:28 | INFO | SEARCH QUERY | Pers_Id=2607462 | numero=1 | q="CLAUDIA ABATE" medico "Milazzo"
2026-09-03 15:39:29 | INFO | SEARCH API OK | serper | "CLAUDIA ABATE" medico "Milazzo" | 4 risultati
2026-09-03 15:39:29 | INFO | SEARCH QUERY | Pers_Id=2607462 | numero=2 | q="CLAUDIA ABATE" medico specialista ospedale
2026-09-03 15:39:31 | INFO | SEARCH API OK | serper | "CLAUDIA ABATE" medico specialista ospedale | 6 risultati
2026-09-03 15:39:31 | INFO | SEARCH EARLY-STOP CHECK | Pers_Id=2607462 | query=2 | stop=False | reason=nessuna evidenza forte
2026-09-03 15:39:31 | INFO | SELECTIVE THIRD CHECK | Pers_Id=2607462 | allowed=False | reason=identità professionale non abbastanza forte | relevant_hits=3 | recovery_identity_hits=0
2026-09-03 15:39:31 | INFO | CV SEARCH GATE | Pers_Id=2607462 | mode=targeted | allowed=False | reason=nessuna identità professionale abbastanza forte | existing_cv=False
2026-09-03 15:39:31 | INFO | HIT SUMMARY | Pers_Id=2607462 | standard_query=2 | recovery_query=0 | selective_third=0 | specialty_total=2 | cv_query=0 | grezzi=10 | rilevanti=3 | recovery_identity=0 | provider={'serper': 47, 'brave': 0}
2026-09-03 15:39:36 | INFO | LANDING SCARTATA | Pers_Id=2607462 | fonte sanitaria con identita solo incidentale | https://www.aslogliastra.it/servizio/psicologia
2026-09-03 15:39:40 | INFO | LANDING SCARTATA | Pers_Id=2607462 | ruolo incompatibile vicino al nome: possibile omonimo | https://www.aslogliastra.it/servizio/disturbi-della-nutrizione-e-dellalimentazione
2026-09-03 15:39:41 | INFO | LANDING SCARTATA | Pers_Id=2607462 | fonte sanitaria con identita solo incidentale | https://www.qsalute.it/ortopedia-ospedale-marino
2026-09-03 15:39:41 | INFO | SPECIALTY GEO REJECT | Pers_Id=2607462 | stage=serp | reason=supporto geografico insufficiente | url=https://www.aslogliastra.it/servizio/psicologia
2026-09-03 15:39:41 | INFO | SPECIALTY GEO REJECT | Pers_Id=2607462 | stage=serp | reason=supporto geografico insufficiente | url=https://www.aslogliastra.it/servizio/disturbi-della-nutrizione-e-dellalimentazione
2026-09-03 15:39:41 | INFO | SPECIALTY GEO REJECT | Pers_Id=2607462 | stage=serp | reason=supporto geografico insufficiente | url=https://www.qsalute.it/ortopedia-ospedale-marino
2026-09-03 15:39:41 | INFO | DONE | Pers_Id=2607462 | 13.3s | NESSUN_RISULTATO | specialita=N/D | cv=NO | cv_review=0
2026-09-03 15:40:00 | INFO | CHECKPOINT | 20/40 | C:\Dev\Niko\scriptRicerca\output\risultatiMedici.xlsx
2026-09-03 15:40:00 | INFO | PROGRESS | 20/40 | 6.48 medici/min | ETA 3.1 min | {'DA_VERIFICARE': 4, 'SPECIALITA_TROVATA': 5, 'NESSUN_RISULTATO': 11} | API={'serper': 47, 'brave': 0}
2026-09-03 15:40:00 | INFO | SEARCH QUERY | Pers_Id=1136949 | numero=1 | q="DAVIDE ANTONIO ABATE" medico "PADOVA"
2026-09-03 15:40:03 | INFO | SEARCH API OK | serper | "DAVIDE ANTONIO ABATE" medico "PADOVA" | 6 risultati
2026-09-03 15:40:03 | INFO | SEARCH EARLY-STOP CHECK | Pers_Id=1136949 | query=1 | stop=False | reason=nessuna evidenza forte
2026-09-03 15:40:03 | INFO | SEARCH QUERY | Pers_Id=1136949 | numero=2 | q="DAVIDE ANTONIO ABATE" medico specialista ospedale
2026-09-03 15:40:05 | INFO | SEARCH API OK | serper | "DAVIDE ANTONIO ABATE" medico specialista ospedale | 0 risultati
2026-09-03 15:40:05 | INFO | SEARCH EARLY-STOP CHECK | Pers_Id=1136949 | query=2 | stop=False | reason=nessuna evidenza forte
2026-09-03 15:40:05 | INFO | SELECTIVE THIRD CHECK | Pers_Id=1136949 | allowed=False | reason=identità professionale non abbastanza forte | relevant_hits=2 | recovery_identity_hits=0
2026-09-03 15:40:05 | INFO | CV SEARCH GATE | Pers_Id=1136949 | mode=targeted | allowed=False | reason=nessuna identità professionale abbastanza forte | existing_cv=False
2026-09-03 15:40:05 | INFO | HIT SUMMARY | Pers_Id=1136949 | standard_query=2 | recovery_query=0 | selective_third=0 | specialty_total=2 | cv_query=0 | grezzi=6 | rilevanti=2 | recovery_identity=0 | provider={'serper': 49, 'brave': 0}
2026-09-03 15:40:06 | INFO | LANDING SCARTATA | Pers_Id=1136949 | fonte generica con identita solo incidentale | https://medicina.elearning.unipd.it/blocks/course_managers/manager.php?id=170&b=87044
2026-09-03 15:40:10 | INFO | LANDING SCARTATA | Pers_Id=1136949 | fonte generica con identita solo incidentale | https://www.medicinachirurgia.unipd.it/offerta-didattica/corsi-di-laurea?tipo=L&ordinamento=2011&key=ME3065
2026-09-03 15:40:10 | INFO | DONE | Pers_Id=1136949 | 9.1s | NESSUN_RISULTATO | specialita=N/D | cv=NO | cv_review=0
2026-09-03 15:40:10 | INFO | SEARCH QUERY | Pers_Id=236060 | numero=1 | q="ELIO ABATE" medico "APRIGLIANO"
2026-09-03 15:40:12 | INFO | SEARCH API OK | serper | "ELIO ABATE" medico "APRIGLIANO" | 2 risultati
2026-09-03 15:40:12 | INFO | SEARCH QUERY | Pers_Id=236060 | numero=2 | q="ELIO ABATE" medico specialista ospedale
2026-09-03 15:40:13 | INFO | SEARCH API OK | serper | "ELIO ABATE" medico specialista ospedale | 2 risultati
2026-09-03 15:40:13 | INFO | SEARCH EARLY-STOP CHECK | Pers_Id=236060 | query=2 | stop=False | reason=nessuna evidenza forte
2026-09-03 15:40:13 | INFO | SELECTIVE THIRD CHECK | Pers_Id=236060 | allowed=False | reason=identità professionale non abbastanza forte | relevant_hits=1 | recovery_identity_hits=0
2026-09-03 15:40:13 | INFO | CV SEARCH GATE | Pers_Id=236060 | mode=targeted | allowed=False | reason=nessuna identità professionale abbastanza forte | existing_cv=True
2026-09-03 15:40:13 | INFO | HIT SUMMARY | Pers_Id=236060 | standard_query=2 | recovery_query=0 | selective_third=0 | specialty_total=2 | cv_query=0 | grezzi=3 | rilevanti=1 | recovery_identity=0 | provider={'serper': 51, 'brave': 0}
2026-09-03 15:40:20 | INFO | CV CANDIDATO ANALIZZATO | Pers_Id=236060 | formato=.pdf | estrazione=pdf | chars=120000 | url=https://www.regione.campania.it/assets/documents/scheda-assessore-fortini-aggiornata-1-bimestre-2020.pdf
2026-09-03 15:40:20 | INFO | CV SCARTATO | Pers_Id=236060 | formato=.pdf | motivo=Documento non sufficientemente compatibile con un CV. | url=https://www.regione.campania.it/assets/documents/scheda-assessore-fortini-aggiornata-1-bimestre-2020.pdf
2026-09-03 15:40:20 | INFO | SPECIALTY GEO REJECT | Pers_Id=236060 | stage=serp | reason=supporto geografico insufficiente | url=https://www.regione.campania.it/assets/documents/scheda-assessore-fortini-aggiornata-1-bimestre-2020.pdf
2026-09-03 15:40:20 | INFO | DONE | Pers_Id=236060 | 10.3s | NESSUN_RISULTATO | specialita=N/D | cv=NO | cv_review=0
2026-09-03 15:40:20 | INFO | SEARCH QUERY | Pers_Id=2745185 | numero=1 | q="ESTHER ABATE" medico "Trapani"
2026-09-03 15:40:21 | INFO | SEARCH API OK | serper | "ESTHER ABATE" medico "Trapani" | 3 risultati
2026-09-03 15:40:21 | INFO | SEARCH QUERY | Pers_Id=2745185 | numero=2 | q="ESTHER ABATE" medico specialista ospedale
2026-09-03 15:40:23 | INFO | SEARCH API OK | serper | "ESTHER ABATE" medico specialista ospedale | 1 risultati
2026-09-03 15:40:23 | INFO | SELECTIVE THIRD CHECK | Pers_Id=2745185 | allowed=False | reason=nessun hit rilevante | relevant_hits=0 | recovery_identity_hits=0
2026-09-03 15:40:23 | INFO | HIT SUMMARY | Pers_Id=2745185 | standard_query=2 | recovery_query=0 | selective_third=0 | specialty_total=2 | cv_query=0 | grezzi=3 | rilevanti=0 | recovery_identity=0 | provider={'serper': 53, 'brave': 0}
2026-09-03 15:40:23 | INFO | DONE | Pers_Id=2745185 | 2.7s | NESSUN_RISULTATO | specialita=N/D | cv=NO | cv_review=0
2026-09-03 15:40:23 | INFO | SEARCH QUERY | Pers_Id=2162961 | numero=1 | q="FILOMENA ABATE" medico "San Martino Valle Caudina"
2026-09-03 15:40:24 | INFO | SEARCH API OK | serper | "FILOMENA ABATE" medico "San Martino Valle Caudina" | 8 risultati
2026-09-03 15:40:24 | INFO | RECOVERY IDENTITY HIT | Pers_Id=2162961 | score=290 | reason=identità esatta, segnale professionale, disambiguazione=90, geo compatibile | url=https://www.facebook.com/filomena.abate.1/?locale=it_IT
2026-09-03 15:40:24 | INFO | RECOVERY IDENTITY HIT | Pers_Id=2162961 | score=360 | reason=identità esatta, directory professionale, segnale professionale, disambiguazione=90, geo compatibile | url=https://www.miodottore.it/profilo/filomena-abate
2026-09-03 15:40:24 | INFO | RECOVERY IDENTITY HIT | Pers_Id=2162961 | score=290 | reason=identità esatta, segnale professionale, disambiguazione=90, geo compatibile | url=https://www.facebook.com/filomena.abate.1/posts/%C3%A8-sempre-un-piacere/10227594999170114
2026-09-03 15:40:24 | INFO | SEARCH QUERY | Pers_Id=2162961 | numero=2 | q="FILOMENA ABATE" medico specialista ospedale
2026-09-03 15:40:26 | INFO | SEARCH API OK | serper | "FILOMENA ABATE" medico specialista ospedale | 8 risultati
2026-09-03 15:40:26 | INFO | RECOVERY IDENTITY HIT | Pers_Id=2162961 | score=290 | reason=identità esatta, segnale professionale, disambiguazione=90, geo compatibile | url=https://www.facebook.com/filomena.abate.1/?locale=it_IT
2026-09-03 15:40:26 | INFO | RECOVERY IDENTITY HIT | Pers_Id=2162961 | score=360 | reason=identità esatta, directory professionale, segnale professionale, disambiguazione=90, geo compatibile | url=https://www.miodottore.it/profilo/filomena-abate
2026-09-03 15:40:26 | INFO | RECOVERY IDENTITY HIT | Pers_Id=2162961 | score=290 | reason=identità esatta, segnale professionale, disambiguazione=90, geo compatibile | url=https://www.facebook.com/filomena.abate.1/posts/%C3%A8-sempre-un-piacere/10227594999170114
2026-09-03 15:40:28 | INFO | RECOVERY PAGE PROMOTED | Pers_Id=2162961 | reason=città esatta nella pagina | url=https://www.miodottore.it/profilo/filomena-abate
2026-09-03 15:40:28 | INFO | SELECTIVE THIRD CHECK | Pers_Id=2162961 | allowed=False | reason=specialità già forte | relevant_hits=1 | recovery_identity_hits=3
2026-09-03 15:40:28 | INFO | CV SEARCH GATE | Pers_Id=2162961 | mode=targeted | allowed=True | reason=profilo professionale strutturato | existing_cv=False
2026-09-03 15:40:28 | INFO | CV SEARCH QUERY | Pers_Id=2162961 | q="FILOMENA ABATE" curriculum OR "curriculum vitae" medico "San Martino Valle Caudina"
2026-09-03 15:40:29 | INFO | SEARCH API OK | serper | "FILOMENA ABATE" curriculum OR "curriculum vitae" medico "San Martino Valle Caudina" | 1 risultati
2026-09-03 15:40:29 | INFO | HIT SUMMARY | Pers_Id=2162961 | standard_query=2 | recovery_query=0 | selective_third=0 | specialty_total=3 | cv_query=1 | grezzi=16 | rilevanti=1 | recovery_identity=3 | provider={'serper': 56, 'brave': 0}
2026-09-03 15:40:30 | INFO | DONE | Pers_Id=2162961 | 7.7s | SPECIALITA_TROVATA | specialita=Neurologia | cv=NO | cv_review=0
2026-09-03 15:40:30 | INFO | SEARCH QUERY | Pers_Id=1812842 | numero=1 | q="FRANCESCA ABATE" medico "CROTONE"
2026-09-03 15:40:32 | INFO | SEARCH API OK | serper | "FRANCESCA ABATE" medico "CROTONE" | 8 risultati
2026-09-03 15:40:32 | INFO | SEARCH EARLY-STOP CHECK | Pers_Id=1812842 | query=1 | stop=False | reason=nessuna evidenza forte
2026-09-03 15:40:32 | INFO | SEARCH QUERY | Pers_Id=1812842 | numero=2 | q="FRANCESCA ABATE" medico specialista ospedale
2026-09-03 15:40:33 | INFO | SEARCH API OK | serper | "FRANCESCA ABATE" medico specialista ospedale | 8 risultati
2026-09-03 15:40:33 | INFO | RECOVERY IDENTITY HIT | Pers_Id=1812842 | score=165 | reason=identità esatta, segnale professionale | url=https://www.facebook.com/Riacef/posts/prenota-la-tua-visita-antiaging-con-la-dottssa-francesca-abate-presso-il-nostro-/2358107977648146
2026-09-03 15:40:33 | INFO | RECOVERY IDENTITY HIT | Pers_Id=1812842 | score=165 | reason=identità esatta, segnale professionale | url=https://www.instagram.com/p/DF7ZJNSMoDY
2026-09-03 15:40:33 | INFO | SEARCH EARLY-STOP CHECK | Pers_Id=1812842 | query=2 | stop=False | reason=nessuna evidenza forte
2026-09-03 15:40:34 | INFO | RECOVERY PAGE NOT PROMOTED | Pers_Id=1812842 | reason=pagina senza disambiguazione geografica forte | url=https://www.instagram.com/p/DF7ZJNSMoDY
2026-09-03 15:40:34 | INFO | SELECTIVE THIRD CHECK | Pers_Id=1812842 | allowed=True | reason=recovery-tier score=165: identità esatta, segnale professionale | relevant_hits=2 | recovery_identity_hits=2
2026-09-03 15:40:34 | INFO | SEARCH SELECTIVE THIRD QUERY | Pers_Id=1812842 | q="FRANCESCA ABATE" "CROTONE" (neurologo OR fisiatra OR chirurgo OR cardiologo OR pediatra OR psichiatra OR ortopedico OR ginecologo OR dermatologo OR anestesista OR specialista)
2026-09-03 15:40:36 | INFO | SEARCH API OK | serper | "FRANCESCA ABATE" "CROTONE" (neurologo OR fisiatra OR chirurgo OR cardiologo OR pediatra OR psichiatra OR ortopedico OR ginecologo OR dermatologo OR anestesista OR specialista) | 7 risultati
2026-09-03 15:40:36 | INFO | RECOVERY IDENTITY HIT | Pers_Id=1812842 | score=165 | reason=identità esatta, segnale professionale | url=https://www.facebook.com/Riacef/posts/prenota-la-tua-visita-antiaging-con-la-dottssa-francesca-abate-presso-il-nostro-/2358107977648146
2026-09-03 15:40:36 | INFO | RECOVERY IDENTITY HIT | Pers_Id=1812842 | score=165 | reason=identità esatta, segnale professionale | url=https://www.instagram.com/p/DF7ZJNSMoDY
2026-09-03 15:40:37 | INFO | RECOVERY PAGE NOT PROMOTED | Pers_Id=1812842 | reason=pagina senza disambiguazione geografica forte | url=https://www.instagram.com/p/DF7ZJNSMoDY
2026-09-03 15:40:37 | INFO | CV SEARCH GATE | Pers_Id=1812842 | mode=targeted | allowed=False | reason=nessuna identità professionale abbastanza forte | existing_cv=False
2026-09-03 15:40:37 | INFO | HIT SUMMARY | Pers_Id=1812842 | standard_query=2 | recovery_query=1 | selective_third=1 | specialty_total=3 | cv_query=0 | grezzi=16 | rilevanti=2 | recovery_identity=2 | provider={'serper': 59, 'brave': 0}
2026-09-03 15:40:40 | INFO | LANDING SCARTATA | Pers_Id=1812842 | fonte generica con identita solo incidentale | https://www.asp.crotone.it/?page_id=5790
2026-09-03 15:40:40 | INFO | SPECIALTY GEO REJECT | Pers_Id=1812842 | stage=serp | reason=supporto geografico insufficiente | url=https://aress.sanita.puglia.it/documents/25176/889630/CDS_2026-05-25_0316_ASL+Lecce.pdf/3fc2a827-daa1-41d2-82a0-3a43568482a2
2026-09-03 15:40:40 | INFO | DONE | Pers_Id=1812842 | 9.4s | NESSUN_RISULTATO | specialita=N/D | cv=NO | cv_review=0
2026-09-03 15:40:40 | INFO | PROGRESS | 25/40 | 6.68 medici/min | ETA 2.2 min | {'DA_VERIFICARE': 4, 'SPECIALITA_TROVATA': 6, 'NESSUN_RISULTATO': 15} | API={'serper': 59, 'brave': 0}
2026-09-03 15:40:40 | INFO | SEARCH QUERY | Pers_Id=1812843 | numero=1 | q="FRANCESCA ABATE" medico "MODENA"
2026-09-03 15:40:41 | INFO | SEARCH API OK | serper | "FRANCESCA ABATE" medico "MODENA" | 8 risultati
2026-09-03 15:40:41 | INFO | RECOVERY IDENTITY HIT | Pers_Id=1812843 | score=290 | reason=identità esatta, segnale professionale, disambiguazione=90, geo compatibile | url=https://www.facebook.com/61557574808300/posts/benvenuta-alla-dottssa-francesca-abate-nuovo-medico-di-medicina-generale-che-ha-/122217251618252493
2026-09-03 15:40:41 | INFO | RECOVERY IDENTITY HIT | Pers_Id=1812843 | score=290 | reason=identità esatta, segnale professionale, disambiguazione=90, geo compatibile | url=https://it.linkedin.com/in/francesca-abate-3a7ba791
2026-09-03 15:40:41 | INFO | RECOVERY IDENTITY HIT | Pers_Id=1812843 | score=290 | reason=identità esatta, segnale professionale, disambiguazione=90, geo compatibile | url=https://www.facebook.com/Riacef/posts/prenota-la-tua-visita-antiaging-con-la-dottssa-francesca-abate-presso-il-nostro-/2358107977648146
2026-09-03 15:40:41 | INFO | SEARCH EARLY-STOP CHECK | Pers_Id=1812843 | query=1 | stop=True | reason=evidenza forte strutturata
2026-09-03 15:40:43 | INFO | SELECTIVE THIRD CHECK | Pers_Id=1812843 | allowed=False | reason=specialità già forte | relevant_hits=3 | recovery_identity_hits=3
2026-09-03 15:40:43 | INFO | CV SEARCH GATE | Pers_Id=1812843 | mode=targeted | allowed=True | reason=fonte sanitaria forte | existing_cv=False
2026-09-03 15:40:43 | INFO | CV SEARCH QUERY | Pers_Id=1812843 | q="FRANCESCA ABATE" curriculum OR "curriculum vitae" medico "MODENA"
2026-09-03 15:40:44 | INFO | SEARCH API OK | serper | "FRANCESCA ABATE" curriculum OR "curriculum vitae" medico "MODENA" | 8 risultati
2026-09-03 15:40:44 | INFO | HIT SUMMARY | Pers_Id=1812843 | standard_query=1 | recovery_query=0 | selective_third=0 | specialty_total=2 | cv_query=1 | grezzi=8 | rilevanti=3 | recovery_identity=3 | provider={'serper': 61, 'brave': 0}
2026-09-03 15:40:48 | INFO | DONE | Pers_Id=1812843 | 8.3s | SPECIALITA_TROVATA | specialita=Medicina Generale | cv=NO | cv_review=0
2026-09-03 15:40:48 | INFO | SEARCH QUERY | Pers_Id=2607463 | numero=1 | q="FRANCESCA ABATE" medico "Guardia Sanframondi"
2026-09-03 15:40:50 | INFO | SEARCH API OK | serper | "FRANCESCA ABATE" medico "Guardia Sanframondi" | 0 risultati
2026-09-03 15:40:50 | INFO | SEARCH QUERY | Pers_Id=2607463 | numero=2 | q="FRANCESCA ABATE" medico specialista ospedale
2026-09-03 15:40:52 | INFO | SEARCH API OK | serper | "FRANCESCA ABATE" medico specialista ospedale | 8 risultati
2026-09-03 15:40:52 | INFO | RECOVERY IDENTITY HIT | Pers_Id=2607463 | score=165 | reason=identità esatta, segnale professionale | url=https://www.facebook.com/Riacef/posts/prenota-la-tua-visita-antiaging-con-la-dottssa-francesca-abate-presso-il-nostro-/2358107977648146
2026-09-03 15:40:52 | INFO | RECOVERY IDENTITY HIT | Pers_Id=2607463 | score=165 | reason=identità esatta, segnale professionale | url=https://www.instagram.com/p/DF7ZJNSMoDY
2026-09-03 15:40:52 | INFO | SEARCH EARLY-STOP CHECK | Pers_Id=2607463 | query=2 | stop=False | reason=nessuna evidenza forte
2026-09-03 15:40:53 | INFO | RECOVERY PAGE NOT PROMOTED | Pers_Id=2607463 | reason=pagina senza disambiguazione geografica forte | url=https://www.instagram.com/p/DF7ZJNSMoDY
2026-09-03 15:40:53 | INFO | SELECTIVE THIRD CHECK | Pers_Id=2607463 | allowed=True | reason=recovery-tier score=165: identità esatta, segnale professionale | relevant_hits=1 | recovery_identity_hits=2
2026-09-03 15:40:53 | INFO | SEARCH SELECTIVE THIRD QUERY | Pers_Id=2607463 | q="FRANCESCA ABATE" "Guardia Sanframondi" (neurologo OR fisiatra OR chirurgo OR cardiologo OR pediatra OR psichiatra OR ortopedico OR ginecologo OR dermatologo OR anestesista OR specialista)
2026-09-03 15:40:55 | INFO | SEARCH API OK | serper | "FRANCESCA ABATE" "Guardia Sanframondi" (neurologo OR fisiatra OR chirurgo OR cardiologo OR pediatra OR psichiatra OR ortopedico OR ginecologo OR dermatologo OR anestesista OR specialista) | 8 risultati
2026-09-03 15:40:55 | INFO | RECOVERY IDENTITY HIT | Pers_Id=2607463 | score=165 | reason=identità esatta, segnale professionale | url=https://www.facebook.com/Riacef/posts/prenota-la-tua-visita-antiaging-con-la-dottssa-francesca-abate-presso-il-nostro-/2358107977648146
2026-09-03 15:40:55 | INFO | RECOVERY IDENTITY HIT | Pers_Id=2607463 | score=165 | reason=identità esatta, segnale professionale | url=https://www.instagram.com/p/DF7ZJNSMoDY
2026-09-03 15:40:55 | INFO | RECOVERY IDENTITY HIT | Pers_Id=2607463 | score=165 | reason=identità esatta, segnale professionale | url=https://www.researchgate.net/scientific-contributions/Francesca-Abate-2281983288
2026-09-03 15:40:55 | INFO | RECOVERY IDENTITY HIT | Pers_Id=2607463 | score=165 | reason=identità esatta, segnale professionale | url=https://www.instagram.com/p/DPn2nMfgEKD
2026-09-03 15:40:55 | INFO | RECOVERY IDENTITY HIT | Pers_Id=2607463 | score=165 | reason=identità esatta, segnale professionale | url=https://www.linkedin.com/pub/dir/Francesca/Abate
2026-09-03 15:40:55 | INFO | RECOVERY IDENTITY HIT | Pers_Id=2607463 | score=165 | reason=identità esatta, segnale professionale | url=https://sciprofiles.com/profile/4576335
2026-09-03 15:40:56 | INFO | RECOVERY PAGE NOT PROMOTED | Pers_Id=2607463 | reason=pagina senza disambiguazione geografica forte | url=https://www.instagram.com/p/DF7ZJNSMoDY
2026-09-03 15:40:56 | INFO | CV SEARCH GATE | Pers_Id=2607463 | mode=targeted | allowed=False | reason=nessuna identità professionale abbastanza forte | existing_cv=False
2026-09-03 15:40:56 | INFO | HIT SUMMARY | Pers_Id=2607463 | standard_query=2 | recovery_query=1 | selective_third=1 | specialty_total=3 | cv_query=0 | grezzi=15 | rilevanti=3 | recovery_identity=6 | provider={'serper': 64, 'brave': 0}
2026-09-03 15:40:57 | INFO | LANDING SCARTATA | Pers_Id=2607463 | citta profilo incompatibile: dosolo != guardia sanframondi | https://www.doctolib.it/medico-di-medicina-generale/dosolo/francesca-abate-dosolo
2026-09-03 15:40:57 | INFO | SPECIALTY GEO REJECT | Pers_Id=2607463 | stage=landing | reason=supporto geografico insufficiente | url=https://www.ausl.mo.it/strutture/medici-di-medicina-generale/elenco/abate-francesca
2026-09-03 15:40:57 | INFO | SPECIALTY GEO REJECT | Pers_Id=2607463 | stage=serp | reason=citta profilo incompatibile: dosolo != guardia sanframondi | url=https://www.doctolib.it/medico-di-medicina-generale/dosolo/francesca-abate-dosolo
2026-09-03 15:40:57 | INFO | SPECIALTY GEO REJECT | Pers_Id=2607463 | stage=serp | reason=supporto geografico insufficiente | url=https://www.ausl.mo.it/strutture/medici-di-medicina-generale/elenco/abate-francesca
2026-09-03 15:40:57 | INFO | SPECIALTY GEO REJECT | Pers_Id=2607463 | stage=serp | reason=supporto geografico insufficiente | url=https://aress.sanita.puglia.it/documents/25176/889630/CDS_2026-05-25_0316_ASL+Lecce.pdf/3fc2a827-daa1-41d2-82a0-3a43568482a2
2026-09-03 15:40:57 | INFO | DONE | Pers_Id=2607463 | 9.5s | DA_VERIFICARE | specialita=N/D | cv=NO | cv_review=0
2026-09-03 15:40:57 | INFO | SEARCH QUERY | Pers_Id=1180356 | numero=1 | q="GESSICA ABATE" medico "Guardia Sanframondi"
2026-09-03 15:40:59 | INFO | SEARCH API OK | serper | "GESSICA ABATE" medico "Guardia Sanframondi" | 8 risultati
2026-09-03 15:40:59 | INFO | SEARCH QUERY | Pers_Id=1180356 | numero=2 | q="GESSICA ABATE" medico specialista ospedale
2026-09-03 15:41:00 | INFO | SEARCH API OK | serper | "GESSICA ABATE" medico specialista ospedale | 8 risultati
2026-09-03 15:41:00 | INFO | SELECTIVE THIRD CHECK | Pers_Id=1180356 | allowed=False | reason=nessun hit rilevante | relevant_hits=0 | recovery_identity_hits=0
2026-09-03 15:41:00 | INFO | HIT SUMMARY | Pers_Id=1180356 | standard_query=2 | recovery_query=0 | selective_third=0 | specialty_total=2 | cv_query=0 | grezzi=15 | rilevanti=0 | recovery_identity=0 | provider={'serper': 66, 'brave': 0}
2026-09-03 15:41:00 | INFO | DONE | Pers_Id=1180356 | 2.6s | NESSUN_RISULTATO | specialita=N/D | cv=NO | cv_review=0
2026-09-03 15:41:00 | INFO | SEARCH QUERY | Pers_Id=395436 | numero=1 | q="GIOVANNA ABATE" medico "Montalto Uffugo"
2026-09-03 15:41:02 | INFO | SEARCH API OK | serper | "GIOVANNA ABATE" medico "Montalto Uffugo" | 5 risultati
2026-09-03 15:41:02 | INFO | RECOVERY IDENTITY HIT | Pers_Id=395436 | score=165 | reason=identità esatta, segnale professionale | url=https://www.facebook.com/groups/luzziterramia/posts/4617000798387382
2026-09-03 15:41:02 | INFO | RECOVERY IDENTITY HIT | Pers_Id=395436 | score=315 | reason=identità esatta, directory professionale, disambiguazione=90, geo compatibile | url=https://www.paginebianche.it/scheda/bisignano/giovanna-dr-abate.ajiejejdha
2026-09-03 15:41:02 | INFO | SEARCH EARLY-STOP CHECK | Pers_Id=395436 | query=1 | stop=True | reason=evidenza forte strutturata
2026-09-03 15:41:03 | INFO | RECOVERY PAGE PROMOTED | Pers_Id=395436 | reason=città esatta nella pagina | url=https://www.paginebianche.it/scheda/bisignano/giovanna-dr-abate.ajiejejdha
2026-09-03 15:41:03 | INFO | SELECTIVE THIRD CHECK | Pers_Id=395436 | allowed=False | reason=specialità già forte | relevant_hits=2 | recovery_identity_hits=2
2026-09-03 15:41:03 | INFO | CV SEARCH GATE | Pers_Id=395436 | mode=targeted | allowed=True | reason=profilo professionale strutturato | existing_cv=False
2026-09-03 15:41:03 | INFO | CV SEARCH QUERY | Pers_Id=395436 | q="GIOVANNA ABATE" curriculum OR "curriculum vitae" medico "Montalto Uffugo"
2026-09-03 15:41:05 | INFO | SEARCH API OK | serper | "GIOVANNA ABATE" curriculum OR "curriculum vitae" medico "Montalto Uffugo" | 2 risultati
2026-09-03 15:41:05 | INFO | HIT SUMMARY | Pers_Id=395436 | standard_query=1 | recovery_query=0 | selective_third=0 | specialty_total=2 | cv_query=1 | grezzi=5 | rilevanti=2 | recovery_identity=2 | provider={'serper': 68, 'brave': 0}
2026-09-03 15:41:07 | INFO | DONE | Pers_Id=395436 | 6.7s | SPECIALITA_TROVATA | specialita=Medicina Generale | cv=NO | cv_review=0
2026-09-03 15:41:07 | INFO | SEARCH QUERY | Pers_Id=2607464 | numero=1 | q="MARCO ABATE" medico "Caivano"
2026-09-03 15:41:09 | INFO | SEARCH API OK | serper | "MARCO ABATE" medico "Caivano" | 8 risultati
2026-09-03 15:41:09 | INFO | RECOVERY IDENTITY HIT | Pers_Id=2607464 | score=360 | reason=identità esatta, directory professionale, segnale professionale, disambiguazione=90, geo compatibile | url=https://www.miodottore.it/profilo/marco-abate
2026-09-03 15:41:09 | INFO | SEARCH QUERY | Pers_Id=2607464 | numero=2 | q="MARCO ABATE" medico specialista ospedale
2026-09-03 15:41:11 | INFO | SEARCH API OK | serper | "MARCO ABATE" medico specialista ospedale | 7 risultati
2026-09-03 15:41:11 | INFO | RECOVERY IDENTITY HIT | Pers_Id=2607464 | score=360 | reason=identità esatta, directory professionale, segnale professionale, disambiguazione=90, geo compatibile | url=https://www.miodottore.it/profilo/marco-abate
2026-09-03 15:41:11 | INFO | SEARCH EARLY-STOP CHECK | Pers_Id=2607464 | query=2 | stop=False | reason=nessuna evidenza forte
2026-09-03 15:41:12 | INFO | RECOVERY PAGE PROMOTED | Pers_Id=2607464 | reason=città esatta nella pagina | url=https://www.miodottore.it/profilo/marco-abate
2026-09-03 15:41:13 | INFO | SELECTIVE THIRD CHECK | Pers_Id=2607464 | allowed=True | reason=relevant: identità forte, specialità irrisolta | relevant_hits=2 | recovery_identity_hits=1
2026-09-03 15:41:13 | INFO | SEARCH SELECTIVE THIRD QUERY | Pers_Id=2607464 | q=site:www.miodottore.it "MARCO ABATE" (neurologo OR fisiatra OR chirurgo OR cardiologo OR pediatra OR psichiatra OR ortopedico OR ginecologo OR dermatologo OR anestesista OR specialista)
2026-09-03 15:41:14 | INFO | SEARCH API OK | serper | site:www.miodottore.it "MARCO ABATE" (neurologo OR fisiatra OR chirurgo OR cardiologo OR pediatra OR psichiatra OR ortopedico OR ginecologo OR dermatologo OR anestesista OR specialista) | 8 risultati
2026-09-03 15:41:14 | INFO | RECOVERY IDENTITY HIT | Pers_Id=2607464 | score=360 | reason=identità esatta, directory professionale, segnale professionale, disambiguazione=90, geo compatibile | url=https://www.miodottore.it/profilo/marco-abate
2026-09-03 15:41:14 | INFO | RECOVERY PAGE PROMOTED | Pers_Id=2607464 | reason=città esatta nella pagina | url=https://www.miodottore.it/profilo/marco-abate
2026-09-03 15:41:14 | INFO | CV SEARCH GATE | Pers_Id=2607464 | mode=targeted | allowed=False | reason=nessuna identità professionale abbastanza forte | existing_cv=False
2026-09-03 15:41:14 | INFO | HIT SUMMARY | Pers_Id=2607464 | standard_query=2 | recovery_query=1 | selective_third=1 | specialty_total=3 | cv_query=0 | grezzi=20 | rilevanti=2 | recovery_identity=1 | provider={'serper': 71, 'brave': 0}
2026-09-03 15:41:15 | INFO | SPECIALTY GEO REJECT | Pers_Id=2607464 | stage=landing | reason=profilo strutturato senza città coerente | url=https://www.miodottore.it/profilo/marco-abate
2026-09-03 15:41:15 | INFO | SPECIALTY GEO REJECT | Pers_Id=2607464 | stage=serp | reason=profilo strutturato senza città coerente | url=https://www.miodottore.it/profilo/marco-abate
2026-09-03 15:41:15 | INFO | SPECIALTY GEO REJECT | Pers_Id=2607464 | stage=serp | reason=supporto geografico insufficiente | url=https://aress.sanita.puglia.it/documents/25176/350159/24+settembre+2014+%2824+settembre+2014.pdf%29/747ab780-79b5-46c9-8380-87d91fce2cfa
2026-09-03 15:41:15 | INFO | DONE | Pers_Id=2607464 | 8.6s | DA_VERIFICARE | specialita=N/D | cv=NO | cv_review=0
2026-09-03 15:41:35 | INFO | CHECKPOINT | 30/40 | C:\Dev\Niko\scriptRicerca\output\risultatiMedici.xlsx
2026-09-03 15:41:35 | INFO | PROGRESS | 30/40 | 6.43 medici/min | ETA 1.6 min | {'DA_VERIFICARE': 6, 'SPECIALITA_TROVATA': 8, 'NESSUN_RISULTATO': 16} | API={'serper': 71, 'brave': 0}
2026-09-03 15:41:35 | INFO | SEARCH QUERY | Pers_Id=289911 | numero=1 | q="MARIA ABATE" medico "MONTEVAGO"
2026-09-03 15:41:36 | INFO | SEARCH API OK | serper | "MARIA ABATE" medico "MONTEVAGO" | 5 risultati
2026-09-03 15:41:37 | INFO | SEARCH QUERY | Pers_Id=289911 | numero=2 | q="MARIA ABATE" medico specialista ospedale
2026-09-03 15:41:38 | INFO | SEARCH API OK | serper | "MARIA ABATE" medico specialista ospedale | 8 risultati
2026-09-03 15:41:39 | INFO | SELECTIVE THIRD CHECK | Pers_Id=289911 | allowed=False | reason=nessun hit rilevante | relevant_hits=0 | recovery_identity_hits=0
2026-09-03 15:41:39 | INFO | HIT SUMMARY | Pers_Id=289911 | standard_query=2 | recovery_query=0 | selective_third=0 | specialty_total=2 | cv_query=0 | grezzi=13 | rilevanti=0 | recovery_identity=0 | provider={'serper': 73, 'brave': 0}
2026-09-03 15:41:39 | INFO | DONE | Pers_Id=289911 | 3.4s | NESSUN_RISULTATO | specialita=N/D | cv=NO | cv_review=0
2026-09-03 15:41:39 | INFO | SEARCH QUERY | Pers_Id=1222042 | numero=1 | q="MARIA ABATE" medico "Torelli-torrette"
2026-09-03 15:41:40 | INFO | SEARCH API OK | serper | "MARIA ABATE" medico "Torelli-torrette" | 0 risultati
2026-09-03 15:41:40 | INFO | SEARCH QUERY | Pers_Id=1222042 | numero=2 | q="MARIA ABATE" medico specialista ospedale
2026-09-03 15:41:42 | INFO | SEARCH API OK | serper | "MARIA ABATE" medico specialista ospedale | 8 risultati
2026-09-03 15:41:42 | INFO | SELECTIVE THIRD CHECK | Pers_Id=1222042 | allowed=False | reason=nessun hit rilevante | relevant_hits=0 | recovery_identity_hits=0
2026-09-03 15:41:42 | INFO | HIT SUMMARY | Pers_Id=1222042 | standard_query=2 | recovery_query=0 | selective_third=0 | specialty_total=2 | cv_query=0 | grezzi=8 | rilevanti=0 | recovery_identity=0 | provider={'serper': 75, 'brave': 0}
2026-09-03 15:41:42 | INFO | DONE | Pers_Id=1222042 | 3.5s | NESSUN_RISULTATO | specialita=N/D | cv=NO | cv_review=0
2026-09-03 15:41:42 | INFO | SEARCH QUERY | Pers_Id=950077 | numero=1 | q="MARIA GIULIA ABATE" medico "MONZA"
2026-09-03 15:41:44 | INFO | SEARCH API OK | serper | "MARIA GIULIA ABATE" medico "MONZA" | 7 risultati
2026-09-03 15:41:44 | INFO | RECOVERY IDENTITY HIT | Pers_Id=950077 | score=290 | reason=identità esatta, segnale professionale, disambiguazione=90, geo compatibile | url=https://it.linkedin.com/in/maria-giulia-abate-0140a6200
2026-09-03 15:41:44 | INFO | SEARCH EARLY-STOP CHECK | Pers_Id=950077 | query=1 | stop=False | reason=nessuna evidenza forte
2026-09-03 15:41:44 | INFO | SEARCH QUERY | Pers_Id=950077 | numero=2 | q="MARIA GIULIA ABATE" medico specialista ospedale
2026-09-03 15:41:45 | INFO | SEARCH API OK | serper | "MARIA GIULIA ABATE" medico specialista ospedale | 1 risultati
2026-09-03 15:41:45 | INFO | RECOVERY IDENTITY HIT | Pers_Id=950077 | score=290 | reason=identità esatta, segnale professionale, disambiguazione=90, geo compatibile | url=https://it.linkedin.com/in/maria-giulia-abate-0140a6200
2026-09-03 15:41:45 | INFO | SEARCH EARLY-STOP CHECK | Pers_Id=950077 | query=2 | stop=False | reason=nessuna evidenza forte
2026-09-03 15:41:46 | INFO | SELECTIVE THIRD CHECK | Pers_Id=950077 | allowed=True | reason=relevant: identità forte, specialità irrisolta | relevant_hits=4 | recovery_identity_hits=1
2026-09-03 15:41:46 | INFO | SEARCH SELECTIVE THIRD QUERY | Pers_Id=950077 | q="MARIA GIULIA ABATE" "MONZA" (neurologo OR fisiatra OR chirurgo OR cardiologo OR pediatra OR psichiatra OR ortopedico OR ginecologo OR dermatologo OR anestesista OR specialista)
2026-09-03 15:41:48 | INFO | SEARCH API OK | serper | "MARIA GIULIA ABATE" "MONZA" (neurologo OR fisiatra OR chirurgo OR cardiologo OR pediatra OR psichiatra OR ortopedico OR ginecologo OR dermatologo OR anestesista OR specialista) | 6 risultati
2026-09-03 15:41:48 | INFO | RECOVERY IDENTITY HIT | Pers_Id=950077 | score=290 | reason=identità esatta, segnale professionale, disambiguazione=90, geo compatibile | url=https://it.linkedin.com/in/maria-giulia-abate-0140a6200
2026-09-03 15:41:48 | INFO | RECOVERY IDENTITY HIT | Pers_Id=950077 | score=360 | reason=identità esatta, directory professionale, segnale professionale, disambiguazione=90, geo compatibile | url=https://www.doctolib.it/anestesista/monza/maria-giulia-abate
2026-09-03 15:41:49 | INFO | RECOVERY PAGE PROMOTED | Pers_Id=950077 | reason=città esatta nella pagina | url=https://www.doctolib.it/anestesista/monza/maria-giulia-abate
2026-09-03 15:41:49 | INFO | CV SEARCH GATE | Pers_Id=950077 | mode=targeted | allowed=True | reason=fonte sanitaria forte | existing_cv=True
2026-09-03 15:41:49 | INFO | HIT SUMMARY | Pers_Id=950077 | standard_query=2 | recovery_query=1 | selective_third=1 | specialty_total=3 | cv_query=0 | grezzi=8 | rilevanti=5 | recovery_identity=2 | provider={'serper': 78, 'brave': 0}
2026-09-03 15:41:49 | INFO | CV DOWNLOAD FALLITO | Pers_Id=950077 | url=https://www.irccs-sangerardo.it/documents/492169/0/cit.pdf/99af11de-a82c-794e-4261-572e9b4d08a0
2026-09-03 15:41:52 | INFO | LANDING SCARTATA | Pers_Id=950077 | pagina senza testo | https://www.irccs-sangerardo.it/terapia-intensiva-a-indirizzo-neurologico-neurochirurgico
2026-09-03 15:41:53 | INFO | DONE | Pers_Id=950077 | 11.1s | SPECIALITA_TROVATA | specialita=Anestesia e Rianimazione | cv=NO | cv_review=0
2026-09-03 15:41:53 | INFO | SEARCH QUERY | Pers_Id=1189072 | numero=1 | q="MATTEO ABATE" medico "Alcamo"
2026-09-03 15:41:55 | INFO | SEARCH API OK | serper | "MATTEO ABATE" medico "Alcamo" | 2 risultati
2026-09-03 15:41:55 | INFO | SEARCH QUERY | Pers_Id=1189072 | numero=2 | q="MATTEO ABATE" medico specialista ospedale
2026-09-03 15:41:56 | INFO | SEARCH API OK | serper | "MATTEO ABATE" medico specialista ospedale | 8 risultati
2026-09-03 15:41:56 | INFO | SELECTIVE THIRD CHECK | Pers_Id=1189072 | allowed=False | reason=nessun hit rilevante | relevant_hits=0 | recovery_identity_hits=0
2026-09-03 15:41:56 | INFO | HIT SUMMARY | Pers_Id=1189072 | standard_query=2 | recovery_query=0 | selective_third=0 | specialty_total=2 | cv_query=0 | grezzi=8 | rilevanti=0 | recovery_identity=0 | provider={'serper': 80, 'brave': 0}
2026-09-03 15:41:56 | INFO | DONE | Pers_Id=1189072 | 2.8s | NESSUN_RISULTATO | specialita=N/D | cv=NO | cv_review=0
2026-09-03 15:41:56 | INFO | SEARCH QUERY | Pers_Id=306924 | numero=1 | q="ORNELLA ABATE" medico "Avellino"
2026-09-03 15:41:57 | INFO | SEARCH API OK | serper | "ORNELLA ABATE" medico "Avellino" | 8 risultati
2026-09-03 15:41:57 | INFO | RECOVERY IDENTITY HIT | Pers_Id=306924 | score=165 | reason=identità esatta, segnale professionale | url=https://it.linkedin.com/in/ornella-abate-ba729472
2026-09-03 15:41:57 | INFO | SEARCH QUERY | Pers_Id=306924 | numero=2 | q="ORNELLA ABATE" medico specialista ospedale
2026-09-03 15:41:59 | INFO | SEARCH API OK | serper | "ORNELLA ABATE" medico specialista ospedale | 7 risultati
2026-09-03 15:41:59 | INFO | RECOVERY IDENTITY HIT | Pers_Id=306924 | score=165 | reason=identità esatta, segnale professionale | url=https://it.linkedin.com/in/ornella-abate-ba729472
2026-09-03 15:41:59 | INFO | SEARCH EARLY-STOP CHECK | Pers_Id=306924 | query=2 | stop=False | reason=nessuna evidenza forte
2026-09-03 15:42:00 | INFO | SELECTIVE THIRD CHECK | Pers_Id=306924 | allowed=True | reason=relevant: identità forte, specialità irrisolta | relevant_hits=2 | recovery_identity_hits=1
2026-09-03 15:42:00 | INFO | SEARCH SELECTIVE THIRD QUERY | Pers_Id=306924 | q="ORNELLA ABATE" "Avellino" (neurologo OR fisiatra OR chirurgo OR cardiologo OR pediatra OR psichiatra OR ortopedico OR ginecologo OR dermatologo OR anestesista OR specialista)
2026-09-03 15:42:03 | INFO | SEARCH API OK | serper | "ORNELLA ABATE" "Avellino" (neurologo OR fisiatra OR chirurgo OR cardiologo OR pediatra OR psichiatra OR ortopedico OR ginecologo OR dermatologo OR anestesista OR specialista) | 8 risultati
2026-09-03 15:42:03 | INFO | RECOVERY IDENTITY HIT | Pers_Id=306924 | score=165 | reason=identità esatta, segnale professionale | url=https://it.linkedin.com/in/ornella-abate-ba729472
2026-09-03 15:42:03 | INFO | CV SEARCH GATE | Pers_Id=306924 | mode=targeted | allowed=False | reason=nessuna identità professionale abbastanza forte | existing_cv=True
2026-09-03 15:42:03 | INFO | HIT SUMMARY | Pers_Id=306924 | standard_query=2 | recovery_query=1 | selective_third=1 | specialty_total=3 | cv_query=0 | grezzi=19 | rilevanti=2 | recovery_identity=1 | provider={'serper': 83, 'brave': 0}
2026-09-03 15:42:06 | INFO | CV CANDIDATO ANALIZZATO | Pers_Id=306924 | formato=.html | estrazione=html | chars=9036 | url=https://amamedis.it/cv-ornellaabate
2026-09-03 15:42:06 | INFO | CV SCARTATO | Pers_Id=306924 | formato=.html | motivo=Documento non sufficientemente compatibile con un CV. | url=https://amamedis.it/cv-ornellaabate
2026-09-03 15:42:09 | INFO | SPECIALTY GEO REJECT | Pers_Id=306924 | stage=landing | reason=supporto geografico insufficiente | url=https://amamedis.it/cv-ornellaabate
2026-09-03 15:42:11 | INFO | CV LINK LANDING | Pers_Id=306924 | score=320 | formato=html | label=Vai al contenuto | url=https://amamedis.it/cv-ornellaabate#content
2026-09-03 15:42:11 | INFO | CV LINK LANDING | Pers_Id=306924 | score=320 | formato=.doc | label=Scarica curriculum | url=https://amamedis.it/wp-content/uploads/2021/02/CV-formato-europeo-ornella.doc
2026-09-03 15:42:18 | INFO | CV CANDIDATO ANALIZZATO | Pers_Id=306924 | formato=.doc | estrazione=word-com | chars=9061 | url=https://amamedis.it/wp-content/uploads/2021/02/CV-formato-europeo-ornella.doc
2026-09-03 15:42:18 | INFO | CV VERIFICATO | Pers_Id=306924 | formato=.doc | estrazione=word-com | confidenza=media | file=C:\Dev\Niko\scriptRicerca\cv_medici\306924-ABATE-ORNELLA.doc | url=https://amamedis.it/wp-content/uploads/2021/02/CV-formato-europeo-ornella.doc
2026-09-03 15:42:18 | INFO | SPECIALTY GEO REJECT | Pers_Id=306924 | stage=serp | reason=supporto geografico insufficiente | url=https://amamedis.it/cv-ornellaabate
2026-09-03 15:42:18 | INFO | SPECIALTY GEO REJECT | Pers_Id=306924 | stage=serp | reason=profilo strutturato senza città coerente | url=https://www.miodottore.it/profilo/ornella-abate
2026-09-03 15:42:18 | INFO | DONE | Pers_Id=306924 | 22.3s | CV_TROVATO_SPECIALITA_DA_VERIFICARE | specialita=N/D | cv=SI | cv_review=0
2026-09-03 15:42:18 | INFO | PROGRESS | 35/40 | 6.50 medici/min | ETA 0.8 min | {'DA_VERIFICARE': 6, 'SPECIALITA_TROVATA': 9, 'NESSUN_RISULTATO': 19, 'CV_TROVATO_SPECIALITA_DA_VERIFICARE': 1} | API={'serper': 83, 'brave': 0}
2026-09-03 15:42:18 | INFO | SEARCH QUERY | Pers_Id=1784607 | numero=1 | q="RAFFAELA ABATE" medico "MERCATO SAN SEVERINO"
2026-09-03 15:42:22 | INFO | SEARCH API OK | serper | "RAFFAELA ABATE" medico "MERCATO SAN SEVERINO" | 0 risultati
2026-09-03 15:42:22 | INFO | SEARCH QUERY | Pers_Id=1784607 | numero=2 | q="RAFFAELA ABATE" medico specialista ospedale
2026-09-03 15:42:23 | INFO | SEARCH API OK | serper | "RAFFAELA ABATE" medico specialista ospedale | 7 risultati
2026-09-03 15:42:24 | INFO | SELECTIVE THIRD CHECK | Pers_Id=1784607 | allowed=False | reason=nessun hit rilevante | relevant_hits=0 | recovery_identity_hits=0
2026-09-03 15:42:24 | INFO | HIT SUMMARY | Pers_Id=1784607 | standard_query=2 | recovery_query=0 | selective_third=0 | specialty_total=2 | cv_query=0 | grezzi=7 | rilevanti=0 | recovery_identity=0 | provider={'serper': 85, 'brave': 0}
2026-09-03 15:42:24 | INFO | DONE | Pers_Id=1784607 | 5.3s | NESSUN_RISULTATO | specialita=N/D | cv=NO | cv_review=0
2026-09-03 15:42:24 | INFO | SEARCH QUERY | Pers_Id=2162964 | numero=1 | q="ROBERTA ABATE" medico "Andria"
2026-09-03 15:42:25 | INFO | SEARCH API OK | serper | "ROBERTA ABATE" medico "Andria" | 1 risultati
2026-09-03 15:42:25 | INFO | SEARCH QUERY | Pers_Id=2162964 | numero=2 | q="ROBERTA ABATE" medico specialista ospedale
2026-09-03 15:42:27 | INFO | SEARCH API OK | serper | "ROBERTA ABATE" medico specialista ospedale | 8 risultati
2026-09-03 15:42:27 | INFO | SELECTIVE THIRD CHECK | Pers_Id=2162964 | allowed=False | reason=nessun hit rilevante | relevant_hits=0 | recovery_identity_hits=0
2026-09-03 15:42:27 | INFO | HIT SUMMARY | Pers_Id=2162964 | standard_query=2 | recovery_query=0 | selective_third=0 | specialty_total=2 | cv_query=0 | grezzi=8 | rilevanti=0 | recovery_identity=0 | provider={'serper': 87, 'brave': 0}
2026-09-03 15:42:27 | INFO | DONE | Pers_Id=2162964 | 3.3s | NESSUN_RISULTATO | specialita=N/D | cv=NO | cv_review=0
2026-09-03 15:42:27 | INFO | SEARCH QUERY | Pers_Id=1189835 | numero=1 | q="SARA ABATE" medico "CALCINATO"
2026-09-03 15:42:29 | INFO | SEARCH API OK | serper | "SARA ABATE" medico "CALCINATO" | 8 risultati
2026-09-03 15:42:29 | INFO | SEARCH EARLY-STOP CHECK | Pers_Id=1189835 | query=1 | stop=True | reason=evidenza forte strutturata
2026-09-03 15:42:29 | INFO | SELECTIVE THIRD CHECK | Pers_Id=1189835 | allowed=False | reason=specialità già forte | relevant_hits=3 | recovery_identity_hits=0
2026-09-03 15:42:29 | INFO | CV SEARCH GATE | Pers_Id=1189835 | mode=targeted | allowed=True | reason=profilo professionale strutturato | existing_cv=False
2026-09-03 15:42:29 | INFO | CV SEARCH QUERY | Pers_Id=1189835 | q="SARA ABATE" curriculum OR "curriculum vitae" medico "CALCINATO"
2026-09-03 15:42:30 | INFO | SEARCH API OK | serper | "SARA ABATE" curriculum OR "curriculum vitae" medico "CALCINATO" | 6 risultati
2026-09-03 15:42:30 | INFO | HIT SUMMARY | Pers_Id=1189835 | standard_query=1 | recovery_query=0 | selective_third=0 | specialty_total=2 | cv_query=1 | grezzi=8 | rilevanti=3 | recovery_identity=0 | provider={'serper': 89, 'brave': 0}
2026-09-03 15:42:33 | INFO | DONE | Pers_Id=1189835 | 6.6s | SPECIALITA_TROVATA | specialita=Medicina Generale | cv=NO | cv_review=0
2026-09-03 15:42:33 | INFO | SEARCH QUERY | Pers_Id=2806596 | numero=1 | q="SEBASTIANO ABATE" medico "Treviso"
2026-09-03 15:42:35 | INFO | SEARCH API OK | serper | "SEBASTIANO ABATE" medico "Treviso" | 4 risultati
2026-09-03 15:42:35 | INFO | SEARCH QUERY | Pers_Id=2806596 | numero=2 | q="SEBASTIANO ABATE" medico specialista ospedale
2026-09-03 15:42:36 | INFO | SEARCH API OK | serper | "SEBASTIANO ABATE" medico specialista ospedale | 2 risultati
2026-09-03 15:42:36 | INFO | SELECTIVE THIRD CHECK | Pers_Id=2806596 | allowed=False | reason=nessun hit rilevante | relevant_hits=0 | recovery_identity_hits=0
2026-09-03 15:42:36 | INFO | HIT SUMMARY | Pers_Id=2806596 | standard_query=2 | recovery_query=0 | selective_third=0 | specialty_total=2 | cv_query=0 | grezzi=6 | rilevanti=0 | recovery_identity=0 | provider={'serper': 91, 'brave': 0}
2026-09-03 15:42:36 | INFO | DONE | Pers_Id=2806596 | 2.7s | NESSUN_RISULTATO | specialita=N/D | cv=NO | cv_review=0
2026-09-03 15:42:36 | INFO | SEARCH QUERY | Pers_Id=2162966 | numero=1 | q="VERONICA ABATE" medico "Napoli"
2026-09-03 15:42:38 | INFO | SEARCH API OK | serper | "VERONICA ABATE" medico "Napoli" | 8 risultati
2026-09-03 15:42:38 | INFO | RECOVERY IDENTITY HIT | Pers_Id=2162966 | score=360 | reason=identità esatta, directory professionale, segnale professionale, disambiguazione=90, geo compatibile | url=https://www.miodottore.it/profilo/veronica-abate
2026-09-03 15:42:38 | INFO | SEARCH EARLY-STOP CHECK | Pers_Id=2162966 | query=1 | stop=False | reason=nessuna evidenza forte
2026-09-03 15:42:38 | INFO | SEARCH QUERY | Pers_Id=2162966 | numero=2 | q="VERONICA ABATE" medico specialista ospedale
2026-09-03 15:42:39 | INFO | SEARCH API OK | serper | "VERONICA ABATE" medico specialista ospedale | 7 risultati
2026-09-03 15:42:39 | INFO | RECOVERY IDENTITY HIT | Pers_Id=2162966 | score=360 | reason=identità esatta, directory professionale, segnale professionale, disambiguazione=90, geo compatibile | url=https://www.miodottore.it/profilo/veronica-abate
2026-09-03 15:42:39 | INFO | SEARCH EARLY-STOP CHECK | Pers_Id=2162966 | query=2 | stop=False | reason=nessuna evidenza forte
2026-09-03 15:42:41 | INFO | RECOVERY PAGE PROMOTED | Pers_Id=2162966 | reason=città esatta nella pagina | url=https://www.miodottore.it/profilo/veronica-abate
2026-09-03 15:42:41 | INFO | SELECTIVE THIRD CHECK | Pers_Id=2162966 | allowed=False | reason=conflitto specialistico già presente | relevant_hits=3 | recovery_identity_hits=1
2026-09-03 15:42:41 | INFO | CV SEARCH GATE | Pers_Id=2162966 | mode=targeted | allowed=True | reason=profilo professionale strutturato | existing_cv=False
2026-09-03 15:42:41 | INFO | CV SEARCH QUERY | Pers_Id=2162966 | q="VERONICA ABATE" curriculum OR "curriculum vitae" medico "Napoli"
2026-09-03 15:42:43 | INFO | SEARCH API OK | serper | "VERONICA ABATE" curriculum OR "curriculum vitae" medico "Napoli" | 4 risultati
2026-09-03 15:42:43 | INFO | HIT SUMMARY | Pers_Id=2162966 | standard_query=2 | recovery_query=0 | selective_third=0 | specialty_total=3 | cv_query=1 | grezzi=13 | rilevanti=3 | recovery_identity=1 | provider={'serper': 94, 'brave': 0}
2026-09-03 15:42:44 | INFO | LANDING SCARTATA | Pers_Id=2162966 | ruolo incompatibile vicino al nome: possibile omonimo | https://www.doctolib.it/biologo-nutrizionista/thiene/veronica-abate
2026-09-03 15:42:45 | INFO | LANDING SCARTATA | Pers_Id=2162966 | pagina senza testo | https://bt.maptons.com/p/7658093750
2026-09-03 15:42:45 | INFO | DONE | Pers_Id=2162966 | 8.8s | DA_VERIFICARE | specialita=N/D | cv=NO | cv_review=0
2026-09-03 15:43:04 | INFO | CHECKPOINT | 40/40 | C:\Dev\Niko\scriptRicerca\output\risultatiMedici.xlsx
2026-09-03 15:43:04 | INFO | PROGRESS | 40/40 | 6.50 medici/min | ETA 0.0 min | {'DA_VERIFICARE': 7, 'SPECIALITA_TROVATA': 10, 'NESSUN_RISULTATO': 22, 'CV_TROVATO_SPECIALITA_DA_VERIFICARE': 1} | API={'serper': 94, 'brave': 0}
2026-09-03 15:43:24 | INFO | ==============================================================================
2026-09-03 15:43:24 | INFO | FINE | 6.5 min | {'DA_VERIFICARE': 7, 'SPECIALITA_TROVATA': 10, 'NESSUN_RISULTATO': 22, 'CV_TROVATO_SPECIALITA_DA_VERIFICARE': 1}
2026-09-03 15:43:24 | INFO | API REQUESTS | totale=94 | {'serper': 94, 'brave': 0}
2026-09-03 15:43:24 | INFO | OUTPUT | C:\Dev\Niko\scriptRicerca\output\risultatiMedici.xlsx
2026-09-03 15:43:24 | INFO | ==============================================================================
