2026-09-03 11:44:26 | INFO | ==============================================================================
2026-09-03 11:44:26 | INFO | V5.1 MEDICI - SELECTIVE THIRD QUERY + FINAL GEO GUARD
2026-09-03 11:44:26 | INFO | Input: C:\Dev\Niko\scriptRicerca\input\scriptMedici.xlsx
2026-09-03 11:44:26 | INFO | Output: C:\Dev\Niko\scriptRicerca\output\risultatiMedici.xlsx
2026-09-03 11:44:26 | INFO | Provider: serper
2026-09-03 11:44:26 | INFO | Deep: False
2026-09-03 11:44:26 | INFO | Search results: 8
2026-09-03 11:44:26 | INFO | Max searches/persona: 3 (+1 con --deep)
2026-09-03 11:44:26 | INFO | Delay: 0.1 - 0.3 sec
2026-09-03 11:44:26 | INFO | CV sicuri dir: C:\Dev\Niko\scriptRicerca\cv_medici
2026-09-03 11:44:26 | INFO | CV da verificare dir: C:\Dev\Niko\scriptRicerca\cv_medici_da_verificare
2026-09-03 11:44:26 | INFO | Cache dir: C:\Dev\Niko\scriptRicerca\cache_medici
2026-09-03 11:44:26 | INFO | Log: logs\run_medici_20260903_114332.log
2026-09-03 11:44:26 | INFO | ==============================================================================
2026-09-03 11:44:27 | INFO | Medici da elaborare: 40
2026-09-03 11:44:27 | INFO | SEARCH QUERY | Pers_Id=2467194 | numero=1 | q="YASAMIN AAZAM RAHIMIAN" medico "BOLOGNA"
2026-09-03 11:44:28 | INFO | SEARCH API OK | serper | "YASAMIN AAZAM RAHIMIAN" medico "BOLOGNA" | 3 risultati
2026-09-03 11:44:28 | INFO | SEARCH EARLY-STOP CHECK | Pers_Id=2467194 | query=1 | stop=False | reason=nessuna evidenza forte
2026-09-03 11:44:28 | INFO | SEARCH QUERY | Pers_Id=2467194 | numero=2 | q="YASAMIN AAZAM RAHIMIAN" medico specialista ospedale
2026-09-03 11:44:30 | INFO | SEARCH API OK | serper | "YASAMIN AAZAM RAHIMIAN" medico specialista ospedale | 2 risultati
2026-09-03 11:44:30 | INFO | SEARCH EARLY-STOP CHECK | Pers_Id=2467194 | query=2 | stop=False | reason=nessuna evidenza forte
2026-09-03 11:44:30 | INFO | SELECTIVE THIRD CHECK | Pers_Id=2467194 | allowed=False | reason=identità professionale non abbastanza forte
2026-09-03 11:44:30 | INFO | CV SEARCH GATE | Pers_Id=2467194 | mode=targeted | allowed=False | reason=nessuna identità professionale abbastanza forte | existing_cv=False
2026-09-03 11:44:30 | INFO | HIT SUMMARY | Pers_Id=2467194 | query=2 | recovery=0 | selective_third=0 | cv_query=0 | grezzi=4 | rilevanti=1 | provider={'serper': 2, 'brave': 0}
2026-09-03 11:44:35 | INFO | DONE | Pers_Id=2467194 | 8.3s | DA_VERIFICARE | specialita=N/D | cv=NO | cv_review=0
2026-09-03 11:44:35 | INFO | SEARCH QUERY | Pers_Id=2606079 | numero=1 | q="ERNESTO MARTIN ABAD AGUIAR" medico "Nuoro"
2026-09-03 11:44:36 | INFO | SEARCH API OK | serper | "ERNESTO MARTIN ABAD AGUIAR" medico "Nuoro" | 8 risultati
2026-09-03 11:44:36 | INFO | SEARCH EARLY-STOP CHECK | Pers_Id=2606079 | query=1 | stop=True | reason=evidenza forte strutturata
2026-09-03 11:44:36 | INFO | SELECTIVE THIRD CHECK | Pers_Id=2606079 | allowed=False | reason=specialità già forte
2026-09-03 11:44:36 | INFO | CV SEARCH GATE | Pers_Id=2606079 | mode=targeted | allowed=True | reason=profilo professionale strutturato | existing_cv=False
2026-09-03 11:44:36 | INFO | CV SEARCH QUERY | Pers_Id=2606079 | q="ERNESTO MARTIN ABAD AGUIAR" curriculum OR "curriculum vitae" medico "Nuoro"
2026-09-03 11:44:38 | INFO | SEARCH API OK | serper | "ERNESTO MARTIN ABAD AGUIAR" curriculum OR "curriculum vitae" medico "Nuoro" | 8 risultati
2026-09-03 11:44:38 | INFO | HIT SUMMARY | Pers_Id=2606079 | query=2 | recovery=0 | selective_third=0 | cv_query=1 | grezzi=8 | rilevanti=3 | provider={'serper': 4, 'brave': 0}
2026-09-03 11:44:42 | INFO | SPECIALTY GEO REJECT | Pers_Id=2606079 | stage=landing | reason=profilo strutturato senza città coerente | url=https://www.miodottore.it/profilo/ernesto-martin-abad-aguiar
2026-09-03 11:44:43 | INFO | SPECIALTY GEO REJECT | Pers_Id=2606079 | stage=serp | reason=profilo strutturato senza città coerente | url=https://www.miodottore.it/profilo/ernesto-martin-abad-aguiar
2026-09-03 11:44:43 | INFO | DONE | Pers_Id=2606079 | 8.0s | SPECIALITA_TROVATA | specialita=Medicina Generale | cv=NO | cv_review=0
2026-09-03 11:44:43 | INFO | SEARCH QUERY | Pers_Id=2606149 | numero=1 | q="CHIARA ABAGNALE" medico "San felice Circeo"
2026-09-03 11:44:44 | INFO | SEARCH API OK | serper | "CHIARA ABAGNALE" medico "San felice Circeo" | 2 risultati
2026-09-03 11:44:44 | INFO | SEARCH QUERY | Pers_Id=2606149 | numero=2 | q="CHIARA ABAGNALE" medico specialista ospedale
2026-09-03 11:44:46 | INFO | SEARCH API OK | serper | "CHIARA ABAGNALE" medico specialista ospedale | 8 risultati
2026-09-03 11:44:46 | INFO | SELECTIVE THIRD CHECK | Pers_Id=2606149 | allowed=False | reason=nessun hit rilevante
2026-09-03 11:44:46 | INFO | HIT SUMMARY | Pers_Id=2606149 | query=2 | recovery=0 | selective_third=0 | cv_query=0 | grezzi=10 | rilevanti=0 | provider={'serper': 6, 'brave': 0}
2026-09-03 11:44:46 | INFO | DONE | Pers_Id=2606149 | 3.3s | NESSUN_RISULTATO | specialita=N/D | cv=NO | cv_review=0
2026-09-03 11:44:46 | INFO | SEARCH QUERY | Pers_Id=2744181 | numero=1 | q="FEDERICA ABAGNALE" medico "Napoli"
2026-09-03 11:44:48 | INFO | SEARCH API OK | serper | "FEDERICA ABAGNALE" medico "Napoli" | 2 risultati
2026-09-03 11:44:48 | INFO | SEARCH QUERY | Pers_Id=2744181 | numero=2 | q="FEDERICA ABAGNALE" medico specialista ospedale
2026-09-03 11:44:50 | INFO | SEARCH API OK | serper | "FEDERICA ABAGNALE" medico specialista ospedale | 0 risultati
2026-09-03 11:44:50 | INFO | SELECTIVE THIRD CHECK | Pers_Id=2744181 | allowed=False | reason=nessun hit rilevante
2026-09-03 11:44:50 | INFO | HIT SUMMARY | Pers_Id=2744181 | query=2 | recovery=0 | selective_third=0 | cv_query=0 | grezzi=2 | rilevanti=0 | provider={'serper': 8, 'brave': 0}
2026-09-03 11:44:50 | INFO | DONE | Pers_Id=2744181 | 3.3s | NESSUN_RISULTATO | specialita=N/D | cv=NO | cv_review=0
2026-09-03 11:44:50 | INFO | SEARCH QUERY | Pers_Id=2744182 | numero=1 | q="GIOVANNA ABAGNALE" medico "Napoli"
2026-09-03 11:44:52 | INFO | SEARCH API OK | serper | "GIOVANNA ABAGNALE" medico "Napoli" | 5 risultati
2026-09-03 11:44:52 | INFO | SEARCH QUERY | Pers_Id=2744182 | numero=2 | q="GIOVANNA ABAGNALE" medico specialista ospedale
2026-09-03 11:44:54 | INFO | SEARCH API OK | serper | "GIOVANNA ABAGNALE" medico specialista ospedale | 0 risultati
2026-09-03 11:44:54 | INFO | SELECTIVE THIRD CHECK | Pers_Id=2744182 | allowed=False | reason=nessun hit rilevante
2026-09-03 11:44:54 | INFO | HIT SUMMARY | Pers_Id=2744182 | query=2 | recovery=0 | selective_third=0 | cv_query=0 | grezzi=5 | rilevanti=0 | provider={'serper': 10, 'brave': 0}
2026-09-03 11:44:54 | INFO | DONE | Pers_Id=2744182 | 4.4s | NESSUN_RISULTATO | specialita=N/D | cv=NO | cv_review=0
2026-09-03 11:44:54 | INFO | PROGRESS | 5/40 | 10.91 medici/min | ETA 3.2 min | {'DA_VERIFICARE': 1, 'SPECIALITA_TROVATA': 1, 'NESSUN_RISULTATO': 3} | API={'serper': 10, 'brave': 0}
2026-09-03 11:44:54 | INFO | SEARCH QUERY | Pers_Id=359717 | numero=1 | q="GIUSEPPE ABAGNALE" medico "GRAGNANO"
2026-09-03 11:44:56 | INFO | SEARCH API OK | serper | "GIUSEPPE ABAGNALE" medico "GRAGNANO" | 8 risultati
2026-09-03 11:44:56 | INFO | SEARCH EARLY-STOP CHECK | Pers_Id=359717 | query=1 | stop=True | reason=evidenza forte strutturata
2026-09-03 11:44:56 | INFO | SELECTIVE THIRD CHECK | Pers_Id=359717 | allowed=False | reason=specialità già forte
2026-09-03 11:44:56 | INFO | CV SEARCH GATE | Pers_Id=359717 | mode=targeted | allowed=True | reason=profilo professionale strutturato | existing_cv=False
2026-09-03 11:44:56 | INFO | CV SEARCH QUERY | Pers_Id=359717 | q="GIUSEPPE ABAGNALE" curriculum OR "curriculum vitae" medico "GRAGNANO"
2026-09-03 11:44:57 | INFO | SEARCH API OK | serper | "GIUSEPPE ABAGNALE" curriculum OR "curriculum vitae" medico "GRAGNANO" | 1 risultati
2026-09-03 11:44:57 | INFO | HIT SUMMARY | Pers_Id=359717 | query=2 | recovery=0 | selective_third=0 | cv_query=1 | grezzi=8 | rilevanti=1 | provider={'serper': 12, 'brave': 0}
2026-09-03 11:44:59 | INFO | DONE | Pers_Id=359717 | 4.6s | SPECIALITA_TROVATA | specialita=Medicina Generale | cv=NO | cv_review=0
2026-09-03 11:44:59 | INFO | SEARCH QUERY | Pers_Id=2606156 | numero=1 | q="LUCIA ABAGNALE" medico "Santa Maria la Carità"
2026-09-03 11:45:00 | INFO | SEARCH API OK | serper | "LUCIA ABAGNALE" medico "Santa Maria la Carità" | 0 risultati
2026-09-03 11:45:00 | INFO | SEARCH QUERY | Pers_Id=2606156 | numero=2 | q="LUCIA ABAGNALE" medico specialista ospedale
2026-09-03 11:45:03 | INFO | SEARCH API OK | serper | "LUCIA ABAGNALE" medico specialista ospedale | 1 risultati
2026-09-03 11:45:03 | INFO | SELECTIVE THIRD CHECK | Pers_Id=2606156 | allowed=False | reason=nessun hit rilevante
2026-09-03 11:45:03 | INFO | HIT SUMMARY | Pers_Id=2606156 | query=2 | recovery=0 | selective_third=0 | cv_query=0 | grezzi=1 | rilevanti=0 | provider={'serper': 14, 'brave': 0}
2026-09-03 11:45:03 | INFO | DONE | Pers_Id=2606156 | 4.2s | NESSUN_RISULTATO | specialita=N/D | cv=NO | cv_review=0
2026-09-03 11:45:03 | INFO | SEARCH QUERY | Pers_Id=1188728 | numero=1 | q="CHIARA ABALOTTI" medico "CORNEDO VICENTINO"
2026-09-03 11:45:05 | INFO | SEARCH API OK | serper | "CHIARA ABALOTTI" medico "CORNEDO VICENTINO" | 8 risultati
2026-09-03 11:45:05 | INFO | SEARCH EARLY-STOP CHECK | Pers_Id=1188728 | query=1 | stop=True | reason=evidenza forte strutturata
2026-09-03 11:45:05 | INFO | SELECTIVE THIRD CHECK | Pers_Id=1188728 | allowed=False | reason=specialità già forte
2026-09-03 11:45:05 | INFO | CV SEARCH GATE | Pers_Id=1188728 | mode=targeted | allowed=True | reason=profilo professionale strutturato | existing_cv=False
2026-09-03 11:45:05 | INFO | CV SEARCH QUERY | Pers_Id=1188728 | q="CHIARA ABALOTTI" curriculum OR "curriculum vitae" medico "CORNEDO VICENTINO"
2026-09-03 11:45:06 | INFO | SEARCH API OK | serper | "CHIARA ABALOTTI" curriculum OR "curriculum vitae" medico "CORNEDO VICENTINO" | 8 risultati
2026-09-03 11:45:06 | INFO | HIT SUMMARY | Pers_Id=1188728 | query=2 | recovery=0 | selective_third=0 | cv_query=1 | grezzi=8 | rilevanti=2 | provider={'serper': 16, 'brave': 0}
2026-09-03 11:45:10 | INFO | DONE | Pers_Id=1188728 | 6.9s | SPECIALITA_TROVATA | specialita=Chirurgia Generale | cv=NO | cv_review=0
2026-09-03 11:45:10 | INFO | SEARCH QUERY | Pers_Id=436708 | numero=1 | q="MARIA VITTORIA ABALSAMO" medico "ROMA"
2026-09-03 11:45:11 | INFO | SEARCH API OK | serper | "MARIA VITTORIA ABALSAMO" medico "ROMA" | 8 risultati
2026-09-03 11:45:11 | INFO | SEARCH EARLY-STOP CHECK | Pers_Id=436708 | query=1 | stop=True | reason=evidenza forte strutturata
2026-09-03 11:45:11 | INFO | SELECTIVE THIRD CHECK | Pers_Id=436708 | allowed=False | reason=specialità già forte
2026-09-03 11:45:11 | INFO | CV SEARCH GATE | Pers_Id=436708 | mode=targeted | allowed=True | reason=profilo professionale strutturato | existing_cv=False
2026-09-03 11:45:11 | INFO | CV SEARCH QUERY | Pers_Id=436708 | q="MARIA VITTORIA ABALSAMO" curriculum OR "curriculum vitae" medico "ROMA"
2026-09-03 11:45:13 | INFO | SEARCH API OK | serper | "MARIA VITTORIA ABALSAMO" curriculum OR "curriculum vitae" medico "ROMA" | 3 risultati
2026-09-03 11:45:13 | INFO | HIT SUMMARY | Pers_Id=436708 | query=2 | recovery=0 | selective_third=0 | cv_query=1 | grezzi=8 | rilevanti=2 | provider={'serper': 18, 'brave': 0}
2026-09-03 11:45:17 | INFO | DONE | Pers_Id=436708 | 6.7s | SPECIALITA_TROVATA | specialita=Medicina Generale | cv=NO | cv_review=0
2026-09-03 11:45:17 | INFO | SEARCH QUERY | Pers_Id=1219520 | numero=1 | q="MARIA ABASCHINA" medico "MONTELUPONE"
2026-09-03 11:45:18 | INFO | SEARCH API OK | serper | "MARIA ABASCHINA" medico "MONTELUPONE" | 2 risultati
2026-09-03 11:45:18 | INFO | SEARCH EARLY-STOP CHECK | Pers_Id=1219520 | query=1 | stop=True | reason=evidenza forte strutturata
2026-09-03 11:45:18 | INFO | SELECTIVE THIRD CHECK | Pers_Id=1219520 | allowed=False | reason=specialità già forte
2026-09-03 11:45:18 | INFO | CV SEARCH GATE | Pers_Id=1219520 | mode=targeted | allowed=True | reason=profilo professionale strutturato | existing_cv=False
2026-09-03 11:45:18 | INFO | CV SEARCH QUERY | Pers_Id=1219520 | q="MARIA ABASCHINA" curriculum OR "curriculum vitae" medico "MONTELUPONE"
2026-09-03 11:45:20 | INFO | SEARCH API OK | serper | "MARIA ABASCHINA" curriculum OR "curriculum vitae" medico "MONTELUPONE" | 2 risultati
2026-09-03 11:45:20 | INFO | HIT SUMMARY | Pers_Id=1219520 | query=2 | recovery=0 | selective_third=0 | cv_query=1 | grezzi=2 | rilevanti=1 | provider={'serper': 20, 'brave': 0}
2026-09-03 11:45:21 | INFO | DONE | Pers_Id=1219520 | 4.6s | SPECIALITA_TROVATA | specialita=Medicina Generale | cv=NO | cv_review=0
2026-09-03 11:45:47 | INFO | CHECKPOINT | 10/40 | C:\Dev\Niko\scriptRicerca\output\risultatiMedici.xlsx
2026-09-03 11:45:47 | INFO | PROGRESS | 10/40 | 7.46 medici/min | ETA 4.0 min | {'DA_VERIFICARE': 1, 'SPECIALITA_TROVATA': 5, 'NESSUN_RISULTATO': 4} | API={'serper': 20, 'brave': 0}
2026-09-03 11:45:47 | INFO | SEARCH QUERY | Pers_Id=1784532 | numero=1 | q="NATALIYA VOLODYMYRIVNA ABASKALOVA" medico "Grosseto"
2026-09-03 11:45:50 | INFO | SEARCH API OK | serper | "NATALIYA VOLODYMYRIVNA ABASKALOVA" medico "Grosseto" | 1 risultati
2026-09-03 11:45:50 | INFO | SEARCH QUERY | Pers_Id=1784532 | numero=2 | q="NATALIYA VOLODYMYRIVNA ABASKALOVA" medico specialista ospedale
2026-09-03 11:45:52 | INFO | SEARCH API OK | serper | "NATALIYA VOLODYMYRIVNA ABASKALOVA" medico specialista ospedale | 0 risultati
2026-09-03 11:45:52 | INFO | SELECTIVE THIRD CHECK | Pers_Id=1784532 | allowed=False | reason=nessun hit rilevante
2026-09-03 11:45:52 | INFO | HIT SUMMARY | Pers_Id=1784532 | query=2 | recovery=0 | selective_third=0 | cv_query=0 | grezzi=1 | rilevanti=0 | provider={'serper': 22, 'brave': 0}
2026-09-03 11:45:52 | INFO | DONE | Pers_Id=1784532 | 4.8s | NESSUN_RISULTATO | specialita=N/D | cv=NO | cv_review=0
2026-09-03 11:45:52 | INFO | SEARCH QUERY | Pers_Id=2806591 | numero=1 | q="GIULIO ABATANGELO" medico "Padova"
2026-09-03 11:45:53 | INFO | SEARCH API OK | serper | "GIULIO ABATANGELO" medico "Padova" | 3 risultati
2026-09-03 11:45:53 | INFO | SEARCH QUERY | Pers_Id=2806591 | numero=2 | q="GIULIO ABATANGELO" medico specialista ospedale
2026-09-03 11:45:55 | INFO | SEARCH API OK | serper | "GIULIO ABATANGELO" medico specialista ospedale | 1 risultati
2026-09-03 11:45:55 | INFO | SELECTIVE THIRD CHECK | Pers_Id=2806591 | allowed=False | reason=nessun hit rilevante
2026-09-03 11:45:55 | INFO | HIT SUMMARY | Pers_Id=2806591 | query=2 | recovery=0 | selective_third=0 | cv_query=0 | grezzi=3 | rilevanti=0 | provider={'serper': 24, 'brave': 0}
2026-09-03 11:45:55 | INFO | DONE | Pers_Id=2806591 | 3.0s | NESSUN_RISULTATO | specialita=N/D | cv=NO | cv_review=0
2026-09-03 11:45:55 | INFO | SEARCH QUERY | Pers_Id=2745192 | numero=1 | q="SILVIA ABATANGELO" medico "Prato"
2026-09-03 11:45:57 | INFO | SEARCH API OK | serper | "SILVIA ABATANGELO" medico "Prato" | 6 risultati
2026-09-03 11:45:57 | INFO | SEARCH QUERY | Pers_Id=2745192 | numero=2 | q="SILVIA ABATANGELO" medico specialista ospedale
2026-09-03 11:45:59 | INFO | SEARCH API OK | serper | "SILVIA ABATANGELO" medico specialista ospedale | 2 risultati
2026-09-03 11:45:59 | INFO | SELECTIVE THIRD CHECK | Pers_Id=2745192 | allowed=False | reason=nessun hit rilevante
2026-09-03 11:45:59 | INFO | HIT SUMMARY | Pers_Id=2745192 | query=2 | recovery=0 | selective_third=0 | cv_query=0 | grezzi=7 | rilevanti=0 | provider={'serper': 26, 'brave': 0}
2026-09-03 11:45:59 | INFO | DONE | Pers_Id=2745192 | 4.4s | NESSUN_RISULTATO | specialita=N/D | cv=NO | cv_review=0
2026-09-03 11:45:59 | INFO | SEARCH QUERY | Pers_Id=2607465 | numero=1 | q="ANDREA ABATE" medico "Milano"
2026-09-03 11:46:01 | INFO | SEARCH API OK | serper | "ANDREA ABATE" medico "Milano" | 8 risultati
2026-09-03 11:46:01 | INFO | SEARCH EARLY-STOP CHECK | Pers_Id=2607465 | query=1 | stop=False | reason=nessuna evidenza forte
2026-09-03 11:46:01 | INFO | SEARCH QUERY | Pers_Id=2607465 | numero=2 | q="ANDREA ABATE" medico specialista ospedale
2026-09-03 11:46:03 | INFO | SEARCH API OK | serper | "ANDREA ABATE" medico specialista ospedale | 8 risultati
2026-09-03 11:46:03 | INFO | SEARCH EARLY-STOP CHECK | Pers_Id=2607465 | query=2 | stop=False | reason=nessuna evidenza forte
2026-09-03 11:46:03 | INFO | SELECTIVE THIRD CHECK | Pers_Id=2607465 | allowed=False | reason=identità professionale non abbastanza forte
2026-09-03 11:46:03 | INFO | CV SEARCH GATE | Pers_Id=2607465 | mode=targeted | allowed=False | reason=nessuna identità professionale abbastanza forte | existing_cv=True
2026-09-03 11:46:03 | INFO | HIT SUMMARY | Pers_Id=2607465 | query=2 | recovery=0 | selective_third=0 | cv_query=0 | grezzi=14 | rilevanti=3 | provider={'serper': 28, 'brave': 0}
2026-09-03 11:46:10 | INFO | CV CANDIDATO ANALIZZATO | Pers_Id=2607465 | formato=.pdf | estrazione=pdf | chars=120000 | url=https://portale.fnomceo.it/wp-content/uploads/2018/09/PROGRAMMA-INTEGRALE-FORUMRISK13_WEB.pdf
2026-09-03 11:46:10 | INFO | CV SCARTATO | Pers_Id=2607465 | formato=.pdf | motivo=Documento non sufficientemente compatibile con un CV. | url=https://portale.fnomceo.it/wp-content/uploads/2018/09/PROGRAMMA-INTEGRALE-FORUMRISK13_WEB.pdf
2026-09-03 11:46:16 | INFO | SPECIALTY GEO REJECT | Pers_Id=2607465 | stage=landing | reason=supporto geografico insufficiente | url=https://www.bgsalute.it/2016-numero-1-gennaio-febbraio/1909-chirurgia-orale-conservativa-e-sostitutiva
2026-09-03 11:46:16 | INFO | SPECIALTY GEO REJECT | Pers_Id=2607465 | stage=serp | reason=supporto geografico insufficiente | url=https://portale.fnomceo.it/wp-content/uploads/2018/09/PROGRAMMA-INTEGRALE-FORUMRISK13_WEB.pdf
2026-09-03 11:46:16 | INFO | SPECIALTY GEO REJECT | Pers_Id=2607465 | stage=serp | reason=supporto geografico insufficiente | url=https://www.bgsalute.it/2016-numero-1-gennaio-febbraio/1909-chirurgia-orale-conservativa-e-sostitutiva
2026-09-03 11:46:16 | INFO | DONE | Pers_Id=2607465 | 17.0s | DA_VERIFICARE | specialita=N/D | cv=NO | cv_review=0
2026-09-03 11:46:16 | INFO | SEARCH QUERY | Pers_Id=1222252 | numero=1 | q="ANGELA MARIA ABATE" medico "MONCALIERI"
2026-09-03 11:46:18 | INFO | SEARCH API OK | serper | "ANGELA MARIA ABATE" medico "MONCALIERI" | 0 risultati
2026-09-03 11:46:18 | INFO | SEARCH QUERY | Pers_Id=1222252 | numero=2 | q="ANGELA MARIA ABATE" medico specialista ospedale
2026-09-03 11:46:20 | INFO | SEARCH API OK | serper | "ANGELA MARIA ABATE" medico specialista ospedale | 0 risultati
2026-09-03 11:46:20 | INFO | SELECTIVE THIRD CHECK | Pers_Id=1222252 | allowed=False | reason=nessun hit rilevante
2026-09-03 11:46:20 | INFO | HIT SUMMARY | Pers_Id=1222252 | query=2 | recovery=0 | selective_third=0 | cv_query=0 | grezzi=0 | rilevanti=0 | provider={'serper': 30, 'brave': 0}
2026-09-03 11:46:20 | INFO | DONE | Pers_Id=1222252 | 3.3s | NESSUN_RISULTATO | specialita=N/D | cv=NO | cv_review=0
2026-09-03 11:46:20 | INFO | PROGRESS | 15/40 | 7.95 medici/min | ETA 3.1 min | {'DA_VERIFICARE': 2, 'SPECIALITA_TROVATA': 5, 'NESSUN_RISULTATO': 8} | API={'serper': 30, 'brave': 0}
2026-09-03 11:46:20 | INFO | SEARCH QUERY | Pers_Id=2463758 | numero=1 | q="ANTONIO HERMES ABATE" medico "Verona"
2026-09-03 11:46:22 | INFO | SEARCH API OK | serper | "ANTONIO HERMES ABATE" medico "Verona" | 0 risultati
2026-09-03 11:46:22 | INFO | SEARCH QUERY | Pers_Id=2463758 | numero=2 | q="ANTONIO HERMES ABATE" medico specialista ospedale
2026-09-03 11:46:26 | INFO | SEARCH API OK | serper | "ANTONIO HERMES ABATE" medico specialista ospedale | 2 risultati
2026-09-03 11:46:26 | INFO | SEARCH EARLY-STOP CHECK | Pers_Id=2463758 | query=2 | stop=False | reason=nessuna evidenza forte
2026-09-03 11:46:26 | INFO | SELECTIVE THIRD CHECK | Pers_Id=2463758 | allowed=False | reason=identità professionale non abbastanza forte
2026-09-03 11:46:26 | INFO | CV SEARCH GATE | Pers_Id=2463758 | mode=targeted | allowed=False | reason=nessuna identità professionale abbastanza forte | existing_cv=False
2026-09-03 11:46:26 | INFO | HIT SUMMARY | Pers_Id=2463758 | query=2 | recovery=0 | selective_third=0 | cv_query=0 | grezzi=2 | rilevanti=2 | provider={'serper': 32, 'brave': 0}
2026-09-03 11:46:27 | INFO | LANDING SCARTATA | Pers_Id=2463758 | fonte sanitaria con identita solo incidentale | https://www.aou-careggi.toscana.it/internet/diagnosi-e-cura/dipartimenti/strutture-organizzative-dipartimentali-sod/neuroanestesia-e-rianimazione
2026-09-03 11:46:29 | INFO | SPECIALTY GEO REJECT | Pers_Id=2463758 | stage=landing | reason=supporto geografico insufficiente | url=https://www.aou-careggi.toscana.it/internet/diagnosi-e-cura/dipartimenti/strutture-organizzative-dipartimentali-sod/neuroanestesia-e-rianimazione?action=genpdf&id=4236
2026-09-03 11:46:30 | INFO | SPECIALTY GEO REJECT | Pers_Id=2463758 | stage=serp | reason=supporto geografico insufficiente | url=https://www.aou-careggi.toscana.it/internet/diagnosi-e-cura/dipartimenti/strutture-organizzative-dipartimentali-sod/neuroanestesia-e-rianimazione
2026-09-03 11:46:30 | INFO | SPECIALTY GEO REJECT | Pers_Id=2463758 | stage=serp | reason=supporto geografico insufficiente | url=https://www.aou-careggi.toscana.it/internet/diagnosi-e-cura/dipartimenti/strutture-organizzative-dipartimentali-sod/neuroanestesia-e-rianimazione?action=genpdf&id=4236
2026-09-03 11:46:30 | INFO | DONE | Pers_Id=2463758 | 9.9s | DA_VERIFICARE | specialita=N/D | cv=NO | cv_review=0
2026-09-03 11:46:30 | INFO | SEARCH QUERY | Pers_Id=2162965 | numero=1 | q="ASSUNTA ABATE" medico "FIRENZE"
2026-09-03 11:46:31 | INFO | SEARCH API OK | serper | "ASSUNTA ABATE" medico "FIRENZE" | 7 risultati
2026-09-03 11:46:31 | INFO | SEARCH EARLY-STOP CHECK | Pers_Id=2162965 | query=1 | stop=False | reason=nessuna evidenza forte
2026-09-03 11:46:31 | INFO | SEARCH QUERY | Pers_Id=2162965 | numero=2 | q="ASSUNTA ABATE" medico specialista ospedale
2026-09-03 11:46:33 | INFO | SEARCH API OK | serper | "ASSUNTA ABATE" medico specialista ospedale | 7 risultati
2026-09-03 11:46:33 | INFO | SEARCH EARLY-STOP CHECK | Pers_Id=2162965 | query=2 | stop=False | reason=nessuna evidenza forte
2026-09-03 11:46:33 | INFO | SELECTIVE THIRD CHECK | Pers_Id=2162965 | allowed=False | reason=identità professionale non abbastanza forte
2026-09-03 11:46:33 | INFO | CV SEARCH GATE | Pers_Id=2162965 | mode=targeted | allowed=False | reason=nessuna identità professionale abbastanza forte | existing_cv=False
2026-09-03 11:46:33 | INFO | HIT SUMMARY | Pers_Id=2162965 | query=2 | recovery=0 | selective_third=0 | cv_query=0 | grezzi=12 | rilevanti=1 | provider={'serper': 34, 'brave': 0}
2026-09-03 11:46:34 | INFO | DONE | Pers_Id=2162965 | 4.7s | DA_VERIFICARE | specialita=N/D | cv=NO | cv_review=0
2026-09-03 11:46:34 | INFO | SEARCH QUERY | Pers_Id=2607461 | numero=1 | q="BIAGIO ABATE" medico "Montesarchio"
2026-09-03 11:46:37 | INFO | SEARCH API OK | serper | "BIAGIO ABATE" medico "Montesarchio" | 4 risultati
2026-09-03 11:46:37 | INFO | SEARCH QUERY | Pers_Id=2607461 | numero=2 | q="BIAGIO ABATE" medico specialista ospedale
2026-09-03 11:46:39 | INFO | SEARCH API OK | serper | "BIAGIO ABATE" medico specialista ospedale | 8 risultati
2026-09-03 11:46:39 | INFO | SELECTIVE THIRD CHECK | Pers_Id=2607461 | allowed=False | reason=nessun hit rilevante
2026-09-03 11:46:39 | INFO | HIT SUMMARY | Pers_Id=2607461 | query=2 | recovery=0 | selective_third=0 | cv_query=0 | grezzi=12 | rilevanti=0 | provider={'serper': 36, 'brave': 0}
2026-09-03 11:46:39 | INFO | DONE | Pers_Id=2607461 | 4.7s | NESSUN_RISULTATO | specialita=N/D | cv=NO | cv_review=0
2026-09-03 11:46:39 | INFO | SEARCH QUERY | Pers_Id=2806593 | numero=1 | q="BIAGIO ABATE" medico "Agrigento"
2026-09-03 11:46:41 | INFO | SEARCH API OK | serper | "BIAGIO ABATE" medico "Agrigento" | 2 risultati
2026-09-03 11:46:41 | INFO | SEARCH QUERY | Pers_Id=2806593 | numero=2 | q="BIAGIO ABATE" medico specialista ospedale
2026-09-03 11:46:43 | INFO | SEARCH API OK | serper | "BIAGIO ABATE" medico specialista ospedale | 8 risultati
2026-09-03 11:46:43 | INFO | SELECTIVE THIRD CHECK | Pers_Id=2806593 | allowed=False | reason=nessun hit rilevante
2026-09-03 11:46:43 | INFO | HIT SUMMARY | Pers_Id=2806593 | query=2 | recovery=0 | selective_third=0 | cv_query=0 | grezzi=10 | rilevanti=0 | provider={'serper': 38, 'brave': 0}
2026-09-03 11:46:43 | INFO | DONE | Pers_Id=2806593 | 3.8s | NESSUN_RISULTATO | specialita=N/D | cv=NO | cv_review=0
2026-09-03 11:46:43 | INFO | SEARCH QUERY | Pers_Id=2607462 | numero=1 | q="CLAUDIA ABATE" medico "Milazzo"
2026-09-03 11:46:44 | INFO | SEARCH API OK | serper | "CLAUDIA ABATE" medico "Milazzo" | 4 risultati
2026-09-03 11:46:44 | INFO | SEARCH QUERY | Pers_Id=2607462 | numero=2 | q="CLAUDIA ABATE" medico specialista ospedale
2026-09-03 11:46:46 | INFO | SEARCH API OK | serper | "CLAUDIA ABATE" medico specialista ospedale | 6 risultati
2026-09-03 11:46:46 | INFO | SEARCH EARLY-STOP CHECK | Pers_Id=2607462 | query=2 | stop=False | reason=nessuna evidenza forte
2026-09-03 11:46:46 | INFO | SELECTIVE THIRD CHECK | Pers_Id=2607462 | allowed=False | reason=identità professionale non abbastanza forte
2026-09-03 11:46:46 | INFO | CV SEARCH GATE | Pers_Id=2607462 | mode=targeted | allowed=False | reason=nessuna identità professionale abbastanza forte | existing_cv=False
2026-09-03 11:46:46 | INFO | HIT SUMMARY | Pers_Id=2607462 | query=2 | recovery=0 | selective_third=0 | cv_query=0 | grezzi=10 | rilevanti=3 | provider={'serper': 40, 'brave': 0}
2026-09-03 11:46:50 | INFO | LANDING SCARTATA | Pers_Id=2607462 | fonte sanitaria con identita solo incidentale | https://www.aslogliastra.it/servizio/psicologia
2026-09-03 11:46:54 | INFO | LANDING SCARTATA | Pers_Id=2607462 | ruolo incompatibile vicino al nome: possibile omonimo | https://www.aslogliastra.it/servizio/disturbi-della-nutrizione-e-dellalimentazione
2026-09-03 11:46:55 | INFO | LANDING SCARTATA | Pers_Id=2607462 | fonte sanitaria con identita solo incidentale | https://www.qsalute.it/ortopedia-ospedale-marino
2026-09-03 11:46:55 | INFO | SPECIALTY GEO REJECT | Pers_Id=2607462 | stage=serp | reason=supporto geografico insufficiente | url=https://www.aslogliastra.it/servizio/psicologia
2026-09-03 11:46:55 | INFO | SPECIALTY GEO REJECT | Pers_Id=2607462 | stage=serp | reason=supporto geografico insufficiente | url=https://www.aslogliastra.it/servizio/disturbi-della-nutrizione-e-dellalimentazione
2026-09-03 11:46:55 | INFO | SPECIALTY GEO REJECT | Pers_Id=2607462 | stage=serp | reason=supporto geografico insufficiente | url=https://www.qsalute.it/ortopedia-ospedale-marino
2026-09-03 11:46:55 | INFO | DONE | Pers_Id=2607462 | 12.3s | NESSUN_RISULTATO | specialita=N/D | cv=NO | cv_review=0
2026-09-03 11:47:21 | INFO | CHECKPOINT | 20/40 | C:\Dev\Niko\scriptRicerca\output\risultatiMedici.xlsx
2026-09-03 11:47:21 | INFO | PROGRESS | 20/40 | 6.89 medici/min | ETA 2.9 min | {'DA_VERIFICARE': 4, 'SPECIALITA_TROVATA': 5, 'NESSUN_RISULTATO': 11} | API={'serper': 40, 'brave': 0}
2026-09-03 11:47:21 | INFO | SEARCH QUERY | Pers_Id=1136949 | numero=1 | q="DAVIDE ANTONIO ABATE" medico "PADOVA"
2026-09-03 11:47:22 | INFO | SEARCH API OK | serper | "DAVIDE ANTONIO ABATE" medico "PADOVA" | 6 risultati
2026-09-03 11:47:22 | INFO | SEARCH EARLY-STOP CHECK | Pers_Id=1136949 | query=1 | stop=False | reason=nessuna evidenza forte
2026-09-03 11:47:22 | INFO | SEARCH QUERY | Pers_Id=1136949 | numero=2 | q="DAVIDE ANTONIO ABATE" medico specialista ospedale
2026-09-03 11:47:24 | INFO | SEARCH API OK | serper | "DAVIDE ANTONIO ABATE" medico specialista ospedale | 2 risultati
2026-09-03 11:47:24 | INFO | SEARCH EARLY-STOP CHECK | Pers_Id=1136949 | query=2 | stop=False | reason=nessuna evidenza forte
2026-09-03 11:47:24 | INFO | SELECTIVE THIRD CHECK | Pers_Id=1136949 | allowed=False | reason=identità professionale non abbastanza forte
2026-09-03 11:47:24 | INFO | CV SEARCH GATE | Pers_Id=1136949 | mode=targeted | allowed=False | reason=nessuna identità professionale abbastanza forte | existing_cv=False
2026-09-03 11:47:24 | INFO | HIT SUMMARY | Pers_Id=1136949 | query=2 | recovery=0 | selective_third=0 | cv_query=0 | grezzi=8 | rilevanti=3 | provider={'serper': 42, 'brave': 0}
2026-09-03 11:47:28 | INFO | LANDING SCARTATA | Pers_Id=1136949 | fonte generica con identita solo incidentale | https://medicina.elearning.unipd.it/blocks/course_managers/manager.php?id=170&b=87044
2026-09-03 11:47:33 | INFO | LANDING SCARTATA | Pers_Id=1136949 | fonte generica con identita solo incidentale | https://www.medicinachirurgia.unipd.it/offerta-didattica/corsi-di-laurea?tipo=L&ordinamento=2011&key=ME3065
2026-09-03 11:47:33 | INFO | DONE | Pers_Id=1136949 | 11.9s | DA_VERIFICARE | specialita=N/D | cv=NO | cv_review=0
2026-09-03 11:47:33 | INFO | SEARCH QUERY | Pers_Id=236060 | numero=1 | q="ELIO ABATE" medico "APRIGLIANO"
2026-09-03 11:47:35 | INFO | SEARCH API OK | serper | "ELIO ABATE" medico "APRIGLIANO" | 2 risultati
2026-09-03 11:47:35 | INFO | SEARCH QUERY | Pers_Id=236060 | numero=2 | q="ELIO ABATE" medico specialista ospedale
2026-09-03 11:47:37 | INFO | SEARCH API OK | serper | "ELIO ABATE" medico specialista ospedale | 2 risultati
2026-09-03 11:47:37 | INFO | SEARCH EARLY-STOP CHECK | Pers_Id=236060 | query=2 | stop=False | reason=nessuna evidenza forte
2026-09-03 11:47:37 | INFO | SELECTIVE THIRD CHECK | Pers_Id=236060 | allowed=False | reason=identità professionale non abbastanza forte
2026-09-03 11:47:37 | INFO | CV SEARCH GATE | Pers_Id=236060 | mode=targeted | allowed=False | reason=nessuna identità professionale abbastanza forte | existing_cv=True
2026-09-03 11:47:37 | INFO | HIT SUMMARY | Pers_Id=236060 | query=2 | recovery=0 | selective_third=0 | cv_query=0 | grezzi=3 | rilevanti=1 | provider={'serper': 44, 'brave': 0}
2026-09-03 11:47:53 | INFO | CV CANDIDATO ANALIZZATO | Pers_Id=236060 | formato=.pdf | estrazione=pdf | chars=120000 | url=https://www.regione.campania.it/assets/documents/scheda-assessore-fortini-aggiornata-1-bimestre-2020.pdf
2026-09-03 11:47:53 | INFO | CV SCARTATO | Pers_Id=236060 | formato=.pdf | motivo=Documento non sufficientemente compatibile con un CV. | url=https://www.regione.campania.it/assets/documents/scheda-assessore-fortini-aggiornata-1-bimestre-2020.pdf
2026-09-03 11:47:53 | INFO | SPECIALTY GEO REJECT | Pers_Id=236060 | stage=serp | reason=supporto geografico insufficiente | url=https://www.regione.campania.it/assets/documents/scheda-assessore-fortini-aggiornata-1-bimestre-2020.pdf
2026-09-03 11:47:54 | INFO | DONE | Pers_Id=236060 | 20.7s | NESSUN_RISULTATO | specialita=N/D | cv=NO | cv_review=0
2026-09-03 11:47:54 | INFO | SEARCH QUERY | Pers_Id=2745185 | numero=1 | q="ESTHER ABATE" medico "Trapani"
2026-09-03 11:47:56 | INFO | SEARCH API OK | serper | "ESTHER ABATE" medico "Trapani" | 3 risultati
2026-09-03 11:47:56 | INFO | SEARCH QUERY | Pers_Id=2745185 | numero=2 | q="ESTHER ABATE" medico specialista ospedale
2026-09-03 11:47:57 | INFO | SEARCH API OK | serper | "ESTHER ABATE" medico specialista ospedale | 1 risultati
2026-09-03 11:47:57 | INFO | SELECTIVE THIRD CHECK | Pers_Id=2745185 | allowed=False | reason=nessun hit rilevante
2026-09-03 11:47:57 | INFO | HIT SUMMARY | Pers_Id=2745185 | query=2 | recovery=0 | selective_third=0 | cv_query=0 | grezzi=3 | rilevanti=0 | provider={'serper': 46, 'brave': 0}
2026-09-03 11:47:57 | INFO | DONE | Pers_Id=2745185 | 3.9s | NESSUN_RISULTATO | specialita=N/D | cv=NO | cv_review=0
2026-09-03 11:47:57 | INFO | SEARCH QUERY | Pers_Id=2162961 | numero=1 | q="FILOMENA ABATE" medico "San Martino Valle Caudina"
2026-09-03 11:47:59 | INFO | SEARCH API OK | serper | "FILOMENA ABATE" medico "San Martino Valle Caudina" | 8 risultati
2026-09-03 11:47:59 | INFO | SEARCH QUERY | Pers_Id=2162961 | numero=2 | q="FILOMENA ABATE" medico specialista ospedale
2026-09-03 11:48:01 | INFO | SEARCH API OK | serper | "FILOMENA ABATE" medico specialista ospedale | 8 risultati
2026-09-03 11:48:01 | INFO | SELECTIVE THIRD CHECK | Pers_Id=2162961 | allowed=False | reason=nessun hit rilevante
2026-09-03 11:48:01 | INFO | HIT SUMMARY | Pers_Id=2162961 | query=2 | recovery=0 | selective_third=0 | cv_query=0 | grezzi=16 | rilevanti=0 | provider={'serper': 48, 'brave': 0}
2026-09-03 11:48:01 | INFO | DONE | Pers_Id=2162961 | 4.0s | NESSUN_RISULTATO | specialita=N/D | cv=NO | cv_review=0
2026-09-03 11:48:01 | INFO | SEARCH QUERY | Pers_Id=1812842 | numero=1 | q="FRANCESCA ABATE" medico "CROTONE"
2026-09-03 11:48:04 | INFO | SEARCH API OK | serper | "FRANCESCA ABATE" medico "CROTONE" | 7 risultati
2026-09-03 11:48:04 | INFO | SEARCH EARLY-STOP CHECK | Pers_Id=1812842 | query=1 | stop=False | reason=nessuna evidenza forte
2026-09-03 11:48:04 | INFO | SEARCH QUERY | Pers_Id=1812842 | numero=2 | q="FRANCESCA ABATE" medico specialista ospedale
2026-09-03 11:48:05 | INFO | SEARCH API OK | serper | "FRANCESCA ABATE" medico specialista ospedale | 8 risultati
2026-09-03 11:48:05 | INFO | SEARCH EARLY-STOP CHECK | Pers_Id=1812842 | query=2 | stop=False | reason=nessuna evidenza forte
2026-09-03 11:48:05 | INFO | SELECTIVE THIRD CHECK | Pers_Id=1812842 | allowed=False | reason=identità professionale non abbastanza forte
2026-09-03 11:48:05 | INFO | CV SEARCH GATE | Pers_Id=1812842 | mode=targeted | allowed=False | reason=nessuna identità professionale abbastanza forte | existing_cv=False
2026-09-03 11:48:05 | INFO | HIT SUMMARY | Pers_Id=1812842 | query=2 | recovery=0 | selective_third=0 | cv_query=0 | grezzi=14 | rilevanti=2 | provider={'serper': 50, 'brave': 0}
2026-09-03 11:48:09 | INFO | LANDING SCARTATA | Pers_Id=1812842 | fonte generica con identita solo incidentale | https://www.asp.crotone.it/?page_id=5790
2026-09-03 11:48:09 | INFO | SPECIALTY GEO REJECT | Pers_Id=1812842 | stage=serp | reason=supporto geografico insufficiente | url=https://aress.sanita.puglia.it/documents/25176/889630/CDS_2026-05-25_0316_ASL+Lecce.pdf/3fc2a827-daa1-41d2-82a0-3a43568482a2
2026-09-03 11:48:09 | INFO | DONE | Pers_Id=1812842 | 7.4s | NESSUN_RISULTATO | specialita=N/D | cv=NO | cv_review=0
2026-09-03 11:48:09 | INFO | PROGRESS | 25/40 | 6.75 medici/min | ETA 2.2 min | {'DA_VERIFICARE': 5, 'SPECIALITA_TROVATA': 5, 'NESSUN_RISULTATO': 15} | API={'serper': 50, 'brave': 0}
2026-09-03 11:48:09 | INFO | SEARCH QUERY | Pers_Id=1812843 | numero=1 | q="FRANCESCA ABATE" medico "MODENA"
2026-09-03 11:48:11 | INFO | SEARCH API OK | serper | "FRANCESCA ABATE" medico "MODENA" | 8 risultati
2026-09-03 11:48:11 | INFO | SEARCH EARLY-STOP CHECK | Pers_Id=1812843 | query=1 | stop=True | reason=evidenza forte strutturata
2026-09-03 11:48:11 | INFO | SELECTIVE THIRD CHECK | Pers_Id=1812843 | allowed=False | reason=specialità già forte
2026-09-03 11:48:11 | INFO | CV SEARCH GATE | Pers_Id=1812843 | mode=targeted | allowed=True | reason=fonte sanitaria forte | existing_cv=False
2026-09-03 11:48:11 | INFO | CV SEARCH QUERY | Pers_Id=1812843 | q="FRANCESCA ABATE" curriculum OR "curriculum vitae" medico "MODENA"
2026-09-03 11:48:13 | INFO | SEARCH API OK | serper | "FRANCESCA ABATE" curriculum OR "curriculum vitae" medico "MODENA" | 8 risultati
2026-09-03 11:48:13 | INFO | HIT SUMMARY | Pers_Id=1812843 | query=2 | recovery=0 | selective_third=0 | cv_query=1 | grezzi=8 | rilevanti=3 | provider={'serper': 52, 'brave': 0}
2026-09-03 11:48:21 | INFO | DONE | Pers_Id=1812843 | 12.4s | SPECIALITA_TROVATA | specialita=Medicina Generale | cv=NO | cv_review=0
2026-09-03 11:48:21 | INFO | SEARCH QUERY | Pers_Id=2607463 | numero=1 | q="FRANCESCA ABATE" medico "Guardia Sanframondi"
2026-09-03 11:48:24 | INFO | SEARCH API OK | serper | "FRANCESCA ABATE" medico "Guardia Sanframondi" | 0 risultati
2026-09-03 11:48:24 | INFO | SEARCH QUERY | Pers_Id=2607463 | numero=2 | q="FRANCESCA ABATE" medico specialista ospedale
2026-09-03 11:48:26 | INFO | SEARCH API OK | serper | "FRANCESCA ABATE" medico specialista ospedale | 8 risultati
2026-09-03 11:48:26 | INFO | SEARCH EARLY-STOP CHECK | Pers_Id=2607463 | query=2 | stop=False | reason=nessuna evidenza forte
2026-09-03 11:48:26 | INFO | SELECTIVE THIRD CHECK | Pers_Id=2607463 | allowed=False | reason=identità professionale non abbastanza forte
2026-09-03 11:48:26 | INFO | CV SEARCH GATE | Pers_Id=2607463 | mode=targeted | allowed=False | reason=nessuna identità professionale abbastanza forte | existing_cv=False
2026-09-03 11:48:26 | INFO | HIT SUMMARY | Pers_Id=2607463 | query=2 | recovery=0 | selective_third=0 | cv_query=0 | grezzi=8 | rilevanti=1 | provider={'serper': 54, 'brave': 0}
2026-09-03 11:48:26 | INFO | SPECIALTY GEO REJECT | Pers_Id=2607463 | stage=serp | reason=supporto geografico insufficiente | url=https://aress.sanita.puglia.it/documents/25176/889630/CDS_2026-05-25_0316_ASL+Lecce.pdf/3fc2a827-daa1-41d2-82a0-3a43568482a2
2026-09-03 11:48:26 | INFO | DONE | Pers_Id=2607463 | 4.6s | NESSUN_RISULTATO | specialita=N/D | cv=NO | cv_review=0
2026-09-03 11:48:26 | INFO | SEARCH QUERY | Pers_Id=1180356 | numero=1 | q="GESSICA ABATE" medico "Guardia Sanframondi"
2026-09-03 11:48:28 | INFO | SEARCH API OK | serper | "GESSICA ABATE" medico "Guardia Sanframondi" | 8 risultati
2026-09-03 11:48:28 | INFO | SEARCH QUERY | Pers_Id=1180356 | numero=2 | q="GESSICA ABATE" medico specialista ospedale
2026-09-03 11:48:30 | INFO | SEARCH API OK | serper | "GESSICA ABATE" medico specialista ospedale | 8 risultati
2026-09-03 11:48:30 | INFO | SELECTIVE THIRD CHECK | Pers_Id=1180356 | allowed=False | reason=nessun hit rilevante
2026-09-03 11:48:30 | INFO | HIT SUMMARY | Pers_Id=1180356 | query=2 | recovery=0 | selective_third=0 | cv_query=0 | grezzi=15 | rilevanti=0 | provider={'serper': 56, 'brave': 0}
2026-09-03 11:48:30 | INFO | DONE | Pers_Id=1180356 | 3.7s | NESSUN_RISULTATO | specialita=N/D | cv=NO | cv_review=0
2026-09-03 11:48:30 | INFO | SEARCH QUERY | Pers_Id=395436 | numero=1 | q="GIOVANNA ABATE" medico "Montalto Uffugo"
2026-09-03 11:48:31 | INFO | SEARCH API OK | serper | "GIOVANNA ABATE" medico "Montalto Uffugo" | 5 risultati
2026-09-03 11:48:31 | INFO | SEARCH EARLY-STOP CHECK | Pers_Id=395436 | query=1 | stop=True | reason=evidenza forte strutturata
2026-09-03 11:48:32 | INFO | SELECTIVE THIRD CHECK | Pers_Id=395436 | allowed=False | reason=specialità già forte
2026-09-03 11:48:32 | INFO | CV SEARCH GATE | Pers_Id=395436 | mode=targeted | allowed=True | reason=profilo professionale strutturato | existing_cv=False
2026-09-03 11:48:32 | INFO | CV SEARCH QUERY | Pers_Id=395436 | q="GIOVANNA ABATE" curriculum OR "curriculum vitae" medico "Montalto Uffugo"
2026-09-03 11:48:34 | INFO | SEARCH API OK | serper | "GIOVANNA ABATE" curriculum OR "curriculum vitae" medico "Montalto Uffugo" | 2 risultati
2026-09-03 11:48:34 | INFO | HIT SUMMARY | Pers_Id=395436 | query=2 | recovery=0 | selective_third=0 | cv_query=1 | grezzi=5 | rilevanti=1 | provider={'serper': 58, 'brave': 0}
2026-09-03 11:48:36 | INFO | DONE | Pers_Id=395436 | 6.4s | SPECIALITA_TROVATA | specialita=Medicina Generale | cv=NO | cv_review=0
2026-09-03 11:48:36 | INFO | SEARCH QUERY | Pers_Id=2607464 | numero=1 | q="MARCO ABATE" medico "Caivano"
2026-09-03 11:48:38 | INFO | SEARCH API OK | serper | "MARCO ABATE" medico "Caivano" | 8 risultati
2026-09-03 11:48:38 | INFO | SEARCH QUERY | Pers_Id=2607464 | numero=2 | q="MARCO ABATE" medico specialista ospedale
2026-09-03 11:48:40 | INFO | SEARCH API OK | serper | "MARCO ABATE" medico specialista ospedale | 7 risultati
2026-09-03 11:48:40 | INFO | SEARCH EARLY-STOP CHECK | Pers_Id=2607464 | query=2 | stop=False | reason=nessuna evidenza forte
2026-09-03 11:48:40 | INFO | SELECTIVE THIRD CHECK | Pers_Id=2607464 | allowed=False | reason=identità professionale non abbastanza forte
2026-09-03 11:48:40 | INFO | CV SEARCH GATE | Pers_Id=2607464 | mode=targeted | allowed=False | reason=nessuna identità professionale abbastanza forte | existing_cv=False
2026-09-03 11:48:40 | INFO | HIT SUMMARY | Pers_Id=2607464 | query=2 | recovery=0 | selective_third=0 | cv_query=0 | grezzi=14 | rilevanti=1 | provider={'serper': 60, 'brave': 0}
2026-09-03 11:48:40 | INFO | SPECIALTY GEO REJECT | Pers_Id=2607464 | stage=serp | reason=supporto geografico insufficiente | url=https://aress.sanita.puglia.it/documents/25176/350159/24+settembre+2014+%2824+settembre+2014.pdf%29/747ab780-79b5-46c9-8380-87d91fce2cfa
2026-09-03 11:48:40 | INFO | DONE | Pers_Id=2607464 | 4.3s | NESSUN_RISULTATO | specialita=N/D | cv=NO | cv_review=0
2026-09-03 11:49:36 | INFO | CHECKPOINT | 30/40 | C:\Dev\Niko\scriptRicerca\output\risultatiMedici.xlsx
2026-09-03 11:49:36 | INFO | PROGRESS | 30/40 | 5.83 medici/min | ETA 1.7 min | {'DA_VERIFICARE': 5, 'SPECIALITA_TROVATA': 7, 'NESSUN_RISULTATO': 18} | API={'serper': 60, 'brave': 0}
2026-09-03 11:49:36 | INFO | SEARCH QUERY | Pers_Id=289911 | numero=1 | q="MARIA ABATE" medico "MONTEVAGO"
2026-09-03 11:49:38 | INFO | SEARCH API OK | serper | "MARIA ABATE" medico "MONTEVAGO" | 6 risultati
2026-09-03 11:49:38 | INFO | SEARCH QUERY | Pers_Id=289911 | numero=2 | q="MARIA ABATE" medico specialista ospedale
2026-09-03 11:49:41 | INFO | SEARCH API OK | serper | "MARIA ABATE" medico specialista ospedale | 8 risultati
2026-09-03 11:49:41 | INFO | SEARCH EARLY-STOP CHECK | Pers_Id=289911 | query=2 | stop=False | reason=nessuna evidenza forte
2026-09-03 11:49:41 | INFO | SELECTIVE THIRD CHECK | Pers_Id=289911 | allowed=False | reason=identità professionale non abbastanza forte
2026-09-03 11:49:41 | INFO | CV SEARCH GATE | Pers_Id=289911 | mode=targeted | allowed=False | reason=nessuna identità professionale abbastanza forte | existing_cv=False
2026-09-03 11:49:41 | INFO | HIT SUMMARY | Pers_Id=289911 | query=2 | recovery=0 | selective_third=0 | cv_query=0 | grezzi=14 | rilevanti=1 | provider={'serper': 62, 'brave': 0}
2026-09-03 11:49:42 | INFO | LANDING SCARTATA | Pers_Id=289911 | fonte sanitaria con identita solo incidentale | https://www.qsalute.it/villa-santa-chiara-verona
2026-09-03 11:49:42 | INFO | SPECIALTY GEO REJECT | Pers_Id=289911 | stage=serp | reason=supporto geografico insufficiente | url=https://www.qsalute.it/villa-santa-chiara-verona
2026-09-03 11:49:42 | INFO | DONE | Pers_Id=289911 | 6.7s | NESSUN_RISULTATO | specialita=N/D | cv=NO | cv_review=0
2026-09-03 11:49:42 | INFO | SEARCH QUERY | Pers_Id=1222042 | numero=1 | q="MARIA ABATE" medico "Torelli-torrette"
2026-09-03 11:49:45 | INFO | SEARCH API OK | serper | "MARIA ABATE" medico "Torelli-torrette" | 0 risultati
2026-09-03 11:49:45 | INFO | SEARCH QUERY | Pers_Id=1222042 | numero=2 | q="MARIA ABATE" medico specialista ospedale
2026-09-03 11:49:48 | INFO | SEARCH API OK | serper | "MARIA ABATE" medico specialista ospedale | 8 risultati
2026-09-03 11:49:48 | INFO | SELECTIVE THIRD CHECK | Pers_Id=1222042 | allowed=False | reason=nessun hit rilevante
2026-09-03 11:49:48 | INFO | HIT SUMMARY | Pers_Id=1222042 | query=2 | recovery=0 | selective_third=0 | cv_query=0 | grezzi=8 | rilevanti=0 | provider={'serper': 64, 'brave': 0}
2026-09-03 11:49:48 | INFO | DONE | Pers_Id=1222042 | 5.5s | NESSUN_RISULTATO | specialita=N/D | cv=NO | cv_review=0
2026-09-03 11:49:48 | INFO | SEARCH QUERY | Pers_Id=950077 | numero=1 | q="MARIA GIULIA ABATE" medico "MONZA"
2026-09-03 11:49:50 | INFO | SEARCH API OK | serper | "MARIA GIULIA ABATE" medico "MONZA" | 7 risultati
2026-09-03 11:49:50 | INFO | SEARCH EARLY-STOP CHECK | Pers_Id=950077 | query=1 | stop=False | reason=nessuna evidenza forte
2026-09-03 11:49:50 | INFO | SEARCH QUERY | Pers_Id=950077 | numero=2 | q="MARIA GIULIA ABATE" medico specialista ospedale
2026-09-03 11:49:52 | INFO | SEARCH API OK | serper | "MARIA GIULIA ABATE" medico specialista ospedale | 1 risultati
2026-09-03 11:49:52 | INFO | SEARCH EARLY-STOP CHECK | Pers_Id=950077 | query=2 | stop=False | reason=nessuna evidenza forte
2026-09-03 11:49:52 | INFO | SELECTIVE THIRD CHECK | Pers_Id=950077 | allowed=True | reason=identità forte, specialità irrisolta
2026-09-03 11:49:52 | INFO | SEARCH SELECTIVE THIRD QUERY | Pers_Id=950077 | q="MARIA GIULIA ABATE" "MONZA" medico OR dottoressa OR dottore specialista OR specializzazione OR specializzato OR specializzata
2026-09-03 11:49:54 | INFO | SEARCH API OK | serper | "MARIA GIULIA ABATE" "MONZA" medico OR dottoressa OR dottore specialista OR specializzazione OR specializzato OR specializzata | 1 risultati
2026-09-03 11:49:54 | INFO | CV SEARCH GATE | Pers_Id=950077 | mode=targeted | allowed=True | reason=fonte sanitaria forte | existing_cv=True
2026-09-03 11:49:54 | INFO | HIT SUMMARY | Pers_Id=950077 | query=3 | recovery=1 | selective_third=1 | cv_query=0 | grezzi=7 | rilevanti=4 | provider={'serper': 67, 'brave': 0}
2026-09-03 11:49:55 | INFO | CV DOWNLOAD FALLITO | Pers_Id=950077 | url=https://www.irccs-sangerardo.it/documents/492169/0/cit.pdf/99af11de-a82c-794e-4261-572e9b4d08a0
2026-09-03 11:49:56 | INFO | LANDING SCARTATA | Pers_Id=950077 | pagina senza testo | https://www.irccs-sangerardo.it/terapia-intensiva-a-indirizzo-neurologico-neurochirurgico
2026-09-03 11:49:58 | INFO | DONE | Pers_Id=950077 | 10.3s | DA_VERIFICARE | specialita=N/D | cv=NO | cv_review=0
2026-09-03 11:49:58 | INFO | SEARCH QUERY | Pers_Id=1189072 | numero=1 | q="MATTEO ABATE" medico "Alcamo"
2026-09-03 11:50:00 | INFO | SEARCH API OK | serper | "MATTEO ABATE" medico "Alcamo" | 2 risultati
2026-09-03 11:50:00 | INFO | SEARCH QUERY | Pers_Id=1189072 | numero=2 | q="MATTEO ABATE" medico specialista ospedale
2026-09-03 11:50:03 | INFO | SEARCH API OK | serper | "MATTEO ABATE" medico specialista ospedale | 8 risultati
2026-09-03 11:50:03 | INFO | SELECTIVE THIRD CHECK | Pers_Id=1189072 | allowed=False | reason=nessun hit rilevante
2026-09-03 11:50:03 | INFO | HIT SUMMARY | Pers_Id=1189072 | query=2 | recovery=0 | selective_third=0 | cv_query=0 | grezzi=8 | rilevanti=0 | provider={'serper': 69, 'brave': 0}
2026-09-03 11:50:03 | INFO | DONE | Pers_Id=1189072 | 4.7s | NESSUN_RISULTATO | specialita=N/D | cv=NO | cv_review=0
2026-09-03 11:50:03 | INFO | SEARCH QUERY | Pers_Id=306924 | numero=1 | q="ORNELLA ABATE" medico "Avellino"
2026-09-03 11:50:05 | INFO | SEARCH API OK | serper | "ORNELLA ABATE" medico "Avellino" | 8 risultati
2026-09-03 11:50:05 | INFO | SEARCH QUERY | Pers_Id=306924 | numero=2 | q="ORNELLA ABATE" medico specialista ospedale
2026-09-03 11:50:07 | INFO | SEARCH API OK | serper | "ORNELLA ABATE" medico specialista ospedale | 7 risultati
2026-09-03 11:50:07 | INFO | SEARCH EARLY-STOP CHECK | Pers_Id=306924 | query=2 | stop=False | reason=nessuna evidenza forte
2026-09-03 11:50:07 | INFO | SELECTIVE THIRD CHECK | Pers_Id=306924 | allowed=False | reason=identità professionale non abbastanza forte
2026-09-03 11:50:07 | INFO | CV SEARCH GATE | Pers_Id=306924 | mode=targeted | allowed=False | reason=nessuna identità professionale abbastanza forte | existing_cv=True
2026-09-03 11:50:07 | INFO | HIT SUMMARY | Pers_Id=306924 | query=2 | recovery=0 | selective_third=0 | cv_query=0 | grezzi=15 | rilevanti=2 | provider={'serper': 71, 'brave': 0}
2026-09-03 11:50:10 | INFO | CV CANDIDATO ANALIZZATO | Pers_Id=306924 | formato=.html | estrazione=html | chars=9036 | url=https://amamedis.it/cv-ornellaabate
2026-09-03 11:50:10 | INFO | CV SCARTATO | Pers_Id=306924 | formato=.html | motivo=Documento non sufficientemente compatibile con un CV. | url=https://amamedis.it/cv-ornellaabate
2026-09-03 11:50:13 | INFO | SPECIALTY GEO REJECT | Pers_Id=306924 | stage=landing | reason=supporto geografico insufficiente | url=https://amamedis.it/cv-ornellaabate
2026-09-03 11:50:17 | INFO | CV LINK LANDING | Pers_Id=306924 | score=320 | formato=html | label=Vai al contenuto | url=https://amamedis.it/cv-ornellaabate#content
2026-09-03 11:50:17 | INFO | CV LINK LANDING | Pers_Id=306924 | score=320 | formato=.doc | label=Scarica curriculum | url=https://amamedis.it/wp-content/uploads/2021/02/CV-formato-europeo-ornella.doc
2026-09-03 11:50:31 | INFO | CV CANDIDATO ANALIZZATO | Pers_Id=306924 | formato=.doc | estrazione=word-com | chars=9061 | url=https://amamedis.it/wp-content/uploads/2021/02/CV-formato-europeo-ornella.doc
2026-09-03 11:50:31 | INFO | CV VERIFICATO | Pers_Id=306924 | formato=.doc | estrazione=word-com | confidenza=media | file=C:\Dev\Niko\scriptRicerca\cv_medici\306924-ABATE-ORNELLA.doc | url=https://amamedis.it/wp-content/uploads/2021/02/CV-formato-europeo-ornella.doc
2026-09-03 11:50:31 | INFO | SPECIALTY GEO REJECT | Pers_Id=306924 | stage=serp | reason=supporto geografico insufficiente | url=https://amamedis.it/cv-ornellaabate
2026-09-03 11:50:31 | INFO | SPECIALTY GEO REJECT | Pers_Id=306924 | stage=serp | reason=profilo strutturato senza città coerente | url=https://www.miodottore.it/profilo/ornella-abate
2026-09-03 11:50:31 | INFO | DONE | Pers_Id=306924 | 28.3s | CV_TROVATO_SPECIALITA_DA_VERIFICARE | specialita=N/D | cv=SI | cv_review=0
2026-09-03 11:50:31 | INFO | PROGRESS | 35/40 | 5.76 medici/min | ETA 0.9 min | {'DA_VERIFICARE': 6, 'SPECIALITA_TROVATA': 7, 'NESSUN_RISULTATO': 21, 'CV_TROVATO_SPECIALITA_DA_VERIFICARE': 1} | API={'serper': 71, 'brave': 0}
2026-09-03 11:50:31 | INFO | SEARCH QUERY | Pers_Id=1784607 | numero=1 | q="RAFFAELA ABATE" medico "MERCATO SAN SEVERINO"
2026-09-03 11:50:33 | INFO | SEARCH API OK | serper | "RAFFAELA ABATE" medico "MERCATO SAN SEVERINO" | 0 risultati
2026-09-03 11:50:33 | INFO | SEARCH QUERY | Pers_Id=1784607 | numero=2 | q="RAFFAELA ABATE" medico specialista ospedale
2026-09-03 11:50:36 | INFO | SEARCH API OK | serper | "RAFFAELA ABATE" medico specialista ospedale | 7 risultati
2026-09-03 11:50:36 | INFO | SELECTIVE THIRD CHECK | Pers_Id=1784607 | allowed=False | reason=nessun hit rilevante
2026-09-03 11:50:36 | INFO | HIT SUMMARY | Pers_Id=1784607 | query=2 | recovery=0 | selective_third=0 | cv_query=0 | grezzi=7 | rilevanti=0 | provider={'serper': 73, 'brave': 0}
2026-09-03 11:50:36 | INFO | DONE | Pers_Id=1784607 | 4.7s | NESSUN_RISULTATO | specialita=N/D | cv=NO | cv_review=0
2026-09-03 11:50:36 | INFO | SEARCH QUERY | Pers_Id=2162964 | numero=1 | q="ROBERTA ABATE" medico "Andria"
2026-09-03 11:50:38 | INFO | SEARCH API OK | serper | "ROBERTA ABATE" medico "Andria" | 1 risultati
2026-09-03 11:50:38 | INFO | SEARCH QUERY | Pers_Id=2162964 | numero=2 | q="ROBERTA ABATE" medico specialista ospedale
2026-09-03 11:50:43 | INFO | SEARCH API OK | serper | "ROBERTA ABATE" medico specialista ospedale | 8 risultati
2026-09-03 11:50:43 | INFO | SELECTIVE THIRD CHECK | Pers_Id=2162964 | allowed=False | reason=nessun hit rilevante
2026-09-03 11:50:43 | INFO | HIT SUMMARY | Pers_Id=2162964 | query=2 | recovery=0 | selective_third=0 | cv_query=0 | grezzi=8 | rilevanti=0 | provider={'serper': 75, 'brave': 0}
2026-09-03 11:50:43 | INFO | DONE | Pers_Id=2162964 | 6.8s | NESSUN_RISULTATO | specialita=N/D | cv=NO | cv_review=0
2026-09-03 11:50:43 | INFO | SEARCH QUERY | Pers_Id=1189835 | numero=1 | q="SARA ABATE" medico "CALCINATO"
2026-09-03 11:50:46 | INFO | SEARCH API OK | serper | "SARA ABATE" medico "CALCINATO" | 8 risultati
2026-09-03 11:50:46 | INFO | SEARCH EARLY-STOP CHECK | Pers_Id=1189835 | query=1 | stop=True | reason=evidenza forte strutturata
2026-09-03 11:50:46 | INFO | SELECTIVE THIRD CHECK | Pers_Id=1189835 | allowed=False | reason=specialità già forte
2026-09-03 11:50:46 | INFO | CV SEARCH GATE | Pers_Id=1189835 | mode=targeted | allowed=True | reason=profilo professionale strutturato | existing_cv=False
2026-09-03 11:50:46 | INFO | CV SEARCH QUERY | Pers_Id=1189835 | q="SARA ABATE" curriculum OR "curriculum vitae" medico "CALCINATO"
2026-09-03 11:50:48 | INFO | SEARCH API OK | serper | "SARA ABATE" curriculum OR "curriculum vitae" medico "CALCINATO" | 6 risultati
2026-09-03 11:50:48 | INFO | HIT SUMMARY | Pers_Id=1189835 | query=2 | recovery=0 | selective_third=0 | cv_query=1 | grezzi=8 | rilevanti=3 | provider={'serper': 77, 'brave': 0}
2026-09-03 11:50:54 | INFO | DONE | Pers_Id=1189835 | 11.6s | SPECIALITA_TROVATA | specialita=Medicina Generale | cv=NO | cv_review=0
2026-09-03 11:50:54 | INFO | SEARCH QUERY | Pers_Id=2806596 | numero=1 | q="SEBASTIANO ABATE" medico "Treviso"
2026-09-03 11:50:56 | INFO | SEARCH API OK | serper | "SEBASTIANO ABATE" medico "Treviso" | 4 risultati
2026-09-03 11:50:56 | INFO | SEARCH QUERY | Pers_Id=2806596 | numero=2 | q="SEBASTIANO ABATE" medico specialista ospedale
2026-09-03 11:50:58 | INFO | SEARCH API OK | serper | "SEBASTIANO ABATE" medico specialista ospedale | 2 risultati
2026-09-03 11:50:58 | INFO | SELECTIVE THIRD CHECK | Pers_Id=2806596 | allowed=False | reason=nessun hit rilevante
2026-09-03 11:50:58 | INFO | HIT SUMMARY | Pers_Id=2806596 | query=2 | recovery=0 | selective_third=0 | cv_query=0 | grezzi=6 | rilevanti=0 | provider={'serper': 79, 'brave': 0}
2026-09-03 11:50:58 | INFO | DONE | Pers_Id=2806596 | 3.9s | NESSUN_RISULTATO | specialita=N/D | cv=NO | cv_review=0
2026-09-03 11:50:58 | INFO | SEARCH QUERY | Pers_Id=2162966 | numero=1 | q="VERONICA ABATE" medico "Napoli"
2026-09-03 11:51:00 | INFO | SEARCH API OK | serper | "VERONICA ABATE" medico "Napoli" | 8 risultati
2026-09-03 11:51:00 | INFO | SEARCH EARLY-STOP CHECK | Pers_Id=2162966 | query=1 | stop=False | reason=nessuna evidenza forte
2026-09-03 11:51:00 | INFO | SEARCH QUERY | Pers_Id=2162966 | numero=2 | q="VERONICA ABATE" medico specialista ospedale
2026-09-03 11:51:03 | INFO | SEARCH API OK | serper | "VERONICA ABATE" medico specialista ospedale | 7 risultati
2026-09-03 11:51:03 | INFO | SEARCH EARLY-STOP CHECK | Pers_Id=2162966 | query=2 | stop=False | reason=nessuna evidenza forte
2026-09-03 11:51:03 | INFO | SELECTIVE THIRD CHECK | Pers_Id=2162966 | allowed=True | reason=identità forte, specialità irrisolta
2026-09-03 11:51:03 | INFO | SEARCH SELECTIVE THIRD QUERY | Pers_Id=2162966 | q="VERONICA ABATE" "Napoli" medico OR dottoressa OR dottore specialista OR specializzazione OR specializzato OR specializzata
2026-09-03 11:51:05 | INFO | SEARCH API OK | serper | "VERONICA ABATE" "Napoli" medico OR dottoressa OR dottore specialista OR specializzazione OR specializzato OR specializzata | 8 risultati
2026-09-03 11:51:05 | INFO | CV SEARCH GATE | Pers_Id=2162966 | mode=targeted | allowed=True | reason=profilo professionale strutturato | existing_cv=False
2026-09-03 11:51:05 | INFO | CV SEARCH QUERY | Pers_Id=2162966 | q="VERONICA ABATE" curriculum OR "curriculum vitae" medico "Napoli"
2026-09-03 11:51:18 | WARNING | SEARCH API FAIL | serper | "VERONICA ABATE" curriculum OR "curriculum vitae" medico "Napoli" | ReadTimeout: HTTPSConnectionPool(host='google.serper.dev', port=443): Read timed out. (read timeout=12)
2026-09-03 11:51:18 | WARNING | SEARCH API EMPTY/FAIL | "VERONICA ABATE" curriculum OR "curriculum vitae" medico "Napoli"
2026-09-03 11:51:18 | INFO | HIT SUMMARY | Pers_Id=2162966 | query=4 | recovery=1 | selective_third=1 | cv_query=1 | grezzi=16 | rilevanti=2 | provider={'serper': 83, 'brave': 0}
2026-09-03 11:51:19 | INFO | LANDING SCARTATA | Pers_Id=2162966 | ruolo incompatibile vicino al nome: possibile omonimo | https://www.doctolib.it/biologo-nutrizionista/thiene/veronica-abate
2026-09-03 11:51:20 | INFO | LANDING SCARTATA | Pers_Id=2162966 | pagina senza testo | https://bt.maptons.com/p/7658093750
2026-09-03 11:51:20 | INFO | DONE | Pers_Id=2162966 | 21.5s | NESSUN_RISULTATO | specialita=N/D | cv=NO | cv_review=0
2026-09-03 11:52:13 | INFO | CHECKPOINT | 40/40 | C:\Dev\Niko\scriptRicerca\output\risultatiMedici.xlsx
2026-09-03 11:52:13 | INFO | PROGRESS | 40/40 | 5.14 medici/min | ETA 0.0 min | {'DA_VERIFICARE': 6, 'SPECIALITA_TROVATA': 8, 'NESSUN_RISULTATO': 25, 'CV_TROVATO_SPECIALITA_DA_VERIFICARE': 1} | API={'serper': 83, 'brave': 0}
2026-09-03 11:53:06 | INFO | ==============================================================================
2026-09-03 11:53:06 | INFO | FINE | 8.7 min | {'DA_VERIFICARE': 6, 'SPECIALITA_TROVATA': 8, 'NESSUN_RISULTATO': 25, 'CV_TROVATO_SPECIALITA_DA_VERIFICARE': 1}
2026-09-03 11:53:06 | INFO | API REQUESTS | totale=83 | {'serper': 83, 'brave': 0}
2026-09-03 11:53:06 | INFO | OUTPUT | C:\Dev\Niko\scriptRicerca\output\risultatiMedici.xlsx
2026-09-03 11:53:06 | INFO | ==============================================================================
