2026-09-14 15:28:28 | INFO | PARAMETRI MASSIVO | catalogo=C:\Dev\Niko\Python\scriptRicerca\fonti_massive.json | export_only=False | skip_discovery=False | refresh_sources=False | max_documents=1000 | max_http_requests=2000 | state_dir=stato_massivo | output=output\risultato_massivo_recuperato.xlsx
2026-09-14 15:28:28 | INFO | Importazione e controllo di tutto l’archivio: input\scriptMedici.xlsx
2026-09-14 15:28:30 | INFO | Archivio: 81331 persone; 2378 nomi ripetuti
2026-09-14 15:28:53 | INFO | Documenti elaborati in questa esecuzione: 50; richieste HTTP: 0
2026-09-14 15:29:17 | INFO | Documenti elaborati in questa esecuzione: 100; richieste HTTP: 0
2026-09-14 15:29:54 | INFO | CHECKPOINT MASSIVO | documenti=100 | report=C:\Dev\Niko\Python\scriptRicerca\output\risultato_massivo_recuperato.xlsx | stati={'NON_COPERTO_DALLE_FONTI': 45883, 'DISCIPLINA_DICHIARATA_NEL_PROFILO': 24301, 'EVIDENZA_NON_CONFERMATA': 3524, 'SPECIALITA_CON_IDENTITA_NOMINALE': 4981, 'FONTE_NON_ACCESSIBILE': 114, 'PROFILO_CON_IDENTITA_NOMINALE': 1488, 'IDENTITA_CONFERMATA_SENZA_TITOLO': 28, 'IN_CODA': 966, 'SPECIALITA_DOCUMENTATA': 46}
2026-09-14 15:30:17 | INFO | Documenti elaborati in questa esecuzione: 150; richieste HTTP: 0
2026-09-14 15:30:38 | INFO | Documenti elaborati in questa esecuzione: 200; richieste HTTP: 0
2026-09-14 15:31:16 | INFO | CHECKPOINT MASSIVO | documenti=200 | report=C:\Dev\Niko\Python\scriptRicerca\output\risultato_massivo_recuperato.xlsx | stati={'NON_COPERTO_DALLE_FONTI': 45883, 'DISCIPLINA_DICHIARATA_NEL_PROFILO': 24301, 'EVIDENZA_NON_CONFERMATA': 3524, 'SPECIALITA_CON_IDENTITA_NOMINALE': 4982, 'FONTE_NON_ACCESSIBILE': 114, 'PROFILO_CON_IDENTITA_NOMINALE': 1531, 'IDENTITA_CONFERMATA_SENZA_TITOLO': 28, 'IN_CODA': 922, 'SPECIALITA_DOCUMENTATA': 46}
2026-09-14 15:31:39 | INFO | Documenti elaborati in questa esecuzione: 250; richieste HTTP: 0
2026-09-14 15:32:01 | INFO | Documenti elaborati in questa esecuzione: 300; richieste HTTP: 0
2026-09-14 15:32:39 | INFO | CHECKPOINT MASSIVO | documenti=300 | report=C:\Dev\Niko\Python\scriptRicerca\output\risultato_massivo_recuperato.xlsx | stati={'NON_COPERTO_DALLE_FONTI': 45883, 'DISCIPLINA_DICHIARATA_NEL_PROFILO': 24301, 'EVIDENZA_NON_CONFERMATA': 3523, 'SPECIALITA_CON_IDENTITA_NOMINALE': 4983, 'FONTE_NON_ACCESSIBILE': 114, 'PROFILO_CON_IDENTITA_NOMINALE': 1586, 'IDENTITA_CONFERMATA_SENZA_TITOLO': 28, 'IN_CODA': 867, 'SPECIALITA_DOCUMENTATA': 46}
2026-09-14 15:33:00 | INFO | Documenti elaborati in questa esecuzione: 350; richieste HTTP: 0
2026-09-14 15:33:23 | INFO | Documenti elaborati in questa esecuzione: 400; richieste HTTP: 0
2026-09-14 15:34:01 | INFO | CHECKPOINT MASSIVO | documenti=400 | report=C:\Dev\Niko\Python\scriptRicerca\output\risultato_massivo_recuperato.xlsx | stati={'NON_COPERTO_DALLE_FONTI': 45883, 'DISCIPLINA_DICHIARATA_NEL_PROFILO': 24303, 'EVIDENZA_NON_CONFERMATA': 3522, 'SPECIALITA_CON_IDENTITA_NOMINALE': 4983, 'FONTE_NON_ACCESSIBILE': 114, 'PROFILO_CON_IDENTITA_NOMINALE': 1621, 'IDENTITA_CONFERMATA_SENZA_TITOLO': 28, 'IN_CODA': 831, 'SPECIALITA_DOCUMENTATA': 46}
2026-09-14 15:34:23 | INFO | Documenti elaborati in questa esecuzione: 450; richieste HTTP: 0
2026-09-14 15:34:47 | INFO | Documenti elaborati in questa esecuzione: 500; richieste HTTP: 0
2026-09-14 15:35:25 | INFO | CHECKPOINT MASSIVO | documenti=500 | report=C:\Dev\Niko\Python\scriptRicerca\output\risultato_massivo_recuperato.xlsx | stati={'NON_COPERTO_DALLE_FONTI': 45883, 'DISCIPLINA_DICHIARATA_NEL_PROFILO': 24303, 'EVIDENZA_NON_CONFERMATA': 3522, 'SPECIALITA_CON_IDENTITA_NOMINALE': 4983, 'FONTE_NON_ACCESSIBILE': 114, 'PROFILO_CON_IDENTITA_NOMINALE': 1675, 'IDENTITA_CONFERMATA_SENZA_TITOLO': 28, 'IN_CODA': 777, 'SPECIALITA_DOCUMENTATA': 46}
2026-09-14 15:35:48 | INFO | Documenti elaborati in questa esecuzione: 550; richieste HTTP: 0
2026-09-14 15:36:11 | INFO | Documenti elaborati in questa esecuzione: 600; richieste HTTP: 0
2026-09-14 15:36:48 | INFO | CHECKPOINT MASSIVO | documenti=600 | report=C:\Dev\Niko\Python\scriptRicerca\output\risultato_massivo_recuperato.xlsx | stati={'NON_COPERTO_DALLE_FONTI': 45883, 'DISCIPLINA_DICHIARATA_NEL_PROFILO': 24303, 'EVIDENZA_NON_CONFERMATA': 3522, 'SPECIALITA_CON_IDENTITA_NOMINALE': 4983, 'FONTE_NON_ACCESSIBILE': 114, 'PROFILO_CON_IDENTITA_NOMINALE': 1711, 'IDENTITA_CONFERMATA_SENZA_TITOLO': 28, 'IN_CODA': 741, 'SPECIALITA_DOCUMENTATA': 46}
2026-09-14 15:37:09 | INFO | Documenti elaborati in questa esecuzione: 650; richieste HTTP: 0
2026-09-14 15:37:33 | INFO | Documenti elaborati in questa esecuzione: 700; richieste HTTP: 0
2026-09-14 15:38:12 | INFO | CHECKPOINT MASSIVO | documenti=700 | report=C:\Dev\Niko\Python\scriptRicerca\output\risultato_massivo_recuperato.xlsx | stati={'NON_COPERTO_DALLE_FONTI': 45883, 'DISCIPLINA_DICHIARATA_NEL_PROFILO': 24303, 'EVIDENZA_NON_CONFERMATA': 3522, 'SPECIALITA_CON_IDENTITA_NOMINALE': 4984, 'FONTE_NON_ACCESSIBILE': 114, 'PROFILO_CON_IDENTITA_NOMINALE': 1757, 'IDENTITA_CONFERMATA_SENZA_TITOLO': 28, 'IN_CODA': 694, 'SPECIALITA_DOCUMENTATA': 46}
2026-09-14 15:38:35 | INFO | Documenti elaborati in questa esecuzione: 750; richieste HTTP: 0
2026-09-14 15:38:56 | INFO | Documenti elaborati in questa esecuzione: 800; richieste HTTP: 0
2026-09-14 15:39:34 | INFO | CHECKPOINT MASSIVO | documenti=800 | report=C:\Dev\Niko\Python\scriptRicerca\output\risultato_massivo_recuperato.xlsx | stati={'NON_COPERTO_DALLE_FONTI': 45883, 'DISCIPLINA_DICHIARATA_NEL_PROFILO': 24304, 'EVIDENZA_NON_CONFERMATA': 3522, 'SPECIALITA_CON_IDENTITA_NOMINALE': 4985, 'FONTE_NON_ACCESSIBILE': 114, 'PROFILO_CON_IDENTITA_NOMINALE': 1807, 'IDENTITA_CONFERMATA_SENZA_TITOLO': 28, 'IN_CODA': 642, 'SPECIALITA_DOCUMENTATA': 46}
2026-09-14 15:39:56 | INFO | Documenti elaborati in questa esecuzione: 850; richieste HTTP: 0
2026-09-14 15:40:19 | INFO | Documenti elaborati in questa esecuzione: 900; richieste HTTP: 0
2026-09-14 15:40:57 | INFO | CHECKPOINT MASSIVO | documenti=900 | report=C:\Dev\Niko\Python\scriptRicerca\output\risultato_massivo_recuperato.xlsx | stati={'NON_COPERTO_DALLE_FONTI': 45883, 'DISCIPLINA_DICHIARATA_NEL_PROFILO': 24304, 'EVIDENZA_NON_CONFERMATA': 3522, 'SPECIALITA_CON_IDENTITA_NOMINALE': 4986, 'FONTE_NON_ACCESSIBILE': 114, 'PROFILO_CON_IDENTITA_NOMINALE': 1850, 'IDENTITA_CONFERMATA_SENZA_TITOLO': 28, 'IN_CODA': 598, 'SPECIALITA_DOCUMENTATA': 46}
2026-09-14 15:41:19 | INFO | Documenti elaborati in questa esecuzione: 950; richieste HTTP: 0
2026-09-14 15:41:41 | INFO | Documenti elaborati in questa esecuzione: 1000; richieste HTTP: 0
2026-09-14 15:42:18 | INFO | CHECKPOINT MASSIVO | documenti=1000 | report=C:\Dev\Niko\Python\scriptRicerca\output\risultato_massivo_recuperato.xlsx | stati={'NON_COPERTO_DALLE_FONTI': 45883, 'DISCIPLINA_DICHIARATA_NEL_PROFILO': 24304, 'EVIDENZA_NON_CONFERMATA': 3522, 'SPECIALITA_CON_IDENTITA_NOMINALE': 4986, 'FONTE_NON_ACCESSIBILE': 114, 'PROFILO_CON_IDENTITA_NOMINALE': 1900, 'IDENTITA_CONFERMATA_SENZA_TITOLO': 28, 'IN_CODA': 548, 'SPECIALITA_DOCUMENTATA': 46}
2026-09-14 15:42:57 | INFO | MASSIVO: {'total': 81331, 'states': {'NON_COPERTO_DALLE_FONTI': 45883, 'DISCIPLINA_DICHIARATA_NEL_PROFILO': 24304, 'EVIDENZA_NON_CONFERMATA': 3522, 'SPECIALITA_CON_IDENTITA_NOMINALE': 4986, 'FONTE_NON_ACCESSIBILE': 114, 'PROFILO_CON_IDENTITA_NOMINALE': 1900, 'IDENTITA_CONFERMATA_SENZA_TITOLO': 28, 'IN_CODA': 548, 'SPECIALITA_DOCUMENTATA': 46}, 'people_with_sources': 35448, 'urls': {'done': 73340, 'error': 776, 'pending': 1148}, 'updated': '2026-09-14T13:42:57+00:00'}; HTTP=0; Search API=0
