2026-09-02 16:37:48 | INFO | ==============================================================================
2026-09-02 16:37:48 | INFO | V4.5 MEDICI - PROXIMITY IDENTITY + DOMAIN CONSENSUS
2026-09-02 16:37:48 | INFO | Input: C:\Dev\Niko\scriptRicerca\input\scriptMedici.xlsx
2026-09-02 16:37:48 | INFO | Output: C:\Dev\Niko\scriptRicerca\output\risultatiMedici.xlsx
2026-09-02 16:37:48 | INFO | Provider: serper
2026-09-02 16:37:48 | INFO | Deep: False
2026-09-02 16:37:48 | INFO | Search results: 8
2026-09-02 16:37:48 | INFO | Max searches/persona: 3 (+1 con --deep)
2026-09-02 16:37:48 | INFO | Delay: 0.1 - 0.3 sec
2026-09-02 16:37:48 | INFO | CV sicuri dir: C:\Dev\Niko\scriptRicerca\cv_medici
2026-09-02 16:37:48 | INFO | CV da verificare dir: C:\Dev\Niko\scriptRicerca\cv_medici_da_verificare
2026-09-02 16:37:48 | INFO | Cache dir: C:\Dev\Niko\scriptRicerca\cache_medici
2026-09-02 16:37:48 | INFO | Log: logs\run_medici_20260902_163658.log
2026-09-02 16:37:48 | INFO | ==============================================================================
2026-09-02 16:37:48 | INFO | Medici da elaborare: 40
2026-09-02 16:37:50 | INFO | SEARCH API OK | serper | "YASAMIN AAZAM RAHIMIAN" medico "BOLOGNA" | 3 risultati
2026-09-02 16:37:52 | INFO | SEARCH API OK | serper | "YASAMIN AAZAM RAHIMIAN" medico specialista ospedale | 2 risultati
2026-09-02 16:37:53 | INFO | SEARCH API OK | serper | "YASAMIN AAZAM RAHIMIAN" specializzazione OR specialista OR "medico di" | 2 risultati
2026-09-02 16:37:53 | INFO | HIT SUMMARY | Pers_Id=2467194 | query=3 | grezzi=4 | rilevanti=1 | provider={'serper': 3, 'brave': 0}
2026-09-02 16:38:00 | INFO | DONE | Pers_Id=2467194 | 12.0s | DA_VERIFICARE | specialita=N/D | cv=NO | cv_review=0
2026-09-02 16:38:03 | INFO | SEARCH API OK | serper | "ERNESTO MARTIN ABAD AGUIAR" medico "Nuoro" | 8 risultati
2026-09-02 16:38:03 | INFO | HIT SUMMARY | Pers_Id=2606079 | query=1 | grezzi=8 | rilevanti=3 | provider={'serper': 4, 'brave': 0}
2026-09-02 16:38:04 | INFO | PDF PRE-SCARTATO | markup non-CV | https://media.doctolib.com/image/upload/v1738603917/legal/Per_saperne_di_pi%C3%B9_sui_servizi_personalizzati.pdf
2026-09-02 16:38:04 | INFO | PDF PRE-SCARTATO | markup non-CV | https://media.doctolib.com/image/upload/v1747059391/legal/Per_saperne_di_pi%C3%B9_sulla_ricerca_e_lo_sviluppo_di_prodotti_innovativi.pdf
2026-09-02 16:38:04 | INFO | PDF PRE-SCARTATO | markup non-CV | https://esante.gouv.fr/sites/default/files/media_entity/documents/%5BINS%20au%20quotidien%5D%20Conduite%20à%20tenir%20en%20fonction%20du%20retour%20d%27INSi.pdf
2026-09-02 16:38:04 | INFO | PDF PRE-SCARTATO | markup non-CV | https://%{media_root_url}/image/upload/v1733825817/legal/B2C-PrivacyPolicy-DEC24-ITA.pdf
2026-09-02 16:38:04 | INFO | PDF PRE-SCARTATO | markup non-CV | https://%{media_root_url}/image/upload/v1708014384/legal/Adyen_CGU_ITA.pdf
2026-09-02 16:38:04 | INFO | PDF PRE-SCARTATO | markup non-CV | https://%{media_root_url}/image/upload/v1642696847/PrivacyPolicy-B2B-january-2022-Vdef_jx0yux.pdf
2026-09-02 16:38:04 | INFO | PDF PRE-SCARTATO | markup non-CV | https://%{media_root_url}/image/upload/v1643797392/Privacy-policy-B2B-ITA-Jan22-vdef_pkciyb.pdf
2026-09-02 16:38:04 | INFO | PDF PRE-SCARTATO | markup non-CV | https://%{media_root_url}/image/upload/v1614251120/legal/D%C3%89FINITIONS_patients.pdf
2026-09-02 16:38:04 | INFO | PDF PRE-SCARTATO | markup non-CV | https://%{media_root_url}/image/upload/v1657277812/legal/B2C-PrivacyPolicy-July-22-ITA.pdf
2026-09-02 16:38:04 | INFO | PDF PRE-SCARTATO | markup non-CV | https://%{media_root_url}/image/upload/v1733825817/legal/B2C-PrivacyPolicy-DEC24-ITA.pdf
2026-09-02 16:38:04 | INFO | PDF PRE-SCARTATO | markup non-CV | https://%{media_root_url}/image/upload/v1745330410/legal/B2C-VDEF-PP-APR-25-FR.pdf
2026-09-02 16:38:04 | INFO | PDF PRE-SCARTATO | markup non-CV | https://%{media_root_url}/image/upload/v1753974148/legal/B2C-PrivacyPolicy-JULY_25-DE.pdf
2026-09-02 16:38:04 | INFO | PDF PRE-SCARTATO | markup non-CV | https://%{media_root_url}/image/upload/v1733825817/legal/B2C-PrivacyPolicy-DEC24-ITA.pdf
2026-09-02 16:38:04 | INFO | PDF PRE-SCARTATO | markup non-CV | https://%{media_root_url}/image/upload/v1584379505/pms_training/intellio_teletransmission_fsedegradee.pdf
2026-09-02 16:38:04 | INFO | PDF PRE-SCARTATO | markup non-CV | https://%{media_root_url}/image/upload/v1649341216/tuv%20certifications/doctolib_tuevit_tcs.pdf
2026-09-02 16:38:04 | INFO | PDF PRE-SCARTATO | markup non-CV | https://%{media_root_url}/image/upload/v1649341216/tuv%20certifications/doctolib_tuevit_dataprivacy.pdf
2026-09-02 16:38:04 | INFO | PDF PRE-SCARTATO | markup non-CV | https://%{media_root_url}/image/upload/v1586961367/KV%20Declaration%20Form/Zertifizierter_Videodienstanbieter_Datenschutzcert_Formular.pdf
2026-09-02 16:38:04 | INFO | PDF PRE-SCARTATO | markup non-CV | https://%{media_root_url}/image/upload/mkg/file/doctolib_tuevit_dataprivacy.pdf
2026-09-02 16:38:04 | INFO | PDF PRE-SCARTATO | markup non-CV | https://%{media_root_url}/image/upload/v1607434983/Transparence_des_liens_-_LAP_-_de%CC%81claration_V4_m11n9b.pdf
2026-09-02 16:38:04 | INFO | PDF PRE-SCARTATO | markup non-CV | https://%{media_root_url}/image/upload/v1697629985/legal/Certification_HAS_du_LAP_Doctolib_20231017.pdf
2026-09-02 16:38:04 | INFO | PDF PRE-SCARTATO | markup non-CV | https://%{media_root_url}/image/upload/v1679994602/legal/B2B_CA_ACCETTAZIONEART.1341E1342C.C._GEN23_ITA.pdf
2026-09-02 16:38:04 | INFO | PDF PRE-SCARTATO | markup non-CV | https://%{media_root_url}/image/upload/v1679994602/legal/B2B_CA_ACCETTAZIONEART.1341E1342C.C._GEN23_ITA.pdf
2026-09-02 16:38:04 | INFO | PDF PRE-SCARTATO | markup non-CV | https://%{media_root_url}/image/upload/v1695113836/legal/B2B-Conditionsderogatoires-CA-SEP23-FR.pdf
2026-09-02 16:38:06 | INFO | DONE | Pers_Id=2606079 | 5.4s | SPECIALITA_TROVATA | specialita=Medicina Generale | cv=NO | cv_review=0
2026-09-02 16:38:07 | INFO | SEARCH API OK | serper | "CHIARA ABAGNALE" medico "San felice Circeo" | 2 risultati
2026-09-02 16:38:09 | INFO | SEARCH API OK | serper | "CHIARA ABAGNALE" medico specialista ospedale | 8 risultati
2026-09-02 16:38:11 | INFO | SEARCH API OK | serper | "CHIARA ABAGNALE" specializzazione OR specialista OR "medico di" | 8 risultati
2026-09-02 16:38:11 | INFO | HIT SUMMARY | Pers_Id=2606149 | query=3 | grezzi=16 | rilevanti=1 | provider={'serper': 7, 'brave': 0}
2026-09-02 16:38:14 | INFO | DONE | Pers_Id=2606149 | 8.3s | DA_VERIFICARE | specialita=N/D | cv=NO | cv_review=0
2026-09-02 16:38:16 | INFO | SEARCH API OK | serper | "FEDERICA ABAGNALE" medico "Napoli" | 0 risultati
2026-09-02 16:38:17 | INFO | SEARCH API OK | serper | "FEDERICA ABAGNALE" medico specialista ospedale | 0 risultati
2026-09-02 16:38:19 | INFO | SEARCH API OK | serper | "FEDERICA ABAGNALE" specializzazione OR specialista OR "medico di" | 1 risultati
2026-09-02 16:38:19 | INFO | HIT SUMMARY | Pers_Id=2744181 | query=3 | grezzi=1 | rilevanti=0 | provider={'serper': 10, 'brave': 0}
2026-09-02 16:38:19 | INFO | DONE | Pers_Id=2744181 | 4.9s | NESSUN_RISULTATO | specialita=N/D | cv=NO | cv_review=0
2026-09-02 16:38:21 | INFO | SEARCH API OK | serper | "GIOVANNA ABAGNALE" medico "Napoli" | 4 risultati
2026-09-02 16:38:23 | INFO | SEARCH API OK | serper | "GIOVANNA ABAGNALE" medico specialista ospedale | 0 risultati
2026-09-02 16:38:24 | INFO | SEARCH API OK | serper | "GIOVANNA ABAGNALE" specializzazione OR specialista OR "medico di" | 0 risultati
2026-09-02 16:38:24 | INFO | HIT SUMMARY | Pers_Id=2744182 | query=3 | grezzi=4 | rilevanti=0 | provider={'serper': 13, 'brave': 0}
2026-09-02 16:38:24 | INFO | DONE | Pers_Id=2744182 | 5.2s | NESSUN_RISULTATO | specialita=N/D | cv=NO | cv_review=0
2026-09-02 16:38:24 | INFO | PROGRESS | 5/40 | 8.36 medici/min | ETA 4.2 min | {'DA_VERIFICARE': 2, 'SPECIALITA_TROVATA': 1, 'NESSUN_RISULTATO': 2} | API={'serper': 13, 'brave': 0}
2026-09-02 16:38:27 | INFO | SEARCH API OK | serper | "GIUSEPPE ABAGNALE" medico "GRAGNANO" | 8 risultati
2026-09-02 16:38:27 | INFO | HIT SUMMARY | Pers_Id=359717 | query=1 | grezzi=8 | rilevanti=1 | provider={'serper': 14, 'brave': 0}
2026-09-02 16:38:28 | INFO | PDF PRE-SCARTATO | markup non-CV | https://media.doctolib.com/image/upload/v1738603917/legal/Per_saperne_di_pi%C3%B9_sui_servizi_personalizzati.pdf
2026-09-02 16:38:28 | INFO | PDF PRE-SCARTATO | markup non-CV | https://media.doctolib.com/image/upload/v1747059391/legal/Per_saperne_di_pi%C3%B9_sulla_ricerca_e_lo_sviluppo_di_prodotti_innovativi.pdf
2026-09-02 16:38:28 | INFO | PDF PRE-SCARTATO | markup non-CV | https://esante.gouv.fr/sites/default/files/media_entity/documents/%5BINS%20au%20quotidien%5D%20Conduite%20à%20tenir%20en%20fonction%20du%20retour%20d%27INSi.pdf
2026-09-02 16:38:28 | INFO | PDF PRE-SCARTATO | markup non-CV | https://%{media_root_url}/image/upload/v1733825817/legal/B2C-PrivacyPolicy-DEC24-ITA.pdf
2026-09-02 16:38:28 | INFO | PDF PRE-SCARTATO | markup non-CV | https://%{media_root_url}/image/upload/v1708014384/legal/Adyen_CGU_ITA.pdf
2026-09-02 16:38:28 | INFO | PDF PRE-SCARTATO | markup non-CV | https://%{media_root_url}/image/upload/v1642696847/PrivacyPolicy-B2B-january-2022-Vdef_jx0yux.pdf
2026-09-02 16:38:28 | INFO | PDF PRE-SCARTATO | markup non-CV | https://%{media_root_url}/image/upload/v1643797392/Privacy-policy-B2B-ITA-Jan22-vdef_pkciyb.pdf
2026-09-02 16:38:28 | INFO | PDF PRE-SCARTATO | markup non-CV | https://%{media_root_url}/image/upload/v1614251120/legal/D%C3%89FINITIONS_patients.pdf
2026-09-02 16:38:28 | INFO | PDF PRE-SCARTATO | markup non-CV | https://%{media_root_url}/image/upload/v1657277812/legal/B2C-PrivacyPolicy-July-22-ITA.pdf
2026-09-02 16:38:28 | INFO | PDF PRE-SCARTATO | markup non-CV | https://%{media_root_url}/image/upload/v1733825817/legal/B2C-PrivacyPolicy-DEC24-ITA.pdf
2026-09-02 16:38:28 | INFO | PDF PRE-SCARTATO | markup non-CV | https://%{media_root_url}/image/upload/v1745330410/legal/B2C-VDEF-PP-APR-25-FR.pdf
2026-09-02 16:38:28 | INFO | PDF PRE-SCARTATO | markup non-CV | https://%{media_root_url}/image/upload/v1753974148/legal/B2C-PrivacyPolicy-JULY_25-DE.pdf
2026-09-02 16:38:28 | INFO | PDF PRE-SCARTATO | markup non-CV | https://%{media_root_url}/image/upload/v1733825817/legal/B2C-PrivacyPolicy-DEC24-ITA.pdf
2026-09-02 16:38:28 | INFO | PDF PRE-SCARTATO | markup non-CV | https://%{media_root_url}/image/upload/v1584379505/pms_training/intellio_teletransmission_fsedegradee.pdf
2026-09-02 16:38:28 | INFO | PDF PRE-SCARTATO | markup non-CV | https://%{media_root_url}/image/upload/v1649341216/tuv%20certifications/doctolib_tuevit_tcs.pdf
2026-09-02 16:38:28 | INFO | PDF PRE-SCARTATO | markup non-CV | https://%{media_root_url}/image/upload/v1649341216/tuv%20certifications/doctolib_tuevit_dataprivacy.pdf
2026-09-02 16:38:28 | INFO | PDF PRE-SCARTATO | markup non-CV | https://%{media_root_url}/image/upload/v1586961367/KV%20Declaration%20Form/Zertifizierter_Videodienstanbieter_Datenschutzcert_Formular.pdf
2026-09-02 16:38:28 | INFO | PDF PRE-SCARTATO | markup non-CV | https://%{media_root_url}/image/upload/mkg/file/doctolib_tuevit_dataprivacy.pdf
2026-09-02 16:38:28 | INFO | PDF PRE-SCARTATO | markup non-CV | https://%{media_root_url}/image/upload/v1607434983/Transparence_des_liens_-_LAP_-_de%CC%81claration_V4_m11n9b.pdf
2026-09-02 16:38:28 | INFO | PDF PRE-SCARTATO | markup non-CV | https://%{media_root_url}/image/upload/v1697629985/legal/Certification_HAS_du_LAP_Doctolib_20231017.pdf
2026-09-02 16:38:28 | INFO | PDF PRE-SCARTATO | markup non-CV | https://%{media_root_url}/image/upload/v1679994602/legal/B2B_CA_ACCETTAZIONEART.1341E1342C.C._GEN23_ITA.pdf
2026-09-02 16:38:28 | INFO | PDF PRE-SCARTATO | markup non-CV | https://%{media_root_url}/image/upload/v1679994602/legal/B2B_CA_ACCETTAZIONEART.1341E1342C.C._GEN23_ITA.pdf
2026-09-02 16:38:28 | INFO | PDF PRE-SCARTATO | markup non-CV | https://%{media_root_url}/image/upload/v1695113836/legal/B2B-Conditionsderogatoires-CA-SEP23-FR.pdf
2026-09-02 16:38:28 | INFO | DONE | Pers_Id=359717 | 3.6s | SPECIALITA_TROVATA | specialita=Medicina Generale | cv=NO | cv_review=0
2026-09-02 16:38:29 | INFO | SEARCH API OK | serper | "LUCIA ABAGNALE" medico "Santa Maria la Carità" | 0 risultati
2026-09-02 16:38:31 | INFO | SEARCH API OK | serper | "LUCIA ABAGNALE" medico specialista ospedale | 1 risultati
2026-09-02 16:38:33 | INFO | SEARCH API OK | serper | "LUCIA ABAGNALE" specializzazione OR specialista OR "medico di" | 8 risultati
2026-09-02 16:38:33 | INFO | HIT SUMMARY | Pers_Id=2606156 | query=3 | grezzi=9 | rilevanti=1 | provider={'serper': 17, 'brave': 0}
2026-09-02 16:38:41 | INFO | LANDING SCARTATA | Pers_Id=2606156 | nome completo assente dalla pagina | https://burc.regione.campania.it/eBurcWeb/directServlet?DOCUMENT_ID=00108224&ATTACH_ID=160875
2026-09-02 16:38:41 | INFO | DONE | Pers_Id=2606156 | 12.8s | NESSUN_RISULTATO | specialita=N/D | cv=NO | cv_review=0
2026-09-02 16:38:43 | INFO | SEARCH API OK | serper | "CHIARA ABALOTTI" medico "CORNEDO VICENTINO" | 8 risultati
2026-09-02 16:38:44 | INFO | SEARCH API OK | serper | "CHIARA ABALOTTI" medico specialista ospedale | 2 risultati
2026-09-02 16:38:45 | INFO | SEARCH API OK | serper | "CHIARA ABALOTTI" specializzazione OR specialista OR "medico di" | 8 risultati
2026-09-02 16:38:45 | INFO | HIT SUMMARY | Pers_Id=1188728 | query=3 | grezzi=14 | rilevanti=2 | provider={'serper': 20, 'brave': 0}
2026-09-02 16:38:50 | INFO | PDF PRE-SCARTATO | markup non-CV | https://media.doctolib.com/image/upload/v1738603917/legal/Per_saperne_di_pi%C3%B9_sui_servizi_personalizzati.pdf
2026-09-02 16:38:50 | INFO | PDF PRE-SCARTATO | markup non-CV | https://media.doctolib.com/image/upload/v1747059391/legal/Per_saperne_di_pi%C3%B9_sulla_ricerca_e_lo_sviluppo_di_prodotti_innovativi.pdf
2026-09-02 16:38:50 | INFO | PDF PRE-SCARTATO | markup non-CV | https://esante.gouv.fr/sites/default/files/media_entity/documents/%5BINS%20au%20quotidien%5D%20Conduite%20à%20tenir%20en%20fonction%20du%20retour%20d%27INSi.pdf
2026-09-02 16:38:50 | INFO | PDF PRE-SCARTATO | markup non-CV | https://%{media_root_url}/image/upload/v1733825817/legal/B2C-PrivacyPolicy-DEC24-ITA.pdf
2026-09-02 16:38:50 | INFO | PDF PRE-SCARTATO | markup non-CV | https://%{media_root_url}/image/upload/v1708014384/legal/Adyen_CGU_ITA.pdf
2026-09-02 16:38:50 | INFO | PDF PRE-SCARTATO | markup non-CV | https://%{media_root_url}/image/upload/v1642696847/PrivacyPolicy-B2B-january-2022-Vdef_jx0yux.pdf
2026-09-02 16:38:50 | INFO | PDF PRE-SCARTATO | markup non-CV | https://%{media_root_url}/image/upload/v1643797392/Privacy-policy-B2B-ITA-Jan22-vdef_pkciyb.pdf
2026-09-02 16:38:50 | INFO | PDF PRE-SCARTATO | markup non-CV | https://%{media_root_url}/image/upload/v1614251120/legal/D%C3%89FINITIONS_patients.pdf
2026-09-02 16:38:50 | INFO | PDF PRE-SCARTATO | markup non-CV | https://%{media_root_url}/image/upload/v1657277812/legal/B2C-PrivacyPolicy-July-22-ITA.pdf
2026-09-02 16:38:50 | INFO | PDF PRE-SCARTATO | markup non-CV | https://%{media_root_url}/image/upload/v1733825817/legal/B2C-PrivacyPolicy-DEC24-ITA.pdf
2026-09-02 16:38:50 | INFO | PDF PRE-SCARTATO | markup non-CV | https://%{media_root_url}/image/upload/v1745330410/legal/B2C-VDEF-PP-APR-25-FR.pdf
2026-09-02 16:38:50 | INFO | PDF PRE-SCARTATO | markup non-CV | https://%{media_root_url}/image/upload/v1753974148/legal/B2C-PrivacyPolicy-JULY_25-DE.pdf
2026-09-02 16:38:50 | INFO | PDF PRE-SCARTATO | markup non-CV | https://%{media_root_url}/image/upload/v1733825817/legal/B2C-PrivacyPolicy-DEC24-ITA.pdf
2026-09-02 16:38:50 | INFO | PDF PRE-SCARTATO | markup non-CV | https://%{media_root_url}/image/upload/v1584379505/pms_training/intellio_teletransmission_fsedegradee.pdf
2026-09-02 16:38:50 | INFO | PDF PRE-SCARTATO | markup non-CV | https://%{media_root_url}/image/upload/v1649341216/tuv%20certifications/doctolib_tuevit_tcs.pdf
2026-09-02 16:38:50 | INFO | PDF PRE-SCARTATO | markup non-CV | https://%{media_root_url}/image/upload/v1649341216/tuv%20certifications/doctolib_tuevit_dataprivacy.pdf
2026-09-02 16:38:50 | INFO | PDF PRE-SCARTATO | markup non-CV | https://%{media_root_url}/image/upload/v1586961367/KV%20Declaration%20Form/Zertifizierter_Videodienstanbieter_Datenschutzcert_Formular.pdf
2026-09-02 16:38:50 | INFO | PDF PRE-SCARTATO | markup non-CV | https://%{media_root_url}/image/upload/mkg/file/doctolib_tuevit_dataprivacy.pdf
2026-09-02 16:38:50 | INFO | PDF PRE-SCARTATO | markup non-CV | https://%{media_root_url}/image/upload/v1607434983/Transparence_des_liens_-_LAP_-_de%CC%81claration_V4_m11n9b.pdf
2026-09-02 16:38:50 | INFO | PDF PRE-SCARTATO | markup non-CV | https://%{media_root_url}/image/upload/v1697629985/legal/Certification_HAS_du_LAP_Doctolib_20231017.pdf
2026-09-02 16:38:50 | INFO | PDF PRE-SCARTATO | markup non-CV | https://%{media_root_url}/image/upload/v1679994602/legal/B2B_CA_ACCETTAZIONEART.1341E1342C.C._GEN23_ITA.pdf
2026-09-02 16:38:50 | INFO | PDF PRE-SCARTATO | markup non-CV | https://%{media_root_url}/image/upload/v1679994602/legal/B2B_CA_ACCETTAZIONEART.1341E1342C.C._GEN23_ITA.pdf
2026-09-02 16:38:50 | INFO | PDF PRE-SCARTATO | markup non-CV | https://%{media_root_url}/image/upload/v1695113836/legal/B2B-Conditionsderogatoires-CA-SEP23-FR.pdf
2026-09-02 16:38:50 | INFO | DONE | Pers_Id=1188728 | 9.4s | DA_VERIFICARE | specialita=N/D | cv=NO | cv_review=0
2026-09-02 16:38:52 | INFO | SEARCH API OK | serper | "MARIA VITTORIA ABALSAMO" medico "ROMA" | 8 risultati
2026-09-02 16:38:52 | INFO | HIT SUMMARY | Pers_Id=436708 | query=1 | grezzi=8 | rilevanti=2 | provider={'serper': 21, 'brave': 0}
2026-09-02 16:38:54 | INFO | PDF PRE-SCARTATO | markup non-CV | https://media.doctolib.com/image/upload/v1738603917/legal/Per_saperne_di_pi%C3%B9_sui_servizi_personalizzati.pdf
2026-09-02 16:38:54 | INFO | PDF PRE-SCARTATO | markup non-CV | https://media.doctolib.com/image/upload/v1747059391/legal/Per_saperne_di_pi%C3%B9_sulla_ricerca_e_lo_sviluppo_di_prodotti_innovativi.pdf
2026-09-02 16:38:54 | INFO | PDF PRE-SCARTATO | markup non-CV | https://esante.gouv.fr/sites/default/files/media_entity/documents/%5BINS%20au%20quotidien%5D%20Conduite%20à%20tenir%20en%20fonction%20du%20retour%20d%27INSi.pdf
2026-09-02 16:38:54 | INFO | PDF PRE-SCARTATO | markup non-CV | https://%{media_root_url}/image/upload/v1733825817/legal/B2C-PrivacyPolicy-DEC24-ITA.pdf
2026-09-02 16:38:54 | INFO | PDF PRE-SCARTATO | markup non-CV | https://%{media_root_url}/image/upload/v1708014384/legal/Adyen_CGU_ITA.pdf
2026-09-02 16:38:54 | INFO | PDF PRE-SCARTATO | markup non-CV | https://%{media_root_url}/image/upload/v1642696847/PrivacyPolicy-B2B-january-2022-Vdef_jx0yux.pdf
2026-09-02 16:38:54 | INFO | PDF PRE-SCARTATO | markup non-CV | https://%{media_root_url}/image/upload/v1643797392/Privacy-policy-B2B-ITA-Jan22-vdef_pkciyb.pdf
2026-09-02 16:38:54 | INFO | PDF PRE-SCARTATO | markup non-CV | https://%{media_root_url}/image/upload/v1614251120/legal/D%C3%89FINITIONS_patients.pdf
2026-09-02 16:38:54 | INFO | PDF PRE-SCARTATO | markup non-CV | https://%{media_root_url}/image/upload/v1657277812/legal/B2C-PrivacyPolicy-July-22-ITA.pdf
2026-09-02 16:38:54 | INFO | PDF PRE-SCARTATO | markup non-CV | https://%{media_root_url}/image/upload/v1733825817/legal/B2C-PrivacyPolicy-DEC24-ITA.pdf
2026-09-02 16:38:54 | INFO | PDF PRE-SCARTATO | markup non-CV | https://%{media_root_url}/image/upload/v1745330410/legal/B2C-VDEF-PP-APR-25-FR.pdf
2026-09-02 16:38:54 | INFO | PDF PRE-SCARTATO | markup non-CV | https://%{media_root_url}/image/upload/v1753974148/legal/B2C-PrivacyPolicy-JULY_25-DE.pdf
2026-09-02 16:38:54 | INFO | PDF PRE-SCARTATO | markup non-CV | https://%{media_root_url}/image/upload/v1733825817/legal/B2C-PrivacyPolicy-DEC24-ITA.pdf
2026-09-02 16:38:54 | INFO | PDF PRE-SCARTATO | markup non-CV | https://%{media_root_url}/image/upload/v1584379505/pms_training/intellio_teletransmission_fsedegradee.pdf
2026-09-02 16:38:54 | INFO | PDF PRE-SCARTATO | markup non-CV | https://%{media_root_url}/image/upload/v1649341216/tuv%20certifications/doctolib_tuevit_tcs.pdf
2026-09-02 16:38:54 | INFO | PDF PRE-SCARTATO | markup non-CV | https://%{media_root_url}/image/upload/v1649341216/tuv%20certifications/doctolib_tuevit_dataprivacy.pdf
2026-09-02 16:38:54 | INFO | PDF PRE-SCARTATO | markup non-CV | https://%{media_root_url}/image/upload/v1586961367/KV%20Declaration%20Form/Zertifizierter_Videodienstanbieter_Datenschutzcert_Formular.pdf
2026-09-02 16:38:54 | INFO | PDF PRE-SCARTATO | markup non-CV | https://%{media_root_url}/image/upload/mkg/file/doctolib_tuevit_dataprivacy.pdf
2026-09-02 16:38:54 | INFO | PDF PRE-SCARTATO | markup non-CV | https://%{media_root_url}/image/upload/v1607434983/Transparence_des_liens_-_LAP_-_de%CC%81claration_V4_m11n9b.pdf
2026-09-02 16:38:54 | INFO | PDF PRE-SCARTATO | markup non-CV | https://%{media_root_url}/image/upload/v1697629985/legal/Certification_HAS_du_LAP_Doctolib_20231017.pdf
2026-09-02 16:38:54 | INFO | PDF PRE-SCARTATO | markup non-CV | https://%{media_root_url}/image/upload/v1679994602/legal/B2B_CA_ACCETTAZIONEART.1341E1342C.C._GEN23_ITA.pdf
2026-09-02 16:38:54 | INFO | PDF PRE-SCARTATO | markup non-CV | https://%{media_root_url}/image/upload/v1679994602/legal/B2B_CA_ACCETTAZIONEART.1341E1342C.C._GEN23_ITA.pdf
2026-09-02 16:38:54 | INFO | PDF PRE-SCARTATO | markup non-CV | https://%{media_root_url}/image/upload/v1695113836/legal/B2B-Conditionsderogatoires-CA-SEP23-FR.pdf
2026-09-02 16:38:54 | INFO | DONE | Pers_Id=436708 | 3.8s | SPECIALITA_TROVATA | specialita=Medicina Generale | cv=NO | cv_review=0
2026-09-02 16:38:56 | INFO | SEARCH API OK | serper | "MARIA ABASCHINA" medico "MONTELUPONE" | 2 risultati
2026-09-02 16:38:57 | INFO | HIT SUMMARY | Pers_Id=1219520 | query=1 | grezzi=2 | rilevanti=1 | provider={'serper': 22, 'brave': 0}
2026-09-02 16:38:58 | INFO | PDF PRE-SCARTATO | markup non-CV | https://media.doctolib.com/image/upload/v1738603917/legal/Per_saperne_di_pi%C3%B9_sui_servizi_personalizzati.pdf
2026-09-02 16:38:58 | INFO | PDF PRE-SCARTATO | markup non-CV | https://media.doctolib.com/image/upload/v1747059391/legal/Per_saperne_di_pi%C3%B9_sulla_ricerca_e_lo_sviluppo_di_prodotti_innovativi.pdf
2026-09-02 16:38:58 | INFO | PDF PRE-SCARTATO | markup non-CV | https://esante.gouv.fr/sites/default/files/media_entity/documents/%5BINS%20au%20quotidien%5D%20Conduite%20à%20tenir%20en%20fonction%20du%20retour%20d%27INSi.pdf
2026-09-02 16:38:58 | INFO | PDF PRE-SCARTATO | markup non-CV | https://%{media_root_url}/image/upload/v1733825817/legal/B2C-PrivacyPolicy-DEC24-ITA.pdf
2026-09-02 16:38:58 | INFO | PDF PRE-SCARTATO | markup non-CV | https://%{media_root_url}/image/upload/v1708014384/legal/Adyen_CGU_ITA.pdf
2026-09-02 16:38:58 | INFO | PDF PRE-SCARTATO | markup non-CV | https://%{media_root_url}/image/upload/v1642696847/PrivacyPolicy-B2B-january-2022-Vdef_jx0yux.pdf
2026-09-02 16:38:58 | INFO | PDF PRE-SCARTATO | markup non-CV | https://%{media_root_url}/image/upload/v1643797392/Privacy-policy-B2B-ITA-Jan22-vdef_pkciyb.pdf
2026-09-02 16:38:58 | INFO | PDF PRE-SCARTATO | markup non-CV | https://%{media_root_url}/image/upload/v1614251120/legal/D%C3%89FINITIONS_patients.pdf
2026-09-02 16:38:58 | INFO | PDF PRE-SCARTATO | markup non-CV | https://%{media_root_url}/image/upload/v1657277812/legal/B2C-PrivacyPolicy-July-22-ITA.pdf
2026-09-02 16:38:58 | INFO | PDF PRE-SCARTATO | markup non-CV | https://%{media_root_url}/image/upload/v1733825817/legal/B2C-PrivacyPolicy-DEC24-ITA.pdf
2026-09-02 16:38:58 | INFO | PDF PRE-SCARTATO | markup non-CV | https://%{media_root_url}/image/upload/v1745330410/legal/B2C-VDEF-PP-APR-25-FR.pdf
2026-09-02 16:38:58 | INFO | PDF PRE-SCARTATO | markup non-CV | https://%{media_root_url}/image/upload/v1753974148/legal/B2C-PrivacyPolicy-JULY_25-DE.pdf
2026-09-02 16:38:58 | INFO | PDF PRE-SCARTATO | markup non-CV | https://%{media_root_url}/image/upload/v1733825817/legal/B2C-PrivacyPolicy-DEC24-ITA.pdf
2026-09-02 16:38:58 | INFO | PDF PRE-SCARTATO | markup non-CV | https://%{media_root_url}/image/upload/v1584379505/pms_training/intellio_teletransmission_fsedegradee.pdf
2026-09-02 16:38:58 | INFO | PDF PRE-SCARTATO | markup non-CV | https://%{media_root_url}/image/upload/v1649341216/tuv%20certifications/doctolib_tuevit_tcs.pdf
2026-09-02 16:38:58 | INFO | PDF PRE-SCARTATO | markup non-CV | https://%{media_root_url}/image/upload/v1649341216/tuv%20certifications/doctolib_tuevit_dataprivacy.pdf
2026-09-02 16:38:58 | INFO | PDF PRE-SCARTATO | markup non-CV | https://%{media_root_url}/image/upload/v1586961367/KV%20Declaration%20Form/Zertifizierter_Videodienstanbieter_Datenschutzcert_Formular.pdf
2026-09-02 16:38:58 | INFO | PDF PRE-SCARTATO | markup non-CV | https://%{media_root_url}/image/upload/mkg/file/doctolib_tuevit_dataprivacy.pdf
2026-09-02 16:38:58 | INFO | PDF PRE-SCARTATO | markup non-CV | https://%{media_root_url}/image/upload/v1607434983/Transparence_des_liens_-_LAP_-_de%CC%81claration_V4_m11n9b.pdf
2026-09-02 16:38:58 | INFO | PDF PRE-SCARTATO | markup non-CV | https://%{media_root_url}/image/upload/v1697629985/legal/Certification_HAS_du_LAP_Doctolib_20231017.pdf
2026-09-02 16:38:58 | INFO | PDF PRE-SCARTATO | markup non-CV | https://%{media_root_url}/image/upload/v1679994602/legal/B2B_CA_ACCETTAZIONEART.1341E1342C.C._GEN23_ITA.pdf
2026-09-02 16:38:58 | INFO | PDF PRE-SCARTATO | markup non-CV | https://%{media_root_url}/image/upload/v1679994602/legal/B2B_CA_ACCETTAZIONEART.1341E1342C.C._GEN23_ITA.pdf
2026-09-02 16:38:58 | INFO | PDF PRE-SCARTATO | markup non-CV | https://%{media_root_url}/image/upload/v1695113836/legal/B2B-Conditionsderogatoires-CA-SEP23-FR.pdf
2026-09-02 16:38:58 | INFO | DONE | Pers_Id=1219520 | 3.7s | SPECIALITA_TROVATA | specialita=Medicina Generale | cv=NO | cv_review=0
2026-09-02 16:39:18 | INFO | CHECKPOINT | 10/40 | C:\Dev\Niko\scriptRicerca\output\risultatiMedici.xlsx
2026-09-02 16:39:18 | INFO | PROGRESS | 10/40 | 6.70 medici/min | ETA 4.5 min | {'DA_VERIFICARE': 3, 'SPECIALITA_TROVATA': 4, 'NESSUN_RISULTATO': 3} | API={'serper': 22, 'brave': 0}
2026-09-02 16:39:20 | INFO | SEARCH API OK | serper | "NATALIYA VOLODYMYRIVNA ABASKALOVA" medico "Grosseto" | 0 risultati
2026-09-02 16:39:21 | INFO | SEARCH API OK | serper | "NATALIYA VOLODYMYRIVNA ABASKALOVA" medico specialista ospedale | 0 risultati
2026-09-02 16:39:23 | INFO | SEARCH API OK | serper | "NATALIYA VOLODYMYRIVNA ABASKALOVA" specializzazione OR specialista OR "medico di" | 1 risultati
2026-09-02 16:39:23 | INFO | HIT SUMMARY | Pers_Id=1784532 | query=3 | grezzi=1 | rilevanti=0 | provider={'serper': 25, 'brave': 0}
2026-09-02 16:39:23 | INFO | DONE | Pers_Id=1784532 | 4.8s | NESSUN_RISULTATO | specialita=N/D | cv=NO | cv_review=0
2026-09-02 16:39:24 | INFO | SEARCH API OK | serper | "GIULIO ABATANGELO" medico "Padova" | 3 risultati
2026-09-02 16:39:26 | INFO | SEARCH API OK | serper | "GIULIO ABATANGELO" medico specialista ospedale | 1 risultati
2026-09-02 16:39:30 | INFO | SEARCH API OK | serper | "GIULIO ABATANGELO" specializzazione OR specialista OR "medico di" | 4 risultati
2026-09-02 16:39:30 | INFO | HIT SUMMARY | Pers_Id=2806591 | query=3 | grezzi=6 | rilevanti=0 | provider={'serper': 28, 'brave': 0}
2026-09-02 16:39:30 | INFO | DONE | Pers_Id=2806591 | 7.4s | NESSUN_RISULTATO | specialita=N/D | cv=NO | cv_review=0
2026-09-02 16:39:32 | INFO | SEARCH API OK | serper | "SILVIA ABATANGELO" medico "Prato" | 6 risultati
2026-09-02 16:39:33 | INFO | SEARCH API OK | serper | "SILVIA ABATANGELO" medico specialista ospedale | 2 risultati
2026-09-02 16:39:35 | INFO | SEARCH API OK | serper | "SILVIA ABATANGELO" specializzazione OR specialista OR "medico di" | 4 risultati
2026-09-02 16:39:35 | INFO | HIT SUMMARY | Pers_Id=2745192 | query=3 | grezzi=9 | rilevanti=0 | provider={'serper': 31, 'brave': 0}
2026-09-02 16:39:35 | INFO | DONE | Pers_Id=2745192 | 4.7s | NESSUN_RISULTATO | specialita=N/D | cv=NO | cv_review=0
2026-09-02 16:39:37 | INFO | SEARCH API OK | serper | "ANDREA ABATE" medico "Milano" | 8 risultati
2026-09-02 16:39:38 | INFO | SEARCH API OK | serper | "ANDREA ABATE" medico specialista ospedale | 8 risultati
2026-09-02 16:39:38 | INFO | HIT SUMMARY | Pers_Id=2607465 | query=2 | grezzi=14 | rilevanti=3 | provider={'serper': 33, 'brave': 0}
2026-09-02 16:39:44 | INFO | CV SCARTATO | 2607465 | https://portale.fnomceo.it/wp-content/uploads/2018/09/PROGRAMMA-INTEGRALE-FORUMRISK13_WEB.pdf | Nome del target assente dall'intestazione del CV.
2026-09-02 16:39:48 | INFO | DONE | Pers_Id=2607465 | 13.4s | DA_VERIFICARE | specialita=N/D | cv=NO | cv_review=0
2026-09-02 16:39:51 | INFO | SEARCH API OK | serper | "ANGELA MARIA ABATE" medico "MONCALIERI" | 0 risultati
2026-09-02 16:39:54 | INFO | SEARCH API OK | serper | "ANGELA MARIA ABATE" medico specialista ospedale | 0 risultati
2026-09-02 16:39:56 | INFO | SEARCH API OK | serper | "ANGELA MARIA ABATE" specializzazione OR specialista OR "medico di" | 3 risultati
2026-09-02 16:39:56 | INFO | HIT SUMMARY | Pers_Id=1222252 | query=3 | grezzi=3 | rilevanti=2 | provider={'serper': 36, 'brave': 0}
2026-09-02 16:39:58 | INFO | PDF PRE-SCARTATO | landing non-CV | https://1337ugc.de/wp-content/uploads/1337_UGC_Mediakit.pdf
2026-09-02 16:39:58 | INFO | PDF PRE-SCARTATO | markup non-CV | https://1337ugc.de/wp-content/uploads/1337_UGC_Mediakit.pdf
2026-09-02 16:39:58 | INFO | PDF PRE-SCARTATO | Pers_Id=1222252 | filtro finale landing | https://www.oraridiapertura24.it/filiale/Nichelino-Dott.ssa%2520Abate%2520Angela%2520Maria-3828217V.html
2026-09-02 16:39:59 | INFO | PDF PRE-SCARTATO | landing non-CV | https://1337ugc.de/wp-content/uploads/1337_UGC_Mediakit.pdf
2026-09-02 16:39:59 | INFO | PDF PRE-SCARTATO | markup non-CV | https://1337ugc.de/wp-content/uploads/1337_UGC_Mediakit.pdf
2026-09-02 16:39:59 | INFO | PDF PRE-SCARTATO | Pers_Id=1222252 | filtro finale landing | https://www.oraridiapertura24.it/filiale/Nichelino-Dott.ssa%2520Abate%2520Angela%2520Maria-2929555U.html
2026-09-02 16:39:59 | INFO | DONE | Pers_Id=1222252 | 11.0s | DA_VERIFICARE | specialita=N/D | cv=NO | cv_review=0
2026-09-02 16:39:59 | INFO | PROGRESS | 15/40 | 6.87 medici/min | ETA 3.6 min | {'DA_VERIFICARE': 5, 'SPECIALITA_TROVATA': 4, 'NESSUN_RISULTATO': 6} | API={'serper': 36, 'brave': 0}
2026-09-02 16:40:01 | INFO | SEARCH API OK | serper | "ANTONIO HERMES ABATE" medico "Verona" | 0 risultati
2026-09-02 16:40:03 | INFO | SEARCH API OK | serper | "ANTONIO HERMES ABATE" medico specialista ospedale | 0 risultati
2026-09-02 16:40:05 | INFO | SEARCH API OK | serper | "ANTONIO HERMES ABATE" specializzazione OR specialista OR "medico di" | 1 risultati
2026-09-02 16:40:05 | INFO | HIT SUMMARY | Pers_Id=2463758 | query=3 | grezzi=1 | rilevanti=0 | provider={'serper': 39, 'brave': 0}
2026-09-02 16:40:05 | INFO | DONE | Pers_Id=2463758 | 5.1s | NESSUN_RISULTATO | specialita=N/D | cv=NO | cv_review=0
2026-09-02 16:40:07 | INFO | SEARCH API OK | serper | "ASSUNTA ABATE" medico "FIRENZE" | 7 risultati
2026-09-02 16:40:09 | INFO | SEARCH API OK | serper | "ASSUNTA ABATE" medico specialista ospedale | 7 risultati
2026-09-02 16:40:11 | INFO | SEARCH API OK | serper | "ASSUNTA ABATE" specializzazione OR specialista OR "medico di" | 8 risultati
2026-09-02 16:40:11 | INFO | HIT SUMMARY | Pers_Id=2162965 | query=3 | grezzi=17 | rilevanti=1 | provider={'serper': 42, 'brave': 0}
2026-09-02 16:40:12 | INFO | DONE | Pers_Id=2162965 | 7.4s | DA_VERIFICARE | specialita=N/D | cv=NO | cv_review=0
2026-09-02 16:40:13 | INFO | SEARCH API OK | serper | "BIAGIO ABATE" medico "Montesarchio" | 4 risultati
2026-09-02 16:40:15 | INFO | SEARCH API OK | serper | "BIAGIO ABATE" medico specialista ospedale | 8 risultati
2026-09-02 16:40:17 | INFO | SEARCH API OK | serper | "BIAGIO ABATE" specializzazione OR specialista OR "medico di" | 8 risultati
2026-09-02 16:40:17 | INFO | HIT SUMMARY | Pers_Id=2607461 | query=3 | grezzi=16 | rilevanti=0 | provider={'serper': 45, 'brave': 0}
2026-09-02 16:40:17 | INFO | DONE | Pers_Id=2607461 | 5.1s | NESSUN_RISULTATO | specialita=N/D | cv=NO | cv_review=0
2026-09-02 16:40:19 | INFO | SEARCH API OK | serper | "BIAGIO ABATE" medico "Agrigento" | 2 risultati
2026-09-02 16:40:22 | INFO | SEARCH API OK | serper | "BIAGIO ABATE" medico specialista ospedale | 8 risultati
2026-09-02 16:40:24 | INFO | SEARCH API OK | serper | "BIAGIO ABATE" specializzazione OR specialista OR "medico di" | 8 risultati
2026-09-02 16:40:24 | INFO | HIT SUMMARY | Pers_Id=2806593 | query=3 | grezzi=14 | rilevanti=0 | provider={'serper': 48, 'brave': 0}
2026-09-02 16:40:24 | INFO | DONE | Pers_Id=2806593 | 6.7s | NESSUN_RISULTATO | specialita=N/D | cv=NO | cv_review=0
2026-09-02 16:40:25 | INFO | SEARCH API OK | serper | "CLAUDIA ABATE" medico "Milazzo" | 4 risultati
2026-09-02 16:40:27 | INFO | SEARCH API OK | serper | "CLAUDIA ABATE" medico specialista ospedale | 7 risultati
2026-09-02 16:40:27 | INFO | HIT SUMMARY | Pers_Id=2607462 | query=2 | grezzi=11 | rilevanti=3 | provider={'serper': 50, 'brave': 0}
2026-09-02 16:40:42 | INFO | LANDING SCARTATA | Pers_Id=2607462 | ruolo incompatibile vicino al nome: possibile omonimo | https://www.aslogliastra.it/servizio/disturbi-della-nutrizione-e-dellalimentazione
2026-09-02 16:40:43 | INFO | DONE | Pers_Id=2607462 | 19.3s | DA_VERIFICARE | specialita=N/D | cv=NO | cv_review=0
2026-09-02 16:41:04 | INFO | CHECKPOINT | 20/40 | C:\Dev\Niko\scriptRicerca\output\risultatiMedici.xlsx
2026-09-02 16:41:04 | INFO | PROGRESS | 20/40 | 6.15 medici/min | ETA 3.3 min | {'DA_VERIFICARE': 7, 'SPECIALITA_TROVATA': 4, 'NESSUN_RISULTATO': 9} | API={'serper': 50, 'brave': 0}
2026-09-02 16:41:05 | INFO | SEARCH API OK | serper | "DAVIDE ANTONIO ABATE" medico "PADOVA" | 7 risultati
2026-09-02 16:41:07 | INFO | SEARCH API OK | serper | "DAVIDE ANTONIO ABATE" medico specialista ospedale | 2 risultati
2026-09-02 16:41:09 | INFO | SEARCH API OK | serper | "DAVIDE ANTONIO ABATE" specializzazione OR specialista OR "medico di" | 3 risultati
2026-09-02 16:41:09 | INFO | HIT SUMMARY | Pers_Id=1136949 | query=3 | grezzi=10 | rilevanti=4 | provider={'serper': 53, 'brave': 0}
2026-09-02 16:41:12 | INFO | LANDING SCARTATA | Pers_Id=1136949 | fonte generica con identita solo incidentale | https://medicina.elearning.unipd.it/blocks/course_managers/manager.php?id=170&b=87044
2026-09-02 16:41:14 | INFO | LANDING SCARTATA | Pers_Id=1136949 | fonte generica con identita solo incidentale | https://www.medicinachirurgia.unipd.it/offerta-didattica/corsi-di-laurea?tipo=L&ordinamento=2011&key=ME3065
2026-09-02 16:41:15 | INFO | LANDING SCARTATA | Pers_Id=1136949 | fonte generica con identita solo incidentale | https://www.medicinamolecolare.unipd.it/category/ruoli/personale-docente
2026-09-02 16:41:15 | INFO | DONE | Pers_Id=1136949 | 11.1s | DA_VERIFICARE | specialita=N/D | cv=NO | cv_review=0
2026-09-02 16:41:16 | INFO | SEARCH API OK | serper | "ELIO ABATE" medico "APRIGLIANO" | 2 risultati
2026-09-02 16:41:18 | INFO | SEARCH API OK | serper | "ELIO ABATE" medico specialista ospedale | 2 risultati
2026-09-02 16:41:18 | INFO | HIT SUMMARY | Pers_Id=236060 | query=2 | grezzi=3 | rilevanti=1 | provider={'serper': 55, 'brave': 0}
2026-09-02 16:41:25 | INFO | CV SCARTATO | 236060 | https://www.regione.campania.it/assets/documents/scheda-assessore-fortini-aggiornata-1-bimestre-2020.pdf | Nome del target assente dall'intestazione del CV.
2026-09-02 16:41:25 | INFO | DONE | Pers_Id=236060 | 9.9s | NESSUN_RISULTATO | specialita=N/D | cv=NO | cv_review=0
2026-09-02 16:41:26 | INFO | SEARCH API OK | serper | "ESTHER ABATE" medico "Trapani" | 3 risultati
2026-09-02 16:41:28 | INFO | SEARCH API OK | serper | "ESTHER ABATE" medico specialista ospedale | 1 risultati
2026-09-02 16:41:29 | INFO | SEARCH API OK | serper | "ESTHER ABATE" specializzazione OR specialista OR "medico di" | 3 risultati
2026-09-02 16:41:29 | INFO | HIT SUMMARY | Pers_Id=2745185 | query=3 | grezzi=4 | rilevanti=0 | provider={'serper': 58, 'brave': 0}
2026-09-02 16:41:29 | INFO | DONE | Pers_Id=2745185 | 4.1s | NESSUN_RISULTATO | specialita=N/D | cv=NO | cv_review=0
2026-09-02 16:41:31 | INFO | SEARCH API OK | serper | "FILOMENA ABATE" medico "San Martino Valle Caudina" | 8 risultati
2026-09-02 16:41:33 | INFO | SEARCH API OK | serper | "FILOMENA ABATE" medico specialista ospedale | 8 risultati
2026-09-02 16:41:36 | INFO | SEARCH API OK | serper | "FILOMENA ABATE" specializzazione OR specialista OR "medico di" | 8 risultati
2026-09-02 16:41:36 | INFO | HIT SUMMARY | Pers_Id=2162961 | query=3 | grezzi=22 | rilevanti=1 | provider={'serper': 61, 'brave': 0}
2026-09-02 16:41:37 | INFO | PDF PRE-SCARTATO | Pers_Id=2162961 | filtro finale landing | https://www.centropromedical.it/neurologiadiagnostica-neurofisiopatologia#abate
2026-09-02 16:41:37 | INFO | DONE | Pers_Id=2162961 | 7.7s | DA_VERIFICARE | specialita=N/D | cv=NO | cv_review=0
2026-09-02 16:41:39 | INFO | SEARCH API OK | serper | "FRANCESCA ABATE" medico "CROTONE" | 8 risultati
2026-09-02 16:41:40 | INFO | SEARCH API OK | serper | "FRANCESCA ABATE" medico specialista ospedale | 8 risultati
2026-09-02 16:41:40 | INFO | HIT SUMMARY | Pers_Id=1812842 | query=2 | grezzi=15 | rilevanti=2 | provider={'serper': 63, 'brave': 0}
2026-09-02 16:41:44 | INFO | CV SCARTATO | 1812842 | https://aress.sanita.puglia.it/documents/25176/889630/CDS_2026-05-25_0316_ASL+Lecce.pdf/3fc2a827-daa1-41d2-82a0-3a43568482a2 | Nome del target assente dall'intestazione del CV.
2026-09-02 16:41:46 | INFO | LANDING SCARTATA | Pers_Id=1812842 | fonte generica con identita solo incidentale | https://www.asp.crotone.it/?page_id=5790
2026-09-02 16:41:46 | INFO | DONE | Pers_Id=1812842 | 9.3s | NESSUN_RISULTATO | specialita=N/D | cv=NO | cv_review=0
2026-09-02 16:41:46 | INFO | PROGRESS | 25/40 | 6.31 medici/min | ETA 2.4 min | {'DA_VERIFICARE': 9, 'SPECIALITA_TROVATA': 4, 'NESSUN_RISULTATO': 12} | API={'serper': 63, 'brave': 0}
2026-09-02 16:41:48 | INFO | SEARCH API OK | serper | "FRANCESCA ABATE" medico "MODENA" | 8 risultati
2026-09-02 16:41:48 | INFO | HIT SUMMARY | Pers_Id=1812843 | query=1 | grezzi=8 | rilevanti=3 | provider={'serper': 64, 'brave': 0}
2026-09-02 16:41:50 | INFO | PDF PRE-SCARTATO | markup non-CV | https://media.doctolib.com/image/upload/v1738603917/legal/Per_saperne_di_pi%C3%B9_sui_servizi_personalizzati.pdf
2026-09-02 16:41:50 | INFO | PDF PRE-SCARTATO | markup non-CV | https://media.doctolib.com/image/upload/v1747059391/legal/Per_saperne_di_pi%C3%B9_sulla_ricerca_e_lo_sviluppo_di_prodotti_innovativi.pdf
2026-09-02 16:41:50 | INFO | PDF PRE-SCARTATO | markup non-CV | https://esante.gouv.fr/sites/default/files/media_entity/documents/%5BINS%20au%20quotidien%5D%20Conduite%20à%20tenir%20en%20fonction%20du%20retour%20d%27INSi.pdf
2026-09-02 16:41:50 | INFO | PDF PRE-SCARTATO | markup non-CV | https://%{media_root_url}/image/upload/v1733825817/legal/B2C-PrivacyPolicy-DEC24-ITA.pdf
2026-09-02 16:41:50 | INFO | PDF PRE-SCARTATO | markup non-CV | https://%{media_root_url}/image/upload/v1708014384/legal/Adyen_CGU_ITA.pdf
2026-09-02 16:41:50 | INFO | PDF PRE-SCARTATO | markup non-CV | https://%{media_root_url}/image/upload/v1642696847/PrivacyPolicy-B2B-january-2022-Vdef_jx0yux.pdf
2026-09-02 16:41:50 | INFO | PDF PRE-SCARTATO | markup non-CV | https://%{media_root_url}/image/upload/v1643797392/Privacy-policy-B2B-ITA-Jan22-vdef_pkciyb.pdf
2026-09-02 16:41:50 | INFO | PDF PRE-SCARTATO | markup non-CV | https://%{media_root_url}/image/upload/v1614251120/legal/D%C3%89FINITIONS_patients.pdf
2026-09-02 16:41:50 | INFO | PDF PRE-SCARTATO | markup non-CV | https://%{media_root_url}/image/upload/v1657277812/legal/B2C-PrivacyPolicy-July-22-ITA.pdf
2026-09-02 16:41:50 | INFO | PDF PRE-SCARTATO | markup non-CV | https://%{media_root_url}/image/upload/v1733825817/legal/B2C-PrivacyPolicy-DEC24-ITA.pdf
2026-09-02 16:41:50 | INFO | PDF PRE-SCARTATO | markup non-CV | https://%{media_root_url}/image/upload/v1745330410/legal/B2C-VDEF-PP-APR-25-FR.pdf
2026-09-02 16:41:50 | INFO | PDF PRE-SCARTATO | markup non-CV | https://%{media_root_url}/image/upload/v1753974148/legal/B2C-PrivacyPolicy-JULY_25-DE.pdf
2026-09-02 16:41:50 | INFO | PDF PRE-SCARTATO | markup non-CV | https://%{media_root_url}/image/upload/v1733825817/legal/B2C-PrivacyPolicy-DEC24-ITA.pdf
2026-09-02 16:41:50 | INFO | PDF PRE-SCARTATO | markup non-CV | https://%{media_root_url}/image/upload/v1584379505/pms_training/intellio_teletransmission_fsedegradee.pdf
2026-09-02 16:41:50 | INFO | PDF PRE-SCARTATO | markup non-CV | https://%{media_root_url}/image/upload/v1649341216/tuv%20certifications/doctolib_tuevit_tcs.pdf
2026-09-02 16:41:50 | INFO | PDF PRE-SCARTATO | markup non-CV | https://%{media_root_url}/image/upload/v1649341216/tuv%20certifications/doctolib_tuevit_dataprivacy.pdf
2026-09-02 16:41:50 | INFO | PDF PRE-SCARTATO | markup non-CV | https://%{media_root_url}/image/upload/v1586961367/KV%20Declaration%20Form/Zertifizierter_Videodienstanbieter_Datenschutzcert_Formular.pdf
2026-09-02 16:41:50 | INFO | PDF PRE-SCARTATO | markup non-CV | https://%{media_root_url}/image/upload/mkg/file/doctolib_tuevit_dataprivacy.pdf
2026-09-02 16:41:50 | INFO | PDF PRE-SCARTATO | markup non-CV | https://%{media_root_url}/image/upload/v1607434983/Transparence_des_liens_-_LAP_-_de%CC%81claration_V4_m11n9b.pdf
2026-09-02 16:41:50 | INFO | PDF PRE-SCARTATO | markup non-CV | https://%{media_root_url}/image/upload/v1697629985/legal/Certification_HAS_du_LAP_Doctolib_20231017.pdf
2026-09-02 16:41:50 | INFO | PDF PRE-SCARTATO | markup non-CV | https://%{media_root_url}/image/upload/v1679994602/legal/B2B_CA_ACCETTAZIONEART.1341E1342C.C._GEN23_ITA.pdf
2026-09-02 16:41:50 | INFO | PDF PRE-SCARTATO | markup non-CV | https://%{media_root_url}/image/upload/v1679994602/legal/B2B_CA_ACCETTAZIONEART.1341E1342C.C._GEN23_ITA.pdf
2026-09-02 16:41:50 | INFO | PDF PRE-SCARTATO | markup non-CV | https://%{media_root_url}/image/upload/v1695113836/legal/B2B-Conditionsderogatoires-CA-SEP23-FR.pdf
2026-09-02 16:41:54 | INFO | DONE | Pers_Id=1812843 | 7.7s | SPECIALITA_TROVATA | specialita=Medicina Generale | cv=NO | cv_review=0
2026-09-02 16:41:55 | INFO | SEARCH API OK | serper | "FRANCESCA ABATE" medico "Guardia Sanframondi" | 0 risultati
2026-09-02 16:41:57 | INFO | SEARCH API OK | serper | "FRANCESCA ABATE" medico specialista ospedale | 8 risultati
2026-09-02 16:41:57 | INFO | HIT SUMMARY | Pers_Id=2607463 | query=2 | grezzi=8 | rilevanti=1 | provider={'serper': 66, 'brave': 0}
2026-09-02 16:41:59 | INFO | CV SCARTATO | 2607463 | https://aress.sanita.puglia.it/documents/25176/889630/CDS_2026-05-25_0316_ASL+Lecce.pdf/3fc2a827-daa1-41d2-82a0-3a43568482a2 | Nome del target assente dall'intestazione del CV.
2026-09-02 16:41:59 | INFO | DONE | Pers_Id=2607463 | 5.4s | NESSUN_RISULTATO | specialita=N/D | cv=NO | cv_review=0
2026-09-02 16:42:00 | INFO | SEARCH API OK | serper | "GESSICA ABATE" medico "Guardia Sanframondi" | 8 risultati
2026-09-02 16:42:02 | INFO | SEARCH API OK | serper | "GESSICA ABATE" medico specialista ospedale | 8 risultati
2026-09-02 16:42:04 | INFO | SEARCH API OK | serper | "GESSICA ABATE" specializzazione OR specialista OR "medico di" | 8 risultati
2026-09-02 16:42:04 | INFO | HIT SUMMARY | Pers_Id=1180356 | query=3 | grezzi=22 | rilevanti=1 | provider={'serper': 69, 'brave': 0}
2026-09-02 16:42:06 | INFO | DONE | Pers_Id=1180356 | 7.0s | DA_VERIFICARE | specialita=N/D | cv=NO | cv_review=0
2026-09-02 16:42:08 | INFO | SEARCH API OK | serper | "GIOVANNA ABATE" medico "Montalto Uffugo" | 6 risultati
2026-09-02 16:42:08 | INFO | HIT SUMMARY | Pers_Id=395436 | query=1 | grezzi=6 | rilevanti=1 | provider={'serper': 70, 'brave': 0}
2026-09-02 16:42:09 | INFO | PDF PRE-SCARTATO | markup non-CV | https://media.doctolib.com/image/upload/v1738603917/legal/Per_saperne_di_pi%C3%B9_sui_servizi_personalizzati.pdf
2026-09-02 16:42:09 | INFO | PDF PRE-SCARTATO | markup non-CV | https://media.doctolib.com/image/upload/v1747059391/legal/Per_saperne_di_pi%C3%B9_sulla_ricerca_e_lo_sviluppo_di_prodotti_innovativi.pdf
2026-09-02 16:42:09 | INFO | PDF PRE-SCARTATO | markup non-CV | https://esante.gouv.fr/sites/default/files/media_entity/documents/%5BINS%20au%20quotidien%5D%20Conduite%20à%20tenir%20en%20fonction%20du%20retour%20d%27INSi.pdf
2026-09-02 16:42:09 | INFO | PDF PRE-SCARTATO | markup non-CV | https://%{media_root_url}/image/upload/v1733825817/legal/B2C-PrivacyPolicy-DEC24-ITA.pdf
2026-09-02 16:42:09 | INFO | PDF PRE-SCARTATO | markup non-CV | https://%{media_root_url}/image/upload/v1708014384/legal/Adyen_CGU_ITA.pdf
2026-09-02 16:42:09 | INFO | PDF PRE-SCARTATO | markup non-CV | https://%{media_root_url}/image/upload/v1642696847/PrivacyPolicy-B2B-january-2022-Vdef_jx0yux.pdf
2026-09-02 16:42:09 | INFO | PDF PRE-SCARTATO | markup non-CV | https://%{media_root_url}/image/upload/v1643797392/Privacy-policy-B2B-ITA-Jan22-vdef_pkciyb.pdf
2026-09-02 16:42:09 | INFO | PDF PRE-SCARTATO | markup non-CV | https://%{media_root_url}/image/upload/v1614251120/legal/D%C3%89FINITIONS_patients.pdf
2026-09-02 16:42:09 | INFO | PDF PRE-SCARTATO | markup non-CV | https://%{media_root_url}/image/upload/v1657277812/legal/B2C-PrivacyPolicy-July-22-ITA.pdf
2026-09-02 16:42:09 | INFO | PDF PRE-SCARTATO | markup non-CV | https://%{media_root_url}/image/upload/v1733825817/legal/B2C-PrivacyPolicy-DEC24-ITA.pdf
2026-09-02 16:42:09 | INFO | PDF PRE-SCARTATO | markup non-CV | https://%{media_root_url}/image/upload/v1745330410/legal/B2C-VDEF-PP-APR-25-FR.pdf
2026-09-02 16:42:09 | INFO | PDF PRE-SCARTATO | markup non-CV | https://%{media_root_url}/image/upload/v1753974148/legal/B2C-PrivacyPolicy-JULY_25-DE.pdf
2026-09-02 16:42:09 | INFO | PDF PRE-SCARTATO | markup non-CV | https://%{media_root_url}/image/upload/v1733825817/legal/B2C-PrivacyPolicy-DEC24-ITA.pdf
2026-09-02 16:42:09 | INFO | PDF PRE-SCARTATO | markup non-CV | https://%{media_root_url}/image/upload/v1584379505/pms_training/intellio_teletransmission_fsedegradee.pdf
2026-09-02 16:42:09 | INFO | PDF PRE-SCARTATO | markup non-CV | https://%{media_root_url}/image/upload/v1649341216/tuv%20certifications/doctolib_tuevit_tcs.pdf
2026-09-02 16:42:09 | INFO | PDF PRE-SCARTATO | markup non-CV | https://%{media_root_url}/image/upload/v1649341216/tuv%20certifications/doctolib_tuevit_dataprivacy.pdf
2026-09-02 16:42:09 | INFO | PDF PRE-SCARTATO | markup non-CV | https://%{media_root_url}/image/upload/v1586961367/KV%20Declaration%20Form/Zertifizierter_Videodienstanbieter_Datenschutzcert_Formular.pdf
2026-09-02 16:42:09 | INFO | PDF PRE-SCARTATO | markup non-CV | https://%{media_root_url}/image/upload/mkg/file/doctolib_tuevit_dataprivacy.pdf
2026-09-02 16:42:09 | INFO | PDF PRE-SCARTATO | markup non-CV | https://%{media_root_url}/image/upload/v1607434983/Transparence_des_liens_-_LAP_-_de%CC%81claration_V4_m11n9b.pdf
2026-09-02 16:42:09 | INFO | PDF PRE-SCARTATO | markup non-CV | https://%{media_root_url}/image/upload/v1697629985/legal/Certification_HAS_du_LAP_Doctolib_20231017.pdf
2026-09-02 16:42:09 | INFO | PDF PRE-SCARTATO | markup non-CV | https://%{media_root_url}/image/upload/v1679994602/legal/B2B_CA_ACCETTAZIONEART.1341E1342C.C._GEN23_ITA.pdf
2026-09-02 16:42:09 | INFO | PDF PRE-SCARTATO | markup non-CV | https://%{media_root_url}/image/upload/v1679994602/legal/B2B_CA_ACCETTAZIONEART.1341E1342C.C._GEN23_ITA.pdf
2026-09-02 16:42:09 | INFO | PDF PRE-SCARTATO | markup non-CV | https://%{media_root_url}/image/upload/v1695113836/legal/B2B-Conditionsderogatoires-CA-SEP23-FR.pdf
2026-09-02 16:42:09 | INFO | DONE | Pers_Id=395436 | 2.6s | SPECIALITA_TROVATA | specialita=Medicina Generale | cv=NO | cv_review=0
2026-09-02 16:42:11 | INFO | SEARCH API OK | serper | "MARCO ABATE" medico "Caivano" | 8 risultati
2026-09-02 16:42:12 | INFO | SEARCH API OK | serper | "MARCO ABATE" medico specialista ospedale | 7 risultati
2026-09-02 16:42:12 | INFO | HIT SUMMARY | Pers_Id=2607464 | query=2 | grezzi=14 | rilevanti=1 | provider={'serper': 72, 'brave': 0}
2026-09-02 16:42:18 | INFO | CV SCARTATO | 2607464 | https://aress.sanita.puglia.it/documents/25176/350159/24+settembre+2014+%2824+settembre+2014.pdf%29/747ab780-79b5-46c9-8380-87d91fce2cfa | Nome del target assente dall'intestazione del CV.
2026-09-02 16:42:18 | INFO | DONE | Pers_Id=2607464 | 9.6s | NESSUN_RISULTATO | specialita=N/D | cv=NO | cv_review=0
2026-09-02 16:42:39 | INFO | CHECKPOINT | 30/40 | C:\Dev\Niko\scriptRicerca\output\risultatiMedici.xlsx
2026-09-02 16:42:39 | INFO | PROGRESS | 30/40 | 6.20 medici/min | ETA 1.6 min | {'DA_VERIFICARE': 10, 'SPECIALITA_TROVATA': 6, 'NESSUN_RISULTATO': 14} | API={'serper': 72, 'brave': 0}
2026-09-02 16:42:40 | INFO | SEARCH API OK | serper | "MARIA ABATE" medico "MONTEVAGO" | 5 risultati
2026-09-02 16:42:42 | INFO | SEARCH API OK | serper | "MARIA ABATE" medico specialista ospedale | 8 risultati
2026-09-02 16:42:45 | INFO | SEARCH API OK | serper | "MARIA ABATE" specializzazione OR specialista OR "medico di" | 8 risultati
2026-09-02 16:42:45 | INFO | HIT SUMMARY | Pers_Id=289911 | query=3 | grezzi=20 | rilevanti=5 | provider={'serper': 75, 'brave': 0}
2026-09-02 16:42:47 | INFO | PDF PRE-SCARTATO | markup non-CV | https://media.doctolib.com/image/upload/v1738603917/legal/Per_saperne_di_pi%C3%B9_sui_servizi_personalizzati.pdf
2026-09-02 16:42:47 | INFO | PDF PRE-SCARTATO | markup non-CV | https://media.doctolib.com/image/upload/v1747059391/legal/Per_saperne_di_pi%C3%B9_sulla_ricerca_e_lo_sviluppo_di_prodotti_innovativi.pdf
2026-09-02 16:42:47 | INFO | PDF PRE-SCARTATO | markup non-CV | https://esante.gouv.fr/sites/default/files/media_entity/documents/%5BINS%20au%20quotidien%5D%20Conduite%20à%20tenir%20en%20fonction%20du%20retour%20d%27INSi.pdf
2026-09-02 16:42:47 | INFO | PDF PRE-SCARTATO | markup non-CV | https://%{media_root_url}/image/upload/v1733825817/legal/B2C-PrivacyPolicy-DEC24-ITA.pdf
2026-09-02 16:42:47 | INFO | PDF PRE-SCARTATO | markup non-CV | https://%{media_root_url}/image/upload/v1708014384/legal/Adyen_CGU_ITA.pdf
2026-09-02 16:42:47 | INFO | PDF PRE-SCARTATO | markup non-CV | https://%{media_root_url}/image/upload/v1642696847/PrivacyPolicy-B2B-january-2022-Vdef_jx0yux.pdf
2026-09-02 16:42:47 | INFO | PDF PRE-SCARTATO | markup non-CV | https://%{media_root_url}/image/upload/v1643797392/Privacy-policy-B2B-ITA-Jan22-vdef_pkciyb.pdf
2026-09-02 16:42:47 | INFO | PDF PRE-SCARTATO | markup non-CV | https://%{media_root_url}/image/upload/v1614251120/legal/D%C3%89FINITIONS_patients.pdf
2026-09-02 16:42:47 | INFO | PDF PRE-SCARTATO | markup non-CV | https://%{media_root_url}/image/upload/v1657277812/legal/B2C-PrivacyPolicy-July-22-ITA.pdf
2026-09-02 16:42:47 | INFO | PDF PRE-SCARTATO | markup non-CV | https://%{media_root_url}/image/upload/v1733825817/legal/B2C-PrivacyPolicy-DEC24-ITA.pdf
2026-09-02 16:42:47 | INFO | PDF PRE-SCARTATO | markup non-CV | https://%{media_root_url}/image/upload/v1745330410/legal/B2C-VDEF-PP-APR-25-FR.pdf
2026-09-02 16:42:47 | INFO | PDF PRE-SCARTATO | markup non-CV | https://%{media_root_url}/image/upload/v1753974148/legal/B2C-PrivacyPolicy-JULY_25-DE.pdf
2026-09-02 16:42:47 | INFO | PDF PRE-SCARTATO | markup non-CV | https://%{media_root_url}/image/upload/v1733825817/legal/B2C-PrivacyPolicy-DEC24-ITA.pdf
2026-09-02 16:42:47 | INFO | PDF PRE-SCARTATO | markup non-CV | https://%{media_root_url}/image/upload/v1584379505/pms_training/intellio_teletransmission_fsedegradee.pdf
2026-09-02 16:42:47 | INFO | PDF PRE-SCARTATO | markup non-CV | https://%{media_root_url}/image/upload/v1649341216/tuv%20certifications/doctolib_tuevit_tcs.pdf
2026-09-02 16:42:47 | INFO | PDF PRE-SCARTATO | markup non-CV | https://%{media_root_url}/image/upload/v1649341216/tuv%20certifications/doctolib_tuevit_dataprivacy.pdf
2026-09-02 16:42:47 | INFO | PDF PRE-SCARTATO | markup non-CV | https://%{media_root_url}/image/upload/v1586961367/KV%20Declaration%20Form/Zertifizierter_Videodienstanbieter_Datenschutzcert_Formular.pdf
2026-09-02 16:42:47 | INFO | PDF PRE-SCARTATO | markup non-CV | https://%{media_root_url}/image/upload/mkg/file/doctolib_tuevit_dataprivacy.pdf
2026-09-02 16:42:47 | INFO | PDF PRE-SCARTATO | markup non-CV | https://%{media_root_url}/image/upload/v1607434983/Transparence_des_liens_-_LAP_-_de%CC%81claration_V4_m11n9b.pdf
2026-09-02 16:42:47 | INFO | PDF PRE-SCARTATO | markup non-CV | https://%{media_root_url}/image/upload/v1697629985/legal/Certification_HAS_du_LAP_Doctolib_20231017.pdf
2026-09-02 16:42:47 | INFO | PDF PRE-SCARTATO | markup non-CV | https://%{media_root_url}/image/upload/v1679994602/legal/B2B_CA_ACCETTAZIONEART.1341E1342C.C._GEN23_ITA.pdf
2026-09-02 16:42:47 | INFO | PDF PRE-SCARTATO | markup non-CV | https://%{media_root_url}/image/upload/v1679994602/legal/B2B_CA_ACCETTAZIONEART.1341E1342C.C._GEN23_ITA.pdf
2026-09-02 16:42:47 | INFO | PDF PRE-SCARTATO | markup non-CV | https://%{media_root_url}/image/upload/v1695113836/legal/B2B-Conditionsderogatoires-CA-SEP23-FR.pdf
2026-09-02 16:42:58 | INFO | DONE | Pers_Id=289911 | 18.8s | SPECIALITA_TROVATA | specialita=Medicina Generale | cv=NO | cv_review=0
2026-09-02 16:43:01 | INFO | SEARCH API OK | serper | "MARIA ABATE" medico "Torelli-torrette" | 0 risultati
2026-09-02 16:43:03 | INFO | SEARCH API OK | serper | "MARIA ABATE" medico specialista ospedale | 8 risultati
2026-09-02 16:43:06 | INFO | SEARCH API OK | serper | "MARIA ABATE" specializzazione OR specialista OR "medico di" | 8 risultati
2026-09-02 16:43:06 | INFO | HIT SUMMARY | Pers_Id=1222042 | query=3 | grezzi=15 | rilevanti=5 | provider={'serper': 78, 'brave': 0}
2026-09-02 16:43:07 | INFO | PDF PRE-SCARTATO | markup non-CV | https://media.doctolib.com/image/upload/v1738603917/legal/Per_saperne_di_pi%C3%B9_sui_servizi_personalizzati.pdf
2026-09-02 16:43:07 | INFO | PDF PRE-SCARTATO | markup non-CV | https://media.doctolib.com/image/upload/v1747059391/legal/Per_saperne_di_pi%C3%B9_sulla_ricerca_e_lo_sviluppo_di_prodotti_innovativi.pdf
2026-09-02 16:43:07 | INFO | PDF PRE-SCARTATO | markup non-CV | https://esante.gouv.fr/sites/default/files/media_entity/documents/%5BINS%20au%20quotidien%5D%20Conduite%20à%20tenir%20en%20fonction%20du%20retour%20d%27INSi.pdf
2026-09-02 16:43:07 | INFO | PDF PRE-SCARTATO | markup non-CV | https://%{media_root_url}/image/upload/v1733825817/legal/B2C-PrivacyPolicy-DEC24-ITA.pdf
2026-09-02 16:43:07 | INFO | PDF PRE-SCARTATO | markup non-CV | https://%{media_root_url}/image/upload/v1708014384/legal/Adyen_CGU_ITA.pdf
2026-09-02 16:43:07 | INFO | PDF PRE-SCARTATO | markup non-CV | https://%{media_root_url}/image/upload/v1642696847/PrivacyPolicy-B2B-january-2022-Vdef_jx0yux.pdf
2026-09-02 16:43:07 | INFO | PDF PRE-SCARTATO | markup non-CV | https://%{media_root_url}/image/upload/v1643797392/Privacy-policy-B2B-ITA-Jan22-vdef_pkciyb.pdf
2026-09-02 16:43:07 | INFO | PDF PRE-SCARTATO | markup non-CV | https://%{media_root_url}/image/upload/v1614251120/legal/D%C3%89FINITIONS_patients.pdf
2026-09-02 16:43:07 | INFO | PDF PRE-SCARTATO | markup non-CV | https://%{media_root_url}/image/upload/v1657277812/legal/B2C-PrivacyPolicy-July-22-ITA.pdf
2026-09-02 16:43:07 | INFO | PDF PRE-SCARTATO | markup non-CV | https://%{media_root_url}/image/upload/v1733825817/legal/B2C-PrivacyPolicy-DEC24-ITA.pdf
2026-09-02 16:43:07 | INFO | PDF PRE-SCARTATO | markup non-CV | https://%{media_root_url}/image/upload/v1745330410/legal/B2C-VDEF-PP-APR-25-FR.pdf
2026-09-02 16:43:07 | INFO | PDF PRE-SCARTATO | markup non-CV | https://%{media_root_url}/image/upload/v1753974148/legal/B2C-PrivacyPolicy-JULY_25-DE.pdf
2026-09-02 16:43:07 | INFO | PDF PRE-SCARTATO | markup non-CV | https://%{media_root_url}/image/upload/v1733825817/legal/B2C-PrivacyPolicy-DEC24-ITA.pdf
2026-09-02 16:43:07 | INFO | PDF PRE-SCARTATO | markup non-CV | https://%{media_root_url}/image/upload/v1584379505/pms_training/intellio_teletransmission_fsedegradee.pdf
2026-09-02 16:43:07 | INFO | PDF PRE-SCARTATO | markup non-CV | https://%{media_root_url}/image/upload/v1649341216/tuv%20certifications/doctolib_tuevit_tcs.pdf
2026-09-02 16:43:07 | INFO | PDF PRE-SCARTATO | markup non-CV | https://%{media_root_url}/image/upload/v1649341216/tuv%20certifications/doctolib_tuevit_dataprivacy.pdf
2026-09-02 16:43:07 | INFO | PDF PRE-SCARTATO | markup non-CV | https://%{media_root_url}/image/upload/v1586961367/KV%20Declaration%20Form/Zertifizierter_Videodienstanbieter_Datenschutzcert_Formular.pdf
2026-09-02 16:43:07 | INFO | PDF PRE-SCARTATO | markup non-CV | https://%{media_root_url}/image/upload/mkg/file/doctolib_tuevit_dataprivacy.pdf
2026-09-02 16:43:07 | INFO | PDF PRE-SCARTATO | markup non-CV | https://%{media_root_url}/image/upload/v1607434983/Transparence_des_liens_-_LAP_-_de%CC%81claration_V4_m11n9b.pdf
2026-09-02 16:43:07 | INFO | PDF PRE-SCARTATO | markup non-CV | https://%{media_root_url}/image/upload/v1697629985/legal/Certification_HAS_du_LAP_Doctolib_20231017.pdf
2026-09-02 16:43:07 | INFO | PDF PRE-SCARTATO | markup non-CV | https://%{media_root_url}/image/upload/v1679994602/legal/B2B_CA_ACCETTAZIONEART.1341E1342C.C._GEN23_ITA.pdf
2026-09-02 16:43:07 | INFO | PDF PRE-SCARTATO | markup non-CV | https://%{media_root_url}/image/upload/v1679994602/legal/B2B_CA_ACCETTAZIONEART.1341E1342C.C._GEN23_ITA.pdf
2026-09-02 16:43:07 | INFO | PDF PRE-SCARTATO | markup non-CV | https://%{media_root_url}/image/upload/v1695113836/legal/B2B-Conditionsderogatoires-CA-SEP23-FR.pdf
2026-09-02 16:43:19 | INFO | DONE | Pers_Id=1222042 | 21.8s | SPECIALITA_TROVATA | specialita=Medicina Generale | cv=NO | cv_review=0
2026-09-02 16:43:21 | INFO | SEARCH API OK | serper | "MARIA GIULIA ABATE" medico "MONZA" | 7 risultati
2026-09-02 16:43:21 | INFO | HIT SUMMARY | Pers_Id=950077 | query=1 | grezzi=7 | rilevanti=4 | provider={'serper': 79, 'brave': 0}
2026-09-02 16:43:22 | INFO | LANDING SCARTATA | Pers_Id=950077 | pagina senza testo | https://www.irccs-sangerardo.it/terapia-intensiva-a-indirizzo-neurologico-neurochirurgico
2026-09-02 16:43:23 | INFO | DONE | Pers_Id=950077 | 4.0s | SPECIALITA_TROVATA | specialita=Anestesia e Rianimazione | cv=NO | cv_review=0
2026-09-02 16:43:25 | INFO | SEARCH API OK | serper | "MATTEO ABATE" medico "Alcamo" | 2 risultati
2026-09-02 16:43:27 | INFO | SEARCH API OK | serper | "MATTEO ABATE" medico specialista ospedale | 8 risultati
2026-09-02 16:43:28 | INFO | SEARCH API OK | serper | "MATTEO ABATE" specializzazione OR specialista OR "medico di" | 8 risultati
2026-09-02 16:43:28 | INFO | HIT SUMMARY | Pers_Id=1189072 | query=3 | grezzi=16 | rilevanti=2 | provider={'serper': 82, 'brave': 0}
2026-09-02 16:43:29 | INFO | LANDING SCARTATA | Pers_Id=1189072 | pagina senza testo | https://lecconotizie.com/montagna/lecco-montagna/lecco-matteo-abate-realizza-il-suo-sogno-e-apre-il-rifugio-camposecco
2026-09-02 16:43:33 | INFO | PDF PRE-SCARTATO | Pers_Id=1189072 | filtro finale landing | https://archiviodistatotorino.cultura.gov.it/sig_titolare/?id=612
2026-09-02 16:43:33 | INFO | DONE | Pers_Id=1189072 | 9.1s | DA_VERIFICARE | specialita=N/D | cv=NO | cv_review=0
2026-09-02 16:43:34 | INFO | SEARCH API OK | serper | "ORNELLA ABATE" medico "Avellino" | 8 risultati
2026-09-02 16:43:36 | INFO | SEARCH API OK | serper | "ORNELLA ABATE" medico specialista ospedale | 7 risultati
2026-09-02 16:43:38 | INFO | SEARCH API OK | serper | "ORNELLA ABATE" specializzazione OR specialista OR "medico di" | 8 risultati
2026-09-02 16:43:38 | INFO | HIT SUMMARY | Pers_Id=306924 | query=3 | grezzi=21 | rilevanti=4 | provider={'serper': 85, 'brave': 0}
2026-09-02 16:43:53 | INFO | PDF PRE-SCARTATO | Pers_Id=306924 | filtro finale landing | https://amamedis.it/wp-content/uploads/2021/02/CV-formato-europeo-ornella.doc
2026-09-02 16:43:55 | INFO | DONE | Pers_Id=306924 | 22.5s | SPECIALITA_TROVATA | specialita=Chirurgia Generale | cv=NO | cv_review=0
2026-09-02 16:43:55 | INFO | PROGRESS | 35/40 | 5.73 medici/min | ETA 0.9 min | {'DA_VERIFICARE': 11, 'SPECIALITA_TROVATA': 10, 'NESSUN_RISULTATO': 14} | API={'serper': 85, 'brave': 0}
2026-09-02 16:43:58 | INFO | SEARCH API OK | serper | "RAFFAELA ABATE" medico "MERCATO SAN SEVERINO" | 0 risultati
2026-09-02 16:44:01 | INFO | SEARCH API OK | serper | "RAFFAELA ABATE" medico specialista ospedale | 7 risultati
2026-09-02 16:44:03 | INFO | SEARCH API OK | serper | "RAFFAELA ABATE" specializzazione OR specialista OR "medico di" | 8 risultati
2026-09-02 16:44:03 | INFO | HIT SUMMARY | Pers_Id=1784607 | query=3 | grezzi=15 | rilevanti=1 | provider={'serper': 88, 'brave': 0}
2026-09-02 16:44:06 | INFO | DONE | Pers_Id=1784607 | 10.9s | SPECIALITA_TROVATA | specialita=Medicina Generale | cv=NO | cv_review=0
2026-09-02 16:44:07 | INFO | SEARCH API OK | serper | "ROBERTA ABATE" medico "Andria" | 1 risultati
2026-09-02 16:44:09 | INFO | SEARCH API OK | serper | "ROBERTA ABATE" medico specialista ospedale | 8 risultati
2026-09-02 16:44:11 | INFO | SEARCH API OK | serper | "ROBERTA ABATE" specializzazione OR specialista OR "medico di" | 8 risultati
2026-09-02 16:44:11 | INFO | HIT SUMMARY | Pers_Id=2162964 | query=3 | grezzi=15 | rilevanti=3 | provider={'serper': 91, 'brave': 0}
2026-09-02 16:44:12 | INFO | LANDING SCARTATA | Pers_Id=2162964 | ruolo incompatibile vicino al nome: possibile omonimo | https://professionisti.quotidianosanitaclub.it/medico/roberta-abate-1579749
2026-09-02 16:44:16 | INFO | LANDING SCARTATA | Pers_Id=2162964 | ruolo incompatibile vicino al nome: possibile omonimo | https://www.aslroma6.it/distretti/dh2-albano-laziale/tutela-salute-mentale-e-riabilitazione-in-eta-evolutiva
2026-09-02 16:44:16 | INFO | DONE | Pers_Id=2162964 | 9.9s | SPECIALITA_TROVATA | specialita=Medicina Generale | cv=NO | cv_review=0
2026-09-02 16:44:18 | INFO | SEARCH API OK | serper | "SARA ABATE" medico "CALCINATO" | 8 risultati
2026-09-02 16:44:18 | INFO | HIT SUMMARY | Pers_Id=1189835 | query=1 | grezzi=8 | rilevanti=3 | provider={'serper': 92, 'brave': 0}
2026-09-02 16:44:18 | INFO | LANDING SCARTATA | Pers_Id=1189835 | ruolo incompatibile vicino al nome: possibile omonimo | https://www.sistemasanitario.it/dott-ssa-sara-abate-4483
2026-09-02 16:44:20 | INFO | PDF PRE-SCARTATO | markup non-CV | https://media.doctolib.com/image/upload/v1738603917/legal/Per_saperne_di_pi%C3%B9_sui_servizi_personalizzati.pdf
2026-09-02 16:44:20 | INFO | PDF PRE-SCARTATO | markup non-CV | https://media.doctolib.com/image/upload/v1747059391/legal/Per_saperne_di_pi%C3%B9_sulla_ricerca_e_lo_sviluppo_di_prodotti_innovativi.pdf
2026-09-02 16:44:20 | INFO | PDF PRE-SCARTATO | markup non-CV | https://esante.gouv.fr/sites/default/files/media_entity/documents/%5BINS%20au%20quotidien%5D%20Conduite%20à%20tenir%20en%20fonction%20du%20retour%20d%27INSi.pdf
2026-09-02 16:44:20 | INFO | PDF PRE-SCARTATO | markup non-CV | https://%{media_root_url}/image/upload/v1733825817/legal/B2C-PrivacyPolicy-DEC24-ITA.pdf
2026-09-02 16:44:20 | INFO | PDF PRE-SCARTATO | markup non-CV | https://%{media_root_url}/image/upload/v1708014384/legal/Adyen_CGU_ITA.pdf
2026-09-02 16:44:20 | INFO | PDF PRE-SCARTATO | markup non-CV | https://%{media_root_url}/image/upload/v1642696847/PrivacyPolicy-B2B-january-2022-Vdef_jx0yux.pdf
2026-09-02 16:44:20 | INFO | PDF PRE-SCARTATO | markup non-CV | https://%{media_root_url}/image/upload/v1643797392/Privacy-policy-B2B-ITA-Jan22-vdef_pkciyb.pdf
2026-09-02 16:44:20 | INFO | PDF PRE-SCARTATO | markup non-CV | https://%{media_root_url}/image/upload/v1614251120/legal/D%C3%89FINITIONS_patients.pdf
2026-09-02 16:44:20 | INFO | PDF PRE-SCARTATO | markup non-CV | https://%{media_root_url}/image/upload/v1657277812/legal/B2C-PrivacyPolicy-July-22-ITA.pdf
2026-09-02 16:44:20 | INFO | PDF PRE-SCARTATO | markup non-CV | https://%{media_root_url}/image/upload/v1733825817/legal/B2C-PrivacyPolicy-DEC24-ITA.pdf
2026-09-02 16:44:20 | INFO | PDF PRE-SCARTATO | markup non-CV | https://%{media_root_url}/image/upload/v1745330410/legal/B2C-VDEF-PP-APR-25-FR.pdf
2026-09-02 16:44:20 | INFO | PDF PRE-SCARTATO | markup non-CV | https://%{media_root_url}/image/upload/v1753974148/legal/B2C-PrivacyPolicy-JULY_25-DE.pdf
2026-09-02 16:44:20 | INFO | PDF PRE-SCARTATO | markup non-CV | https://%{media_root_url}/image/upload/v1733825817/legal/B2C-PrivacyPolicy-DEC24-ITA.pdf
2026-09-02 16:44:20 | INFO | PDF PRE-SCARTATO | markup non-CV | https://%{media_root_url}/image/upload/v1584379505/pms_training/intellio_teletransmission_fsedegradee.pdf
2026-09-02 16:44:20 | INFO | PDF PRE-SCARTATO | markup non-CV | https://%{media_root_url}/image/upload/v1649341216/tuv%20certifications/doctolib_tuevit_tcs.pdf
2026-09-02 16:44:20 | INFO | PDF PRE-SCARTATO | markup non-CV | https://%{media_root_url}/image/upload/v1649341216/tuv%20certifications/doctolib_tuevit_dataprivacy.pdf
2026-09-02 16:44:20 | INFO | PDF PRE-SCARTATO | markup non-CV | https://%{media_root_url}/image/upload/v1586961367/KV%20Declaration%20Form/Zertifizierter_Videodienstanbieter_Datenschutzcert_Formular.pdf
2026-09-02 16:44:20 | INFO | PDF PRE-SCARTATO | markup non-CV | https://%{media_root_url}/image/upload/mkg/file/doctolib_tuevit_dataprivacy.pdf
2026-09-02 16:44:20 | INFO | PDF PRE-SCARTATO | markup non-CV | https://%{media_root_url}/image/upload/v1607434983/Transparence_des_liens_-_LAP_-_de%CC%81claration_V4_m11n9b.pdf
2026-09-02 16:44:20 | INFO | PDF PRE-SCARTATO | markup non-CV | https://%{media_root_url}/image/upload/v1697629985/legal/Certification_HAS_du_LAP_Doctolib_20231017.pdf
2026-09-02 16:44:20 | INFO | PDF PRE-SCARTATO | markup non-CV | https://%{media_root_url}/image/upload/v1679994602/legal/B2B_CA_ACCETTAZIONEART.1341E1342C.C._GEN23_ITA.pdf
2026-09-02 16:44:20 | INFO | PDF PRE-SCARTATO | markup non-CV | https://%{media_root_url}/image/upload/v1679994602/legal/B2B_CA_ACCETTAZIONEART.1341E1342C.C._GEN23_ITA.pdf
2026-09-02 16:44:20 | INFO | PDF PRE-SCARTATO | markup non-CV | https://%{media_root_url}/image/upload/v1695113836/legal/B2B-Conditionsderogatoires-CA-SEP23-FR.pdf
2026-09-02 16:44:21 | INFO | DONE | Pers_Id=1189835 | 5.1s | SPECIALITA_TROVATA | specialita=Medicina Generale | cv=NO | cv_review=0
2026-09-02 16:44:23 | INFO | SEARCH API OK | serper | "SEBASTIANO ABATE" medico "Treviso" | 4 risultati
2026-09-02 16:44:24 | INFO | SEARCH API OK | serper | "SEBASTIANO ABATE" medico specialista ospedale | 2 risultati
2026-09-02 16:44:26 | INFO | SEARCH API OK | serper | "SEBASTIANO ABATE" specializzazione OR specialista OR "medico di" | 8 risultati
2026-09-02 16:44:26 | INFO | HIT SUMMARY | Pers_Id=2806596 | query=3 | grezzi=12 | rilevanti=0 | provider={'serper': 95, 'brave': 0}
2026-09-02 16:44:26 | INFO | DONE | Pers_Id=2806596 | 5.1s | NESSUN_RISULTATO | specialita=N/D | cv=NO | cv_review=0
2026-09-02 16:44:28 | INFO | SEARCH API OK | serper | "VERONICA ABATE" medico "Napoli" | 8 risultati
2026-09-02 16:44:29 | INFO | SEARCH API OK | serper | "VERONICA ABATE" medico specialista ospedale | 7 risultati
2026-09-02 16:44:31 | INFO | SEARCH API OK | serper | "VERONICA ABATE" specializzazione OR specialista OR "medico di" | 8 risultati
2026-09-02 16:44:31 | INFO | HIT SUMMARY | Pers_Id=2162966 | query=3 | grezzi=18 | rilevanti=4 | provider={'serper': 98, 'brave': 0}
2026-09-02 16:44:32 | INFO | LANDING SCARTATA | Pers_Id=2162966 | ruolo incompatibile vicino al nome: possibile omonimo | https://professionisti.quotidianosanitaclub.it/medico/veronica-abate-1617964
2026-09-02 16:44:33 | INFO | LANDING SCARTATA | Pers_Id=2162966 | ruolo incompatibile vicino al nome: possibile omonimo | https://www.doctolib.it/biologo-nutrizionista/thiene/veronica-abate
2026-09-02 16:44:35 | INFO | LANDING SCARTATA | Pers_Id=2162966 | ruolo incompatibile vicino al nome: possibile omonimo | https://cmlapiazzetta.it/specialista/abate-veronica
2026-09-02 16:44:35 | INFO | LANDING SCARTATA | Pers_Id=2162966 | pagina senza testo | https://bt.maptons.com/p/7658093750
2026-09-02 16:44:35 | INFO | DONE | Pers_Id=2162966 | 8.9s | NESSUN_RISULTATO | specialita=N/D | cv=NO | cv_review=0
2026-09-02 16:44:55 | INFO | CHECKPOINT | 40/40 | C:\Dev\Niko\scriptRicerca\output\risultatiMedici.xlsx
2026-09-02 16:44:55 | INFO | PROGRESS | 40/40 | 5.62 medici/min | ETA 0.0 min | {'DA_VERIFICARE': 11, 'SPECIALITA_TROVATA': 13, 'NESSUN_RISULTATO': 16} | API={'serper': 98, 'brave': 0}
2026-09-02 16:45:15 | INFO | ==============================================================================
2026-09-02 16:45:15 | INFO | FINE | 7.4 min | {'DA_VERIFICARE': 11, 'SPECIALITA_TROVATA': 13, 'NESSUN_RISULTATO': 16}
2026-09-02 16:45:15 | INFO | API REQUESTS | totale=98 | {'serper': 98, 'brave': 0}
2026-09-02 16:45:15 | INFO | OUTPUT | C:\Dev\Niko\scriptRicerca\output\risultatiMedici.xlsx
2026-09-02 16:45:15 | INFO | ==============================================================================
