2026-09-02 15:06:44 | INFO | ==============================================================================
2026-09-02 15:06:44 | INFO | V4.2 MEDICI - STRICT IDENTITY + VERIFIED SOURCES
2026-09-02 15:06:44 | INFO | Input: C:\Dev\Niko\scriptRicerca\input\scriptMedici.xlsx
2026-09-02 15:06:44 | INFO | Output: C:\Dev\Niko\scriptRicerca\output\risultatiMedici.xlsx
2026-09-02 15:06:44 | INFO | Provider: serper
2026-09-02 15:06:44 | INFO | Deep: False
2026-09-02 15:06:44 | INFO | Search results: 8
2026-09-02 15:06:44 | INFO | Max searches/persona: 2 (+1 con --deep)
2026-09-02 15:06:44 | INFO | Delay: 0.1 - 0.3 sec
2026-09-02 15:06:44 | INFO | CV sicuri dir: C:\Dev\Niko\scriptRicerca\cv_medici
2026-09-02 15:06:44 | INFO | CV da verificare dir: C:\Dev\Niko\scriptRicerca\cv_medici_da_verificare
2026-09-02 15:06:44 | INFO | Cache dir: C:\Dev\Niko\scriptRicerca\cache_medici
2026-09-02 15:06:44 | INFO | Log: logs\run_medici_20260902_150555.log
2026-09-02 15:06:44 | INFO | ==============================================================================
2026-09-02 15:06:44 | INFO | Medici da elaborare: 5
2026-09-02 15:06:46 | INFO | SEARCH API OK | serper | "GIUSEPPE ABAGNALE" medico "GRAGNANO" | 8 risultati
2026-09-02 15:06:46 | INFO | HIT SUMMARY | Pers_Id=359717 | query=1 | grezzi=8 | rilevanti=1 | provider={'serper': 1, 'brave': 0}
2026-09-02 15:06:48 | WARNING | Ignoring wrong pointing object 95 0 (offset 0)
2026-09-02 15:06:48 | INFO | CV SCARTATO | 359717 | https://media.doctolib.com/image/upload/v1747059391/legal/Per_saperne_di_pi%C3%B9_sulla_ricerca_e_lo_sviluppo_di_prodotti_innovativi.pdf | Nome/cognome non verificati.
2026-09-02 15:06:49 | INFO | CV SCARTATO | 359717 | https://media.doctolib.com/image/upload/v1738603917/legal/Per_saperne_di_pi%C3%B9_sui_servizi_personalizzati.pdf | Nome/cognome non verificati.
2026-09-02 15:06:50 | INFO | CV SCARTATO | 359717 | https://esante.gouv.fr/sites/default/files/media_entity/documents/%5BINS%20au%20quotidien%5D%20Conduite%20à%20tenir%20en%20fonction%20du%20retour%20d%27INSi.pdf | Nome/cognome non verificati.
2026-09-02 15:06:50 | INFO | DONE | Pers_Id=359717 | 5.9s | DA_VERIFICARE | specialita=N/D | cv=NO | cv_review=0
2026-09-02 15:06:52 | INFO | SEARCH API OK | serper | "LUCIA ABAGNALE" medico "Santa Maria la Carità" | 0 risultati
2026-09-02 15:06:53 | INFO | SEARCH API OK | serper | "LUCIA ABAGNALE" medico specialista ospedale | 1 risultati
2026-09-02 15:06:53 | INFO | HIT SUMMARY | Pers_Id=2606156 | query=2 | grezzi=1 | rilevanti=0 | provider={'serper': 3, 'brave': 0}
2026-09-02 15:06:54 | INFO | DONE | Pers_Id=2606156 | 3.3s | NESSUN_RISULTATO | specialita=N/D | cv=NO | cv_review=0
2026-09-02 15:06:55 | INFO | SEARCH API OK | serper | "CHIARA ABALOTTI" medico "CORNEDO VICENTINO" | 8 risultati
2026-09-02 15:06:55 | INFO | HIT SUMMARY | Pers_Id=1188728 | query=1 | grezzi=8 | rilevanti=2 | provider={'serper': 4, 'brave': 0}
2026-09-02 15:07:01 | WARNING | Ignoring wrong pointing object 95 0 (offset 0)
2026-09-02 15:07:02 | INFO | CV SCARTATO | 1188728 | https://media.doctolib.com/image/upload/v1747059391/legal/Per_saperne_di_pi%C3%B9_sulla_ricerca_e_lo_sviluppo_di_prodotti_innovativi.pdf | Nome/cognome non verificati.
2026-09-02 15:07:02 | INFO | CV SCARTATO | 1188728 | https://media.doctolib.com/image/upload/v1738603917/legal/Per_saperne_di_pi%C3%B9_sui_servizi_personalizzati.pdf | Nome/cognome non verificati.
2026-09-02 15:07:03 | INFO | CV SCARTATO | 1188728 | https://esante.gouv.fr/sites/default/files/media_entity/documents/%5BINS%20au%20quotidien%5D%20Conduite%20à%20tenir%20en%20fonction%20du%20retour%20d%27INSi.pdf | Nome/cognome non verificati.
2026-09-02 15:07:03 | INFO | DONE | Pers_Id=1188728 | 9.5s | DA_VERIFICARE | specialita=N/D | cv=NO | cv_review=0
2026-09-02 15:07:04 | INFO | SEARCH API OK | serper | "MARIA VITTORIA ABALSAMO" medico "ROMA" | 8 risultati
2026-09-02 15:07:04 | INFO | HIT SUMMARY | Pers_Id=436708 | query=1 | grezzi=8 | rilevanti=2 | provider={'serper': 5, 'brave': 0}
2026-09-02 15:07:08 | WARNING | Ignoring wrong pointing object 95 0 (offset 0)
2026-09-02 15:07:08 | INFO | CV SCARTATO | 436708 | https://media.doctolib.com/image/upload/v1747059391/legal/Per_saperne_di_pi%C3%B9_sulla_ricerca_e_lo_sviluppo_di_prodotti_innovativi.pdf | Nome/cognome non verificati.
2026-09-02 15:07:09 | INFO | CV SCARTATO | 436708 | https://media.doctolib.com/image/upload/v1738603917/legal/Per_saperne_di_pi%C3%B9_sui_servizi_personalizzati.pdf | Nome/cognome non verificati.
2026-09-02 15:07:10 | INFO | CV SCARTATO | 436708 | https://esante.gouv.fr/sites/default/files/media_entity/documents/%5BINS%20au%20quotidien%5D%20Conduite%20à%20tenir%20en%20fonction%20du%20retour%20d%27INSi.pdf | Nome/cognome non verificati.
2026-09-02 15:07:10 | INFO | DONE | Pers_Id=436708 | 6.7s | DA_VERIFICARE | specialita=N/D | cv=NO | cv_review=0
2026-09-02 15:07:11 | INFO | SEARCH API OK | serper | "MARIA ABASCHINA" medico "MONTELUPONE" | 2 risultati
2026-09-02 15:07:11 | INFO | HIT SUMMARY | Pers_Id=1219520 | query=1 | grezzi=2 | rilevanti=1 | provider={'serper': 6, 'brave': 0}
2026-09-02 15:07:13 | WARNING | Ignoring wrong pointing object 95 0 (offset 0)
2026-09-02 15:07:13 | INFO | CV SCARTATO | 1219520 | https://media.doctolib.com/image/upload/v1747059391/legal/Per_saperne_di_pi%C3%B9_sulla_ricerca_e_lo_sviluppo_di_prodotti_innovativi.pdf | Nome/cognome non verificati.
2026-09-02 15:07:14 | INFO | CV SCARTATO | 1219520 | https://media.doctolib.com/image/upload/v1738603917/legal/Per_saperne_di_pi%C3%B9_sui_servizi_personalizzati.pdf | Nome/cognome non verificati.
2026-09-02 15:07:15 | INFO | CV SCARTATO | 1219520 | https://esante.gouv.fr/sites/default/files/media_entity/documents/%5BINS%20au%20quotidien%5D%20Conduite%20à%20tenir%20en%20fonction%20du%20retour%20d%27INSi.pdf | Nome/cognome non verificati.
2026-09-02 15:07:15 | INFO | DONE | Pers_Id=1219520 | 4.8s | DA_VERIFICARE | specialita=N/D | cv=NO | cv_review=0
2026-09-02 15:07:15 | INFO | PROGRESS | 5/5 | 9.91 medici/min | ETA 0.0 min | {'DA_VERIFICARE': 4, 'NESSUN_RISULTATO': 1} | API={'serper': 6, 'brave': 0}
2026-09-02 15:07:34 | INFO | ==============================================================================
2026-09-02 15:07:34 | INFO | FINE | 0.8 min | {'DA_VERIFICARE': 4, 'NESSUN_RISULTATO': 1}
2026-09-02 15:07:34 | INFO | API REQUESTS | totale=6 | {'serper': 6, 'brave': 0}
2026-09-02 15:07:34 | INFO | OUTPUT | C:\Dev\Niko\scriptRicerca\output\risultatiMedici.xlsx
2026-09-02 15:07:34 | INFO | ==============================================================================
