2026-09-02 15:42:41 | INFO | ==============================================================================
2026-09-02 15:42:41 | INFO | V4.4 MEDICI - STRICT SPECIALTY + SMART CV FILTER
2026-09-02 15:42:41 | INFO | Input: C:\Dev\Niko\scriptRicerca\input\scriptMedici.xlsx
2026-09-02 15:42:41 | INFO | Output: C:\Dev\Niko\scriptRicerca\output\risultatiMedici.xlsx
2026-09-02 15:42:41 | INFO | Provider: serper
2026-09-02 15:42:41 | INFO | Deep: False
2026-09-02 15:42:41 | INFO | Search results: 8
2026-09-02 15:42:41 | INFO | Max searches/persona: 3 (+1 con --deep)
2026-09-02 15:42:41 | INFO | Delay: 0.1 - 0.3 sec
2026-09-02 15:42:41 | INFO | CV sicuri dir: C:\Dev\Niko\scriptRicerca\cv_medici
2026-09-02 15:42:41 | INFO | CV da verificare dir: C:\Dev\Niko\scriptRicerca\cv_medici_da_verificare
2026-09-02 15:42:41 | INFO | Cache dir: C:\Dev\Niko\scriptRicerca\cache_medici
2026-09-02 15:42:41 | INFO | Log: logs\run_medici_20260902_154152.log
2026-09-02 15:42:41 | INFO | ==============================================================================
2026-09-02 15:42:41 | INFO | Medici da elaborare: 5
2026-09-02 15:42:43 | INFO | SEARCH API OK | serper | "GIUSEPPE ABAGNALE" medico "GRAGNANO" | 8 risultati
2026-09-02 15:42:43 | INFO | HIT SUMMARY | Pers_Id=359717 | query=1 | grezzi=8 | rilevanti=1 | provider={'serper': 1, 'brave': 0}
2026-09-02 15:42:44 | INFO | PDF PRE-SCARTATO | markup non-CV | https://media.doctolib.com/image/upload/v1738603917/legal/Per_saperne_di_pi%C3%B9_sui_servizi_personalizzati.pdf
2026-09-02 15:42:44 | INFO | PDF PRE-SCARTATO | markup non-CV | https://media.doctolib.com/image/upload/v1747059391/legal/Per_saperne_di_pi%C3%B9_sulla_ricerca_e_lo_sviluppo_di_prodotti_innovativi.pdf
2026-09-02 15:42:44 | INFO | PDF PRE-SCARTATO | markup non-CV | https://esante.gouv.fr/sites/default/files/media_entity/documents/%5BINS%20au%20quotidien%5D%20Conduite%20à%20tenir%20en%20fonction%20du%20retour%20d%27INSi.pdf
2026-09-02 15:42:44 | INFO | PDF PRE-SCARTATO | markup non-CV | https://%{media_root_url}/image/upload/v1733825817/legal/B2C-PrivacyPolicy-DEC24-ITA.pdf
2026-09-02 15:42:44 | INFO | PDF PRE-SCARTATO | markup non-CV | https://%{media_root_url}/image/upload/v1708014384/legal/Adyen_CGU_ITA.pdf
2026-09-02 15:42:44 | INFO | PDF PRE-SCARTATO | markup non-CV | https://%{media_root_url}/image/upload/v1642696847/PrivacyPolicy-B2B-january-2022-Vdef_jx0yux.pdf
2026-09-02 15:42:44 | INFO | PDF PRE-SCARTATO | markup non-CV | https://%{media_root_url}/image/upload/v1643797392/Privacy-policy-B2B-ITA-Jan22-vdef_pkciyb.pdf
2026-09-02 15:42:44 | INFO | PDF PRE-SCARTATO | markup non-CV | https://%{media_root_url}/image/upload/v1614251120/legal/D%C3%89FINITIONS_patients.pdf
2026-09-02 15:42:44 | INFO | PDF PRE-SCARTATO | markup non-CV | https://%{media_root_url}/image/upload/v1657277812/legal/B2C-PrivacyPolicy-July-22-ITA.pdf
2026-09-02 15:42:44 | INFO | PDF PRE-SCARTATO | markup non-CV | https://%{media_root_url}/image/upload/v1733825817/legal/B2C-PrivacyPolicy-DEC24-ITA.pdf
2026-09-02 15:42:44 | INFO | PDF PRE-SCARTATO | markup non-CV | https://%{media_root_url}/image/upload/v1745330410/legal/B2C-VDEF-PP-APR-25-FR.pdf
2026-09-02 15:42:44 | INFO | PDF PRE-SCARTATO | markup non-CV | https://%{media_root_url}/image/upload/v1753974148/legal/B2C-PrivacyPolicy-JULY_25-DE.pdf
2026-09-02 15:42:44 | INFO | PDF PRE-SCARTATO | markup non-CV | https://%{media_root_url}/image/upload/v1733825817/legal/B2C-PrivacyPolicy-DEC24-ITA.pdf
2026-09-02 15:42:44 | INFO | PDF PRE-SCARTATO | markup non-CV | https://%{media_root_url}/image/upload/v1584379505/pms_training/intellio_teletransmission_fsedegradee.pdf
2026-09-02 15:42:44 | INFO | PDF PRE-SCARTATO | markup non-CV | https://%{media_root_url}/image/upload/v1649341216/tuv%20certifications/doctolib_tuevit_tcs.pdf
2026-09-02 15:42:44 | INFO | PDF PRE-SCARTATO | markup non-CV | https://%{media_root_url}/image/upload/v1649341216/tuv%20certifications/doctolib_tuevit_dataprivacy.pdf
2026-09-02 15:42:44 | INFO | PDF PRE-SCARTATO | markup non-CV | https://%{media_root_url}/image/upload/v1586961367/KV%20Declaration%20Form/Zertifizierter_Videodienstanbieter_Datenschutzcert_Formular.pdf
2026-09-02 15:42:44 | INFO | PDF PRE-SCARTATO | markup non-CV | https://%{media_root_url}/image/upload/mkg/file/doctolib_tuevit_dataprivacy.pdf
2026-09-02 15:42:44 | INFO | PDF PRE-SCARTATO | markup non-CV | https://%{media_root_url}/image/upload/v1607434983/Transparence_des_liens_-_LAP_-_de%CC%81claration_V4_m11n9b.pdf
2026-09-02 15:42:44 | INFO | PDF PRE-SCARTATO | markup non-CV | https://%{media_root_url}/image/upload/v1697629985/legal/Certification_HAS_du_LAP_Doctolib_20231017.pdf
2026-09-02 15:42:44 | INFO | PDF PRE-SCARTATO | markup non-CV | https://%{media_root_url}/image/upload/v1679994602/legal/B2B_CA_ACCETTAZIONEART.1341E1342C.C._GEN23_ITA.pdf
2026-09-02 15:42:44 | INFO | PDF PRE-SCARTATO | markup non-CV | https://%{media_root_url}/image/upload/v1679994602/legal/B2B_CA_ACCETTAZIONEART.1341E1342C.C._GEN23_ITA.pdf
2026-09-02 15:42:44 | INFO | PDF PRE-SCARTATO | markup non-CV | https://%{media_root_url}/image/upload/v1695113836/legal/B2B-Conditionsderogatoires-CA-SEP23-FR.pdf
2026-09-02 15:42:44 | INFO | DONE | Pers_Id=359717 | 2.7s | SPECIALITA_TROVATA | specialita=Medicina Generale | cv=NO | cv_review=0
2026-09-02 15:42:46 | INFO | SEARCH API OK | serper | "LUCIA ABAGNALE" medico "Santa Maria la Carità" | 0 risultati
2026-09-02 15:42:47 | INFO | SEARCH API OK | serper | "LUCIA ABAGNALE" medico specialista ospedale | 1 risultati
2026-09-02 15:42:48 | INFO | SEARCH API OK | serper | "LUCIA ABAGNALE" specializzazione OR specialista OR "medico di" | 8 risultati
2026-09-02 15:42:48 | INFO | HIT SUMMARY | Pers_Id=2606156 | query=3 | grezzi=9 | rilevanti=1 | provider={'serper': 4, 'brave': 0}
2026-09-02 15:42:57 | INFO | LANDING SCARTATA | Pers_Id=2606156 | nome completo assente dalla pagina | https://burc.regione.campania.it/eBurcWeb/directServlet?DOCUMENT_ID=00108224&ATTACH_ID=160875
2026-09-02 15:42:57 | INFO | DONE | Pers_Id=2606156 | 12.7s | NESSUN_RISULTATO | specialita=N/D | cv=NO | cv_review=0
2026-09-02 15:42:59 | INFO | SEARCH API OK | serper | "CHIARA ABALOTTI" medico "CORNEDO VICENTINO" | 8 risultati
2026-09-02 15:43:00 | INFO | SEARCH API OK | serper | "CHIARA ABALOTTI" medico specialista ospedale | 2 risultati
2026-09-02 15:43:02 | INFO | SEARCH API OK | serper | "CHIARA ABALOTTI" specializzazione OR specialista OR "medico di" | 8 risultati
2026-09-02 15:43:02 | INFO | HIT SUMMARY | Pers_Id=1188728 | query=3 | grezzi=14 | rilevanti=2 | provider={'serper': 7, 'brave': 0}
2026-09-02 15:43:07 | INFO | PDF PRE-SCARTATO | markup non-CV | https://media.doctolib.com/image/upload/v1738603917/legal/Per_saperne_di_pi%C3%B9_sui_servizi_personalizzati.pdf
2026-09-02 15:43:07 | INFO | PDF PRE-SCARTATO | markup non-CV | https://media.doctolib.com/image/upload/v1747059391/legal/Per_saperne_di_pi%C3%B9_sulla_ricerca_e_lo_sviluppo_di_prodotti_innovativi.pdf
2026-09-02 15:43:07 | INFO | PDF PRE-SCARTATO | markup non-CV | https://esante.gouv.fr/sites/default/files/media_entity/documents/%5BINS%20au%20quotidien%5D%20Conduite%20à%20tenir%20en%20fonction%20du%20retour%20d%27INSi.pdf
2026-09-02 15:43:07 | INFO | PDF PRE-SCARTATO | markup non-CV | https://%{media_root_url}/image/upload/v1733825817/legal/B2C-PrivacyPolicy-DEC24-ITA.pdf
2026-09-02 15:43:07 | INFO | PDF PRE-SCARTATO | markup non-CV | https://%{media_root_url}/image/upload/v1708014384/legal/Adyen_CGU_ITA.pdf
2026-09-02 15:43:07 | INFO | PDF PRE-SCARTATO | markup non-CV | https://%{media_root_url}/image/upload/v1642696847/PrivacyPolicy-B2B-january-2022-Vdef_jx0yux.pdf
2026-09-02 15:43:07 | INFO | PDF PRE-SCARTATO | markup non-CV | https://%{media_root_url}/image/upload/v1643797392/Privacy-policy-B2B-ITA-Jan22-vdef_pkciyb.pdf
2026-09-02 15:43:07 | INFO | PDF PRE-SCARTATO | markup non-CV | https://%{media_root_url}/image/upload/v1614251120/legal/D%C3%89FINITIONS_patients.pdf
2026-09-02 15:43:07 | INFO | PDF PRE-SCARTATO | markup non-CV | https://%{media_root_url}/image/upload/v1657277812/legal/B2C-PrivacyPolicy-July-22-ITA.pdf
2026-09-02 15:43:07 | INFO | PDF PRE-SCARTATO | markup non-CV | https://%{media_root_url}/image/upload/v1733825817/legal/B2C-PrivacyPolicy-DEC24-ITA.pdf
2026-09-02 15:43:07 | INFO | PDF PRE-SCARTATO | markup non-CV | https://%{media_root_url}/image/upload/v1745330410/legal/B2C-VDEF-PP-APR-25-FR.pdf
2026-09-02 15:43:07 | INFO | PDF PRE-SCARTATO | markup non-CV | https://%{media_root_url}/image/upload/v1753974148/legal/B2C-PrivacyPolicy-JULY_25-DE.pdf
2026-09-02 15:43:07 | INFO | PDF PRE-SCARTATO | markup non-CV | https://%{media_root_url}/image/upload/v1733825817/legal/B2C-PrivacyPolicy-DEC24-ITA.pdf
2026-09-02 15:43:07 | INFO | PDF PRE-SCARTATO | markup non-CV | https://%{media_root_url}/image/upload/v1584379505/pms_training/intellio_teletransmission_fsedegradee.pdf
2026-09-02 15:43:07 | INFO | PDF PRE-SCARTATO | markup non-CV | https://%{media_root_url}/image/upload/v1649341216/tuv%20certifications/doctolib_tuevit_tcs.pdf
2026-09-02 15:43:07 | INFO | PDF PRE-SCARTATO | markup non-CV | https://%{media_root_url}/image/upload/v1649341216/tuv%20certifications/doctolib_tuevit_dataprivacy.pdf
2026-09-02 15:43:07 | INFO | PDF PRE-SCARTATO | markup non-CV | https://%{media_root_url}/image/upload/v1586961367/KV%20Declaration%20Form/Zertifizierter_Videodienstanbieter_Datenschutzcert_Formular.pdf
2026-09-02 15:43:07 | INFO | PDF PRE-SCARTATO | markup non-CV | https://%{media_root_url}/image/upload/mkg/file/doctolib_tuevit_dataprivacy.pdf
2026-09-02 15:43:07 | INFO | PDF PRE-SCARTATO | markup non-CV | https://%{media_root_url}/image/upload/v1607434983/Transparence_des_liens_-_LAP_-_de%CC%81claration_V4_m11n9b.pdf
2026-09-02 15:43:07 | INFO | PDF PRE-SCARTATO | markup non-CV | https://%{media_root_url}/image/upload/v1697629985/legal/Certification_HAS_du_LAP_Doctolib_20231017.pdf
2026-09-02 15:43:07 | INFO | PDF PRE-SCARTATO | markup non-CV | https://%{media_root_url}/image/upload/v1679994602/legal/B2B_CA_ACCETTAZIONEART.1341E1342C.C._GEN23_ITA.pdf
2026-09-02 15:43:07 | INFO | PDF PRE-SCARTATO | markup non-CV | https://%{media_root_url}/image/upload/v1679994602/legal/B2B_CA_ACCETTAZIONEART.1341E1342C.C._GEN23_ITA.pdf
2026-09-02 15:43:07 | INFO | PDF PRE-SCARTATO | markup non-CV | https://%{media_root_url}/image/upload/v1695113836/legal/B2B-Conditionsderogatoires-CA-SEP23-FR.pdf
2026-09-02 15:43:07 | INFO | DONE | Pers_Id=1188728 | 9.9s | DA_VERIFICARE | specialita=N/D | cv=NO | cv_review=0
2026-09-02 15:43:08 | INFO | SEARCH API OK | serper | "MARIA VITTORIA ABALSAMO" medico "ROMA" | 8 risultati
2026-09-02 15:43:08 | INFO | HIT SUMMARY | Pers_Id=436708 | query=1 | grezzi=8 | rilevanti=2 | provider={'serper': 8, 'brave': 0}
2026-09-02 15:43:10 | INFO | PDF PRE-SCARTATO | markup non-CV | https://media.doctolib.com/image/upload/v1738603917/legal/Per_saperne_di_pi%C3%B9_sui_servizi_personalizzati.pdf
2026-09-02 15:43:10 | INFO | PDF PRE-SCARTATO | markup non-CV | https://media.doctolib.com/image/upload/v1747059391/legal/Per_saperne_di_pi%C3%B9_sulla_ricerca_e_lo_sviluppo_di_prodotti_innovativi.pdf
2026-09-02 15:43:10 | INFO | PDF PRE-SCARTATO | markup non-CV | https://esante.gouv.fr/sites/default/files/media_entity/documents/%5BINS%20au%20quotidien%5D%20Conduite%20à%20tenir%20en%20fonction%20du%20retour%20d%27INSi.pdf
2026-09-02 15:43:10 | INFO | PDF PRE-SCARTATO | markup non-CV | https://%{media_root_url}/image/upload/v1733825817/legal/B2C-PrivacyPolicy-DEC24-ITA.pdf
2026-09-02 15:43:10 | INFO | PDF PRE-SCARTATO | markup non-CV | https://%{media_root_url}/image/upload/v1708014384/legal/Adyen_CGU_ITA.pdf
2026-09-02 15:43:10 | INFO | PDF PRE-SCARTATO | markup non-CV | https://%{media_root_url}/image/upload/v1642696847/PrivacyPolicy-B2B-january-2022-Vdef_jx0yux.pdf
2026-09-02 15:43:10 | INFO | PDF PRE-SCARTATO | markup non-CV | https://%{media_root_url}/image/upload/v1643797392/Privacy-policy-B2B-ITA-Jan22-vdef_pkciyb.pdf
2026-09-02 15:43:10 | INFO | PDF PRE-SCARTATO | markup non-CV | https://%{media_root_url}/image/upload/v1614251120/legal/D%C3%89FINITIONS_patients.pdf
2026-09-02 15:43:10 | INFO | PDF PRE-SCARTATO | markup non-CV | https://%{media_root_url}/image/upload/v1657277812/legal/B2C-PrivacyPolicy-July-22-ITA.pdf
2026-09-02 15:43:10 | INFO | PDF PRE-SCARTATO | markup non-CV | https://%{media_root_url}/image/upload/v1733825817/legal/B2C-PrivacyPolicy-DEC24-ITA.pdf
2026-09-02 15:43:10 | INFO | PDF PRE-SCARTATO | markup non-CV | https://%{media_root_url}/image/upload/v1745330410/legal/B2C-VDEF-PP-APR-25-FR.pdf
2026-09-02 15:43:10 | INFO | PDF PRE-SCARTATO | markup non-CV | https://%{media_root_url}/image/upload/v1753974148/legal/B2C-PrivacyPolicy-JULY_25-DE.pdf
2026-09-02 15:43:10 | INFO | PDF PRE-SCARTATO | markup non-CV | https://%{media_root_url}/image/upload/v1733825817/legal/B2C-PrivacyPolicy-DEC24-ITA.pdf
2026-09-02 15:43:10 | INFO | PDF PRE-SCARTATO | markup non-CV | https://%{media_root_url}/image/upload/v1584379505/pms_training/intellio_teletransmission_fsedegradee.pdf
2026-09-02 15:43:10 | INFO | PDF PRE-SCARTATO | markup non-CV | https://%{media_root_url}/image/upload/v1649341216/tuv%20certifications/doctolib_tuevit_tcs.pdf
2026-09-02 15:43:10 | INFO | PDF PRE-SCARTATO | markup non-CV | https://%{media_root_url}/image/upload/v1649341216/tuv%20certifications/doctolib_tuevit_dataprivacy.pdf
2026-09-02 15:43:10 | INFO | PDF PRE-SCARTATO | markup non-CV | https://%{media_root_url}/image/upload/v1586961367/KV%20Declaration%20Form/Zertifizierter_Videodienstanbieter_Datenschutzcert_Formular.pdf
2026-09-02 15:43:10 | INFO | PDF PRE-SCARTATO | markup non-CV | https://%{media_root_url}/image/upload/mkg/file/doctolib_tuevit_dataprivacy.pdf
2026-09-02 15:43:10 | INFO | PDF PRE-SCARTATO | markup non-CV | https://%{media_root_url}/image/upload/v1607434983/Transparence_des_liens_-_LAP_-_de%CC%81claration_V4_m11n9b.pdf
2026-09-02 15:43:10 | INFO | PDF PRE-SCARTATO | markup non-CV | https://%{media_root_url}/image/upload/v1697629985/legal/Certification_HAS_du_LAP_Doctolib_20231017.pdf
2026-09-02 15:43:10 | INFO | PDF PRE-SCARTATO | markup non-CV | https://%{media_root_url}/image/upload/v1679994602/legal/B2B_CA_ACCETTAZIONEART.1341E1342C.C._GEN23_ITA.pdf
2026-09-02 15:43:10 | INFO | PDF PRE-SCARTATO | markup non-CV | https://%{media_root_url}/image/upload/v1679994602/legal/B2B_CA_ACCETTAZIONEART.1341E1342C.C._GEN23_ITA.pdf
2026-09-02 15:43:10 | INFO | PDF PRE-SCARTATO | markup non-CV | https://%{media_root_url}/image/upload/v1695113836/legal/B2B-Conditionsderogatoires-CA-SEP23-FR.pdf
2026-09-02 15:43:10 | INFO | DONE | Pers_Id=436708 | 3.6s | SPECIALITA_TROVATA | specialita=Medicina Generale | cv=NO | cv_review=0
2026-09-02 15:43:12 | INFO | SEARCH API OK | serper | "MARIA ABASCHINA" medico "MONTELUPONE" | 2 risultati
2026-09-02 15:43:12 | INFO | HIT SUMMARY | Pers_Id=1219520 | query=1 | grezzi=2 | rilevanti=1 | provider={'serper': 9, 'brave': 0}
2026-09-02 15:43:13 | INFO | PDF PRE-SCARTATO | markup non-CV | https://media.doctolib.com/image/upload/v1738603917/legal/Per_saperne_di_pi%C3%B9_sui_servizi_personalizzati.pdf
2026-09-02 15:43:13 | INFO | PDF PRE-SCARTATO | markup non-CV | https://media.doctolib.com/image/upload/v1747059391/legal/Per_saperne_di_pi%C3%B9_sulla_ricerca_e_lo_sviluppo_di_prodotti_innovativi.pdf
2026-09-02 15:43:13 | INFO | PDF PRE-SCARTATO | markup non-CV | https://esante.gouv.fr/sites/default/files/media_entity/documents/%5BINS%20au%20quotidien%5D%20Conduite%20à%20tenir%20en%20fonction%20du%20retour%20d%27INSi.pdf
2026-09-02 15:43:13 | INFO | PDF PRE-SCARTATO | markup non-CV | https://%{media_root_url}/image/upload/v1733825817/legal/B2C-PrivacyPolicy-DEC24-ITA.pdf
2026-09-02 15:43:13 | INFO | PDF PRE-SCARTATO | markup non-CV | https://%{media_root_url}/image/upload/v1708014384/legal/Adyen_CGU_ITA.pdf
2026-09-02 15:43:13 | INFO | PDF PRE-SCARTATO | markup non-CV | https://%{media_root_url}/image/upload/v1642696847/PrivacyPolicy-B2B-january-2022-Vdef_jx0yux.pdf
2026-09-02 15:43:13 | INFO | PDF PRE-SCARTATO | markup non-CV | https://%{media_root_url}/image/upload/v1643797392/Privacy-policy-B2B-ITA-Jan22-vdef_pkciyb.pdf
2026-09-02 15:43:13 | INFO | PDF PRE-SCARTATO | markup non-CV | https://%{media_root_url}/image/upload/v1614251120/legal/D%C3%89FINITIONS_patients.pdf
2026-09-02 15:43:13 | INFO | PDF PRE-SCARTATO | markup non-CV | https://%{media_root_url}/image/upload/v1657277812/legal/B2C-PrivacyPolicy-July-22-ITA.pdf
2026-09-02 15:43:13 | INFO | PDF PRE-SCARTATO | markup non-CV | https://%{media_root_url}/image/upload/v1733825817/legal/B2C-PrivacyPolicy-DEC24-ITA.pdf
2026-09-02 15:43:13 | INFO | PDF PRE-SCARTATO | markup non-CV | https://%{media_root_url}/image/upload/v1745330410/legal/B2C-VDEF-PP-APR-25-FR.pdf
2026-09-02 15:43:13 | INFO | PDF PRE-SCARTATO | markup non-CV | https://%{media_root_url}/image/upload/v1753974148/legal/B2C-PrivacyPolicy-JULY_25-DE.pdf
2026-09-02 15:43:13 | INFO | PDF PRE-SCARTATO | markup non-CV | https://%{media_root_url}/image/upload/v1733825817/legal/B2C-PrivacyPolicy-DEC24-ITA.pdf
2026-09-02 15:43:13 | INFO | PDF PRE-SCARTATO | markup non-CV | https://%{media_root_url}/image/upload/v1584379505/pms_training/intellio_teletransmission_fsedegradee.pdf
2026-09-02 15:43:13 | INFO | PDF PRE-SCARTATO | markup non-CV | https://%{media_root_url}/image/upload/v1649341216/tuv%20certifications/doctolib_tuevit_tcs.pdf
2026-09-02 15:43:13 | INFO | PDF PRE-SCARTATO | markup non-CV | https://%{media_root_url}/image/upload/v1649341216/tuv%20certifications/doctolib_tuevit_dataprivacy.pdf
2026-09-02 15:43:13 | INFO | PDF PRE-SCARTATO | markup non-CV | https://%{media_root_url}/image/upload/v1586961367/KV%20Declaration%20Form/Zertifizierter_Videodienstanbieter_Datenschutzcert_Formular.pdf
2026-09-02 15:43:13 | INFO | PDF PRE-SCARTATO | markup non-CV | https://%{media_root_url}/image/upload/mkg/file/doctolib_tuevit_dataprivacy.pdf
2026-09-02 15:43:13 | INFO | PDF PRE-SCARTATO | markup non-CV | https://%{media_root_url}/image/upload/v1607434983/Transparence_des_liens_-_LAP_-_de%CC%81claration_V4_m11n9b.pdf
2026-09-02 15:43:13 | INFO | PDF PRE-SCARTATO | markup non-CV | https://%{media_root_url}/image/upload/v1697629985/legal/Certification_HAS_du_LAP_Doctolib_20231017.pdf
2026-09-02 15:43:13 | INFO | PDF PRE-SCARTATO | markup non-CV | https://%{media_root_url}/image/upload/v1679994602/legal/B2B_CA_ACCETTAZIONEART.1341E1342C.C._GEN23_ITA.pdf
2026-09-02 15:43:13 | INFO | PDF PRE-SCARTATO | markup non-CV | https://%{media_root_url}/image/upload/v1679994602/legal/B2B_CA_ACCETTAZIONEART.1341E1342C.C._GEN23_ITA.pdf
2026-09-02 15:43:13 | INFO | PDF PRE-SCARTATO | markup non-CV | https://%{media_root_url}/image/upload/v1695113836/legal/B2B-Conditionsderogatoires-CA-SEP23-FR.pdf
2026-09-02 15:43:13 | INFO | DONE | Pers_Id=1219520 | 2.5s | SPECIALITA_TROVATA | specialita=Medicina Generale | cv=NO | cv_review=0
2026-09-02 15:43:13 | INFO | PROGRESS | 5/5 | 9.51 medici/min | ETA 0.0 min | {'SPECIALITA_TROVATA': 3, 'NESSUN_RISULTATO': 1, 'DA_VERIFICARE': 1} | API={'serper': 9, 'brave': 0}
2026-09-02 15:43:33 | INFO | ==============================================================================
2026-09-02 15:43:33 | INFO | FINE | 0.9 min | {'SPECIALITA_TROVATA': 3, 'NESSUN_RISULTATO': 1, 'DA_VERIFICARE': 1}
2026-09-02 15:43:33 | INFO | API REQUESTS | totale=9 | {'serper': 9, 'brave': 0}
2026-09-02 15:43:33 | INFO | OUTPUT | C:\Dev\Niko\scriptRicerca\output\risultatiMedici.xlsx
2026-09-02 15:43:33 | INFO | ==============================================================================
