2026-09-09 16:04:50 | INFO | Importazione e controllo di tutto l’archivio: input\scriptMedici.xlsx
2026-09-09 16:04:52 | INFO | Archivio: 81331 persone; 2378 nomi ripetuti
2026-09-09 16:05:19 | INFO | Documenti elaborati in questa esecuzione: 50; richieste HTTP: 51
2026-09-09 16:05:45 | INFO | Documenti elaborati in questa esecuzione: 100; richieste HTTP: 101
2026-09-09 16:06:11 | INFO | Documenti elaborati in questa esecuzione: 150; richieste HTTP: 151
2026-09-09 16:06:36 | INFO | Documenti elaborati in questa esecuzione: 200; richieste HTTP: 201
2026-09-09 16:07:01 | INFO | Documenti elaborati in questa esecuzione: 250; richieste HTTP: 251
2026-09-09 16:07:27 | INFO | Documenti elaborati in questa esecuzione: 300; richieste HTTP: 301
2026-09-09 16:07:52 | INFO | Documenti elaborati in questa esecuzione: 350; richieste HTTP: 351
2026-09-09 16:08:18 | INFO | Documenti elaborati in questa esecuzione: 400; richieste HTTP: 401
2026-09-09 16:08:43 | INFO | Documenti elaborati in questa esecuzione: 450; richieste HTTP: 451
2026-09-09 16:09:09 | INFO | Documenti elaborati in questa esecuzione: 500; richieste HTTP: 501
2026-09-09 16:09:13 | INFO | CV rinominati e copiati in C:\Dev\Niko\Python\scriptRicerca\cv_medici: 23
2026-09-09 16:09:48 | INFO | CHECKPOINT MASSIVO | documenti=500 | report=C:\Dev\Niko\Python\scriptRicerca\output\risultato_massivo_recuperato.xlsx | stati={'NON_COPERTO_DALLE_FONTI': 63080, 'DISCIPLINA_DICHIARATA_NEL_PROFILO': 6313, 'EVIDENZA_NON_CONFERMATA': 2594, 'SPECIALITA_CON_IDENTITA_NOMINALE': 5055, 'FONTE_NON_ACCESSIBILE': 149, 'PROFILO_CON_IDENTITA_NOMINALE': 4101, 'IDENTITA_CONFERMATA_SENZA_TITOLO': 21, 'SPECIALITA_DOCUMENTATA': 18}
2026-09-09 16:10:13 | INFO | Documenti elaborati in questa esecuzione: 550; richieste HTTP: 551
2026-09-09 16:10:39 | INFO | Documenti elaborati in questa esecuzione: 600; richieste HTTP: 601
2026-09-09 16:11:04 | INFO | Documenti elaborati in questa esecuzione: 650; richieste HTTP: 651
2026-09-09 16:11:30 | INFO | Documenti elaborati in questa esecuzione: 700; richieste HTTP: 701
2026-09-09 16:11:56 | INFO | Documenti elaborati in questa esecuzione: 750; richieste HTTP: 751
2026-09-09 16:12:22 | INFO | Documenti elaborati in questa esecuzione: 800; richieste HTTP: 801
2026-09-09 16:12:47 | INFO | Documenti elaborati in questa esecuzione: 850; richieste HTTP: 851
2026-09-09 16:13:14 | INFO | Documenti elaborati in questa esecuzione: 900; richieste HTTP: 901
2026-09-09 16:13:39 | INFO | Documenti elaborati in questa esecuzione: 950; richieste HTTP: 951
2026-09-09 16:14:05 | INFO | Documenti elaborati in questa esecuzione: 1000; richieste HTTP: 1001
2026-09-09 16:14:10 | INFO | CV rinominati e copiati in C:\Dev\Niko\Python\scriptRicerca\cv_medici: 32
2026-09-09 16:14:45 | INFO | CHECKPOINT MASSIVO | documenti=1000 | report=C:\Dev\Niko\Python\scriptRicerca\output\risultato_massivo_recuperato.xlsx | stati={'NON_COPERTO_DALLE_FONTI': 63068, 'DISCIPLINA_DICHIARATA_NEL_PROFILO': 6309, 'EVIDENZA_NON_CONFERMATA': 2596, 'SPECIALITA_CON_IDENTITA_NOMINALE': 5063, 'FONTE_NON_ACCESSIBILE': 149, 'PROFILO_CON_IDENTITA_NOMINALE': 4107, 'IDENTITA_CONFERMATA_SENZA_TITOLO': 21, 'SPECIALITA_DOCUMENTATA': 18}
2026-09-09 16:15:10 | INFO | Documenti elaborati in questa esecuzione: 1050; richieste HTTP: 1051
2026-09-09 16:15:36 | INFO | Documenti elaborati in questa esecuzione: 1100; richieste HTTP: 1101
2026-09-09 16:16:01 | INFO | Documenti elaborati in questa esecuzione: 1150; richieste HTTP: 1151
2026-09-09 16:16:26 | INFO | Documenti elaborati in questa esecuzione: 1200; richieste HTTP: 1201
2026-09-09 16:16:43 | INFO | CV rinominati e copiati in C:\Dev\Niko\Python\scriptRicerca\cv_medici: 9
2026-09-09 16:17:19 | INFO | MASSIVO: {'total': 81331, 'states': {'NON_COPERTO_DALLE_FONTI': 63063, 'DISCIPLINA_DICHIARATA_NEL_PROFILO': 6308, 'EVIDENZA_NON_CONFERMATA': 2598, 'SPECIALITA_CON_IDENTITA_NOMINALE': 5065, 'FONTE_NON_ACCESSIBILE': 149, 'PROFILO_CON_IDENTITA_NOMINALE': 4109, 'IDENTITA_CONFERMATA_SENZA_TITOLO': 21, 'SPECIALITA_DOCUMENTATA': 18}, 'people_with_sources': 18268, 'urls': {'done': 38194, 'error': 620}, 'updated': '2026-09-09T14:17:19+00:00'}; HTTP=1221; Search API=0
