2026-09-04 12:29:02 | INFO | Importazione e controllo di tutto l’archivio: input/scriptMedici.xlsx
2026-09-04 12:29:03 | INFO | Archivio: 81331 persone; 2378 nomi ripetuti
2026-09-04 12:29:04 | INFO | FONTE Maugeri: 124 associazioni, 0 problemi
2026-09-04 12:29:04 | INFO | FONTE Santagostino: 429 associazioni, 0 problemi
2026-09-04 12:29:05 | INFO | FONTE ASST_Bergamo_Ovest: 1 associazioni, 0 problemi
2026-09-04 12:29:05 | INFO | FONTE ASST_Rhodense: 183 associazioni, 0 problemi
2026-09-04 12:29:05 | INFO | FONTE Humanitas: 332 associazioni, 0 problemi
2026-09-04 12:29:05 | INFO | FONTE Medicitalia: 735 associazioni, 0 problemi
2026-09-04 12:29:05 | INFO | FONTE Auxologico: 127 associazioni, 0 problemi
2026-09-04 12:29:05 | INFO | FONTE Gemelli: 311 associazioni, 0 problemi
2026-09-04 12:29:05 | INFO | FONTE Humanitas_San_Pio_X: 52 associazioni, 0 problemi
2026-09-04 12:29:05 | INFO | FONTE MioDottore: 20369 associazioni, 0 problemi
2026-09-04 12:29:07 | INFO | Documenti elaborati in questa esecuzione: 50; richieste HTTP: 0
2026-09-04 12:29:09 | INFO | Documenti elaborati in questa esecuzione: 100; richieste HTTP: 0
2026-09-04 12:29:11 | INFO | Documenti elaborati in questa esecuzione: 150; richieste HTTP: 0
2026-09-04 12:29:13 | INFO | Documenti elaborati in questa esecuzione: 200; richieste HTTP: 0
2026-09-04 12:29:14 | INFO | Documenti elaborati in questa esecuzione: 250; richieste HTTP: 0
2026-09-04 12:29:17 | INFO | Documenti elaborati in questa esecuzione: 300; richieste HTTP: 0
2026-09-04 12:29:17 | WARNING | Ignoring wrong pointing object 6 0 (offset 0)
2026-09-04 12:29:17 | WARNING | Ignoring wrong pointing object 8 0 (offset 0)
2026-09-04 12:29:17 | WARNING | Ignoring wrong pointing object 10 0 (offset 0)
2026-09-04 12:29:17 | WARNING | Ignoring wrong pointing object 12 0 (offset 0)
2026-09-04 12:29:17 | WARNING | Ignoring wrong pointing object 14 0 (offset 0)
2026-09-04 12:29:17 | WARNING | Ignoring wrong pointing object 16 0 (offset 0)
2026-09-04 12:29:17 | WARNING | Ignoring wrong pointing object 18 0 (offset 0)
2026-09-04 12:29:17 | WARNING | Ignoring wrong pointing object 26 0 (offset 0)
2026-09-04 12:29:17 | WARNING | Ignoring wrong pointing object 31 0 (offset 0)
2026-09-04 12:29:17 | WARNING | Ignoring wrong pointing object 33 0 (offset 0)
2026-09-04 12:29:17 | WARNING | Ignoring wrong pointing object 35 0 (offset 0)
2026-09-04 12:29:17 | WARNING | Ignoring wrong pointing object 37 0 (offset 0)
2026-09-04 12:29:18 | INFO | Documenti elaborati in questa esecuzione: 350; richieste HTTP: 0
2026-09-04 12:29:19 | INFO | Documenti elaborati in questa esecuzione: 400; richieste HTTP: 0
2026-09-04 12:29:20 | INFO | Documenti elaborati in questa esecuzione: 450; richieste HTTP: 0
2026-09-04 12:29:22 | INFO | Documenti elaborati in questa esecuzione: 500; richieste HTTP: 1
2026-09-04 12:29:24 | INFO | Documenti elaborati in questa esecuzione: 550; richieste HTTP: 1
2026-09-04 12:29:25 | INFO | Documenti elaborati in questa esecuzione: 600; richieste HTTP: 1
2026-09-04 12:29:28 | INFO | Documenti elaborati in questa esecuzione: 650; richieste HTTP: 2
2026-09-04 12:29:29 | INFO | Documenti elaborati in questa esecuzione: 700; richieste HTTP: 2
2026-09-04 12:29:31 | INFO | Documenti elaborati in questa esecuzione: 750; richieste HTTP: 4
2026-09-04 12:29:32 | INFO | Documenti elaborati in questa esecuzione: 800; richieste HTTP: 10
2026-09-04 12:29:36 | INFO | Documenti elaborati in questa esecuzione: 850; richieste HTTP: 18
2026-09-04 12:29:37 | INFO | Documenti elaborati in questa esecuzione: 900; richieste HTTP: 22
2026-09-04 12:29:39 | INFO | Documenti elaborati in questa esecuzione: 950; richieste HTTP: 30
2026-09-04 12:29:41 | INFO | Documenti elaborati in questa esecuzione: 1000; richieste HTTP: 40
2026-09-04 12:29:43 | INFO | Documenti elaborati in questa esecuzione: 1050; richieste HTTP: 51
2026-09-04 12:29:48 | INFO | Documenti elaborati in questa esecuzione: 1100; richieste HTTP: 84
2026-09-04 12:29:57 | INFO | Documenti elaborati in questa esecuzione: 1150; richieste HTTP: 134
2026-09-04 12:30:08 | INFO | Documenti elaborati in questa esecuzione: 1200; richieste HTTP: 187
2026-09-04 12:30:17 | INFO | Documenti elaborati in questa esecuzione: 1250; richieste HTTP: 237
2026-09-04 12:30:30 | INFO | Documenti elaborati in questa esecuzione: 1300; richieste HTTP: 286
2026-09-04 12:30:47 | INFO | Documenti elaborati in questa esecuzione: 1350; richieste HTTP: 336
2026-09-04 12:31:07 | INFO | Documenti elaborati in questa esecuzione: 1400; richieste HTTP: 378
2026-09-04 12:31:59 | INFO | Documenti elaborati in questa esecuzione: 1450; richieste HTTP: 428
2026-09-04 12:32:49 | INFO | Documenti elaborati in questa esecuzione: 1500; richieste HTTP: 478
2026-09-04 12:33:41 | INFO | Documenti elaborati in questa esecuzione: 1550; richieste HTTP: 528
2026-09-04 12:34:29 | INFO | Documenti elaborati in questa esecuzione: 1600; richieste HTTP: 577
2026-09-04 12:34:50 | INFO | MASSIVO: {'total': 81331, 'states': {'NON_COPERTO_DALLE_FONTI': 63836, 'IN_CODA': 15539, 'SPECIALITA_CON_IDENTITA_NOMINALE': 399, 'EVIDENZA_NON_CONFERMATA': 553, 'FONTE_NON_ACCESSIBILE': 244, 'PROFILO_CON_IDENTITA_NOMINALE': 501, 'IDENTITA_CONFERMATA_SENZA_TITOLO': 5, 'DISCIPLINA_DICHIARATA_NEL_PROFILO': 252, 'SPECIALITA_DOCUMENTATA': 2}, 'people_with_sources': 17495, 'urls': {'done': 1540, 'error': 710, 'pending': 17238}, 'updated': '2026-09-04T10:34:50+00:00'}; HTTP=577; Search API=0
